BL51 BANKED LINKER/LOCATER V6.22.2.0                                                    03/23/2022  17:18:43  PAGE 1


BL51 BANKED LINKER/LOCATER V6.22.2.0, INVOKED BY:
C:\KEIL_V5\C51\BIN\BL51.EXE .\Objects\main.obj, .\Objects\sys.obj, .\Objects\gpio.obj, .\Objects\timer.obj, .\Objects\ua
>> rt.obj, .\Objects\IAP_flash.obj, .\Objects\spi.obj, .\Objects\ram.obj, .\Objects\ML7345.obj, .\Objects\ML7345_HAL.obj
>> , .\Objects\adc.obj, .\Objects\key_and_Other.obj, .\Objects\EXIT_FUN.obj TO .\Objects\STX0031_MA82G5B32_Pro PRINT (.\
>> Listings\STX0031_MA82G5B32_Pro.m51) RAMSIZE (256) CODE (0X0000-0X7FFF) XDATA (0X0000-0X06FF)


MEMORY MODEL: SMALL WITH FLOATING POINT ARITHMETIC


INPUT MODULES INCLUDED:
  .\Objects\main.obj (MAIN)
  .\Objects\sys.obj (SYS)
  .\Objects\gpio.obj (GPIO)
  .\Objects\timer.obj (TIMER)
  .\Objects\uart.obj (UART)
  .\Objects\IAP_flash.obj (IAP_FLASH)
  .\Objects\spi.obj (SPI)
  .\Objects\ram.obj (RAM)
  .\Objects\ML7345.obj (ML7345)
  .\Objects\ML7345_HAL.obj (ML7345_HAL)
  .\Objects\adc.obj (ADC)
  .\Objects\key_and_Other.obj (KEY_AND_OTHER)
  .\Objects\EXIT_FUN.obj (EXIT_FUN)
  C:\KEIL_V5\C51\LIB\C51FPS.LIB (?C?FPADD)
  C:\KEIL_V5\C51\LIB\C51FPS.LIB (?C?FPMUL)
  C:\KEIL_V5\C51\LIB\C51FPS.LIB (?C?FPDIV)
  C:\KEIL_V5\C51\LIB\C51FPS.LIB (?C?FCAST)
  C:\KEIL_V5\C51\LIB\C51FPS.LIB (?C?CASTF)
  C:\KEIL_V5\C51\LIB\C51FPS.LIB (?C?FPGETOPN)
  C:\KEIL_V5\C51\LIB\C51S.LIB (?C_STARTUP)
  C:\KEIL_V5\C51\LIB\C51S.LIB (?C?COPY)
  C:\KEIL_V5\C51\LIB\C51S.LIB (?C?CLDPTR)
  C:\KEIL_V5\C51\LIB\C51S.LIB (?C?CLDOPTR)
  C:\KEIL_V5\C51\LIB\C51S.LIB (?C?CSTPTR)
  C:\KEIL_V5\C51\LIB\C51S.LIB (?C?CSTOPTR)
  C:\KEIL_V5\C51\LIB\C51S.LIB (?C?IILDX)
  C:\KEIL_V5\C51\LIB\C51S.LIB (?C?ILDIX)
  C:\KEIL_V5\C51\LIB\C51S.LIB (?C?LMUL)
  C:\KEIL_V5\C51\LIB\C51S.LIB (?C?ULDIV)
  C:\KEIL_V5\C51\LIB\C51S.LIB (?C?SLDIV)
  C:\KEIL_V5\C51\LIB\C51S.LIB (?C?LNEG)
  C:\KEIL_V5\C51\LIB\C51S.LIB (?C?ULCMP)
  C:\KEIL_V5\C51\LIB\C51S.LIB (?C?ULSHR)
  C:\KEIL_V5\C51\LIB\C51S.LIB (?C?LSTXDATA)
  C:\KEIL_V5\C51\LIB\C51S.LIB (?C?LSTKXDATA)
  C:\KEIL_V5\C51\LIB\C51S.LIB (?C?CCASE)
  C:\KEIL_V5\C51\LIB\C51S.LIB (?C_INIT)


LINK MAP OF MODULE:  .\Objects\STX0031_MA82G5B32_Pro (MAIN)


            TYPE    BASE      LENGTH    RELOCATION   SEGMENT NAME
            -----------------------------------------------------

            * * * * * * *   D A T A   M E M O R Y   * * * * * * *
            REG     0000H     0008H     ABSOLUTE     "REG BANK 0"
BL51 BANKED LINKER/LOCATER V6.22.2.0                                                  03/23/2022  17:18:43  PAGE 2


            DATA    0008H     0011H     UNIT         ?DT?KEY_AND_OTHER
            DATA    0019H     0007H     UNIT         ?DT?_IAP_WRITEBUF_WITH_PROTECT_VERIFY?IAP_FLASH
            BIT     0020H.0   0000H.1   UNIT         ?BI?_UART0SENDBYTE?UART
            BIT     0020H.1   0000H.1   UNIT         ?BI?_IAP_WRITEPPAGE?IAP_FLASH
            BIT     0020H.2   0000H.1   UNIT         ?BI?_IAP_WRITEBUF_WITH_PROTECT_VERIFY?IAP_FLASH
                    0020H.3   0000H.5                *** GAP ***
            DATA    0021H     0009H     UNIT         ?DT?_ATOL?KEY_AND_OTHER
            DATA    002AH     0007H     UNIT         ?DT?_ML7345_FREQUENCY_CALCUL?ML7345_HAL
            DATA    0031H     0006H     UNIT         ?DT?_SETTXDATA?EXIT_FUN
            DATA    0037H     0005H     UNIT         ?DT?_ML7345_WRITE_FIFO?SPI
            DATA    003CH     0005H     UNIT         ?DT?_RF_ML7345_INIT?ML7345
            DATA    0041H     0004H     UNIT         ?DT?_SEND_DATA?UART
            DATA    0045H     0004H     UNIT         ?DT?_ML7345_FREQUENCY_SET?ML7345_HAL
            DATA    0049H     0004H     UNIT         ?DT?_ML7345_AUTOTX_DATA?ML7345_HAL
            DATA    004DH     0004H     UNIT         ?DT?__REQBUZZER?KEY_AND_OTHER
            DATA    0051H     0003H     UNIT         ?DT?_ASC_HEX_2?UART
            DATA    0054H     0003H     UNIT         ?DT?__REQTXDEDIT?KEY_AND_OTHER
            DATA    0057H     0002H     UNIT         ?DT?_IAP_WRITEPPAGE?IAP_FLASH
            DATA    0059H     0002H     UNIT         ?DT?_ML7345_WRITE_REG?SPI
            DATA    005BH     0001H     UNIT         ?DT?_DELAYXUS?TIMER
            DATA    005CH     0001H     UNIT         ?DT?_DELAY_MS?TIMER
            DATA    005DH     0001H     UNIT         ?DT?_UART0SENDBYTE?UART
            DATA    005EH     0001H     UNIT         ?DT?_ASC_HEX?UART
            DATA    005FH     0001H     UNIT         ?DT?_HEX_ASC?UART
            DATA    0060H     0001H     UNIT         ?DT?_SPI_DELAY?SPI
            DATA    0061H     0001H     UNIT         ?DT?_SPI1_SENDRECV_DATA?SPI
            DATA    0062H     0001H     UNIT         ?DT?_ML7345_READ_REG?SPI
            DATA    0063H     0001H     UNIT         ?DT?_TX_DATA_TEST?ML7345
            DATA    0064H     0001H     UNIT         ?DT?_ML7345_AUTOSTATETRANSITION_SET?ML7345_HAL
            DATA    0065H     0001H     UNIT         ?DT?_ML7345_SETANDGET_STATE?ML7345_HAL
            DATA    0066H     0001H     UNIT         ?DT?_ML7345_STATEFLAG_CLEAR?ML7345_HAL
            DATA    0067H     0001H     UNIT         ?DT?__PASS3SECKEY?KEY_AND_OTHER
            DATA    0068H     0001H     UNIT         ?DT?_DUPLIFUNCSETMODE?KEY_AND_OTHER
            DATA    0069H     0001H     UNIT         ?DT?__SETREGISTRATIONMODE?KEY_AND_OTHER
            DATA    006AH     0001H     UNIT         ?DT?_IDCLEAR?KEY_AND_OTHER
            DATA    006BH     0001H     UNIT         ?DT?__SWIN?KEY_AND_OTHER
            DATA    006CH     0001H     UNIT         ?DT?_SETFIXEDLENGTHCODE?EXIT_FUN
            IDATA   006DH     0006H     UNIT         ?ID?RAM
            IDATA   0073H     0006H     UNIT         ?ID?_SETTXDATA?EXIT_FUN
            IDATA   0079H     0003H     UNIT         ?ID?_SETFIXEDLENGTHCODE?EXIT_FUN
            IDATA   007CH     0001H     UNIT         ?ID?INT_UART0?UART
            IDATA   007DH     0001H     UNIT         ?ID?EEPROM_SYS_LOAD?IAP_FLASH
            IDATA   007EH     0001H     UNIT         ?ID?ML7345_TRX_DEL?ML7345
            IDATA   007FH     0001H     UNIT         ?ID?_KEYINTX?KEY_AND_OTHER
            IDATA   0080H     0001H     UNIT         ?STACK

            * * * * * * *  X D A T A   M E M O R Y  * * * * * * *
            XDATA   0000H     0209H     UNIT         ?XD?IAP_FLASH
            XDATA   0209H     00A9H     UNIT         ?XD?RAM
            XDATA   02B2H     007FH     UNIT         ?XD?ML7345
            XDATA   0331H     007EH     UNIT         ?XD?UART
            XDATA   03AFH     000CH     UNIT         ?XD?ML7345_HAL
            XDATA   03BBH     0002H     UNIT         ?XD?TIMER
            XDATA   03BDH     0002H     UNIT         ?XD?SPI
            XDATA   03BFH     0002H     UNIT         ?XD?ADC

            * * * * * * *   C O D E   M E M O R Y   * * * * * * *
BL51 BANKED LINKER/LOCATER V6.22.2.0                                                  03/23/2022  17:18:43  PAGE 3


            CODE    0000H     0003H     ABSOLUTE     
            CODE    0003H     0003H     ABSOLUTE     
            CODE    0006H     0005H     UNIT         ?PR?BEEP_OFF?TIMER
            CODE    000BH     0003H     ABSOLUTE     
            CODE    000EH     0005H     UNIT         ?PR?UART1_END?UART
            CODE    0013H     0003H     ABSOLUTE     
            CODE    0016H     000CH     UNIT         ?PR?INIT_INT1?GPIO
            CODE    0022H     0001H     UNIT         ?PR?_FUNCAUTOTXSTART?KEY_AND_OTHER
            CODE    0023H     0003H     ABSOLUTE     
            CODE    0026H     0025H     UNIT         ?PR?_GETNOPUSHSTATE?KEY_AND_OTHER
            CODE    004BH     0003H     ABSOLUTE     
            CODE    004EH     06ABH     UNIT         ?C?LIB_CODE
            CODE    06F9H     041DH     UNIT         ?PR?PC_PRG?UART
            CODE    0B16H     03DEH     UNIT         ?PR?_DUPLIFUNCSETMODE?KEY_AND_OTHER
            CODE    0EF4H     03D5H     UNIT         ?PR?_RF_ML7345_INIT?ML7345
            CODE    12C9H     0396H     UNIT         ?PR?EEPROM_SYS_LOAD?IAP_FLASH
            CODE    165FH     02F1H     UNIT         ?PR?_KEYINTX?KEY_AND_OTHER
            CODE    1950H     02A2H     UNIT         ?C_INITSEG
            CODE    1BF2H     0282H     UNIT         ?PR?_ML7345_FREQUENCY_CALCUL?ML7345_HAL
            CODE    1E74H     026BH     UNIT         ?PR?_FUNCSTOP?KEY_AND_OTHER
            CODE    20DFH     0234H     UNIT         ?PR?KEY_CHECK?KEY_AND_OTHER
            CODE    2313H     022CH     UNIT         ?PR?_IAP_WRITEBUF_WITH_PROTECT_VERIFY?IAP_FLASH
            CODE    253FH     01B0H     UNIT         ?PR?__REQTXDEDIT?KEY_AND_OTHER
            CODE    26EFH     017AH     UNIT         ?PR?TEST_MODE_CONTROL?KEY_AND_OTHER
            CODE    2869H     0178H     UNIT         ?PR?_ML7345_FREQUENCY_SET?ML7345_HAL
            CODE    29E1H     0176H     UNIT         ?PR?_REGISTRATIONMODE?KEY_AND_OTHER
            CODE    2B57H     016AH     UNIT         ?PR?_SETTXDATA?EXIT_FUN
            CODE    2CC1H     0119H     UNIT         ?PR?SENDTXDATA?EXIT_FUN
            CODE    2DDAH     0103H     UNIT         ?PR?MAIN?MAIN
            CODE    2EDDH     00EFH     UNIT         ?PR?_ML7345_SETANDGET_STATE?ML7345_HAL
            CODE    2FCCH     00EDH     UNIT         ?PR?ML7345_TRX_DEL?ML7345
            CODE    30B9H     00E7H     UNIT         ?PR?INT_ADC?ADC
            CODE    31A0H     00DCH     UNIT         ?PR?_FUNCREG?KEY_AND_OTHER
            CODE    327CH     00C5H     UNIT         ?PR?ML7345_DATARATE_SET_4_8K?ML7345_HAL
            CODE    3341H     00BBH     UNIT         ?PR?INT_UART0?UART
            CODE    33FCH     00B7H     UNIT         ?PR?ML7345_DATARATE_SET_1_2K?ML7345_HAL
            CODE    34B3H     008CH     UNIT         ?C_C51STARTUP
            CODE    353FH     0088H     UNIT         ?PR?TIME_CONTROL?KEY_AND_OTHER
            CODE    35C7H     0078H     UNIT         ?PR?_ATOL?KEY_AND_OTHER
            CODE    363FH     0077H     UNIT         ?PR?_ML7345_WRITE_FIFO?SPI
            CODE    36B6H     0074H     UNIT         ?PR?AD_CONTROL?ADC
            CODE    372AH     006EH     UNIT         ?PR?INT_T0?TIMER
            CODE    3798H     0062H     UNIT         ?PR?_SETFIXEDLENGTHCODE?EXIT_FUN
            CODE    37FAH     005CH     UNIT         ?PR?_FUNCOPENREG?KEY_AND_OTHER
            CODE    3856H     0059H     UNIT         ?PR?_INIT_RAM?RAM
            CODE    38AFH     0052H     UNIT         ?PR?_FUNCNOPUSH?KEY_AND_OTHER
            CODE    3901H     0050H     UNIT         ?PR?_FUNCCLOSEREG?KEY_AND_OTHER
            CODE    3951H     0050H     UNIT         ?PR?_FUNCVENTREG?KEY_AND_OTHER
            CODE    39A1H     0050H     UNIT         ?PR?_FUNCSTOPREG?KEY_AND_OTHER
            CODE    39F1H     004FH     UNIT         ?PR?_TX_DATA_TEST?ML7345
            CODE    3A40H     004EH     UNIT         ?PR?__REQBUZZER?KEY_AND_OTHER
            CODE    3A8EH     0049H     UNIT         ?PR?INIT_PORT?GPIO
            CODE    3AD7H     0045H     UNIT         ?PR?INIT_PCA_PWM?TIMER
            CODE    3B1CH     0044H     UNIT         ?C?LDIV
            CODE    3B60H     0041H     UNIT         ?PR?WAITSTATUS_COMPLETE?ML7345_HAL
            CODE    3BA1H     003DH     UNIT         ?PR?_SEND_DATA?UART
            CODE    3BDEH     003DH     UNIT         ?PR?_CLEARSPECIALMULTIKEYSTATE?KEY_AND_OTHER
BL51 BANKED LINKER/LOCATER V6.22.2.0                                                  03/23/2022  17:18:43  PAGE 4


            CODE    3C1BH     003CH     UNIT         ?PR?_ML7345_AUTOTX_DATA?ML7345_HAL
            CODE    3C57H     003BH     UNIT         ?PR?INT_INT0?GPIO
            CODE    3C92H     003BH     UNIT         ?PR?INT_INT1?GPIO
            CODE    3CCDH     003AH     UNIT         ?PR?_ML7345_READ_REG?SPI
            CODE    3D07H     0039H     UNIT         ?PR?INIT_CLOCK?SYS
            CODE    3D40H     0039H     UNIT         ?PR?_ML7345_STATEFLAG_CLEAR?ML7345_HAL
            CODE    3D79H     0034H     UNIT         ?PR?INIT_UART0_T1?UART
            CODE    3DADH     0034H     UNIT         ?PR?__PASS3SECKEY?KEY_AND_OTHER
            CODE    3DE1H     0032H     UNIT         ?PR?SETREG_RSSI?ML7345_HAL
            CODE    3E13H     0031H     UNIT         ?PR?_ML7345_WRITE_REG?SPI
            CODE    3E44H     0031H     UNIT         ?PR?_FUNCOPENSTOP?KEY_AND_OTHER
            CODE    3E75H     0030H     UNIT         ?PR?_HEX_ASC?UART
            CODE    3EA5H     0030H     UNIT         ?PR?_IDCLEAR?KEY_AND_OTHER
            CODE    3ED5H     002FH     UNIT         ?PR?_ML7345_AUTOSTATETRANSITION_SET?ML7345_HAL
            CODE    3F04H     002DH     UNIT         ?PR?_ASC_HEX?UART
            CODE    3F31H     002BH     UNIT         ?PR?_IAP_WRITEPPAGE?IAP_FLASH
            CODE    3F5CH     0027H     UNIT         ?PR?__SETREGISTRATIONMODE?KEY_AND_OTHER
            CODE    3F83H     0026H     UNIT         ?PR?_DUPLIFUNCCLEAR?KEY_AND_OTHER
            CODE    3FA9H     0023H     UNIT         ?PR?__SWIN?KEY_AND_OTHER
            CODE    3FCCH     0021H     UNIT         ?PR?INIT_TIMER0?TIMER
            CODE    3FEDH     001EH     UNIT         ?PR?_ASC_HEX_2?UART
            CODE    400BH     001DH     UNIT         ?PR?ML7345_ALLSTATEFLAG_CLEAR?ML7345_HAL
            CODE    4028H     001CH     UNIT         ?PR?INIT_ADC?ADC
            CODE    4044H     001BH     UNIT         ?PR?INIT_SPI?SPI
            CODE    405FH     001BH     UNIT         ?PR?_SPI1_SENDRECV_DATA?SPI
            CODE    407AH     0019H     UNIT         ?PR?DD_SET_ML7345D_POWER_ON_INIT?ML7345
            CODE    4093H     0016H     UNIT         ?PR?_DELAY_MS?TIMER
            CODE    40A9H     0016H     UNIT         ?PR?ML7345_GPIO0TXDONEINT_ENABLE?ML7345_HAL
            CODE    40BFH     0015H     UNIT         ?PR?_UART0SENDBYTE?UART
            CODE    40D4H     0014H     UNIT         ?PR?INIT_WDT?SYS
            CODE    40E8H     0012H     UNIT         ?PR?SPIGPIO_INIT?GPIO
            CODE    40FAH     0012H     UNIT         ?PR?SPIGPIO_UNINIT?GPIO
            CODE    410CH     0012H     UNIT         ?PR?_SETKEYCHATTERCOUNT?KEY_AND_OTHER
            CODE    411EH     0011H     UNIT         ?PR?_DELAYXUS?TIMER
            CODE    412FH     000EH     UNIT         ?CO?UART
            CODE    413DH     000BH     UNIT         ?PR?INIT_IAP_FLASH?IAP_FLASH
            CODE    4148H     000BH     UNIT         ?PR?DD_SET_ML7345D_POWER_ON?ML7345
            CODE    4153H     000AH     UNIT         ?PR?_SPI_DELAY?SPI
            CODE    415DH     000AH     UNIT         ?PR?ML7345_RESETN_SET?ML7345_HAL
            CODE    4167H     0006H     UNIT         ?PR?INIT_INTERRUPT?GPIO
            CODE    416DH     0006H     UNIT         ?PR?_GETREGMODE?KEY_AND_OTHER
            CODE    4173H     0004H     UNIT         ?PR?CLEARWDT?SYS
            CODE    4177H     0004H     UNIT         ?PR?INIT_BEEP?TIMER
            CODE    417BH     0004H     UNIT         ?PR?ADC_START?ADC
            CODE    417FH     0003H     UNIT         ?PR?BEEP_ON?TIMER
            CODE    4182H     0001H     UNIT         ?PR?_FUNCAUTOTXSTOP?KEY_AND_OTHER



OVERLAY MAP OF MODULE:   .\Objects\STX0031_MA82G5B32_Pro (MAIN)


SEGMENT
  +--> CALLED SEGMENT
---------------------
?PR?INT_INT0?GPIO
  +--> ?PR?ML7345_TRX_DEL?ML7345
BL51 BANKED LINKER/LOCATER V6.22.2.0                                                  03/23/2022  17:18:43  PAGE 5



?PR?ML7345_TRX_DEL?ML7345
  +--> ?PR?_ML7345_READ_REG?SPI
  +--> ?PR?_ML7345_STATEFLAG_CLEAR?ML7345_HAL
  +--> ?PR?_ML7345_AUTOTX_DATA?ML7345_HAL
  +--> ?PR?_ML7345_SETANDGET_STATE?ML7345_HAL
  +--> ?PR?SPIGPIO_UNINIT?GPIO

?PR?_ML7345_READ_REG?SPI
  +--> ?PR?_SPI_DELAY?SPI
  +--> ?PR?_SPI1_SENDRECV_DATA?SPI

?PR?_ML7345_STATEFLAG_CLEAR?ML7345_HAL
  +--> ?PR?_ML7345_WRITE_REG?SPI

?PR?_ML7345_WRITE_REG?SPI
  +--> ?PR?_SPI_DELAY?SPI
  +--> ?PR?_SPI1_SENDRECV_DATA?SPI

?PR?_ML7345_AUTOTX_DATA?ML7345_HAL
  +--> ?PR?_ML7345_WRITE_REG?SPI
  +--> ?PR?_ML7345_AUTOSTATETRANSITION_SET?M...
  +--> ?PR?_ML7345_WRITE_FIFO?SPI

?PR?_ML7345_AUTOSTATETRANSITION_SET?M...
  +--> ?PR?_ML7345_WRITE_REG?SPI

?PR?_ML7345_WRITE_FIFO?SPI
  +--> ?PR?_SPI_DELAY?SPI
  +--> ?PR?_SPI1_SENDRECV_DATA?SPI

?PR?_ML7345_SETANDGET_STATE?ML7345_HAL
  +--> ?PR?_ML7345_WRITE_REG?SPI
  +--> ?PR?_ML7345_READ_REG?SPI
  +--> ?PR?WAITSTATUS_COMPLETE?ML7345_HAL
  +--> ?PR?_ML7345_FREQUENCY_CALCUL?ML7345_HAL
  +--> ?PR?CLEARWDT?SYS
  +--> ?PR?_RF_ML7345_INIT?ML7345

?PR?WAITSTATUS_COMPLETE?ML7345_HAL
  +--> ?PR?_ML7345_WRITE_REG?SPI
  +--> ?PR?_ML7345_READ_REG?SPI
  +--> ?PR?CLEARWDT?SYS

?PR?_RF_ML7345_INIT?ML7345
  +--> ?PR?SPIGPIO_INIT?GPIO
  +--> ?PR?ML7345_RESETN_SET?ML7345_HAL
  +--> ?PR?_ML7345_READ_REG?SPI
  +--> ?PR?_ML7345_WRITE_REG?SPI
  +--> ?PR?SETREG_RSSI?ML7345_HAL
  +--> ?PR?ML7345_DATARATE_SET_4_8K?ML7345_HAL
  +--> ?PR?ML7345_DATARATE_SET_1_2K?ML7345_HAL
  +--> ?PR?ML7345_ALLSTATEFLAG_CLEAR?ML7345_HAL
  +--> ?PR?ML7345_GPIO0TXDONEINT_ENABLE?ML73...

?PR?ML7345_RESETN_SET?ML7345_HAL
  +--> ?PR?_DELAY_MS?TIMER
BL51 BANKED LINKER/LOCATER V6.22.2.0                                                  03/23/2022  17:18:43  PAGE 6



?PR?_DELAY_MS?TIMER
  +--> ?PR?_DELAYXUS?TIMER

?PR?SETREG_RSSI?ML7345_HAL
  +--> ?PR?_ML7345_WRITE_REG?SPI

?PR?ML7345_DATARATE_SET_4_8K?ML7345_HAL
  +--> ?PR?_ML7345_WRITE_REG?SPI

?PR?ML7345_DATARATE_SET_1_2K?ML7345_HAL
  +--> ?PR?_ML7345_WRITE_REG?SPI

?PR?ML7345_ALLSTATEFLAG_CLEAR?ML7345_HAL
  +--> ?PR?_ML7345_WRITE_REG?SPI

?PR?ML7345_GPIO0TXDONEINT_ENABLE?ML73...
  +--> ?PR?_ML7345_WRITE_REG?SPI

*** NEW ROOT ***************************************************

?PR?INT_INT1?GPIO
  +--> ?PR?ML7345_TRX_DEL?ML7345

*** NEW ROOT ***************************************************

?C_C51STARTUP
  +--> ?PR?MAIN?MAIN
  +--> ?C_INITSEG

?PR?MAIN?MAIN
  +--> ?PR?INIT_WDT?SYS
  +--> ?PR?INIT_CLOCK?SYS
  +--> ?PR?INIT_IAP_FLASH?IAP_FLASH
  +--> ?PR?INIT_TIMER0?TIMER
  +--> ?PR?EEPROM_SYS_LOAD?IAP_FLASH
  +--> ?PR?INIT_PORT?GPIO
  +--> ?PR?INIT_SPI?SPI
  +--> ?PR?INIT_ADC?ADC
  +--> ?PR?_INIT_RAM?RAM
  +--> ?PR?INIT_BEEP?TIMER
  +--> ?PR?TEST_MODE_CONTROL?KEY_AND_OTHER
  +--> ?PR?INIT_INTERRUPT?GPIO
  +--> ?PR?ADC_START?ADC
  +--> ?PR?CLEARWDT?SYS
  +--> ?PR?KEY_CHECK?KEY_AND_OTHER
  +--> ?PR?TIME_CONTROL?KEY_AND_OTHER
  +--> ?PR?AD_CONTROL?ADC

?PR?INIT_IAP_FLASH?IAP_FLASH
  +--> ?PR?_IAP_WRITEPPAGE?IAP_FLASH

?PR?EEPROM_SYS_LOAD?IAP_FLASH
  +--> ?PR?_ML7345_FREQUENCY_CALCUL?ML7345_HAL

?PR?_INIT_RAM?RAM
  +--> ?PR?_SETKEYCHATTERCOUNT?KEY_AND_OTHER
BL51 BANKED LINKER/LOCATER V6.22.2.0                                                  03/23/2022  17:18:43  PAGE 7


  +--> ?PR?_CLEARSPECIALMULTIKEYSTATE?KEY_AN...

?PR?INIT_BEEP?TIMER
  +--> ?PR?INIT_PCA_PWM?TIMER

?PR?TEST_MODE_CONTROL?KEY_AND_OTHER
  +--> ?PR?INIT_UART0_T1?UART
  +--> ?PR?CLEARWDT?SYS
  +--> ?PR?DD_SET_ML7345D_POWER_ON?ML7345
  +--> ?PR?_RF_ML7345_INIT?ML7345
  +--> ?PR?_TX_DATA_TEST?ML7345
  +--> ?PR?SPIGPIO_UNINIT?GPIO
  +--> ?PR?PC_PRG?UART
  +--> ?PR?UART1_END?UART

?PR?DD_SET_ML7345D_POWER_ON?ML7345
  +--> ?PR?_DELAY_MS?TIMER

?PR?_TX_DATA_TEST?ML7345
  +--> ?PR?_ML7345_WRITE_REG?SPI
  +--> ?PR?_ML7345_SETANDGET_STATE?ML7345_HAL

?PR?PC_PRG?UART
  +--> ?CO?UART
  +--> ?PR?_ASC_HEX_2?UART
  +--> ?PR?_IAP_WRITEBUF_WITH_PROTECT_VERIFY...
  +--> ?PR?_SEND_DATA?UART
  +--> ?PR?_HEX_ASC?UART
  +--> ?PR?DD_SET_ML7345D_POWER_ON?ML7345
  +--> ?PR?_RF_ML7345_INIT?ML7345
  +--> ?PR?_TX_DATA_TEST?ML7345
  +--> ?PR?_ML7345_SETANDGET_STATE?ML7345_HAL
  +--> ?PR?SPIGPIO_UNINIT?GPIO
  +--> ?PR?_ML7345_FREQUENCY_CALCUL?ML7345_HAL
  +--> ?PR?_ML7345_FREQUENCY_SET?ML7345_HAL

?PR?_ASC_HEX_2?UART
  +--> ?PR?_ASC_HEX?UART

?PR?_IAP_WRITEBUF_WITH_PROTECT_VERIFY...
  +--> ?PR?CLEARWDT?SYS

?PR?_SEND_DATA?UART
  +--> ?PR?_UART0SENDBYTE?UART

?PR?_ML7345_FREQUENCY_SET?ML7345_HAL
  +--> ?PR?_ML7345_SETANDGET_STATE?ML7345_HAL
  +--> ?PR?_ML7345_WRITE_REG?SPI
  +--> ?PR?ML7345_DATARATE_SET_1_2K?ML7345_HAL
  +--> ?PR?ML7345_DATARATE_SET_4_8K?ML7345_HAL
  +--> ?PR?_ML7345_READ_REG?SPI

?PR?INIT_INTERRUPT?GPIO
  +--> ?PR?INIT_INT1?GPIO

?PR?KEY_CHECK?KEY_AND_OTHER
  +--> ?PR?BEEP_ON?TIMER
BL51 BANKED LINKER/LOCATER V6.22.2.0                                                  03/23/2022  17:18:43  PAGE 8


  +--> ?PR?BEEP_OFF?TIMER
  +--> ?PR?_KEYINTX?KEY_AND_OTHER
  +--> ?PR?_REGISTRATIONMODE?KEY_AND_OTHER
  +--> ?PR?_DUPLIFUNCSETMODE?KEY_AND_OTHER
  +--> ?PR?CLEARWDT?SYS

?PR?_KEYINTX?KEY_AND_OTHER
  +--> ?PR?__SWIN?KEY_AND_OTHER
  +--> ?PR?_SETKEYCHATTERCOUNT?KEY_AND_OTHER
  +--> ?PR?_CLEARSPECIALMULTIKEYSTATE?KEY_AN...
  +--> ?PR?DD_SET_ML7345D_POWER_ON_INIT?ML7345
  +--> ?PR?_DUPLIFUNCCLEAR?KEY_AND_OTHER
  +--> ?PR?_FUNCREG?KEY_AND_OTHER
  +--> ?PR?_FUNCSTOP?KEY_AND_OTHER
  +--> ?PR?_FUNCOPENSTOP?KEY_AND_OTHER
  +--> ?PR?_FUNCOPENREG?KEY_AND_OTHER
  +--> ?PR?_FUNCSTOPREG?KEY_AND_OTHER
  +--> ?PR?_FUNCCLOSEREG?KEY_AND_OTHER
  +--> ?PR?_FUNCVENTREG?KEY_AND_OTHER
  +--> ?PR?_FUNCAUTOTXSTART?KEY_AND_OTHER
  +--> ?PR?_FUNCAUTOTXSTOP?KEY_AND_OTHER
  +--> ?PR?_FUNCNOPUSH?KEY_AND_OTHER

?PR?DD_SET_ML7345D_POWER_ON_INIT?ML7345
  +--> ?PR?_DELAY_MS?TIMER
  +--> ?PR?_RF_ML7345_INIT?ML7345

?PR?_FUNCREG?KEY_AND_OTHER
  +--> ?PR?_DUPLIFUNCCLEAR?KEY_AND_OTHER
  +--> ?PR?_CLEARSPECIALMULTIKEYSTATE?KEY_AN...
  +--> ?PR?__SETREGISTRATIONMODE?KEY_AND_OTHER

?PR?__SETREGISTRATIONMODE?KEY_AND_OTHER
  +--> ?PR?_GETREGMODE?KEY_AND_OTHER
  +--> ?PR?_IDCLEAR?KEY_AND_OTHER
  +--> ?PR?__REQBUZZER?KEY_AND_OTHER

?PR?_FUNCSTOP?KEY_AND_OTHER
  +--> ?PR?_GETNOPUSHSTATE?KEY_AND_OTHER
  +--> ?PR?__REQBUZZER?KEY_AND_OTHER
  +--> ?PR?_DUPLIFUNCCLEAR?KEY_AND_OTHER
  +--> ?PR?__REQTXDEDIT?KEY_AND_OTHER

?PR?_GETNOPUSHSTATE?KEY_AND_OTHER
  +--> ?PR?_CLEARSPECIALMULTIKEYSTATE?KEY_AN...

?PR?__REQTXDEDIT?KEY_AND_OTHER
  +--> ?PR?__REQBUZZER?KEY_AND_OTHER
  +--> ?PR?DD_SET_ML7345D_POWER_ON?ML7345
  +--> ?PR?_RF_ML7345_INIT?ML7345
  +--> ?PR?SENDTXDATA?EXIT_FUN

?PR?SENDTXDATA?EXIT_FUN
  +--> ?PR?_SETTXDATA?EXIT_FUN
  +--> ?PR?_ML7345_AUTOTX_DATA?ML7345_HAL

?PR?_SETTXDATA?EXIT_FUN
BL51 BANKED LINKER/LOCATER V6.22.2.0                                                  03/23/2022  17:18:43  PAGE 9


  +--> ?PR?_SETFIXEDLENGTHCODE?EXIT_FUN

?PR?_FUNCOPENSTOP?KEY_AND_OTHER
  +--> ?PR?_DUPLIFUNCCLEAR?KEY_AND_OTHER
  +--> ?PR?__REQTXDEDIT?KEY_AND_OTHER
  +--> ?PR?_CLEARSPECIALMULTIKEYSTATE?KEY_AN...

?PR?_FUNCOPENREG?KEY_AND_OTHER
  +--> ?PR?_DUPLIFUNCCLEAR?KEY_AND_OTHER
  +--> ?PR?__PASS3SECKEY?KEY_AND_OTHER

?PR?__PASS3SECKEY?KEY_AND_OTHER
  +--> ?PR?__REQTXDEDIT?KEY_AND_OTHER

?PR?_FUNCSTOPREG?KEY_AND_OTHER
  +--> ?PR?_DUPLIFUNCCLEAR?KEY_AND_OTHER
  +--> ?PR?__PASS3SECKEY?KEY_AND_OTHER

?PR?_FUNCCLOSEREG?KEY_AND_OTHER
  +--> ?PR?_DUPLIFUNCCLEAR?KEY_AND_OTHER
  +--> ?PR?__PASS3SECKEY?KEY_AND_OTHER

?PR?_FUNCVENTREG?KEY_AND_OTHER
  +--> ?PR?_DUPLIFUNCCLEAR?KEY_AND_OTHER
  +--> ?PR?__PASS3SECKEY?KEY_AND_OTHER

?PR?_FUNCNOPUSH?KEY_AND_OTHER
  +--> ?PR?_CLEARSPECIALMULTIKEYSTATE?KEY_AN...

?PR?_REGISTRATIONMODE?KEY_AND_OTHER
  +--> ?PR?_GETREGMODE?KEY_AND_OTHER
  +--> ?PR?__REQBUZZER?KEY_AND_OTHER
  +--> ?PR?_IDCLEAR?KEY_AND_OTHER
  +--> ?PR?_ATOL?KEY_AND_OTHER
  +--> ?PR?__REQTXDEDIT?KEY_AND_OTHER

?PR?_DUPLIFUNCSETMODE?KEY_AND_OTHER
  +--> ?PR?__REQBUZZER?KEY_AND_OTHER
  +--> ?PR?_DUPLIFUNCCLEAR?KEY_AND_OTHER
  +--> ?PR?_IAP_WRITEBUF_WITH_PROTECT_VERIFY...

?PR?TIME_CONTROL?KEY_AND_OTHER
  +--> ?PR?_ML7345_SETANDGET_STATE?ML7345_HAL
  +--> ?PR?SPIGPIO_UNINIT?GPIO



SYMBOL TABLE OF MODULE:  .\Objects\STX0031_MA82G5B32_Pro (MAIN)

  VALUE           TYPE          NAME
  ----------------------------------

  -------         MODULE        MAIN
  C:0000H         SYMBOL        _ICE_DUMMY_
  D:0090H         PUBLIC        P1
  D:00A0H         PUBLIC        P2
  D:00C0H         PUBLIC        XICON
BL51 BANKED LINKER/LOCATER V6.22.2.0                                                  03/23/2022  17:18:43  PAGE 10


  D:00B0H         PUBLIC        P3
  D:00E8H         PUBLIC        P4
  D:00F8H         PUBLIC        P5
  D:00F8H         PUBLIC        P6
  B:00A8H.7       PUBLIC        EA
  D:00A8H         PUBLIC        IE
  D:00B8H         PUBLIC        IP0L
  D:00D8H         PUBLIC        CCON
  C:2DDAH         PUBLIC        main
  B:00E8H.0       PUBLIC        P40
  D:0088H         PUBLIC        TCON
  D:0098H         PUBLIC        S0CON
  D:0098H         PUBLIC        S1CON
  D:00C8H         PUBLIC        T2CON
  D:00D0H         PUBLIC        PSW
  -------         PROC          MAIN
  C:2DDAH         LINE#         16
  C:2DDAH         LINE#         17
  C:2DDAH         LINE#         18
  C:2DDDH         LINE#         19
  C:2DE0H         LINE#         20
  C:2DE3H         LINE#         21
  C:2DE6H         LINE#         22
  C:2DE9H         LINE#         23
  C:2DECH         LINE#         24
  C:2DEFH         LINE#         25
  C:2DF2H         LINE#         26
  C:2DF5H         LINE#         27
  C:2DF8H         LINE#         28
  C:2DFBH         LINE#         29
  C:2DFEH         LINE#         30
  C:2E00H         LINE#         31
  C:2E03H         LINE#         32
  C:2E0CH         LINE#         34
  C:2E0CH         LINE#         35
  C:2E0CH         LINE#         36
  C:2E0FH         LINE#         37
  C:2E12H         LINE#         38
  C:2E15H         LINE#         39
  C:2E18H         LINE#         42
  C:2E60H         LINE#         43
  C:2E60H         LINE#         44
  C:2E6CH         LINE#         45
  C:2E6EH         LINE#         46
  C:2E7AH         LINE#         48
  C:2E7AH         LINE#         49
  C:2E97H         LINE#         50
  C:2ED1H         LINE#         51
  C:2ED4H         LINE#         52
  C:2ED7H         LINE#         53
  C:2ED7H         LINE#         54
  C:2ED9H         LINE#         55
  C:2ED9H         LINE#         56
  -------         ENDPROC       MAIN
  -------         ENDMOD        MAIN

  -------         MODULE        SYS
BL51 BANKED LINKER/LOCATER V6.22.2.0                                                  03/23/2022  17:18:43  PAGE 11


  C:0000H         SYMBOL        _ICE_DUMMY_
  D:0090H         PUBLIC        P1
  D:00A0H         PUBLIC        P2
  D:00E7H         PUBLIC        ISPCR
  D:00C0H         PUBLIC        XICON
  D:00B0H         PUBLIC        P3
  D:00E8H         PUBLIC        P4
  D:00F8H         PUBLIC        P5
  D:00F8H         PUBLIC        P6
  D:00E1H         PUBLIC        WDTCR
  D:00A8H         PUBLIC        IE
  D:00B8H         PUBLIC        IP0L
  D:00D8H         PUBLIC        CCON
  D:00E6H         PUBLIC        SCMD
  D:00E3H         PUBLIC        IFADRH
  D:00E5H         PUBLIC        IFMT
  D:00E4H         PUBLIC        IFADRL
  D:0088H         PUBLIC        TCON
  D:00E2H         PUBLIC        IFD
  C:4173H         PUBLIC        ClearWDT
  D:0097H         PUBLIC        PCON1
  D:0098H         PUBLIC        S0CON
  C:3D07H         PUBLIC        Init_Clock
  D:0098H         PUBLIC        S1CON
  C:40D4H         PUBLIC        Init_WDT
  D:00C8H         PUBLIC        T2CON
  D:00D0H         PUBLIC        PSW
  -------         PROC          INIT_CLOCK
  C:3D07H         LINE#         4
  C:3D07H         LINE#         5
  C:3D07H         LINE#         36
  C:3D23H         LINE#         37
  C:3D3FH         LINE#         39
  -------         ENDPROC       INIT_CLOCK
  -------         PROC          INIT_WDT
  C:40D4H         LINE#         42
  C:40D4H         LINE#         43
  C:40D4H         LINE#         44
  C:40D7H         LINE#         45
  C:40E1H         LINE#         46
  C:40E4H         LINE#         47
  C:40E7H         LINE#         48
  -------         ENDPROC       INIT_WDT
  -------         PROC          CLEARWDT
  C:4173H         LINE#         50
  C:4173H         LINE#         51
  C:4173H         LINE#         52
  C:4176H         LINE#         53
  -------         ENDPROC       CLEARWDT
  -------         ENDMOD        SYS

  -------         MODULE        GPIO
  C:0000H         SYMBOL        _ICE_DUMMY_
  D:0091H         PUBLIC        P1M0
  D:0095H         PUBLIC        P2M0
  D:00B1H         PUBLIC        P3M0
  D:0090H         PUBLIC        P1
BL51 BANKED LINKER/LOCATER V6.22.2.0                                                  03/23/2022  17:18:43  PAGE 12


  D:00B3H         PUBLIC        P4M0
  D:00B2H         PUBLIC        P3M1
  D:00A0H         PUBLIC        P2
  D:00C0H         PUBLIC        XICON
  D:00B0H         PUBLIC        P3
  D:00E8H         PUBLIC        P4
  D:00F8H         PUBLIC        P5
  D:00F8H         PUBLIC        P6
  D:00A8H         PUBLIC        IE
  C:0016H         PUBLIC        Init_INT1
  D:00B8H         PUBLIC        IP0L
  C:3A8EH         PUBLIC        Init_Port
  D:00D8H         PUBLIC        CCON
  B:00A0H.0       PUBLIC        P20
  B:0090H.1       PUBLIC        P11
  B:00A0H.1       PUBLIC        P21
  B:0090H.2       PUBLIC        P12
  B:00E8H.0       PUBLIC        P40
  B:00A0H.2       PUBLIC        P22
  B:0090H.3       PUBLIC        P13
  B:00E8H.1       PUBLIC        P41
  B:00A0H.3       PUBLIC        P23
  B:0090H.4       PUBLIC        P14
  D:0088H         PUBLIC        TCON
  C:40E8H         PUBLIC        SpiGpio_Init
  B:00A0H.4       PUBLIC        P24
  B:0090H.5       PUBLIC        P15
  D:00B4H         PUBLIC        PUCON0
  B:00B0H.4       PUBLIC        P34
  B:00A0H.5       PUBLIC        P25
  B:0090H.6       PUBLIC        P16
  B:00B0H.5       PUBLIC        P35
  B:00A0H.6       PUBLIC        P26
  B:0090H.7       PUBLIC        P17
  B:00A0H.7       PUBLIC        P27
  C:4167H         PUBLIC        Init_Interrupt
  B:00A8H.2       PUBLIC        EX1
  B:0088H.2       PUBLIC        IT1
  D:0098H         PUBLIC        S0CON
  D:0098H         PUBLIC        S1CON
  D:00C8H         PUBLIC        T2CON
  C:3C57H         PUBLIC        INT_INT0
  C:3C92H         PUBLIC        INT_INT1
  D:00A1H         PUBLIC        AUXR0
  D:00C1H         PUBLIC        XICFG
  C:40FAH         PUBLIC        SpiGpio_UnInit
  D:00D0H         PUBLIC        PSW
  -------         PROC          INIT_PORT
  C:3A8EH         LINE#         10
  C:3A8EH         LINE#         11
  C:3A8EH         LINE#         13
  C:3A91H         LINE#         14
  C:3A97H         LINE#         15
  C:3A9AH         LINE#         24
  C:3A9DH         LINE#         25
  C:3A9FH         LINE#         27
  C:3AA2H         LINE#         29
BL51 BANKED LINKER/LOCATER V6.22.2.0                                                  03/23/2022  17:18:43  PAGE 13


  C:3AA5H         LINE#         30
  C:3AA7H         LINE#         32
  C:3AAAH         LINE#         33
  C:3AADH         LINE#         34
  C:3AAFH         LINE#         37
  C:3AB5H         LINE#         40
  C:3AB8H         LINE#         48
  C:3ABAH         LINE#         49
  C:3ABCH         LINE#         50
  C:3ABEH         LINE#         51
  C:3AC0H         LINE#         53
  C:3AC3H         LINE#         54
  C:3ACBH         LINE#         55
  C:3AD1H         LINE#         56
  C:3AD4H         LINE#         57
  C:3AD6H         LINE#         58
  -------         ENDPROC       INIT_PORT
  -------         PROC          SPIGPIO_INIT
  C:40E8H         LINE#         60
  C:40E8H         LINE#         61
  C:40E8H         LINE#         62
  C:40EBH         LINE#         63
  C:40EEH         LINE#         64
  C:40F0H         LINE#         65
  C:40F3H         LINE#         66
  C:40F9H         LINE#         67
  -------         ENDPROC       SPIGPIO_INIT
  -------         PROC          SPIGPIO_UNINIT
  C:40FAH         LINE#         69
  C:40FAH         LINE#         70
  C:40FAH         LINE#         71
  C:40FDH         LINE#         72
  C:40FFH         LINE#         73
  C:4105H         LINE#         75
  C:410BH         LINE#         76
  -------         ENDPROC       SPIGPIO_UNINIT
  -------         PROC          INIT_INT1
  C:0016H         LINE#         103
  C:0016H         LINE#         104
  C:0016H         LINE#         105
  C:0019H         LINE#         107
  C:001EH         LINE#         108
  C:0021H         LINE#         109
  -------         ENDPROC       INIT_INT1
  -------         PROC          INT_INT0
  C:3C57H         LINE#         121
  C:3C74H         LINE#         123
  C:3C77H         LINE#         124
  -------         ENDPROC       INT_INT0
  -------         PROC          INT_INT1
  C:3C92H         LINE#         136
  C:3CAFH         LINE#         138
  C:3CB2H         LINE#         139
  -------         ENDPROC       INT_INT1
  -------         PROC          INIT_INTERRUPT
  C:4167H         LINE#         148
  C:4167H         LINE#         149
BL51 BANKED LINKER/LOCATER V6.22.2.0                                                  03/23/2022  17:18:43  PAGE 14


  C:4167H         LINE#         150
  C:416AH         LINE#         151
  C:416CH         LINE#         152
  -------         ENDPROC       INIT_INTERRUPT
  -------         ENDMOD        GPIO

  -------         MODULE        TIMER
  C:0000H         SYMBOL        _ICE_DUMMY_
  D:00F2H         PUBLIC        PCAPWM6
  D:0090H         PUBLIC        P1
  D:00A0H         PUBLIC        P2
  D:00C0H         PUBLIC        XICON
  D:00B0H         PUBLIC        P3
  D:00E8H         PUBLIC        P4
  D:00F8H         PUBLIC        P5
  D:00F8H         PUBLIC        P6
  D:00ACH         PUBLIC        SFRPI
  D:00F9H         PUBLIC        CH
  D:00BCH         PUBLIC        PWMCR
  D:00A8H         PUBLIC        IE
  D:00E9H         PUBLIC        CL
  B:00D8H.6       PUBLIC        CR
  D:00B8H         PUBLIC        IP0L
  D:00FAH         PUBLIC        CCAP6H
  D:00EAH         PUBLIC        CCAP6L
  C:417FH         PUBLIC        Beep_On
  D:00DAH         PUBLIC        CCAPM6
  C:3AD7H         PUBLIC        Init_PCA_PWM
  D:00D9H         PUBLIC        CMOD
  D:00D8H         PUBLIC        CCON
  D:00CFH         PUBLIC        CHRL
  C:3FCCH         PUBLIC        Init_Timer0
  D:00CEH         PUBLIC        CLRL
  B:00A0H.0       PUBLIC        P20
  C:411EH         PUBLIC        _DelayXus
  D:0089H         PUBLIC        TMOD
  D:0088H         PUBLIC        TCON
  B:00A8H.1       PUBLIC        ET0
  D:008CH         PUBLIC        TH0
  C:372AH         PUBLIC        INT_T0
  D:008AH         PUBLIC        TL0
  C:4093H         PUBLIC        _delay_ms
  B:0088H.4       PUBLIC        TR0
  X:03BBH         PUBLIC        Time_Tx_Out
  D:0098H         PUBLIC        S0CON
  D:0098H         PUBLIC        S1CON
  D:00C8H         PUBLIC        T2CON
  D:00A1H         PUBLIC        AUXR0
  D:00A3H         PUBLIC        AUXR2
  C:4177H         PUBLIC        Init_Beep
  C:0006H         PUBLIC        Beep_Off
  D:00F2H         PUBLIC        PCAPWM0
  D:00D0H         PUBLIC        PSW
  -------         PROC          INIT_TIMER0
  C:3FCCH         LINE#         41
  C:3FCCH         LINE#         42
  C:3FCCH         LINE#         43
BL51 BANKED LINKER/LOCATER V6.22.2.0                                                  03/23/2022  17:18:43  PAGE 15


  C:3FD6H         LINE#         45
  C:3FDFH         LINE#         47
  C:3FE2H         LINE#         49
  C:3FE5H         LINE#         50
  C:3FE8H         LINE#         52
  C:3FEAH         LINE#         53
  C:3FECH         LINE#         54
  -------         ENDPROC       INIT_TIMER0
  -------         PROC          INT_T0
  C:372AH         LINE#         64
  C:373BH         LINE#         66
  C:373EH         LINE#         67
  C:3741H         LINE#         69
  C:374DH         LINE#         70
  C:375DH         LINE#         71
  C:375DH         LINE#         72
  C:3763H         LINE#         73
  C:376FH         LINE#         74
  C:376FH         LINE#         75
  C:3789H         LINE#         76
  -------         ENDPROC       INT_T0
  -------         PROC          INIT_PCA_PWM
  C:3AD7H         LINE#         79
  C:3AD7H         LINE#         80
  C:3AD7H         LINE#         81
  C:3AE1H         LINE#         82
  C:3AEAH         LINE#         83
  C:3AF6H         LINE#         84
  C:3AF9H         LINE#         87
  C:3B0FH         LINE#         90
  C:3B15H         LINE#         91
  C:3B1BH         LINE#         92
  -------         ENDPROC       INIT_PCA_PWM
  -------         PROC          INIT_BEEP
  C:4177H         LINE#         94
  C:4177H         LINE#         95
  C:4177H         LINE#         96
  C:417AH         LINE#         97
  -------         ENDPROC       INIT_BEEP
  -------         PROC          BEEP_ON
  C:417FH         LINE#         99
  C:417FH         LINE#         100
  C:417FH         LINE#         101
  C:4181H         LINE#         102
  -------         ENDPROC       BEEP_ON
  -------         PROC          BEEP_OFF
  C:0006H         LINE#         104
  C:0006H         LINE#         105
  C:0006H         LINE#         106
  C:0008H         LINE#         107
  C:000AH         LINE#         108
  -------         ENDPROC       BEEP_OFF
  -------         PROC          _DELAYXUS
  D:005BH         SYMBOL        xUs
  C:411EH         LINE#         118
  C:4120H         LINE#         119
  C:4120H         LINE#         120
BL51 BANKED LINKER/LOCATER V6.22.2.0                                                  03/23/2022  17:18:43  PAGE 16


  C:4128H         LINE#         121
  C:4128H         LINE#         122
  C:4129H         LINE#         123
  C:412AH         LINE#         124
  C:412CH         LINE#         125
  C:412EH         LINE#         126
  -------         ENDPROC       _DELAYXUS
  -------         PROC          _DELAY_MS
  D:005CH         SYMBOL        ms
  C:4093H         LINE#         136
  C:4095H         LINE#         137
  C:4095H         LINE#         138
  C:409CH         LINE#         139
  C:409CH         LINE#         140
  C:40A1H         LINE#         141
  C:40A6H         LINE#         142
  C:40A8H         LINE#         143
  -------         ENDPROC       _DELAY_MS
  -------         ENDMOD        TIMER

  -------         MODULE        UART
  C:0000H         SYMBOL        _ICE_DUMMY_
  D:0090H         PUBLIC        P1
  D:00A0H         PUBLIC        P2
  B:0098H.6       PUBLIC        SM10
  D:00C0H         PUBLIC        XICON
  D:00B0H         PUBLIC        P3
  D:00E8H         PUBLIC        P4
  D:00F8H         PUBLIC        P5
  X:0347H         PUBLIC        Databits_t
  D:00F8H         PUBLIC        P6
  D:00ACH         PUBLIC        SFRPI
  X:034BH         PUBLIC        FLAG_testNo91_step
  C:000EH         PUBLIC        UART1_end
  D:00A8H         PUBLIC        IE
  X:034CH         PUBLIC        FLAG_testNo91SendUart
  D:00B8H         PUBLIC        IP0L
  B:0098H.4       PUBLIC        REN0
  X:034DH         PUBLIC        UART_DATA_buffer
  X:0376H         PUBLIC        UART_DATA_ID98
  X:039FH         PUBLIC        U1AckTimer
  D:00D8H         PUBLIC        CCON
  X:03A0H         PUBLIC        UartStatus
  C:3D79H         PUBLIC        Init_Uart0_T1
  X:03A1H         PUBLIC        UartCount
  B:00C8H.5       PUBLIC        RCLK
  B:00C8H.4       PUBLIC        TCLK
  D:0089H         PUBLIC        TMOD
  D:0088H         PUBLIC        TCON
  B:00B0H.5       PUBLIC        P35
  C:3341H         PUBLIC        INT_UART0
  X:03A2H         PUBLIC        UartLen
  C:412FH         SYMBOL        _?ix1000
  X:03A3H         PUBLIC        ACKBack
  C:4133H         SYMBOL        _?ix1001
  X:03A6H         PUBLIC        PROFILE_CH_FREQ_32bit_200002EC_uart
  B:00A8H.4       PUBLIC        ES0
BL51 BANKED LINKER/LOCATER V6.22.2.0                                                  03/23/2022  17:18:43  PAGE 17


  B:0098H.0       PUBLIC        RI0
  B:0098H.1       PUBLIC        TI0
  D:008DH         PUBLIC        TH1
  D:008BH         PUBLIC        TL1
  D:009CH         PUBLIC        S0CFG
  B:0088H.6       PUBLIC        TR1
  X:03AAH         PUBLIC        uart0_rx_len
  X:03ABH         PUBLIC        FLAG_testBEEP
  X:03ACH         PUBLIC        uart0_tx_len
  C:06F9H         PUBLIC        PC_PRG
  C:3E75H         PUBLIC        _hex_asc
  C:3F04H         PUBLIC        _asc_hex
  D:0099H         PUBLIC        S0BUF
  D:0087H         PUBLIC        PCON0
  D:0098H         PUBLIC        S0CON
  D:0098H         PUBLIC        S1CON
  X:03ADH         PUBLIC        FLAG_testNo91
  D:00C8H         PUBLIC        T2CON
  C:3BA1H         PUBLIC        _Send_Data
  B:0098H.7       PUBLIC        SM00_FE
  C:3FEDH         PUBLIC        _asc_hex_2
  C:40BFH         PUBLIC        _Uart0SendByte
  D:00A3H         PUBLIC        AUXR2
  X:03AEH         PUBLIC        U1Statues
  D:00D0H         PUBLIC        PSW
  -------         PROC          INIT_UART0_T1
  C:3D79H         LINE#         67
  C:3D79H         LINE#         68
  C:3D79H         LINE#         69
  C:3D80H         LINE#         70
  C:3D82H         LINE#         72
  C:3D89H         LINE#         73
  C:3D8FH         LINE#         75
  C:3D99H         LINE#         76
  C:3D9FH         LINE#         77
  C:3DA2H         LINE#         80
  C:3DA5H         LINE#         81
  C:3DA8H         LINE#         83
  C:3DAAH         LINE#         84
  C:3DACH         LINE#         85
  -------         ENDPROC       INIT_UART0_T1
  -------         PROC          UART1_END
  C:000EH         LINE#         87
  C:000EH         LINE#         88
  C:000EH         LINE#         89
  C:0010H         LINE#         90
  C:0012H         LINE#         91
  -------         ENDPROC       UART1_END
  -------         PROC          INT_UART0
  -------         DO            
  I:007CH         SYMBOL        dat
  -------         ENDDO         
  C:3341H         LINE#         130
  C:3352H         LINE#         132
  C:3356H         LINE#         133
  C:3358H         LINE#         135
  C:335BH         LINE#         136
BL51 BANKED LINKER/LOCATER V6.22.2.0                                                  03/23/2022  17:18:43  PAGE 18


  C:335EH         LINE#         137
  C:335EH         LINE#         138
  C:3360H         LINE#         139
  C:3360H         LINE#         140
  C:3366H         LINE#         141
  C:3366H         LINE#         142
  C:3368H         LINE#         143
  C:336CH         LINE#         144
  C:3379H         LINE#         145
  C:338EH         LINE#         146
  C:339FH         LINE#         147
  C:33A8H         LINE#         148
  C:33A8H         LINE#         149
  C:33BAH         LINE#         150
  C:33BAH         LINE#         151
  C:33DAH         LINE#         152
  C:33DFH         LINE#         153
  C:33EBH         LINE#         155
  C:33EBH         LINE#         156
  C:33EBH         LINE#         157
  C:33EDH         LINE#         158
  -------         ENDPROC       INT_UART0
  -------         PROC          _UART0SENDBYTE
  D:005DH         SYMBOL        tByte
  -------         DO            
  B:0020H.0       SYMBOL        bES
  -------         ENDDO         
  C:40BFH         LINE#         166
  C:40C1H         LINE#         167
  C:40C1H         LINE#         169
  C:40C5H         LINE#         170
  C:40C7H         LINE#         171
  C:40CAH         LINE#         173
  C:40CDH         LINE#         174
  C:40CFH         LINE#         175
  C:40D3H         LINE#         176
  -------         ENDPROC       _UART0SENDBYTE
  -------         PROC          _SEND_DATA
  D:0041H         SYMBOL        buff
  D:0044H         SYMBOL        len
  -------         DO            
  X:0331H         SYMBOL        i
  -------         ENDDO         
  C:3BA1H         LINE#         179
  C:3BA9H         LINE#         180
  C:3BA9H         LINE#         181
  C:3BAEH         LINE#         182
  C:3BBEH         LINE#         183
  C:3BBEH         LINE#         184
  C:3BD5H         LINE#         185
  C:3BDDH         LINE#         186
  -------         ENDPROC       _SEND_DATA
  -------         PROC          _ASC_HEX
  D:005EH         SYMBOL        asc
  -------         DO            
  X:0332H         SYMBOL        i
  -------         ENDDO         
BL51 BANKED LINKER/LOCATER V6.22.2.0                                                  03/23/2022  17:18:43  PAGE 19


  C:3F04H         LINE#         188
  C:3F06H         LINE#         189
  C:3F06H         LINE#         191
  C:3F15H         LINE#         192
  C:3F21H         LINE#         194
  C:3F2BH         LINE#         195
  C:3F30H         LINE#         196
  -------         ENDPROC       _ASC_HEX
  -------         PROC          _HEX_ASC
  D:005FH         SYMBOL        hex
  -------         DO            
  X:0333H         SYMBOL        i
  -------         ENDDO         
  C:3E75H         LINE#         198
  C:3E77H         LINE#         199
  C:3E77H         LINE#         201
  C:3E7AH         LINE#         202
  C:3E89H         LINE#         203
  C:3E95H         LINE#         205
  C:3E9FH         LINE#         206
  C:3EA4H         LINE#         207
  -------         ENDPROC       _HEX_ASC
  -------         PROC          _ASC_HEX_2
  D:0051H         SYMBOL        asc1
  D:0052H         SYMBOL        asc0
  -------         DO            
  D:0053H         SYMBOL        i
  -------         ENDDO         
  C:3FEDH         LINE#         209
  C:3FF1H         LINE#         210
  C:3FF1H         LINE#         212
  C:4008H         LINE#         213
  C:400AH         LINE#         214
  -------         ENDPROC       _ASC_HEX_2
  -------         PROC          PC_PRG
  -------         DO            
  X:0334H         SYMBOL        UART_ID_data
  X:0338H         SYMBOL        send_ok
  X:033CH         SYMBOL        re_byte
  X:033DH         SYMBOL        send_ack
  -------         ENDDO         
  C:06F9H         LINE#         237
  C:06F9H         LINE#         238
  C:06F9H         LINE#         240
  C:071EH         LINE#         241
  C:0723H         LINE#         242
  C:0748H         LINE#         244
  C:0753H         LINE#         245
  C:075FH         LINE#         247
  C:077BH         LINE#         248
  C:077BH         LINE#         249
  C:077BH         LINE#         251
  C:0788H         LINE#         252
  C:0788H         LINE#         253
  C:078DH         LINE#         254
  C:079FH         LINE#         255
  C:07B1H         LINE#         256
BL51 BANKED LINKER/LOCATER V6.22.2.0                                                  03/23/2022  17:18:43  PAGE 20


  C:07C3H         LINE#         257
  C:07D7H         LINE#         258
  C:07EAH         LINE#         259
  C:07F5H         LINE#         260
  C:07F5H         LINE#         261
  C:07F6H         LINE#         265
  C:07F6H         LINE#         267
  C:0803H         LINE#         268
  C:0803H         LINE#         269
  C:0809H         LINE#         270
  C:080FH         LINE#         271
  C:0815H         LINE#         272
  C:081BH         LINE#         274
  C:082DH         LINE#         275
  C:083EH         LINE#         276
  C:0850H         LINE#         277
  C:0861H         LINE#         278
  C:0873H         LINE#         279
  C:0884H         LINE#         280
  C:088FH         LINE#         281
  C:088FH         LINE#         282
  C:0890H         LINE#         283
  C:0890H         LINE#         284
  C:089CH         LINE#         285
  C:089FH         LINE#         286
  C:08A9H         LINE#         287
  C:08B7H         LINE#         288
  C:08BCH         LINE#         289
  C:08C7H         LINE#         290
  C:08C8H         LINE#         291
  C:08C8H         LINE#         292
  C:08E2H         LINE#         293
  C:08E2H         LINE#         294
  C:08E7H         LINE#         295
  C:08EAH         LINE#         296
  C:08ECH         LINE#         297
  C:08F8H         LINE#         298
  C:0903H         LINE#         299
  C:0903H         LINE#         300
  C:0904H         LINE#         301
  C:0904H         LINE#         302
  C:090EH         LINE#         303
  C:090EH         LINE#         304
  C:091AH         LINE#         305
  C:091DH         LINE#         306
  C:0927H         LINE#         307
  C:0935H         LINE#         308
  C:093AH         LINE#         309
  C:0945H         LINE#         310
  C:0946H         LINE#         311
  C:095AH         LINE#         312
  C:095AH         LINE#         313
  C:0960H         LINE#         314
  C:0966H         LINE#         315
  C:096CH         LINE#         316
  C:0972H         LINE#         317
  C:0984H         LINE#         318
BL51 BANKED LINKER/LOCATER V6.22.2.0                                                  03/23/2022  17:18:43  PAGE 21


  C:0995H         LINE#         319
  C:09A0H         LINE#         320
  C:09A1H         LINE#         321
  C:09C9H         LINE#         322
  C:09C9H         LINE#         323
  C:09DBH         LINE#         324
  C:09E0H         LINE#         325
  C:09F2H         LINE#         326
  C:09F2H         LINE#         327
  C:09FCH         LINE#         328
  C:0A0FH         LINE#         329
  C:0A36H         LINE#         330
  C:0A4DH         LINE#         331
  C:0A58H         LINE#         332
  C:0A63H         LINE#         333
  C:0A66H         LINE#         334
  C:0A93H         LINE#         335
  C:0A93H         LINE#         336
  C:0A9DH         LINE#         337
  C:0AB0H         LINE#         338
  C:0AB7H         LINE#         339
  C:0AE3H         LINE#         340
  C:0AFAH         LINE#         341
  C:0B05H         LINE#         342
  C:0B10H         LINE#         343
  C:0B10H         LINE#         344
  C:0B15H         LINE#         345
  C:0B15H         LINE#         346
  C:0B15H         LINE#         347
  C:0B15H         LINE#         348
  C:0B15H         LINE#         349
  C:0B15H         LINE#         350
  C:0B15H         LINE#         351
  -------         ENDPROC       PC_PRG
  -------         ENDMOD        UART

  -------         MODULE        IAP_FLASH
  C:0000H         SYMBOL        _ICE_DUMMY_
  D:0090H         PUBLIC        P1
  D:00A0H         PUBLIC        P2
  D:00E7H         PUBLIC        ISPCR
  D:00C0H         PUBLIC        XICON
  D:00B0H         PUBLIC        P3
  D:00E8H         PUBLIC        P4
  D:00F8H         PUBLIC        P5
  D:00F8H         PUBLIC        P6
  B:00A8H.7       PUBLIC        EA
  C:2313H         PUBLIC        _IAP_WriteBuf_With_Protect_Verify
  D:00A8H         PUBLIC        IE
  D:00B8H         PUBLIC        IP0L
  C:3F31H         PUBLIC        _IAP_WritePPage
  D:00BFH         PUBLIC        CKCON1
  D:00D8H         PUBLIC        CCON
  D:00E6H         PUBLIC        SCMD
  D:00E3H         PUBLIC        IFADRH
  D:00E5H         PUBLIC        IFMT
  D:00E4H         PUBLIC        IFADRL
BL51 BANKED LINKER/LOCATER V6.22.2.0                                                  03/23/2022  17:18:43  PAGE 22


  D:0088H         PUBLIC        TCON
  C:413DH         PUBLIC        Init_IAP_flash
  C:12C9H         PUBLIC        eeprom_sys_load
  D:00E2H         PUBLIC        IFD
  D:0098H         PUBLIC        S0CON
  D:0098H         PUBLIC        S1CON
  D:00C8H         PUBLIC        T2CON
  D:00D0H         PUBLIC        PSW
  -------         PROC          INIT_IAP_FLASH
  C:413DH         LINE#         16
  C:413DH         LINE#         17
  C:413DH         LINE#         19
  C:4140H         LINE#         22
  C:4147H         LINE#         23
  -------         ENDPROC       INIT_IAP_FLASH
  -------         PROC          _IAP_WRITEPPAGE
  D:0057H         SYMBOL        PsfrAddr
  D:0058H         SYMBOL        PsfrData
  -------         DO            
  B:0020H.1       SYMBOL        bEA
  -------         ENDDO         
  C:3F31H         LINE#         34
  C:3F35H         LINE#         35
  C:3F35H         LINE#         36
  C:3F39H         LINE#         37
  C:3F3BH         LINE#         38
  C:3F3EH         LINE#         39
  C:3F41H         LINE#         40
  C:3F44H         LINE#         41
  C:3F47H         LINE#         42
  C:3F4AH         LINE#         44
  C:3F4DH         LINE#         46
  C:3F50H         LINE#         47
  C:3F51H         LINE#         48
  C:3F54H         LINE#         49
  C:3F57H         LINE#         50
  C:3F5BH         LINE#         51
  -------         ENDPROC       _IAP_WRITEPPAGE
  -------         PROC          _IAP_WRITEBUF_WITH_PROTECT_VERIFY
  D:0019H         SYMBOL        ByteAddr
  D:001BH         SYMBOL        pBuf
  D:001EH         SYMBOL        Cnt
  -------         DO            
  X:0000H         SYMBOL        TempBuf
  X:0200H         SYMBOL        i
  X:0202H         SYMBOL        ErrCnt
  X:0203H         SYMBOL        SectorAddr
  B:0020H.2       SYMBOL        bEA
  C:23F9H         SYMBOL        Err_Loop
  C:2535H         SYMBOL        Err_Return
  -------         ENDDO         
  C:2313H         LINE#         124
  C:231DH         LINE#         125
  C:231DH         LINE#         130
  C:2321H         LINE#         132
  C:2323H         LINE#         133
  C:2328H         LINE#         135
BL51 BANKED LINKER/LOCATER V6.22.2.0                                                  03/23/2022  17:18:43  PAGE 23


  C:2337H         LINE#         136
  C:234DH         LINE#         137
  C:234DH         LINE#         138
  C:2354H         LINE#         139
  C:235BH         LINE#         140
  C:235EH         LINE#         141
  C:2361H         LINE#         142
  C:2364H         LINE#         143
  C:2367H         LINE#         144
  C:236AH         LINE#         145
  C:236DH         LINE#         146
  C:237BH         LINE#         147
  C:2390H         LINE#         148
  C:2393H         LINE#         149
  C:23A3H         LINE#         151
  C:23B2H         LINE#         152
  C:23B8H         LINE#         153
  C:23B8H         LINE#         154
  C:23D6H         LINE#         155
  C:23E1H         LINE#         156
  C:23EFH         LINE#         157
  C:23F7H         LINE#         158
  C:23F9H         LINE#         159
  C:23F9H         LINE#         161
  C:2408H         LINE#         162
  C:240FH         LINE#         163
  C:2412H         LINE#         164
  C:2415H         LINE#         165
  C:2418H         LINE#         167
  C:241BH         LINE#         169
  C:241EH         LINE#         170
  C:241FH         LINE#         171
  C:2422H         LINE#         172
  C:2425H         LINE#         174
  C:243BH         LINE#         175
  C:243BH         LINE#         176
  C:2451H         LINE#         177
  C:2458H         LINE#         178
  C:245FH         LINE#         179
  C:2462H         LINE#         180
  C:2465H         LINE#         182
  C:2468H         LINE#         184
  C:246BH         LINE#         185
  C:246CH         LINE#         186
  C:246FH         LINE#         187
  C:2472H         LINE#         188
  C:2480H         LINE#         189
  C:2483H         LINE#         190
  C:2493H         LINE#         192
  C:24A2H         LINE#         193
  C:24B8H         LINE#         194
  C:24B8H         LINE#         195
  C:24BFH         LINE#         196
  C:24C6H         LINE#         197
  C:24C9H         LINE#         198
  C:24CCH         LINE#         200
  C:24CFH         LINE#         202
BL51 BANKED LINKER/LOCATER V6.22.2.0                                                  03/23/2022  17:18:43  PAGE 24


  C:24D2H         LINE#         203
  C:24D5H         LINE#         204
  C:24D8H         LINE#         205
  C:24E6H         LINE#         206
  C:24E9H         LINE#         207
  C:2502H         LINE#         208
  C:2502H         LINE#         209
  C:2508H         LINE#         210
  C:251AH         LINE#         211
  C:251AH         LINE#         212
  C:251DH         LINE#         213
  C:251DH         LINE#         215
  C:251DH         LINE#         216
  C:251FH         LINE#         217
  C:251FH         LINE#         218
  C:251FH         LINE#         219
  C:2530H         LINE#         220
  C:2535H         LINE#         221
  C:2535H         LINE#         222
  C:2539H         LINE#         223
  C:253EH         LINE#         224
  -------         ENDPROC       _IAP_WRITEBUF_WITH_PROTECT_VERIFY
  -------         PROC          EEPROM_SYS_LOAD
  -------         DO            
  X:0205H         SYMBOL        Init_ID_data
  I:007DH         SYMBOL        offset
  -------         ENDDO         
  C:12C9H         LINE#         245
  C:12C9H         LINE#         246
  C:12C9H         LINE#         248
  C:12CDH         LINE#         250
  C:12D8H         LINE#         251
  C:12EFH         LINE#         253
  C:12F4H         LINE#         254
  C:12FFH         LINE#         255
  C:130AH         LINE#         256
  C:1315H         LINE#         257
  C:1357H         LINE#         258
  C:136BH         LINE#         260
  C:1375H         LINE#         261
  C:139FH         LINE#         262
  C:139FH         LINE#         263
  C:13A8H         LINE#         264
  C:13CEH         LINE#         265
  C:13E5H         LINE#         267
  C:140BH         LINE#         268
  C:1422H         LINE#         270
  C:1448H         LINE#         271
  C:145FH         LINE#         273
  C:1485H         LINE#         274
  C:149CH         LINE#         276
  C:14C2H         LINE#         277
  C:14D9H         LINE#         278
  C:14DAH         LINE#         279
  C:1505H         LINE#         280
  C:1505H         LINE#         281
  C:150EH         LINE#         282
BL51 BANKED LINKER/LOCATER V6.22.2.0                                                  03/23/2022  17:18:43  PAGE 25


  C:1514H         LINE#         283
  C:153FH         LINE#         284
  C:1556H         LINE#         286
  C:1581H         LINE#         287
  C:1598H         LINE#         289
  C:15C3H         LINE#         290
  C:15DAH         LINE#         292
  C:1605H         LINE#         293
  C:161CH         LINE#         295
  C:1647H         LINE#         296
  C:165EH         LINE#         297
  C:165EH         LINE#         298
  C:165EH         LINE#         300
  -------         ENDPROC       EEPROM_SYS_LOAD
  -------         ENDMOD        IAP_FLASH

  -------         MODULE        SPI
  C:0000H         SYMBOL        _ICE_DUMMY_
  D:0090H         PUBLIC        P1
  D:00A0H         PUBLIC        P2
  D:00C0H         PUBLIC        XICON
  D:00B0H         PUBLIC        P3
  D:00E8H         PUBLIC        P4
  D:00F8H         PUBLIC        P5
  D:0085H         PUBLIC        SPCON
  D:00F8H         PUBLIC        P6
  D:00A8H         PUBLIC        IE
  D:00B8H         PUBLIC        IP0L
  C:4044H         PUBLIC        Init_Spi
  D:00D8H         PUBLIC        CCON
  B:0090H.4       PUBLIC        P14
  D:0088H         PUBLIC        TCON
  C:4153H         PUBLIC        _spi_delay
  C:363FH         PUBLIC        _ML7345_Write_Fifo
  C:3CCDH         PUBLIC        _ML7345_Read_Reg
  C:3E13H         PUBLIC        _ML7345_Write_Reg
  D:0084H         PUBLIC        SPSTAT
  D:0098H         PUBLIC        S0CON
  D:0098H         PUBLIC        S1CON
  D:00C8H         PUBLIC        T2CON
  D:00A2H         PUBLIC        AUXR1
  C:405FH         PUBLIC        _SPI1_SendRecv_Data
  D:00D0H         PUBLIC        PSW
  D:0086H         PUBLIC        SPDAT
  -------         PROC          _SPI_DELAY
  D:0060H         SYMBOL        n
  C:4153H         LINE#         3
  C:4155H         LINE#         4
  C:4155H         LINE#         5
  C:415CH         LINE#         6
  -------         ENDPROC       _SPI_DELAY
  -------         PROC          INIT_SPI
  C:4044H         LINE#         8
  C:4044H         LINE#         9
  C:4044H         LINE#         11
  C:4047H         LINE#         13
  C:404AH         LINE#         15
BL51 BANKED LINKER/LOCATER V6.22.2.0                                                  03/23/2022  17:18:43  PAGE 26


  C:4050H         LINE#         17
  C:4053H         LINE#         19
  C:4056H         LINE#         21
  C:4059H         LINE#         23
  C:405CH         LINE#         25
  C:405EH         LINE#         26
  -------         ENDPROC       INIT_SPI
  -------         PROC          _SPI1_SENDRECV_DATA
  D:0061H         SYMBOL        SPI_DATA
  C:405FH         LINE#         35
  C:4061H         LINE#         36
  C:4061H         LINE#         37
  C:4066H         LINE#         38
  C:4069H         LINE#         39
  C:4074H         LINE#         40
  C:4077H         LINE#         41
  C:4079H         LINE#         42
  -------         ENDPROC       _SPI1_SENDRECV_DATA
  -------         PROC          _ML7345_WRITE_REG
  D:0059H         SYMBOL        addr
  D:005AH         SYMBOL        dat
  C:3E13H         LINE#         45
  C:3E17H         LINE#         46
  C:3E17H         LINE#         47
  C:3E1CH         LINE#         48
  C:3E1EH         LINE#         49
  C:3E23H         LINE#         51
  C:3E2DH         LINE#         52
  C:3E32H         LINE#         53
  C:3E37H         LINE#         55
  C:3E3CH         LINE#         56
  C:3E3EH         LINE#         57
  C:3E43H         LINE#         58
  -------         ENDPROC       _ML7345_WRITE_REG
  -------         PROC          _ML7345_READ_REG
  D:0062H         SYMBOL        addr
  -------         DO            
  X:03BDH         SYMBOL        read
  -------         ENDDO         
  C:3CCDH         LINE#         60
  C:3CCFH         LINE#         61
  C:3CCFH         LINE#         62
  C:3CD4H         LINE#         63
  C:3CD9H         LINE#         64
  C:3CDBH         LINE#         65
  C:3CE0H         LINE#         67
  C:3CE6H         LINE#         68
  C:3CEBH         LINE#         69
  C:3CF5H         LINE#         71
  C:3CFAH         LINE#         72
  C:3CFCH         LINE#         73
  C:3D01H         LINE#         75
  C:3D06H         LINE#         76
  -------         ENDPROC       _ML7345_READ_REG
  -------         PROC          _ML7345_WRITE_FIFO
  D:0037H         SYMBOL        addr
  D:0038H         SYMBOL        pbuf
BL51 BANKED LINKER/LOCATER V6.22.2.0                                                  03/23/2022  17:18:43  PAGE 27


  D:003BH         SYMBOL        len
  -------         DO            
  X:03BEH         SYMBOL        i
  -------         ENDDO         
  C:363FH         LINE#         78
  C:3647H         LINE#         79
  C:3647H         LINE#         80
  C:364CH         LINE#         81
  C:3651H         LINE#         82
  C:3653H         LINE#         83
  C:3658H         LINE#         85
  C:3662H         LINE#         86
  C:3667H         LINE#         87
  C:3674H         LINE#         88
  C:3685H         LINE#         89
  C:3685H         LINE#         90
  C:368AH         LINE#         91
  C:36A1H         LINE#         92
  C:36A9H         LINE#         94
  C:36AEH         LINE#         95
  C:36B0H         LINE#         96
  C:36B5H         LINE#         97
  -------         ENDPROC       _ML7345_WRITE_FIFO
  -------         ENDMOD        SPI

  -------         MODULE        RAM
  C:0000H         SYMBOL        _ICE_DUMMY_
  X:0209H         PUBLIC        m_KeyCloseCount
  X:020AH         PUBLIC        write_flash_buffer
  D:0090H         PUBLIC        P1
  X:0212H         PUBLIC        txphase
  D:00A0H         PUBLIC        P2
  D:00C0H         PUBLIC        XICON
  D:00B0H         PUBLIC        P3
  D:00E8H         PUBLIC        P4
  X:0214H         PUBLIC        m_KeyCount
  D:00F8H         PUBLIC        P5
  X:0215H         PUBLIC        AD_DATA_BUFF
  D:00F8H         PUBLIC        P6
  X:0217H         PUBLIC        TB_976us
  X:0218H         PUBLIC        ID_data
  D:00A8H         PUBLIC        IE
  X:021CH         PUBLIC        TIME_Once_twice_switch
  X:021EH         PUBLIC        BAT_Voltage_value
  X:0222H         PUBLIC        rom_KeyOpt
  I:006DH         PUBLIC        RAM_SW_type
  X:0223H         PUBLIC        BAT_out
  X:0224H         PUBLIC        SIO_cnt
  X:0225H         PUBLIC        m_KeyDupliSetTimeout
  X:0227H         PUBLIC        ID_data_add
  D:00B8H         PUBLIC        IP0L
  X:022BH         PUBLIC        m_KeyDupli1stTimer
  X:022DH         PUBLIC        m_KeyOld
  X:022EH         PUBLIC        m_KeyOpenCount
  X:022FH         PUBLIC        txphase_end
  I:006EH         PUBLIC        mark0_stu
  I:006FH         PUBLIC        mark1_stu
BL51 BANKED LINKER/LOCATER V6.22.2.0                                                  03/23/2022  17:18:43  PAGE 28


  X:0231H         PUBLIC        TB_5s
  X:0232H         PUBLIC        m_KeyNew
  D:00D8H         PUBLIC        CCON
  X:0233H         PUBLIC        PROFILE_CH_FREQ_32bit_200002EC
  X:0237H         PUBLIC        m_ChatterCount
  X:0239H         PUBLIC        key_Value
  I:0070H         PUBLIC        RAM_RegSW_type
  D:0088H         PUBLIC        TCON
  X:023BH         PUBLIC        m_KeyNo
  C:3856H         PUBLIC        _Init_RAM
  X:023CH         PUBLIC        m_KindOfKey
  I:0071H         PUBLIC        RAM_OP1_type
  I:0072H         PUBLIC        RAM_OP2_type
  X:023DH         PUBLIC        TIME_BEEP_freq
  X:023EH         PUBLIC        txphase_Repeat
  X:023FH         PUBLIC        time_led
  X:0241H         PUBLIC        BASE_TIME_BEEP_off
  X:0242H         PUBLIC        TIME_BEEP_off
  X:0243H         PUBLIC        TB_51s
  X:0244H         PUBLIC        ID_INT_CODE
  X:0245H         PUBLIC        TB_sum_5s
  X:0246H         PUBLIC        RAM_BAT_AVG
  X:0248H         PUBLIC        RAM_BAT_CNT
  X:0249H         PUBLIC        m_RegDigit
  X:024AH         PUBLIC        m_KeyOptSetMode
  X:024BH         PUBLIC        Control_code
  X:024CH         PUBLIC        TIME_2s_RestTX
  D:0098H         PUBLIC        S0CON
  X:024DH         PUBLIC        TIME_power_on_AD
  X:024FH         PUBLIC        TIME_10s
  D:0098H         PUBLIC        S1CON
  X:0251H         PUBLIC        SIO_DATA
  D:00C8H         PUBLIC        T2CON
  X:0261H         PUBLIC        TB_100ms
  X:0262H         PUBLIC        BASE_TIME_BEEP_on
  X:0264H         PUBLIC        m_TimerKeyMonitor
  X:0266H         PUBLIC        TIME_BEEP_on
  X:0268H         PUBLIC        RAM_BAT_SUM
  X:026CH         PUBLIC        SIO_buff
  X:027CH         PUBLIC        m_RFNormalBuf
  X:02A4H         PUBLIC        m_RegMode
  X:02A5H         PUBLIC        m_TimerRegMode
  X:02A7H         PUBLIC        m_RegID
  D:00D0H         PUBLIC        PSW
  X:02B0H         PUBLIC        m_TimerKey
  -------         PROC          _INIT_RAM
  C:3856H         LINE#         82
  C:3856H         LINE#         83
  C:3856H         LINE#         84
  C:385CH         LINE#         86
  C:3862H         LINE#         87
  C:386FH         LINE#         93
  C:3872H         LINE#         94
  C:387EH         LINE#         95
  C:3883H         LINE#         97
  C:388FH         LINE#         98
  C:389BH         LINE#         99
BL51 BANKED LINKER/LOCATER V6.22.2.0                                                  03/23/2022  17:18:43  PAGE 29


  C:389EH         LINE#         100
  C:38A6H         LINE#         101
  C:38AEH         LINE#         102
  -------         ENDPROC       _INIT_RAM
  -------         ENDMOD        RAM

  -------         MODULE        ML7345
  C:0000H         SYMBOL        _ICE_DUMMY_
  X:02B2H         PUBLIC        First_TX_Scan
  X:02B3H         PUBLIC        APP_TX_freq
  D:0090H         PUBLIC        P1
  D:00A0H         PUBLIC        P2
  D:00C0H         PUBLIC        XICON
  D:00B0H         PUBLIC        P3
  D:00E8H         PUBLIC        P4
  D:00F8H         PUBLIC        P5
  D:00F8H         PUBLIC        P6
  D:00A8H         PUBLIC        IE
  X:02B4H         PUBLIC        Receiver_vent_Cache
  X:02B5H         PUBLIC        tx_pack_cnt
  D:00B8H         PUBLIC        IP0L
  X:02B6H         PUBLIC        Fre_429_350
  X:02BEH         PUBLIC        Fre_426_750
  X:02C6H         PUBLIC        Fre_426_075
  X:02CEH         PUBLIC        Fre_429_550
  X:02D6H         PUBLIC        Fre_429_175
  X:02DEH         PUBLIC        Freq_SetBuff
  D:00D8H         PUBLIC        CCON
  X:02E6H         PUBLIC        txbuf
  C:39F1H         PUBLIC        _Tx_Data_Test
  C:407AH         PUBLIC        dd_set_ML7345D_Power_on_Init
  X:02E9H         PUBLIC        TX_Scan_step
  D:0088H         PUBLIC        TCON
  B:00B0H.4       PUBLIC        P34
  B:00B0H.5       PUBLIC        P35
  C:4148H         PUBLIC        dd_set_ML7345D_Power_on
  B:00A0H.7       PUBLIC        P27
  X:02EAH         PUBLIC        rf_offset
  C:2FCCH         PUBLIC        ML7345_TRX_Del
  X:02EBH         PUBLIC        Radio_Date_Type
  X:02ECH         PUBLIC        SPI_RECEIVE_BUFF
  C:0EF4H         PUBLIC        _RF_ML7345_Init
  X:0314H         PUBLIC        SPI_Receive_DataForC
  D:0098H         PUBLIC        S0CON
  D:0098H         PUBLIC        S1CON
  X:0330H         PUBLIC        Radio_Date_Type_bak
  D:00C8H         PUBLIC        T2CON
  D:00D0H         PUBLIC        PSW
  -------         PROC          _RF_ML7345_INIT
  D:003CH         SYMBOL        freq
  D:003FH         SYMBOL        sync
  D:0040H         SYMBOL        rx_len
  C:0EF4H         LINE#         44
  C:0EFCH         LINE#         45
  C:0EFCH         LINE#         46
  C:0EFFH         LINE#         47
  C:0F02H         LINE#         48
BL51 BANKED LINKER/LOCATER V6.22.2.0                                                  03/23/2022  17:18:43  PAGE 30


  C:0F02H         LINE#         49
  C:0F0DH         LINE#         50
  C:0F0FH         LINE#         51
  C:0F0FH         LINE#         52
  C:0F11H         LINE#         53
  C:0F18H         LINE#         54
  C:0F1FH         LINE#         55
  C:0F26H         LINE#         56
  C:0F2DH         LINE#         57
  C:0F34H         LINE#         58
  C:0F3BH         LINE#         59
  C:0F42H         LINE#         60
  C:0F49H         LINE#         61
  C:0F50H         LINE#         62
  C:0F57H         LINE#         63
  C:0F5EH         LINE#         64
  C:0F65H         LINE#         65
  C:0F6CH         LINE#         66
  C:0F73H         LINE#         67
  C:0F7AH         LINE#         68
  C:0F81H         LINE#         69
  C:0F88H         LINE#         70
  C:0F8FH         LINE#         71
  C:0F96H         LINE#         72
  C:0F9DH         LINE#         73
  C:0FA4H         LINE#         74
  C:0FABH         LINE#         75
  C:0FB2H         LINE#         76
  C:0FB9H         LINE#         77
  C:0FC0H         LINE#         78
  C:0FC7H         LINE#         79
  C:0FCEH         LINE#         81
  C:0FD5H         LINE#         83
  C:0FDCH         LINE#         85
  C:0FE3H         LINE#         87
  C:0FEAH         LINE#         88
  C:0FF1H         LINE#         90
  C:0FF8H         LINE#         92
  C:0FFFH         LINE#         93
  C:1006H         LINE#         94
  C:100DH         LINE#         95
  C:1014H         LINE#         97
  C:101BH         LINE#         99
  C:1022H         LINE#         101
  C:1029H         LINE#         103
  C:1030H         LINE#         104
  C:1037H         LINE#         105
  C:103EH         LINE#         107
  C:1045H         LINE#         109
  C:104CH         LINE#         110
  C:1053H         LINE#         112
  C:105AH         LINE#         113
  C:1061H         LINE#         117
  C:1068H         LINE#         118
  C:106FH         LINE#         119
  C:1076H         LINE#         120
  C:107DH         LINE#         121
BL51 BANKED LINKER/LOCATER V6.22.2.0                                                  03/23/2022  17:18:43  PAGE 31


  C:1084H         LINE#         123
  C:108BH         LINE#         125
  C:1092H         LINE#         127
  C:1099H         LINE#         129
  C:10A8H         LINE#         130
  C:10BDH         LINE#         131
  C:10D2H         LINE#         132
  C:10E7H         LINE#         133
  C:10F6H         LINE#         134
  C:110BH         LINE#         135
  C:1120H         LINE#         136
  C:1135H         LINE#         138
  C:113CH         LINE#         139
  C:1143H         LINE#         141
  C:114AH         LINE#         142
  C:1151H         LINE#         143
  C:1158H         LINE#         144
  C:115FH         LINE#         145
  C:1166H         LINE#         146
  C:116DH         LINE#         148
  C:1174H         LINE#         149
  C:117BH         LINE#         152
  C:1182H         LINE#         156
  C:1197H         LINE#         157
  C:11ACH         LINE#         158
  C:11C1H         LINE#         159
  C:11D6H         LINE#         160
  C:11DDH         LINE#         161
  C:11E4H         LINE#         162
  C:11EBH         LINE#         164
  C:11F2H         LINE#         165
  C:11F9H         LINE#         166
  C:1200H         LINE#         167
  C:1207H         LINE#         168
  C:120EH         LINE#         170
  C:1211H         LINE#         172
  C:1218H         LINE#         173
  C:121FH         LINE#         176
  C:1226H         LINE#         177
  C:122DH         LINE#         179
  C:1234H         LINE#         180
  C:123BH         LINE#         181
  C:1242H         LINE#         182
  C:1249H         LINE#         183
  C:1250H         LINE#         184
  C:1257H         LINE#         185
  C:125EH         LINE#         186
  C:1265H         LINE#         188
  C:12A2H         LINE#         189
  C:12A5H         LINE#         192
  C:12ACH         LINE#         193
  C:12B3H         LINE#         194
  C:12B3H         LINE#         195
  C:12BEH         LINE#         196
  C:12C0H         LINE#         197
  C:12C0H         LINE#         198
  C:12C2H         LINE#         199
BL51 BANKED LINKER/LOCATER V6.22.2.0                                                  03/23/2022  17:18:43  PAGE 32


  C:12C5H         LINE#         200
  C:12C8H         LINE#         201
  -------         ENDPROC       _RF_ML7345_INIT
  -------         PROC          _TX_DATA_TEST
  D:0063H         SYMBOL        mode
  C:39F1H         LINE#         220
  C:39F3H         LINE#         221
  C:39F3H         LINE#         222
  C:39FAH         LINE#         223
  C:3A0FH         LINE#         224
  C:3A0FH         LINE#         226
  C:3A18H         LINE#         229
  C:3A21H         LINE#         232
  C:3A2AH         LINE#         235
  C:3A33H         LINE#         238
  C:3A33H         LINE#         239
  C:3A3AH         LINE#         240
  C:3A3AH         LINE#         241
  C:3A3AH         LINE#         242
  C:3A3FH         LINE#         243
  -------         ENDPROC       _TX_DATA_TEST
  -------         PROC          ML7345_TRX_DEL
  -------         DO            
  I:007EH         SYMBOL        reg
  -------         ENDDO         
  C:2FCCH         LINE#         246
  C:2FCCH         LINE#         247
  C:2FCCH         LINE#         248
  C:2FD0H         LINE#         250
  C:2FD9H         LINE#         251
  C:2FFBH         LINE#         252
  C:2FFBH         LINE#         253
  C:3007H         LINE#         254
  C:300CH         LINE#         255
  C:301FH         LINE#         256
  C:301FH         LINE#         257
  C:3048H         LINE#         258
  C:3048H         LINE#         259
  C:3054H         LINE#         260
  C:3067H         LINE#         261
  C:306DH         LINE#         262
  C:306EH         LINE#         263
  C:3092H         LINE#         264
  C:3092H         LINE#         265
  C:309EH         LINE#         266
  C:30AAH         LINE#         267
  C:30ACH         LINE#         268
  C:30B1H         LINE#         269
  C:30B3H         LINE#         270
  C:30B6H         LINE#         271
  C:30B8H         LINE#         272
  C:30B8H         LINE#         273
  C:30B8H         LINE#         274
  C:30B8H         LINE#         275
  -------         ENDPROC       ML7345_TRX_DEL
  -------         PROC          DD_SET_ML7345D_POWER_ON
  C:4148H         LINE#         277
BL51 BANKED LINKER/LOCATER V6.22.2.0                                                  03/23/2022  17:18:43  PAGE 33


  C:4148H         LINE#         278
  C:4148H         LINE#         279
  C:414BH         LINE#         280
  C:414BH         LINE#         281
  C:414DH         LINE#         282
  C:4152H         LINE#         284
  C:4152H         LINE#         285
  -------         ENDPROC       DD_SET_ML7345D_POWER_ON
  -------         PROC          DD_SET_ML7345D_POWER_ON_INIT
  C:407AH         LINE#         287
  C:407AH         LINE#         288
  C:407AH         LINE#         289
  C:407DH         LINE#         290
  C:407DH         LINE#         291
  C:407FH         LINE#         292
  C:4084H         LINE#         293
  C:4092H         LINE#         294
  C:4092H         LINE#         295
  -------         ENDPROC       DD_SET_ML7345D_POWER_ON_INIT
  -------         ENDMOD        ML7345

  -------         MODULE        ML7345_HAL
  C:0000H         SYMBOL        _ICE_DUMMY_
  C:327CH         PUBLIC        ML7345_DataRate_Set_4_8k
  D:0090H         PUBLIC        P1
  D:00A0H         PUBLIC        P2
  D:00C0H         PUBLIC        XICON
  D:00B0H         PUBLIC        P3
  D:00E8H         PUBLIC        P4
  D:00F8H         PUBLIC        P5
  D:00F8H         PUBLIC        P6
  D:00A8H         PUBLIC        IE
  C:3C1BH         PUBLIC        _ML7345_AutoTx_Data
  C:2869H         PUBLIC        _ML7345_Frequency_Set
  D:00B8H         PUBLIC        IP0L
  C:2EDDH         PUBLIC        _ML7345_SetAndGet_State
  C:3D40H         PUBLIC        _ML7345_StateFlag_Clear
  D:00D8H         PUBLIC        CCON
  C:3ED5H         PUBLIC        _ML7345_AutoStateTransition_Set
  C:400BH         PUBLIC        ML7345_AllStateFlag_Clear
  D:0088H         PUBLIC        TCON
  B:00B0H.4       PUBLIC        P34
  C:1BF2H         PUBLIC        _ML7345_Frequency_Calcul
  C:3B60H         PUBLIC        WaitStatus_Complete
  C:3DE1H         PUBLIC        SetReg_Rssi
  C:40A9H         PUBLIC        ML7345_GPIO0TxDoneInt_Enable
  D:0098H         PUBLIC        S0CON
  D:0098H         PUBLIC        S1CON
  D:00C8H         PUBLIC        T2CON
  C:415DH         PUBLIC        ML7345_RESETN_SET
  C:33FCH         PUBLIC        ML7345_DataRate_Set_1_2k
  D:00D0H         PUBLIC        PSW
  -------         PROC          _ML7345_AUTOSTATETRANSITION_SET
  D:0064H         SYMBOL        sta
  C:3ED5H         LINE#         10
  C:3ED7H         LINE#         11
  C:3ED7H         LINE#         12
BL51 BANKED LINKER/LOCATER V6.22.2.0                                                  03/23/2022  17:18:43  PAGE 34


  C:3EDEH         LINE#         13
  C:3EFCH         LINE#         14
  C:3F03H         LINE#         15
  -------         ENDPROC       _ML7345_AUTOSTATETRANSITION_SET
  -------         PROC          _ML7345_SETANDGET_STATE
  D:0065H         SYMBOL        sta
  -------         DO            
  X:03AFH         SYMBOL        status
  -------         ENDDO         
  C:2EDDH         LINE#         31
  C:2EDFH         LINE#         32
  C:2EDFH         LINE#         33
  C:2EE4H         LINE#         35
  C:2EEBH         LINE#         36
  C:2EFAH         LINE#         37
  C:2F07H         LINE#         38
  C:2F07H         LINE#         39
  C:2F32H         LINE#         40
  C:2F32H         LINE#         41
  C:2F39H         LINE#         42
  C:2F41H         LINE#         43
  C:2F56H         LINE#         44
  C:2F56H         LINE#         45
  C:2F6DH         LINE#         46
  C:2F70H         LINE#         47
  C:2F9CH         LINE#         48
  C:2FAAH         LINE#         49
  C:2FADH         LINE#         50
  C:2FB4H         LINE#         51
  C:2FB7H         LINE#         52
  C:2FB7H         LINE#         53
  C:2FC6H         LINE#         54
  C:2FC6H         LINE#         55
  C:2FC6H         LINE#         56
  C:2FCBH         LINE#         57
  -------         ENDPROC       _ML7345_SETANDGET_STATE
  -------         PROC          WAITSTATUS_COMPLETE
  -------         DO            
  X:03B0H         SYMBOL        count
  -------         ENDDO         
  C:3B60H         LINE#         60
  C:3B60H         LINE#         61
  C:3B60H         LINE#         62
  C:3B68H         LINE#         63
  C:3B6FH         LINE#         64
  C:3B6FH         LINE#         65
  C:3B6FH         LINE#         66
  C:3B78H         LINE#         67
  C:3B78H         LINE#         68
  C:3B7FH         LINE#         69
  C:3B82H         LINE#         70
  C:3B82H         LINE#         71
  C:3B9BH         LINE#         72
  C:3B9EH         LINE#         73
  C:3BA0H         LINE#         74
[...]
  C:0CB7H         LINE#         920
  C:0CB7H         LINE#         921
  C:0CC1H         LINE#         922
  C:0CC7H         LINE#         923
  C:0CD3H         LINE#         924
  C:0CD4H         LINE#         926
  C:0CD4H         LINE#         927
  C:0CD8H         LINE#         929
  C:0CD8H         LINE#         930
  C:0CD9H         LINE#         932
  C:0CD9H         LINE#         933
  C:0CE6H         LINE#         934
  C:0CE6H         LINE#         935
  C:0CF0H         LINE#         936
  C:0CF6H         LINE#         937
  C:0CF7H         LINE#         939
  C:0CF7H         LINE#         940
  C:0CFBH         LINE#         942
  C:0CFBH         LINE#         943
  C:0CFBH         LINE#         944
  C:0CFCH         LINE#         946
  C:0CFCH         LINE#         947
  C:0D0BH         LINE#         948
  C:0D0BH         LINE#         949
  C:0D11H         LINE#         950
  C:0D1BH         LINE#         952
  C:0D26H         LINE#         953
  C:0D32H         LINE#         954
  C:0D32H         LINE#         960
  C:0D33H         LINE#         962
  C:0D33H         LINE#         963
  C:0D3FH         LINE#         964
  C:0D3FH         LINE#         965
  C:0D43H         LINE#         967
  C:0D43H         LINE#         969
  C:0D5EH         LINE#         970
  C:0D5FH         LINE#         972
  C:0D5FH         LINE#         974
  C:0D67H         LINE#         975
  C:0D67H         LINE#         976
  C:0D74H         LINE#         977
  C:0D74H         LINE#         978
  C:0D7EH         LINE#         979
  C:0D84H         LINE#         980
  C:0D90H         LINE#         981
  C:0D91H         LINE#         983
BL51 BANKED LINKER/LOCATER V6.22.2.0                                                  03/23/2022  17:18:43  PAGE 53


  C:0D91H         LINE#         984
  C:0D95H         LINE#         986
  C:0D95H         LINE#         987
  C:0D96H         LINE#         989
  C:0D96H         LINE#         990
  C:0DA3H         LINE#         991
  C:0DA3H         LINE#         992
  C:0DADH         LINE#         993
  C:0DB3H         LINE#         994
  C:0DB4H         LINE#         996
  C:0DB4H         LINE#         997
  C:0DB8H         LINE#         999
  C:0DB8H         LINE#         1000
  C:0DB8H         LINE#         1001
  C:0DB9H         LINE#         1003
  C:0DB9H         LINE#         1004
  C:0DB9H         LINE#         1005
  C:0DC5H         LINE#         1006
  C:0DC5H         LINE#         1007
  C:0DC9H         LINE#         1009
  C:0DC9H         LINE#         1011
  C:0DE4H         LINE#         1012
  C:0DE5H         LINE#         1014
  C:0DE5H         LINE#         1016
  C:0DF0H         LINE#         1017
  C:0DF0H         LINE#         1018
  C:0DFDH         LINE#         1019
  C:0DFDH         LINE#         1020
  C:0E0AH         LINE#         1021
  C:0E0AH         LINE#         1022
  C:0E11H         LINE#         1023
  C:0E15H         LINE#         1024
  C:0E15H         LINE#         1025
  C:0E18H         LINE#         1026
  C:0E1AH         LINE#         1028
  C:0E1AH         LINE#         1029
  C:0E1DH         LINE#         1030
  C:0E1DH         LINE#         1031
  C:0E23H         LINE#         1032
  C:0E36H         LINE#         1037
  C:0E41H         LINE#         1038
  C:0E4DH         LINE#         1039
  C:0E59H         LINE#         1040
  C:0E5FH         LINE#         1041
  C:0E63H         LINE#         1043
  C:0E63H         LINE#         1044
  C:0E69H         LINE#         1045
  C:0E6AH         LINE#         1047
  C:0E6AH         LINE#         1048
  C:0E6EH         LINE#         1050
  C:0E6EH         LINE#         1051
  C:0E6FH         LINE#         1053
  C:0E6FH         LINE#         1054
  C:0E7CH         LINE#         1055
  C:0E7CH         LINE#         1056
  C:0E89H         LINE#         1057
  C:0E89H         LINE#         1058
BL51 BANKED LINKER/LOCATER V6.22.2.0                                                  03/23/2022  17:18:43  PAGE 54


  C:0E90H         LINE#         1059
  C:0E94H         LINE#         1060
  C:0E94H         LINE#         1061
  C:0E97H         LINE#         1062
  C:0E99H         LINE#         1064
  C:0E99H         LINE#         1065
  C:0E9CH         LINE#         1066
  C:0E9CH         LINE#         1067
  C:0EA2H         LINE#         1068
  C:0EB5H         LINE#         1072
  C:0EC0H         LINE#         1073
  C:0ECCH         LINE#         1074
  C:0ED8H         LINE#         1075
  C:0EDCH         LINE#         1078
  C:0EDCH         LINE#         1079
  C:0EE2H         LINE#         1080
  C:0EE3H         LINE#         1082
  C:0EE3H         LINE#         1083
  C:0EE7H         LINE#         1085
  C:0EE7H         LINE#         1086
  C:0EE7H         LINE#         1087
  C:0EE8H         LINE#         1089
  C:0EE8H         LINE#         1090
  C:0EF0H         LINE#         1091
  C:0EF0H         LINE#         1093
  C:0EF3H         LINE#         1095
  C:0EF3H         LINE#         1096
  C:0EF3H         LINE#         1098
  C:0EF3H         LINE#         1099
  -------         ENDPROC       _DUPLIFUNCSETMODE
  -------         PROC          _REGISTRATIONMODE
  C:29E1H         LINE#         1109
  C:29E1H         LINE#         1110
  C:29E1H         LINE#         1111
  C:29EAH         LINE#         1112
  C:29EAH         LINE#         1114
  C:29EAH         LINE#         1116
  C:29FEH         LINE#         1117
  C:2A0AH         LINE#         1118
  C:2A0CH         LINE#         1119
  C:2A0CH         LINE#         1120
  C:2A18H         LINE#         1121
  C:2A1EH         LINE#         1122
  C:2A2CH         LINE#         1123
  C:2A47H         LINE#         1124
  C:2A49H         LINE#         1125
  C:2A49H         LINE#         1127
  C:2A54H         LINE#         1128
  C:2A56H         LINE#         1129
  C:2A5BH         LINE#         1130
  C:2A5BH         LINE#         1141
  C:2A74H         LINE#         1142
  C:2A74H         LINE#         1143
  C:2A74H         LINE#         1144
  C:2A8DH         LINE#         1145
  C:2A8DH         LINE#         1146
  C:2A9FH         LINE#         1147
BL51 BANKED LINKER/LOCATER V6.22.2.0                                                  03/23/2022  17:18:43  PAGE 55


  C:2A9FH         LINE#         1149
  C:2AAAH         LINE#         1150
  C:2AB4H         LINE#         1151
  C:2AB5H         LINE#         1153
  C:2AB5H         LINE#         1154
  C:2AC9H         LINE#         1155
  C:2AC9H         LINE#         1156
  C:2ACFH         LINE#         1157
  C:2AD1H         LINE#         1160
  C:2AD1H         LINE#         1162
  C:2ADCH         LINE#         1163
  C:2ADCH         LINE#         1168
  C:2AE6H         LINE#         1169
  C:2AE7H         LINE#         1171
  C:2AE7H         LINE#         1172
  C:2AEAH         LINE#         1174
  C:2AF5H         LINE#         1175
  C:2AFFH         LINE#         1176
  C:2B00H         LINE#         1178
  C:2B00H         LINE#         1180
  C:2B12H         LINE#         1181
  C:2B12H         LINE#         1183
  C:2B12H         LINE#         1188
  C:2B21H         LINE#         1191
  C:2B3DH         LINE#         1193
  C:2B3DH         LINE#         1195
  C:2B48H         LINE#         1196
  C:2B4AH         LINE#         1198
  C:2B4AH         LINE#         1199
  C:2B51H         LINE#         1201
  C:2B51H         LINE#         1202
  C:2B56H         LINE#         1203
  C:2B56H         LINE#         1204
  C:2B56H         LINE#         1205
  -------         ENDPROC       _REGISTRATIONMODE
  -------         PROC          _ATOL
  D:0021H         SYMBOL        m_RegID_x
  -------         DO            
  D:0024H         SYMBOL        i
  D:0025H         SYMBOL        j
  D:0026H         SYMBOL        m_ID
  -------         ENDDO         
  C:35C7H         LINE#         1210
  C:35CDH         LINE#         1211
  C:35CDH         LINE#         1213
  C:35D9H         LINE#         1215
  C:35EBH         LINE#         1216
  C:3601H         LINE#         1217
  C:3632H         LINE#         1218
  C:3636H         LINE#         1219
  C:363EH         LINE#         1220
  -------         ENDPROC       _ATOL
  -------         PROC          __SETREGISTRATIONMODE
  D:0069H         SYMBOL        mode
  C:3F5CH         LINE#         1232
  C:3F5EH         LINE#         1233
  C:3F5EH         LINE#         1234
BL51 BANKED LINKER/LOCATER V6.22.2.0                                                  03/23/2022  17:18:43  PAGE 56


  C:3F64H         LINE#         1235
  C:3F64H         LINE#         1237
  C:3F64H         LINE#         1239
  C:3F6AH         LINE#         1246
  C:3F6DH         LINE#         1253
  C:3F78H         LINE#         1254
  C:3F82H         LINE#         1255
  -------         ENDPROC       __SETREGISTRATIONMODE
  -------         PROC          _GETREGMODE
  C:416DH         LINE#         1256
  C:416DH         LINE#         1257
  C:416DH         LINE#         1258
  C:4172H         LINE#         1259
  -------         ENDPROC       _GETREGMODE
  -------         PROC          _IDCLEAR
  -------         DO            
  D:006AH         SYMBOL        i
  -------         ENDDO         
  C:3EA5H         LINE#         1266
  C:3EA5H         LINE#         1267
  C:3EA5H         LINE#         1270
  C:3EAAH         LINE#         1272
  C:3EBCH         LINE#         1273
  C:3EBCH         LINE#         1274
  C:3ECBH         LINE#         1275
  C:3ECFH         LINE#         1276
  C:3ED4H         LINE#         1278
  -------         ENDPROC       _IDCLEAR
  -------         PROC          __SWIN
  D:006BH         SYMBOL        sw
  C:3FA9H         LINE#         1290
  C:3FABH         LINE#         1291
  C:3FABH         LINE#         1292
  C:3FB9H         LINE#         1293
  C:3FBDH         LINE#         1294
  C:3FBDH         LINE#         1295
  C:3FCBH         LINE#         1296
  C:3FCBH         LINE#         1297
  -------         ENDPROC       __SWIN
  -------         PROC          __REQBUZZER
  D:004DH         SYMBOL        BEEP_on_SET
  D:004FH         SYMBOL        BEEP_off_SET
  D:0050H         SYMBOL        BEEP_freq_SET
  C:3A40H         LINE#         1299
  C:3A48H         LINE#         1300
  C:3A48H         LINE#         1301
  C:3A5DH         LINE#         1302
  C:3A5DH         LINE#         1303
  C:3A67H         LINE#         1304
  C:3A6DH         LINE#         1305
  C:3A7DH         LINE#         1306
  C:3A87H         LINE#         1307
  C:3A8DH         LINE#         1308
  C:3A8DH         LINE#         1309
  -------         ENDPROC       __REQBUZZER
  -------         PROC          TEST_MODE_CONTROL
  C:26EFH         LINE#         1311
BL51 BANKED LINKER/LOCATER V6.22.2.0                                                  03/23/2022  17:18:43  PAGE 57


  C:26EFH         LINE#         1312
  C:26EFH         LINE#         1314
  C:26F5H         LINE#         1315
  C:26F5H         LINE#         1316
  C:2703H         LINE#         1317
  C:2703H         LINE#         1318
  C:270FH         LINE#         1319
  C:2711H         LINE#         1320
  C:2713H         LINE#         1321
  C:2716H         LINE#         1322
  C:2718H         LINE#         1323
  C:2718H         LINE#         1324
  C:271BH         LINE#         1325
  C:2730H         LINE#         1326
  C:2730H         LINE#         1327
  C:273CH         LINE#         1328
  C:273FH         LINE#         1329
  C:2749H         LINE#         1330
  C:2757H         LINE#         1331
  C:2763H         LINE#         1332
  C:2768H         LINE#         1333
  C:2768H         LINE#         1334
  C:2777H         LINE#         1336
  C:278EH         LINE#         1337
  C:278EH         LINE#         1338
  C:279AH         LINE#         1339
  C:279CH         LINE#         1340
  C:279FH         LINE#         1341
  C:27A1H         LINE#         1342
  C:27ADH         LINE#         1343
  C:27ADH         LINE#         1344
  C:27BCH         LINE#         1346
  C:27D4H         LINE#         1347
  C:27D4H         LINE#         1348
  C:27E0H         LINE#         1349
  C:27E3H         LINE#         1350
  C:27EDH         LINE#         1351
  C:27FBH         LINE#         1352
  C:2800H         LINE#         1353
  C:280CH         LINE#         1354
  C:280CH         LINE#         1355
  C:281BH         LINE#         1357
  C:281EH         LINE#         1358
  C:2821H         LINE#         1359
  C:2831H         LINE#         1360
  C:2831H         LINE#         1361
  C:283DH         LINE#         1362
  C:2840H         LINE#         1363
  C:2840H         LINE#         1364
  C:2842H         LINE#         1365
  C:2844H         LINE#         1366
  C:2850H         LINE#         1367
  C:285CH         LINE#         1368
  C:2868H         LINE#         1369
  -------         ENDPROC       TEST_MODE_CONTROL
  -------         ENDMOD        KEY_AND_OTHER

BL51 BANKED LINKER/LOCATER V6.22.2.0                                                  03/23/2022  17:18:43  PAGE 58


  -------         MODULE        EXIT_FUN
  C:0000H         SYMBOL        _ICE_DUMMY_
  D:0090H         PUBLIC        P1
  D:00A0H         PUBLIC        P2
  D:00C0H         PUBLIC        XICON
  D:00B0H         PUBLIC        P3
  D:00E8H         PUBLIC        P4
  D:00F8H         PUBLIC        P5
  C:3798H         PUBLIC        _SetFixedLengthCode
  D:00F8H         PUBLIC        P6
  D:00A8H         PUBLIC        IE
  D:00B8H         PUBLIC        IP0L
  D:00D8H         PUBLIC        CCON
  D:0088H         PUBLIC        TCON
  B:00A0H.7       PUBLIC        P27
  C:2CC1H         PUBLIC        SendTxData
  D:0098H         PUBLIC        S0CON
  D:0098H         PUBLIC        S1CON
  D:00C8H         PUBLIC        T2CON
  C:2B57H         PUBLIC        _SetTxData
  D:00D0H         PUBLIC        PSW
  -------         PROC          SENDTXDATA
  C:2CC1H         LINE#         38
  C:2CC1H         LINE#         39
  C:2CC1H         LINE#         40
  C:2CC3H         LINE#         41
  C:2CCEH         LINE#         42
  C:2CCEH         LINE#         43
  C:2CFFH         LINE#         44
  C:2D08H         LINE#         45
  C:2D0BH         LINE#         47
  C:2D0BH         LINE#         48
  C:2D38H         LINE#         49
  C:2D74H         LINE#         50
  C:2DA1H         LINE#         51
  C:2DAAH         LINE#         52
  C:2DAAH         LINE#         53
  C:2DB6H         LINE#         54
  C:2DC9H         LINE#         55
  C:2DD3H         LINE#         56
  C:2DD9H         LINE#         57
  -------         ENDPROC       SENDTXDATA
  -------         PROC          _SETTXDATA
  D:0031H         SYMBOL        count_set
  D:0032H         SYMBOL        ID_data_set
  D:0036H         SYMBOL        Control_code_set
  -------         DO            
  I:0073H         SYMBOL        unii
  I:0075H         SYMBOL        unij
  I:0077H         SYMBOL        unik
  -------         ENDDO         
  C:2B57H         LINE#         59
  C:2B59H         LINE#         60
  C:2B59H         LINE#         63
  C:2B65H         LINE#         64
  C:2B79H         LINE#         65
  C:2B8DH         LINE#         66
BL51 BANKED LINKER/LOCATER V6.22.2.0                                                  03/23/2022  17:18:43  PAGE 59


  C:2B99H         LINE#         67
  C:2BADH         LINE#         68
  C:2BC1H         LINE#         69
  C:2BCDH         LINE#         70
  C:2BE1H         LINE#         71
  C:2BF5H         LINE#         73
  C:2C01H         LINE#         74
  C:2C15H         LINE#         75
  C:2C29H         LINE#         77
  C:2C2DH         LINE#         78
  C:2C31H         LINE#         79
  C:2C35H         LINE#         80
  C:2C39H         LINE#         81
  C:2C54H         LINE#         82
  C:2C62H         LINE#         83
  C:2C76H         LINE#         84
  C:2C8AH         LINE#         85
  C:2C98H         LINE#         86
  C:2CACH         LINE#         87
  C:2CC0H         LINE#         88
  -------         ENDPROC       _SETTXDATA
  -------         PROC          _SETFIXEDLENGTHCODE
  D:006CH         SYMBOL        Data
  -------         DO            
  I:0079H         SYMBOL        Code
  I:007BH         SYMBOL        i
  -------         ENDDO         
  C:3798H         LINE#         90
  C:379AH         LINE#         91
  C:379AH         LINE#         95
  C:37AFH         LINE#         96
  C:37AFH         LINE#         97
  C:37C8H         LINE#         98
  C:37CDH         LINE#         99
  C:37CDH         LINE#         100
  C:37D9H         LINE#         101
  C:37DBH         LINE#         103
  C:37DBH         LINE#         104
  C:37E7H         LINE#         106
  C:37E7H         LINE#         107
  C:37EDH         LINE#         108
  C:37F2H         LINE#         109
  C:37F9H         LINE#         110
  -------         ENDPROC       _SETFIXEDLENGTHCODE
  -------         ENDMOD        EXIT_FUN

  -------         MODULE        ?C?FPADD
  C:0055H         PUBLIC        ?C?FPADD
  C:0051H         PUBLIC        ?C?FPSUB
  -------         ENDMOD        ?C?FPADD

  -------         MODULE        ?C?FPMUL
  C:0146H         PUBLIC        ?C?FPMUL
  -------         ENDMOD        ?C?FPMUL

  -------         MODULE        ?C?FPDIV
  C:024FH         PUBLIC        ?C?FPDIV
BL51 BANKED LINKER/LOCATER V6.22.2.0                                                  03/23/2022  17:18:43  PAGE 60


  -------         ENDMOD        ?C?FPDIV

  -------         MODULE        ?C?FCAST
  C:02F6H         PUBLIC        ?C?FCASTC
  C:02F1H         PUBLIC        ?C?FCASTI
  C:02ECH         PUBLIC        ?C?FCASTL
  -------         ENDMOD        ?C?FCAST

  -------         MODULE        ?C?CASTF
  C:032AH         PUBLIC        ?C?CASTF
  -------         ENDMOD        ?C?CASTF

  -------         MODULE        ?C?COPY
  C:047BH         PUBLIC        ?C?COPY
  -------         ENDMOD        ?C?COPY

  -------         MODULE        ?C?CLDPTR
  C:04A1H         PUBLIC        ?C?CLDPTR
  -------         ENDMOD        ?C?CLDPTR

  -------         MODULE        ?C?CLDOPTR
  C:04BAH         PUBLIC        ?C?CLDOPTR
  -------         ENDMOD        ?C?CLDOPTR

  -------         MODULE        ?C?CSTPTR
  C:04E7H         PUBLIC        ?C?CSTPTR
  -------         ENDMOD        ?C?CSTPTR

  -------         MODULE        ?C?CSTOPTR
  C:04F9H         PUBLIC        ?C?CSTOPTR
  -------         ENDMOD        ?C?CSTOPTR

  -------         MODULE        ?C?IILDX
  C:051BH         PUBLIC        ?C?IILDX
  -------         ENDMOD        ?C?IILDX

  -------         MODULE        ?C?ILDIX
  C:0531H         PUBLIC        ?C?ILDIX
  -------         ENDMOD        ?C?ILDIX

  -------         MODULE        ?C?LMUL
  C:0547H         PUBLIC        ?C?LMUL
  -------         ENDMOD        ?C?LMUL

  -------         MODULE        ?C?ULDIV
  C:05D2H         PUBLIC        ?C?ULDIV
  -------         ENDMOD        ?C?ULDIV

  -------         MODULE        ?C?SLDIV
  C:3B1CH         PUBLIC        ?C?SLDIV
  -------         ENDMOD        ?C?SLDIV

  -------         MODULE        ?C?LNEG
  C:0664H         PUBLIC        ?C?LNEG
  -------         ENDMOD        ?C?LNEG

  -------         MODULE        ?C?ULCMP
BL51 BANKED LINKER/LOCATER V6.22.2.0                                                  03/23/2022  17:18:43  PAGE 61


  C:0672H         PUBLIC        ?C?ULCMP
  -------         ENDMOD        ?C?ULCMP

  -------         MODULE        ?C?ULSHR
  C:0683H         PUBLIC        ?C?ULSHR
  -------         ENDMOD        ?C?ULSHR

  -------         MODULE        ?C?LSTXDATA
  C:0696H         PUBLIC        ?C?LSTXDATA
  -------         ENDMOD        ?C?LSTXDATA

  -------         MODULE        ?C?LSTKXDATA
  C:06A2H         PUBLIC        ?C?LSTKXDATA
  -------         ENDMOD        ?C?LSTKXDATA

  -------         MODULE        ?C?CCASE
  C:06D3H         PUBLIC        ?C?CCASE
  -------         ENDMOD        ?C?CCASE

Program Size: data=128.3 xdata=961 code=16771
LINK/LOCATE RUN COMPLETE.  0 WARNING(S),  0 ERROR(S)
