BL51 BANKED LINKER/LOCATER V6.22.2.0                                                    03/28/2022  17:48:09  PAGE 1


BL51 BANKED LINKER/LOCATER V6.22.2.0, INVOKED BY:
C:\KEIL_V5\C51\BIN\BL51.EXE .\Objects\main.obj, .\Objects\sys.obj, .\Objects\gpio.obj, .\Objects\timer.obj, .\Objects\ua
>> rt.obj, .\Objects\IAP_flash.obj, .\Objects\spi.obj, .\Objects\ram.obj, .\Objects\ML7345.obj, .\Objects\ML7345_HAL.obj
>> , .\Objects\adc.obj, .\Objects\key_and_Other.obj, .\Objects\EXIT_FUN.obj TO .\Objects\STX0031_MA82G5B32_Pro PRINT (.\
>> Listings\STX0031_MA82G5B32_Pro.m51) RAMSIZE (256) CODE (0X0000-0X7FFF) XDATA (0X0000-0X06FF)


MEMORY MODEL: SMALL WITH FLOATING POINT ARITHMETIC


INPUT MODULES INCLUDED:
  .\Objects\main.obj (MAIN)
  .\Objects\sys.obj (SYS)
  .\Objects\gpio.obj (GPIO)
  .\Objects\timer.obj (TIMER)
  .\Objects\uart.obj (UART)
  .\Objects\IAP_flash.obj (IAP_FLASH)
  .\Objects\spi.obj (SPI)
  .\Objects\ram.obj (RAM)
  .\Objects\ML7345.obj (ML7345)
  .\Objects\ML7345_HAL.obj (ML7345_HAL)
  .\Objects\adc.obj (ADC)
  .\Objects\key_and_Other.obj (KEY_AND_OTHER)
  .\Objects\EXIT_FUN.obj (EXIT_FUN)
  C:\KEIL_V5\C51\LIB\C51FPS.LIB (?C?FPADD)
  C:\KEIL_V5\C51\LIB\C51FPS.LIB (?C?FPMUL)
  C:\KEIL_V5\C51\LIB\C51FPS.LIB (?C?FPDIV)
  C:\KEIL_V5\C51\LIB\C51FPS.LIB (?C?FCAST)
  C:\KEIL_V5\C51\LIB\C51FPS.LIB (?C?CASTF)
  C:\KEIL_V5\C51\LIB\C51FPS.LIB (?C?FPGETOPN)
  C:\KEIL_V5\C51\LIB\C51S.LIB (?C_STARTUP)
  C:\KEIL_V5\C51\LIB\C51S.LIB (?C?COPY)
  C:\KEIL_V5\C51\LIB\C51S.LIB (?C?CLDPTR)
  C:\KEIL_V5\C51\LIB\C51S.LIB (?C?CLDOPTR)
  C:\KEIL_V5\C51\LIB\C51S.LIB (?C?CSTPTR)
  C:\KEIL_V5\C51\LIB\C51S.LIB (?C?CSTOPTR)
  C:\KEIL_V5\C51\LIB\C51S.LIB (?C?IILDX)
  C:\KEIL_V5\C51\LIB\C51S.LIB (?C?ILDIX)
  C:\KEIL_V5\C51\LIB\C51S.LIB (?C?LMUL)
  C:\KEIL_V5\C51\LIB\C51S.LIB (?C?ULDIV)
  C:\KEIL_V5\C51\LIB\C51S.LIB (?C?SLDIV)
  C:\KEIL_V5\C51\LIB\C51S.LIB (?C?LNEG)
  C:\KEIL_V5\C51\LIB\C51S.LIB (?C?ULCMP)
  C:\KEIL_V5\C51\LIB\C51S.LIB (?C?ULSHR)
  C:\KEIL_V5\C51\LIB\C51S.LIB (?C?LSTXDATA)
  C:\KEIL_V5\C51\LIB\C51S.LIB (?C?LSTKXDATA)
  C:\KEIL_V5\C51\LIB\C51S.LIB (?C?CCASE)
  C:\KEIL_V5\C51\LIB\C51S.LIB (?C_INIT)


LINK MAP OF MODULE:  .\Objects\STX0031_MA82G5B32_Pro (MAIN)


            TYPE    BASE      LENGTH    RELOCATION   SEGMENT NAME
            -----------------------------------------------------

            * * * * * * *   D A T A   M E M O R Y   * * * * * * *
            REG     0000H     0008H     ABSOLUTE     "REG BANK 0"
BL51 BANKED LINKER/LOCATER V6.22.2.0                                                  03/28/2022  17:48:09  PAGE 2


            DATA    0008H     0011H     UNIT         ?DT?KEY_AND_OTHER
            DATA    0019H     0007H     UNIT         ?DT?_IAP_WRITEBUF_WITH_PROTECT_VERIFY?IAP_FLASH
            BIT     0020H.0   0000H.1   UNIT         ?BI?_UART0SENDBYTE?UART
            BIT     0020H.1   0000H.1   UNIT         ?BI?_IAP_WRITEPPAGE?IAP_FLASH
            BIT     0020H.2   0000H.1   UNIT         ?BI?_IAP_WRITEBUF_WITH_PROTECT_VERIFY?IAP_FLASH
                    0020H.3   0000H.5                *** GAP ***
            DATA    0021H     0009H     UNIT         ?DT?_ATOL?KEY_AND_OTHER
            DATA    002AH     0007H     UNIT         ?DT?_ML7345_FREQUENCY_CALCUL?ML7345_HAL
            DATA    0031H     0006H     UNIT         ?DT?_SETTXDATA?EXIT_FUN
            DATA    0037H     0005H     UNIT         ?DT?_ML7345_WRITE_FIFO?SPI
            DATA    003CH     0005H     UNIT         ?DT?_RF_ML7345_INIT?ML7345
            DATA    0041H     0004H     UNIT         ?DT?_SEND_DATA?UART
            DATA    0045H     0004H     UNIT         ?DT?_ML7345_FREQUENCY_SET?ML7345_HAL
            DATA    0049H     0004H     UNIT         ?DT?_ML7345_AUTOTX_DATA?ML7345_HAL
            DATA    004DH     0004H     UNIT         ?DT?__REQBUZZER?KEY_AND_OTHER
            DATA    0051H     0003H     UNIT         ?DT?_ASC_HEX_2?UART
            DATA    0054H     0003H     UNIT         ?DT?__REQTXDEDIT?KEY_AND_OTHER
            DATA    0057H     0002H     UNIT         ?DT?_IAP_WRITEPPAGE?IAP_FLASH
            DATA    0059H     0002H     UNIT         ?DT?_ML7345_WRITE_REG?SPI
            DATA    005BH     0001H     UNIT         ?DT?_DELAYXUS?TIMER
            DATA    005CH     0001H     UNIT         ?DT?_DELAY_MS?TIMER
            DATA    005DH     0001H     UNIT         ?DT?_UART0SENDBYTE?UART
            DATA    005EH     0001H     UNIT         ?DT?_ASC_HEX?UART
            DATA    005FH     0001H     UNIT         ?DT?_HEX_ASC?UART
            DATA    0060H     0001H     UNIT         ?DT?_SPI_DELAY?SPI
            DATA    0061H     0001H     UNIT         ?DT?_SPI1_SENDRECV_DATA?SPI
            DATA    0062H     0001H     UNIT         ?DT?_ML7345_READ_REG?SPI
            DATA    0063H     0001H     UNIT         ?DT?_TX_DATA_TEST?ML7345
            DATA    0064H     0001H     UNIT         ?DT?_ML7345_AUTOSTATETRANSITION_SET?ML7345_HAL
            DATA    0065H     0001H     UNIT         ?DT?_ML7345_SETANDGET_STATE?ML7345_HAL
            DATA    0066H     0001H     UNIT         ?DT?_ML7345_STATEFLAG_CLEAR?ML7345_HAL
            DATA    0067H     0001H     UNIT         ?DT?__PASS3SECKEY?KEY_AND_OTHER
            DATA    0068H     0001H     UNIT         ?DT?_DUPLIFUNCSETMODE?KEY_AND_OTHER
            DATA    0069H     0001H     UNIT         ?DT?__SETREGISTRATIONMODE?KEY_AND_OTHER
            DATA    006AH     0001H     UNIT         ?DT?_IDCLEAR?KEY_AND_OTHER
            DATA    006BH     0001H     UNIT         ?DT?__SWIN?KEY_AND_OTHER
            DATA    006CH     0001H     UNIT         ?DT?_SETFIXEDLENGTHCODE?EXIT_FUN
            IDATA   006DH     0006H     UNIT         ?ID?RAM
            IDATA   0073H     0006H     UNIT         ?ID?_SETTXDATA?EXIT_FUN
            IDATA   0079H     0003H     UNIT         ?ID?_SETFIXEDLENGTHCODE?EXIT_FUN
            IDATA   007CH     0001H     UNIT         ?ID?INT_UART0?UART
            IDATA   007DH     0001H     UNIT         ?ID?EEPROM_SYS_LOAD?IAP_FLASH
            IDATA   007EH     0001H     UNIT         ?ID?ML7345_TRX_DEL?ML7345
            IDATA   007FH     0001H     UNIT         ?ID?_KEYINTX?KEY_AND_OTHER
            IDATA   0080H     0001H     UNIT         ?STACK

            * * * * * * *  X D A T A   M E M O R Y  * * * * * * *
            XDATA   0000H     0209H     UNIT         ?XD?IAP_FLASH
            XDATA   0209H     00AAH     UNIT         ?XD?RAM
            XDATA   02B3H     007FH     UNIT         ?XD?ML7345
            XDATA   0332H     007EH     UNIT         ?XD?UART
            XDATA   03B0H     000CH     UNIT         ?XD?ML7345_HAL
            XDATA   03BCH     0002H     UNIT         ?XD?TIMER
            XDATA   03BEH     0002H     UNIT         ?XD?SPI
            XDATA   03C0H     0002H     UNIT         ?XD?ADC

            * * * * * * *   C O D E   M E M O R Y   * * * * * * *
BL51 BANKED LINKER/LOCATER V6.22.2.0                                                  03/28/2022  17:48:09  PAGE 3


            CODE    0000H     0003H     ABSOLUTE     
            CODE    0003H     0003H     ABSOLUTE     
            CODE    0006H     0005H     UNIT         ?PR?BEEP_OFF?TIMER
            CODE    000BH     0003H     ABSOLUTE     
            CODE    000EH     0005H     UNIT         ?PR?UART1_END?UART
            CODE    0013H     0003H     ABSOLUTE     
            CODE    0016H     000CH     UNIT         ?PR?INIT_INT1?GPIO
            CODE    0022H     0001H     UNIT         ?PR?_FUNCAUTOTXSTART?KEY_AND_OTHER
            CODE    0023H     0003H     ABSOLUTE     
            CODE    0026H     0025H     UNIT         ?PR?_GETNOPUSHSTATE?KEY_AND_OTHER
            CODE    004BH     0003H     ABSOLUTE     
            CODE    004EH     06ABH     UNIT         ?C?LIB_CODE
            CODE    06F9H     0503H     UNIT         ?PR?PC_PRG?UART
            CODE    0BFCH     03DEH     UNIT         ?PR?_DUPLIFUNCSETMODE?KEY_AND_OTHER
            CODE    0FDAH     03D5H     UNIT         ?PR?_RF_ML7345_INIT?ML7345
            CODE    13AFH     0396H     UNIT         ?PR?EEPROM_SYS_LOAD?IAP_FLASH
            CODE    1745H     02EEH     UNIT         ?PR?_KEYINTX?KEY_AND_OTHER
            CODE    1A33H     02A6H     UNIT         ?C_INITSEG
            CODE    1CD9H     0282H     UNIT         ?PR?_ML7345_FREQUENCY_CALCUL?ML7345_HAL
            CODE    1F5BH     026BH     UNIT         ?PR?_FUNCSTOP?KEY_AND_OTHER
            CODE    21C6H     022CH     UNIT         ?PR?_IAP_WRITEBUF_WITH_PROTECT_VERIFY?IAP_FLASH
            CODE    23F2H     0220H     UNIT         ?PR?KEY_CHECK?KEY_AND_OTHER
            CODE    2612H     01B0H     UNIT         ?PR?__REQTXDEDIT?KEY_AND_OTHER
            CODE    27C2H     018EH     UNIT         ?PR?TEST_MODE_CONTROL?KEY_AND_OTHER
            CODE    2950H     0178H     UNIT         ?PR?_ML7345_FREQUENCY_SET?ML7345_HAL
            CODE    2AC8H     0176H     UNIT         ?PR?_REGISTRATIONMODE?KEY_AND_OTHER
            CODE    2C3EH     016AH     UNIT         ?PR?_SETTXDATA?EXIT_FUN
            CODE    2DA8H     012FH     UNIT         ?PR?SENDTXDATA?EXIT_FUN
            CODE    2ED7H     0103H     UNIT         ?PR?MAIN?MAIN
            CODE    2FDAH     0102H     UNIT         ?PR?ML7345_TRX_DEL?ML7345
            CODE    30DCH     00EFH     UNIT         ?PR?_ML7345_SETANDGET_STATE?ML7345_HAL
            CODE    31CBH     00E7H     UNIT         ?PR?INT_ADC?ADC
            CODE    32B2H     00DCH     UNIT         ?PR?_FUNCREG?KEY_AND_OTHER
            CODE    338EH     00C5H     UNIT         ?PR?ML7345_DATARATE_SET_4_8K?ML7345_HAL
            CODE    3453H     00BBH     UNIT         ?PR?INT_UART0?UART
            CODE    350EH     00B7H     UNIT         ?PR?ML7345_DATARATE_SET_1_2K?ML7345_HAL
            CODE    35C5H     00ACH     UNIT         ?PR?INT_T0?TIMER
            CODE    3671H     009DH     UNIT         ?PR?TIME_CONTROL?KEY_AND_OTHER
            CODE    370EH     008CH     UNIT         ?C_C51STARTUP
            CODE    379AH     0078H     UNIT         ?PR?_ATOL?KEY_AND_OTHER
            CODE    3812H     0077H     UNIT         ?PR?_ML7345_WRITE_FIFO?SPI
            CODE    3889H     0074H     UNIT         ?PR?AD_CONTROL?ADC
            CODE    38FDH     0062H     UNIT         ?PR?_SETFIXEDLENGTHCODE?EXIT_FUN
            CODE    395FH     005CH     UNIT         ?PR?_FUNCOPENREG?KEY_AND_OTHER
            CODE    39BBH     0059H     UNIT         ?PR?_INIT_RAM?RAM
            CODE    3A14H     0052H     UNIT         ?PR?_FUNCNOPUSH?KEY_AND_OTHER
            CODE    3A66H     0050H     UNIT         ?PR?_FUNCCLOSEREG?KEY_AND_OTHER
            CODE    3AB6H     0050H     UNIT         ?PR?_FUNCVENTREG?KEY_AND_OTHER
            CODE    3B06H     0050H     UNIT         ?PR?_FUNCSTOPREG?KEY_AND_OTHER
            CODE    3B56H     004FH     UNIT         ?PR?_TX_DATA_TEST?ML7345
            CODE    3BA5H     004EH     UNIT         ?PR?__REQBUZZER?KEY_AND_OTHER
            CODE    3BF3H     0049H     UNIT         ?PR?INIT_PORT?GPIO
            CODE    3C3CH     0045H     UNIT         ?PR?INIT_PCA_PWM?TIMER
            CODE    3C81H     0044H     UNIT         ?C?LDIV
            CODE    3CC5H     0041H     UNIT         ?PR?WAITSTATUS_COMPLETE?ML7345_HAL
            CODE    3D06H     003DH     UNIT         ?PR?_SEND_DATA?UART
            CODE    3D43H     003DH     UNIT         ?PR?_CLEARSPECIALMULTIKEYSTATE?KEY_AND_OTHER
BL51 BANKED LINKER/LOCATER V6.22.2.0                                                  03/28/2022  17:48:09  PAGE 4


            CODE    3D80H     003CH     UNIT         ?PR?_ML7345_AUTOTX_DATA?ML7345_HAL
            CODE    3DBCH     003BH     UNIT         ?PR?INT_INT0?GPIO
            CODE    3DF7H     003BH     UNIT         ?PR?INT_INT1?GPIO
            CODE    3E32H     003AH     UNIT         ?PR?_ML7345_READ_REG?SPI
            CODE    3E6CH     0039H     UNIT         ?PR?INIT_CLOCK?SYS
            CODE    3EA5H     0039H     UNIT         ?PR?_ML7345_STATEFLAG_CLEAR?ML7345_HAL
            CODE    3EDEH     0034H     UNIT         ?PR?INIT_UART0_T1?UART
            CODE    3F12H     0034H     UNIT         ?PR?__PASS3SECKEY?KEY_AND_OTHER
            CODE    3F46H     0032H     UNIT         ?PR?SETREG_RSSI?ML7345_HAL
            CODE    3F78H     0031H     UNIT         ?PR?_ML7345_WRITE_REG?SPI
            CODE    3FA9H     0031H     UNIT         ?PR?_FUNCOPENSTOP?KEY_AND_OTHER
            CODE    3FDAH     0030H     UNIT         ?PR?_HEX_ASC?UART
            CODE    400AH     0030H     UNIT         ?PR?_IDCLEAR?KEY_AND_OTHER
            CODE    403AH     002FH     UNIT         ?PR?_ML7345_AUTOSTATETRANSITION_SET?ML7345_HAL
            CODE    4069H     002DH     UNIT         ?PR?_ASC_HEX?UART
            CODE    4096H     002BH     UNIT         ?PR?_IAP_WRITEPPAGE?IAP_FLASH
            CODE    40C1H     0027H     UNIT         ?PR?__SETREGISTRATIONMODE?KEY_AND_OTHER
            CODE    40E8H     0026H     UNIT         ?PR?_DUPLIFUNCCLEAR?KEY_AND_OTHER
            CODE    410EH     0023H     UNIT         ?PR?__SWIN?KEY_AND_OTHER
            CODE    4131H     0021H     UNIT         ?PR?INIT_TIMER0?TIMER
            CODE    4152H     001EH     UNIT         ?PR?_ASC_HEX_2?UART
            CODE    4170H     001DH     UNIT         ?PR?ML7345_ALLSTATEFLAG_CLEAR?ML7345_HAL
            CODE    418DH     001CH     UNIT         ?PR?INIT_ADC?ADC
            CODE    41A9H     001BH     UNIT         ?PR?INIT_SPI?SPI
            CODE    41C4H     001BH     UNIT         ?PR?_SPI1_SENDRECV_DATA?SPI
            CODE    41DFH     0016H     UNIT         ?PR?_DELAY_MS?TIMER
            CODE    41F5H     0016H     UNIT         ?PR?ML7345_GPIO0TXDONEINT_ENABLE?ML7345_HAL
            CODE    420BH     0015H     UNIT         ?PR?_UART0SENDBYTE?UART
            CODE    4220H     0014H     UNIT         ?PR?INIT_WDT?SYS
            CODE    4234H     0012H     UNIT         ?PR?SPIGPIO_INIT?GPIO
            CODE    4246H     0012H     UNIT         ?PR?SPIGPIO_UNINIT?GPIO
            CODE    4258H     0012H     UNIT         ?PR?_SETKEYCHATTERCOUNT?KEY_AND_OTHER
            CODE    426AH     0011H     UNIT         ?PR?_DELAYXUS?TIMER
            CODE    427BH     000EH     UNIT         ?CO?UART
            CODE    4289H     000BH     UNIT         ?PR?INIT_IAP_FLASH?IAP_FLASH
            CODE    4294H     000BH     UNIT         ?PR?DD_SET_ML7345D_POWER_ON?ML7345
            CODE    429FH     000AH     UNIT         ?PR?_SPI_DELAY?SPI
            CODE    42A9H     000AH     UNIT         ?PR?ML7345_RESETN_SET?ML7345_HAL
            CODE    42B3H     0006H     UNIT         ?PR?INIT_INTERRUPT?GPIO
            CODE    42B9H     0006H     UNIT         ?PR?_GETREGMODE?KEY_AND_OTHER
            CODE    42BFH     0004H     UNIT         ?PR?CLEARWDT?SYS
            CODE    42C3H     0004H     UNIT         ?PR?INIT_BEEP?TIMER
            CODE    42C7H     0004H     UNIT         ?PR?ADC_START?ADC
            CODE    42CBH     0003H     UNIT         ?PR?BEEP_ON?TIMER
            CODE    42CEH     0001H     UNIT         ?PR?_FUNCAUTOTXSTOP?KEY_AND_OTHER



OVERLAY MAP OF MODULE:   .\Objects\STX0031_MA82G5B32_Pro (MAIN)


SEGMENT
  +--> CALLED SEGMENT
---------------------
?PR?INT_INT0?GPIO
  +--> ?PR?ML7345_TRX_DEL?ML7345

BL51 BANKED LINKER/LOCATER V6.22.2.0                                                  03/28/2022  17:48:09  PAGE 5


?PR?ML7345_TRX_DEL?ML7345
  +--> ?PR?_ML7345_READ_REG?SPI
  +--> ?PR?_ML7345_STATEFLAG_CLEAR?ML7345_HAL
  +--> ?PR?_ML7345_AUTOTX_DATA?ML7345_HAL
  +--> ?PR?_ML7345_SETANDGET_STATE?ML7345_HAL
  +--> ?PR?SPIGPIO_UNINIT?GPIO

?PR?_ML7345_READ_REG?SPI
  +--> ?PR?_SPI_DELAY?SPI
  +--> ?PR?_SPI1_SENDRECV_DATA?SPI

?PR?_ML7345_STATEFLAG_CLEAR?ML7345_HAL
  +--> ?PR?_ML7345_WRITE_REG?SPI

?PR?_ML7345_WRITE_REG?SPI
  +--> ?PR?_SPI_DELAY?SPI
  +--> ?PR?_SPI1_SENDRECV_DATA?SPI

?PR?_ML7345_AUTOTX_DATA?ML7345_HAL
  +--> ?PR?_ML7345_WRITE_REG?SPI
  +--> ?PR?_ML7345_AUTOSTATETRANSITION_SET?M...
  +--> ?PR?_ML7345_WRITE_FIFO?SPI

?PR?_ML7345_AUTOSTATETRANSITION_SET?M...
  +--> ?PR?_ML7345_WRITE_REG?SPI

?PR?_ML7345_WRITE_FIFO?SPI
  +--> ?PR?_SPI_DELAY?SPI
  +--> ?PR?_SPI1_SENDRECV_DATA?SPI

?PR?_ML7345_SETANDGET_STATE?ML7345_HAL
  +--> ?PR?_ML7345_WRITE_REG?SPI
  +--> ?PR?_ML7345_READ_REG?SPI
  +--> ?PR?WAITSTATUS_COMPLETE?ML7345_HAL
  +--> ?PR?_ML7345_FREQUENCY_CALCUL?ML7345_HAL
  +--> ?PR?CLEARWDT?SYS
  +--> ?PR?_RF_ML7345_INIT?ML7345

?PR?WAITSTATUS_COMPLETE?ML7345_HAL
  +--> ?PR?_ML7345_WRITE_REG?SPI
  +--> ?PR?_ML7345_READ_REG?SPI
  +--> ?PR?CLEARWDT?SYS

?PR?_RF_ML7345_INIT?ML7345
  +--> ?PR?SPIGPIO_INIT?GPIO
  +--> ?PR?ML7345_RESETN_SET?ML7345_HAL
  +--> ?PR?_ML7345_READ_REG?SPI
  +--> ?PR?_ML7345_WRITE_REG?SPI
  +--> ?PR?SETREG_RSSI?ML7345_HAL
  +--> ?PR?ML7345_DATARATE_SET_4_8K?ML7345_HAL
  +--> ?PR?ML7345_DATARATE_SET_1_2K?ML7345_HAL
  +--> ?PR?ML7345_ALLSTATEFLAG_CLEAR?ML7345_HAL
  +--> ?PR?ML7345_GPIO0TXDONEINT_ENABLE?ML73...

?PR?ML7345_RESETN_SET?ML7345_HAL
  +--> ?PR?_DELAY_MS?TIMER

BL51 BANKED LINKER/LOCATER V6.22.2.0                                                  03/28/2022  17:48:09  PAGE 6


?PR?_DELAY_MS?TIMER
  +--> ?PR?_DELAYXUS?TIMER

?PR?SETREG_RSSI?ML7345_HAL
  +--> ?PR?_ML7345_WRITE_REG?SPI

?PR?ML7345_DATARATE_SET_4_8K?ML7345_HAL
  +--> ?PR?_ML7345_WRITE_REG?SPI

?PR?ML7345_DATARATE_SET_1_2K?ML7345_HAL
  +--> ?PR?_ML7345_WRITE_REG?SPI

?PR?ML7345_ALLSTATEFLAG_CLEAR?ML7345_HAL
  +--> ?PR?_ML7345_WRITE_REG?SPI

?PR?ML7345_GPIO0TXDONEINT_ENABLE?ML73...
  +--> ?PR?_ML7345_WRITE_REG?SPI

*** NEW ROOT ***************************************************

?PR?INT_INT1?GPIO
  +--> ?PR?ML7345_TRX_DEL?ML7345

*** NEW ROOT ***************************************************

?C_C51STARTUP
  +--> ?PR?MAIN?MAIN
  +--> ?C_INITSEG

?PR?MAIN?MAIN
  +--> ?PR?INIT_WDT?SYS
  +--> ?PR?INIT_CLOCK?SYS
  +--> ?PR?INIT_IAP_FLASH?IAP_FLASH
  +--> ?PR?INIT_TIMER0?TIMER
  +--> ?PR?EEPROM_SYS_LOAD?IAP_FLASH
  +--> ?PR?INIT_PORT?GPIO
  +--> ?PR?INIT_SPI?SPI
  +--> ?PR?INIT_ADC?ADC
  +--> ?PR?_INIT_RAM?RAM
  +--> ?PR?INIT_BEEP?TIMER
  +--> ?PR?TEST_MODE_CONTROL?KEY_AND_OTHER
  +--> ?PR?INIT_INTERRUPT?GPIO
  +--> ?PR?ADC_START?ADC
  +--> ?PR?CLEARWDT?SYS
  +--> ?PR?KEY_CHECK?KEY_AND_OTHER
  +--> ?PR?TIME_CONTROL?KEY_AND_OTHER
  +--> ?PR?AD_CONTROL?ADC

?PR?INIT_IAP_FLASH?IAP_FLASH
  +--> ?PR?_IAP_WRITEPPAGE?IAP_FLASH

?PR?EEPROM_SYS_LOAD?IAP_FLASH
  +--> ?PR?_ML7345_FREQUENCY_CALCUL?ML7345_HAL

?PR?_INIT_RAM?RAM
  +--> ?PR?_SETKEYCHATTERCOUNT?KEY_AND_OTHER
  +--> ?PR?_CLEARSPECIALMULTIKEYSTATE?KEY_AN...
BL51 BANKED LINKER/LOCATER V6.22.2.0                                                  03/28/2022  17:48:09  PAGE 7



?PR?INIT_BEEP?TIMER
  +--> ?PR?INIT_PCA_PWM?TIMER

?PR?TEST_MODE_CONTROL?KEY_AND_OTHER
  +--> ?PR?INIT_UART0_T1?UART
  +--> ?PR?BEEP_ON?TIMER
  +--> ?PR?BEEP_OFF?TIMER
  +--> ?PR?CLEARWDT?SYS
  +--> ?PR?DD_SET_ML7345D_POWER_ON?ML7345
  +--> ?PR?_RF_ML7345_INIT?ML7345
  +--> ?PR?_TX_DATA_TEST?ML7345
  +--> ?PR?SPIGPIO_UNINIT?GPIO
  +--> ?PR?PC_PRG?UART
  +--> ?PR?UART1_END?UART

?PR?DD_SET_ML7345D_POWER_ON?ML7345
  +--> ?PR?_DELAY_MS?TIMER

?PR?_TX_DATA_TEST?ML7345
  +--> ?PR?_ML7345_WRITE_REG?SPI
  +--> ?PR?_ML7345_SETANDGET_STATE?ML7345_HAL

?PR?PC_PRG?UART
  +--> ?CO?UART
  +--> ?PR?_ASC_HEX_2?UART
  +--> ?PR?_IAP_WRITEBUF_WITH_PROTECT_VERIFY...
  +--> ?PR?_SEND_DATA?UART
  +--> ?PR?_HEX_ASC?UART
  +--> ?PR?DD_SET_ML7345D_POWER_ON?ML7345
  +--> ?PR?_RF_ML7345_INIT?ML7345
  +--> ?PR?_TX_DATA_TEST?ML7345
  +--> ?PR?_ML7345_SETANDGET_STATE?ML7345_HAL
  +--> ?PR?SPIGPIO_UNINIT?GPIO
  +--> ?PR?_ML7345_FREQUENCY_CALCUL?ML7345_HAL
  +--> ?PR?_ML7345_FREQUENCY_SET?ML7345_HAL

?PR?_ASC_HEX_2?UART
  +--> ?PR?_ASC_HEX?UART

?PR?_IAP_WRITEBUF_WITH_PROTECT_VERIFY...
  +--> ?PR?CLEARWDT?SYS

?PR?_SEND_DATA?UART
  +--> ?PR?_UART0SENDBYTE?UART

?PR?_ML7345_FREQUENCY_SET?ML7345_HAL
  +--> ?PR?_ML7345_SETANDGET_STATE?ML7345_HAL
  +--> ?PR?_ML7345_WRITE_REG?SPI
  +--> ?PR?ML7345_DATARATE_SET_1_2K?ML7345_HAL
  +--> ?PR?ML7345_DATARATE_SET_4_8K?ML7345_HAL
  +--> ?PR?_ML7345_READ_REG?SPI

?PR?INIT_INTERRUPT?GPIO
  +--> ?PR?INIT_INT1?GPIO

?PR?KEY_CHECK?KEY_AND_OTHER
BL51 BANKED LINKER/LOCATER V6.22.2.0                                                  03/28/2022  17:48:09  PAGE 8


  +--> ?PR?BEEP_ON?TIMER
  +--> ?PR?BEEP_OFF?TIMER
  +--> ?PR?_KEYINTX?KEY_AND_OTHER
  +--> ?PR?_REGISTRATIONMODE?KEY_AND_OTHER
  +--> ?PR?_DUPLIFUNCSETMODE?KEY_AND_OTHER
  +--> ?PR?CLEARWDT?SYS

?PR?_KEYINTX?KEY_AND_OTHER
  +--> ?PR?__SWIN?KEY_AND_OTHER
  +--> ?PR?_SETKEYCHATTERCOUNT?KEY_AND_OTHER
  +--> ?PR?_CLEARSPECIALMULTIKEYSTATE?KEY_AN...
  +--> ?PR?_DUPLIFUNCCLEAR?KEY_AND_OTHER
  +--> ?PR?_FUNCREG?KEY_AND_OTHER
  +--> ?PR?_FUNCSTOP?KEY_AND_OTHER
  +--> ?PR?_FUNCOPENSTOP?KEY_AND_OTHER
  +--> ?PR?_FUNCOPENREG?KEY_AND_OTHER
  +--> ?PR?_FUNCSTOPREG?KEY_AND_OTHER
  +--> ?PR?_FUNCCLOSEREG?KEY_AND_OTHER
  +--> ?PR?_FUNCVENTREG?KEY_AND_OTHER
  +--> ?PR?_FUNCAUTOTXSTART?KEY_AND_OTHER
  +--> ?PR?_FUNCAUTOTXSTOP?KEY_AND_OTHER
  +--> ?PR?_FUNCNOPUSH?KEY_AND_OTHER

?PR?_FUNCREG?KEY_AND_OTHER
  +--> ?PR?_DUPLIFUNCCLEAR?KEY_AND_OTHER
  +--> ?PR?_CLEARSPECIALMULTIKEYSTATE?KEY_AN...
  +--> ?PR?__SETREGISTRATIONMODE?KEY_AND_OTHER

?PR?__SETREGISTRATIONMODE?KEY_AND_OTHER
  +--> ?PR?_GETREGMODE?KEY_AND_OTHER
  +--> ?PR?_IDCLEAR?KEY_AND_OTHER
  +--> ?PR?__REQBUZZER?KEY_AND_OTHER

?PR?_FUNCSTOP?KEY_AND_OTHER
  +--> ?PR?_GETNOPUSHSTATE?KEY_AND_OTHER
  +--> ?PR?__REQBUZZER?KEY_AND_OTHER
  +--> ?PR?_DUPLIFUNCCLEAR?KEY_AND_OTHER
  +--> ?PR?__REQTXDEDIT?KEY_AND_OTHER

?PR?_GETNOPUSHSTATE?KEY_AND_OTHER
  +--> ?PR?_CLEARSPECIALMULTIKEYSTATE?KEY_AN...

?PR?__REQTXDEDIT?KEY_AND_OTHER
  +--> ?PR?__REQBUZZER?KEY_AND_OTHER
  +--> ?PR?DD_SET_ML7345D_POWER_ON?ML7345
  +--> ?PR?_RF_ML7345_INIT?ML7345
  +--> ?PR?SENDTXDATA?EXIT_FUN

?PR?SENDTXDATA?EXIT_FUN
  +--> ?PR?_SETTXDATA?EXIT_FUN
  +--> ?PR?_ML7345_AUTOTX_DATA?ML7345_HAL

?PR?_SETTXDATA?EXIT_FUN
  +--> ?PR?_SETFIXEDLENGTHCODE?EXIT_FUN

?PR?_FUNCOPENSTOP?KEY_AND_OTHER
  +--> ?PR?_DUPLIFUNCCLEAR?KEY_AND_OTHER
BL51 BANKED LINKER/LOCATER V6.22.2.0                                                  03/28/2022  17:48:09  PAGE 9


  +--> ?PR?__REQTXDEDIT?KEY_AND_OTHER
  +--> ?PR?_CLEARSPECIALMULTIKEYSTATE?KEY_AN...

?PR?_FUNCOPENREG?KEY_AND_OTHER
  +--> ?PR?_DUPLIFUNCCLEAR?KEY_AND_OTHER
  +--> ?PR?__PASS3SECKEY?KEY_AND_OTHER

?PR?__PASS3SECKEY?KEY_AND_OTHER
  +--> ?PR?__REQTXDEDIT?KEY_AND_OTHER

?PR?_FUNCSTOPREG?KEY_AND_OTHER
  +--> ?PR?_DUPLIFUNCCLEAR?KEY_AND_OTHER
  +--> ?PR?__PASS3SECKEY?KEY_AND_OTHER

?PR?_FUNCCLOSEREG?KEY_AND_OTHER
  +--> ?PR?_DUPLIFUNCCLEAR?KEY_AND_OTHER
  +--> ?PR?__PASS3SECKEY?KEY_AND_OTHER

?PR?_FUNCVENTREG?KEY_AND_OTHER
  +--> ?PR?_DUPLIFUNCCLEAR?KEY_AND_OTHER
  +--> ?PR?__PASS3SECKEY?KEY_AND_OTHER

?PR?_FUNCNOPUSH?KEY_AND_OTHER
  +--> ?PR?_CLEARSPECIALMULTIKEYSTATE?KEY_AN...

?PR?_REGISTRATIONMODE?KEY_AND_OTHER
  +--> ?PR?_GETREGMODE?KEY_AND_OTHER
  +--> ?PR?__REQBUZZER?KEY_AND_OTHER
  +--> ?PR?_IDCLEAR?KEY_AND_OTHER
  +--> ?PR?_ATOL?KEY_AND_OTHER
  +--> ?PR?__REQTXDEDIT?KEY_AND_OTHER

?PR?_DUPLIFUNCSETMODE?KEY_AND_OTHER
  +--> ?PR?__REQBUZZER?KEY_AND_OTHER
  +--> ?PR?_DUPLIFUNCCLEAR?KEY_AND_OTHER
  +--> ?PR?_IAP_WRITEBUF_WITH_PROTECT_VERIFY...

?PR?TIME_CONTROL?KEY_AND_OTHER
  +--> ?PR?_ML7345_SETANDGET_STATE?ML7345_HAL
  +--> ?PR?SPIGPIO_UNINIT?GPIO



SYMBOL TABLE OF MODULE:  .\Objects\STX0031_MA82G5B32_Pro (MAIN)

  VALUE           TYPE          NAME
  ----------------------------------

  -------         MODULE        MAIN
  C:0000H         SYMBOL        _ICE_DUMMY_
  D:0090H         PUBLIC        P1
  D:00A0H         PUBLIC        P2
  D:00C0H         PUBLIC        XICON
  D:00B0H         PUBLIC        P3
  D:00E8H         PUBLIC        P4
  D:00F8H         PUBLIC        P5
  D:00F8H         PUBLIC        P6
BL51 BANKED LINKER/LOCATER V6.22.2.0                                                  03/28/2022  17:48:09  PAGE 10


  B:00A8H.7       PUBLIC        EA
  D:00A8H         PUBLIC        IE
  D:00B8H         PUBLIC        IP0L
  D:00D8H         PUBLIC        CCON
  C:2ED7H         PUBLIC        main
  B:00E8H.0       PUBLIC        P40
  D:0088H         PUBLIC        TCON
  D:0098H         PUBLIC        S0CON
  D:0098H         PUBLIC        S1CON
  D:00C8H         PUBLIC        T2CON
  D:00D0H         PUBLIC        PSW
  -------         PROC          MAIN
  C:2ED7H         LINE#         16
  C:2ED7H         LINE#         17
  C:2ED7H         LINE#         18
  C:2EDAH         LINE#         19
  C:2EDDH         LINE#         20
  C:2EE0H         LINE#         21
  C:2EE3H         LINE#         22
  C:2EE6H         LINE#         23
  C:2EE9H         LINE#         24
  C:2EECH         LINE#         25
  C:2EEFH         LINE#         26
  C:2EF2H         LINE#         27
  C:2EF5H         LINE#         28
  C:2EF8H         LINE#         29
  C:2EFBH         LINE#         30
  C:2EFDH         LINE#         31
  C:2F00H         LINE#         32
  C:2F09H         LINE#         34
  C:2F09H         LINE#         35
  C:2F09H         LINE#         36
  C:2F0CH         LINE#         37
  C:2F0FH         LINE#         38
  C:2F12H         LINE#         39
  C:2F15H         LINE#         42
  C:2F5DH         LINE#         43
  C:2F5DH         LINE#         44
  C:2F69H         LINE#         45
  C:2F6BH         LINE#         46
  C:2F77H         LINE#         48
  C:2F77H         LINE#         49
  C:2F94H         LINE#         50
  C:2FCEH         LINE#         51
  C:2FD1H         LINE#         52
  C:2FD4H         LINE#         53
  C:2FD4H         LINE#         54
  C:2FD6H         LINE#         55
  C:2FD6H         LINE#         56
  -------         ENDPROC       MAIN
  -------         ENDMOD        MAIN

  -------         MODULE        SYS
  C:0000H         SYMBOL        _ICE_DUMMY_
  D:0090H         PUBLIC        P1
  D:00A0H         PUBLIC        P2
  D:00E7H         PUBLIC        ISPCR
BL51 BANKED LINKER/LOCATER V6.22.2.0                                                  03/28/2022  17:48:09  PAGE 11


  D:00C0H         PUBLIC        XICON
  D:00B0H         PUBLIC        P3
  D:00E8H         PUBLIC        P4
  D:00F8H         PUBLIC        P5
  D:00F8H         PUBLIC        P6
  D:00E1H         PUBLIC        WDTCR
  D:00A8H         PUBLIC        IE
  D:00B8H         PUBLIC        IP0L
  D:00D8H         PUBLIC        CCON
  D:00E6H         PUBLIC        SCMD
  D:00E3H         PUBLIC        IFADRH
  D:00E5H         PUBLIC        IFMT
  D:00E4H         PUBLIC        IFADRL
  D:0088H         PUBLIC        TCON
  D:00E2H         PUBLIC        IFD
  C:42BFH         PUBLIC        ClearWDT
  D:0097H         PUBLIC        PCON1
  D:0098H         PUBLIC        S0CON
  C:3E6CH         PUBLIC        Init_Clock
  D:0098H         PUBLIC        S1CON
  C:4220H         PUBLIC        Init_WDT
  D:00C8H         PUBLIC        T2CON
  D:00D0H         PUBLIC        PSW
  -------         PROC          INIT_CLOCK
  C:3E6CH         LINE#         4
  C:3E6CH         LINE#         5
  C:3E6CH         LINE#         36
  C:3E88H         LINE#         37
  C:3EA4H         LINE#         39
  -------         ENDPROC       INIT_CLOCK
  -------         PROC          INIT_WDT
  C:4220H         LINE#         42
  C:4220H         LINE#         43
  C:4220H         LINE#         44
  C:4223H         LINE#         45
  C:422DH         LINE#         46
  C:4230H         LINE#         47
  C:4233H         LINE#         48
  -------         ENDPROC       INIT_WDT
  -------         PROC          CLEARWDT
  C:42BFH         LINE#         50
  C:42BFH         LINE#         51
  C:42BFH         LINE#         52
  C:42C2H         LINE#         53
  -------         ENDPROC       CLEARWDT
  -------         ENDMOD        SYS

  -------         MODULE        GPIO
  C:0000H         SYMBOL        _ICE_DUMMY_
  D:0091H         PUBLIC        P1M0
  D:0095H         PUBLIC        P2M0
  D:00B1H         PUBLIC        P3M0
  D:0090H         PUBLIC        P1
  D:00B3H         PUBLIC        P4M0
  D:00B2H         PUBLIC        P3M1
  D:00A0H         PUBLIC        P2
  D:00C0H         PUBLIC        XICON
BL51 BANKED LINKER/LOCATER V6.22.2.0                                                  03/28/2022  17:48:09  PAGE 12


  D:00B0H         PUBLIC        P3
  D:00E8H         PUBLIC        P4
  D:00F8H         PUBLIC        P5
  D:00F8H         PUBLIC        P6
  D:00A8H         PUBLIC        IE
  C:0016H         PUBLIC        Init_INT1
  D:00B8H         PUBLIC        IP0L
  C:3BF3H         PUBLIC        Init_Port
  D:00D8H         PUBLIC        CCON
  B:00A0H.0       PUBLIC        P20
  B:0090H.1       PUBLIC        P11
  B:00A0H.1       PUBLIC        P21
  B:0090H.2       PUBLIC        P12
  B:00E8H.0       PUBLIC        P40
  B:00A0H.2       PUBLIC        P22
  B:0090H.3       PUBLIC        P13
  B:00E8H.1       PUBLIC        P41
  B:00A0H.3       PUBLIC        P23
  B:0090H.4       PUBLIC        P14
  D:0088H         PUBLIC        TCON
  C:4234H         PUBLIC        SpiGpio_Init
  B:00A0H.4       PUBLIC        P24
  B:0090H.5       PUBLIC        P15
  D:00B4H         PUBLIC        PUCON0
  B:00B0H.4       PUBLIC        P34
  B:00A0H.5       PUBLIC        P25
  B:0090H.6       PUBLIC        P16
  B:00B0H.5       PUBLIC        P35
  B:00A0H.6       PUBLIC        P26
  B:0090H.7       PUBLIC        P17
  B:00A0H.7       PUBLIC        P27
  C:42B3H         PUBLIC        Init_Interrupt
  B:00A8H.2       PUBLIC        EX1
  B:0088H.2       PUBLIC        IT1
  D:0098H         PUBLIC        S0CON
  D:0098H         PUBLIC        S1CON
  D:00C8H         PUBLIC        T2CON
  C:3DBCH         PUBLIC        INT_INT0
  C:3DF7H         PUBLIC        INT_INT1
  D:00A1H         PUBLIC        AUXR0
  D:00C1H         PUBLIC        XICFG
  C:4246H         PUBLIC        SpiGpio_UnInit
  D:00D0H         PUBLIC        PSW
  -------         PROC          INIT_PORT
  C:3BF3H         LINE#         10
  C:3BF3H         LINE#         11
  C:3BF3H         LINE#         13
  C:3BF6H         LINE#         14
  C:3BFCH         LINE#         15
  C:3BFFH         LINE#         24
  C:3C02H         LINE#         25
  C:3C04H         LINE#         27
  C:3C07H         LINE#         29
  C:3C0AH         LINE#         30
  C:3C0CH         LINE#         32
  C:3C0FH         LINE#         33
  C:3C12H         LINE#         34
BL51 BANKED LINKER/LOCATER V6.22.2.0                                                  03/28/2022  17:48:09  PAGE 13


  C:3C14H         LINE#         37
  C:3C1AH         LINE#         40
  C:3C1DH         LINE#         48
  C:3C1FH         LINE#         49
  C:3C21H         LINE#         50
  C:3C23H         LINE#         51
  C:3C25H         LINE#         53
  C:3C28H         LINE#         54
  C:3C30H         LINE#         55
  C:3C36H         LINE#         56
  C:3C39H         LINE#         57
  C:3C3BH         LINE#         58
  -------         ENDPROC       INIT_PORT
  -------         PROC          SPIGPIO_INIT
  C:4234H         LINE#         60
  C:4234H         LINE#         61
  C:4234H         LINE#         62
  C:4237H         LINE#         63
  C:423AH         LINE#         64
  C:423CH         LINE#         65
  C:423FH         LINE#         66
  C:4245H         LINE#         67
  -------         ENDPROC       SPIGPIO_INIT
  -------         PROC          SPIGPIO_UNINIT
  C:4246H         LINE#         69
  C:4246H         LINE#         70
  C:4246H         LINE#         71
  C:4249H         LINE#         72
  C:424BH         LINE#         73
  C:4251H         LINE#         75
  C:4257H         LINE#         76
  -------         ENDPROC       SPIGPIO_UNINIT
  -------         PROC          INIT_INT1
  C:0016H         LINE#         103
  C:0016H         LINE#         104
  C:0016H         LINE#         105
  C:0019H         LINE#         107
  C:001EH         LINE#         108
  C:0021H         LINE#         109
  -------         ENDPROC       INIT_INT1
  -------         PROC          INT_INT0
  C:3DBCH         LINE#         121
  C:3DD9H         LINE#         123
  C:3DDCH         LINE#         124
  -------         ENDPROC       INT_INT0
  -------         PROC          INT_INT1
  C:3DF7H         LINE#         136
  C:3E14H         LINE#         138
  C:3E17H         LINE#         139
  -------         ENDPROC       INT_INT1
  -------         PROC          INIT_INTERRUPT
  C:42B3H         LINE#         148
  C:42B3H         LINE#         149
  C:42B3H         LINE#         150
  C:42B6H         LINE#         151
  C:42B8H         LINE#         152
  -------         ENDPROC       INIT_INTERRUPT
BL51 BANKED LINKER/LOCATER V6.22.2.0                                                  03/28/2022  17:48:09  PAGE 14


  -------         ENDMOD        GPIO

  -------         MODULE        TIMER
  C:0000H         SYMBOL        _ICE_DUMMY_
  D:00F2H         PUBLIC        PCAPWM6
  D:0090H         PUBLIC        P1
  D:00A0H         PUBLIC        P2
  D:00C0H         PUBLIC        XICON
  D:00B0H         PUBLIC        P3
  D:00E8H         PUBLIC        P4
  D:00F8H         PUBLIC        P5
  D:00F8H         PUBLIC        P6
  D:00ACH         PUBLIC        SFRPI
  D:00F9H         PUBLIC        CH
  D:00BCH         PUBLIC        PWMCR
  D:00A8H         PUBLIC        IE
  D:00E9H         PUBLIC        CL
  B:00D8H.6       PUBLIC        CR
  D:00B8H         PUBLIC        IP0L
  D:00FAH         PUBLIC        CCAP6H
  D:00EAH         PUBLIC        CCAP6L
  C:42CBH         PUBLIC        Beep_On
  D:00DAH         PUBLIC        CCAPM6
  C:3C3CH         PUBLIC        Init_PCA_PWM
  D:00D9H         PUBLIC        CMOD
  D:00D8H         PUBLIC        CCON
  D:00CFH         PUBLIC        CHRL
  C:4131H         PUBLIC        Init_Timer0
  D:00CEH         PUBLIC        CLRL
  B:00A0H.0       PUBLIC        P20
  C:426AH         PUBLIC        _DelayXus
  D:0089H         PUBLIC        TMOD
  D:0088H         PUBLIC        TCON
  B:00A8H.1       PUBLIC        ET0
  D:008CH         PUBLIC        TH0
  C:35C5H         PUBLIC        INT_T0
  D:008AH         PUBLIC        TL0
  C:41DFH         PUBLIC        _delay_ms
  B:0088H.4       PUBLIC        TR0
  X:03BCH         PUBLIC        Time_Tx_Out
  D:0098H         PUBLIC        S0CON
  D:0098H         PUBLIC        S1CON
  D:00C8H         PUBLIC        T2CON
  D:00A1H         PUBLIC        AUXR0
  D:00A3H         PUBLIC        AUXR2
  C:42C3H         PUBLIC        Init_Beep
  C:0006H         PUBLIC        Beep_Off
  D:00F2H         PUBLIC        PCAPWM0
  D:00D0H         PUBLIC        PSW
  -------         PROC          INIT_TIMER0
  C:4131H         LINE#         41
  C:4131H         LINE#         42
  C:4131H         LINE#         43
  C:413BH         LINE#         45
  C:4144H         LINE#         47
  C:4147H         LINE#         49
  C:414AH         LINE#         50
BL51 BANKED LINKER/LOCATER V6.22.2.0                                                  03/28/2022  17:48:09  PAGE 15


  C:414DH         LINE#         52
  C:414FH         LINE#         53
  C:4151H         LINE#         54
  -------         ENDPROC       INIT_TIMER0
  -------         PROC          INT_T0
  C:35C5H         LINE#         64
  C:35D6H         LINE#         66
  C:35D9H         LINE#         67
  C:35DCH         LINE#         69
  C:35E8H         LINE#         70
  C:35F8H         LINE#         71
  C:35F8H         LINE#         72
  C:35FEH         LINE#         73
  C:360AH         LINE#         74
  C:360AH         LINE#         75
  C:3624H         LINE#         77
  C:3630H         LINE#         78
  C:3630H         LINE#         79
  C:3644H         LINE#         80
  C:3652H         LINE#         81
  C:3654H         LINE#         82
  C:365CH         LINE#         83
  C:3662H         LINE#         84
  -------         ENDPROC       INT_T0
  -------         PROC          INIT_PCA_PWM
  C:3C3CH         LINE#         87
  C:3C3CH         LINE#         88
  C:3C3CH         LINE#         89
  C:3C46H         LINE#         90
  C:3C4FH         LINE#         91
  C:3C5BH         LINE#         92
  C:3C5EH         LINE#         95
  C:3C74H         LINE#         98
  C:3C7AH         LINE#         99
  C:3C80H         LINE#         100
  -------         ENDPROC       INIT_PCA_PWM
  -------         PROC          INIT_BEEP
  C:42C3H         LINE#         102
  C:42C3H         LINE#         103
  C:42C3H         LINE#         104
  C:42C6H         LINE#         105
  -------         ENDPROC       INIT_BEEP
  -------         PROC          BEEP_ON
  C:42CBH         LINE#         107
  C:42CBH         LINE#         108
  C:42CBH         LINE#         109
  C:42CDH         LINE#         110
  -------         ENDPROC       BEEP_ON
  -------         PROC          BEEP_OFF
  C:0006H         LINE#         112
  C:0006H         LINE#         113
  C:0006H         LINE#         114
  C:0008H         LINE#         115
  C:000AH         LINE#         116
  -------         ENDPROC       BEEP_OFF
  -------         PROC          _DELAYXUS
  D:005BH         SYMBOL        xUs
BL51 BANKED LINKER/LOCATER V6.22.2.0                                                  03/28/2022  17:48:09  PAGE 16


  C:426AH         LINE#         126
  C:426CH         LINE#         127
  C:426CH         LINE#         128
  C:4274H         LINE#         129
  C:4274H         LINE#         130
  C:4275H         LINE#         131
  C:4276H         LINE#         132
  C:4278H         LINE#         133
  C:427AH         LINE#         134
  -------         ENDPROC       _DELAYXUS
  -------         PROC          _DELAY_MS
  D:005CH         SYMBOL        ms
  C:41DFH         LINE#         144
  C:41E1H         LINE#         145
  C:41E1H         LINE#         146
  C:41E8H         LINE#         147
  C:41E8H         LINE#         148
  C:41EDH         LINE#         149
  C:41F2H         LINE#         150
  C:41F4H         LINE#         151
  -------         ENDPROC       _DELAY_MS
  -------         ENDMOD        TIMER

  -------         MODULE        UART
  C:0000H         SYMBOL        _ICE_DUMMY_
  D:0090H         PUBLIC        P1
  D:00A0H         PUBLIC        P2
  B:0098H.6       PUBLIC        SM10
  D:00C0H         PUBLIC        XICON
  D:00B0H         PUBLIC        P3
  D:00E8H         PUBLIC        P4
  D:00F8H         PUBLIC        P5
  X:0348H         PUBLIC        Databits_t
  D:00F8H         PUBLIC        P6
  D:00ACH         PUBLIC        SFRPI
  X:034CH         PUBLIC        FLAG_testNo91_step
  C:000EH         PUBLIC        UART1_end
  D:00A8H         PUBLIC        IE
  X:034DH         PUBLIC        FLAG_testNo91SendUart
  D:00B8H         PUBLIC        IP0L
  B:0098H.4       PUBLIC        REN0
  X:034EH         PUBLIC        UART_DATA_buffer
  X:0377H         PUBLIC        UART_DATA_ID98
  X:03A0H         PUBLIC        U1AckTimer
  D:00D8H         PUBLIC        CCON
  X:03A1H         PUBLIC        UartStatus
  C:3EDEH         PUBLIC        Init_Uart0_T1
  X:03A2H         PUBLIC        UartCount
  B:00C8H.5       PUBLIC        RCLK
  B:00C8H.4       PUBLIC        TCLK
  B:0090H.1       PUBLIC        P11
  B:00A0H.1       PUBLIC        P21
  B:0090H.2       PUBLIC        P12
  D:0089H         PUBLIC        TMOD
  D:0088H         PUBLIC        TCON
  B:00A0H.5       PUBLIC        P25
  B:00B0H.5       PUBLIC        P35
BL51 BANKED LINKER/LOCATER V6.22.2.0                                                  03/28/2022  17:48:09  PAGE 17


  C:3453H         PUBLIC        INT_UART0
  X:03A3H         PUBLIC        UartLen
  C:427BH         SYMBOL        _?ix1000
  X:03A4H         PUBLIC        ACKBack
  C:427FH         SYMBOL        _?ix1001
  X:03A7H         PUBLIC        PROFILE_CH_FREQ_32bit_200002EC_uart
  B:00A8H.4       PUBLIC        ES0
  B:0098H.0       PUBLIC        RI0
  B:0098H.1       PUBLIC        TI0
  D:008DH         PUBLIC        TH1
  D:008BH         PUBLIC        TL1
  D:009CH         PUBLIC        S0CFG
  B:0088H.6       PUBLIC        TR1
  X:03ABH         PUBLIC        uart0_rx_len
  X:03ACH         PUBLIC        FLAG_testBEEP
  X:03ADH         PUBLIC        uart0_tx_len
  C:06F9H         PUBLIC        PC_PRG
  C:3FDAH         PUBLIC        _hex_asc
  C:4069H         PUBLIC        _asc_hex
  D:0099H         PUBLIC        S0BUF
  D:0087H         PUBLIC        PCON0
  D:0098H         PUBLIC        S0CON
  D:0098H         PUBLIC        S1CON
  X:03AEH         PUBLIC        FLAG_testNo91
  D:00C8H         PUBLIC        T2CON
  C:3D06H         PUBLIC        _Send_Data
  B:0098H.7       PUBLIC        SM00_FE
  C:4152H         PUBLIC        _asc_hex_2
  C:420BH         PUBLIC        _Uart0SendByte
  D:00A3H         PUBLIC        AUXR2
  X:03AFH         PUBLIC        U1Statues
  D:00D0H         PUBLIC        PSW
  -------         PROC          INIT_UART0_T1
  C:3EDEH         LINE#         67
  C:3EDEH         LINE#         68
  C:3EDEH         LINE#         69
  C:3EE5H         LINE#         70
  C:3EE7H         LINE#         72
  C:3EEEH         LINE#         73
  C:3EF4H         LINE#         75
  C:3EFEH         LINE#         76
  C:3F04H         LINE#         77
  C:3F07H         LINE#         80
  C:3F0AH         LINE#         81
  C:3F0DH         LINE#         83
  C:3F0FH         LINE#         84
  C:3F11H         LINE#         85
  -------         ENDPROC       INIT_UART0_T1
  -------         PROC          UART1_END
  C:000EH         LINE#         87
  C:000EH         LINE#         88
  C:000EH         LINE#         89
  C:0010H         LINE#         90
  C:0012H         LINE#         91
  -------         ENDPROC       UART1_END
  -------         PROC          INT_UART0
  -------         DO            
BL51 BANKED LINKER/LOCATER V6.22.2.0                                                  03/28/2022  17:48:09  PAGE 18


  I:007CH         SYMBOL        dat
  -------         ENDDO         
  C:3453H         LINE#         130
  C:3464H         LINE#         132
  C:3468H         LINE#         133
  C:346AH         LINE#         135
  C:346DH         LINE#         136
  C:3470H         LINE#         137
  C:3470H         LINE#         138
  C:3472H         LINE#         139
  C:3472H         LINE#         140
  C:3478H         LINE#         141
  C:3478H         LINE#         142
  C:347AH         LINE#         143
  C:347EH         LINE#         144
  C:348BH         LINE#         145
  C:34A0H         LINE#         146
  C:34B1H         LINE#         147
  C:34BAH         LINE#         148
  C:34BAH         LINE#         149
  C:34CCH         LINE#         150
  C:34CCH         LINE#         151
  C:34ECH         LINE#         152
  C:34F1H         LINE#         153
  C:34FDH         LINE#         155
  C:34FDH         LINE#         156
  C:34FDH         LINE#         157
  C:34FFH         LINE#         158
  -------         ENDPROC       INT_UART0
  -------         PROC          _UART0SENDBYTE
  D:005DH         SYMBOL        tByte
  -------         DO            
  B:0020H.0       SYMBOL        bES
  -------         ENDDO         
  C:420BH         LINE#         166
  C:420DH         LINE#         167
  C:420DH         LINE#         169
  C:4211H         LINE#         170
  C:4213H         LINE#         171
  C:4216H         LINE#         173
  C:4219H         LINE#         174
  C:421BH         LINE#         175
  C:421FH         LINE#         176
  -------         ENDPROC       _UART0SENDBYTE
  -------         PROC          _SEND_DATA
  D:0041H         SYMBOL        buff
  D:0044H         SYMBOL        len
  -------         DO            
  X:0332H         SYMBOL        i
  -------         ENDDO         
  C:3D06H         LINE#         179
  C:3D0EH         LINE#         180
  C:3D0EH         LINE#         181
  C:3D13H         LINE#         182
  C:3D23H         LINE#         183
  C:3D23H         LINE#         184
  C:3D3AH         LINE#         185
BL51 BANKED LINKER/LOCATER V6.22.2.0                                                  03/28/2022  17:48:09  PAGE 19


  C:3D42H         LINE#         186
  -------         ENDPROC       _SEND_DATA
  -------         PROC          _ASC_HEX
  D:005EH         SYMBOL        asc
  -------         DO            
  X:0333H         SYMBOL        i
  -------         ENDDO         
  C:4069H         LINE#         188
  C:406BH         LINE#         189
  C:406BH         LINE#         191
  C:407AH         LINE#         192
  C:4086H         LINE#         194
  C:4090H         LINE#         195
  C:4095H         LINE#         196
  -------         ENDPROC       _ASC_HEX
  -------         PROC          _HEX_ASC
  D:005FH         SYMBOL        hex
  -------         DO            
  X:0334H         SYMBOL        i
  -------         ENDDO         
  C:3FDAH         LINE#         198
  C:3FDCH         LINE#         199
  C:3FDCH         LINE#         201
  C:3FDFH         LINE#         202
  C:3FEEH         LINE#         203
  C:3FFAH         LINE#         205
  C:4004H         LINE#         206
  C:4009H         LINE#         207
  -------         ENDPROC       _HEX_ASC
  -------         PROC          _ASC_HEX_2
  D:0051H         SYMBOL        asc1
  D:0052H         SYMBOL        asc0
  -------         DO            
  D:0053H         SYMBOL        i
  -------         ENDDO         
  C:4152H         LINE#         209
  C:4156H         LINE#         210
  C:4156H         LINE#         212
  C:416DH         LINE#         213
  C:416FH         LINE#         214
  -------         ENDPROC       _ASC_HEX_2
  -------         PROC          PC_PRG
  -------         DO            
  X:0335H         SYMBOL        UART_ID_data
  X:0339H         SYMBOL        send_ok
  X:033DH         SYMBOL        re_byte
  X:033EH         SYMBOL        send_ack
  -------         ENDDO         
  C:06F9H         LINE#         237
  C:06F9H         LINE#         238
  C:06F9H         LINE#         240
  C:071EH         LINE#         241
  C:0723H         LINE#         242
  C:0748H         LINE#         244
  C:0753H         LINE#         245
  C:075FH         LINE#         247
  C:077EH         LINE#         248
BL51 BANKED LINKER/LOCATER V6.22.2.0                                                  03/28/2022  17:48:09  PAGE 20


  C:077EH         LINE#         249
  C:077EH         LINE#         251
  C:078BH         LINE#         252
  C:078BH         LINE#         253
  C:0790H         LINE#         254
  C:07A2H         LINE#         255
  C:07B4H         LINE#         256
  C:07C6H         LINE#         257
  C:07DAH         LINE#         258
  C:07EDH         LINE#         259
  C:07F8H         LINE#         260
  C:07F8H         LINE#         261
  C:07F9H         LINE#         265
  C:07F9H         LINE#         267
  C:0806H         LINE#         268
  C:0806H         LINE#         269
  C:080CH         LINE#         270
  C:0812H         LINE#         271
  C:0818H         LINE#         272
  C:081EH         LINE#         274
  C:0830H         LINE#         275
  C:0841H         LINE#         276
  C:0853H         LINE#         277
  C:0864H         LINE#         278
  C:0876H         LINE#         279
  C:0887H         LINE#         280
  C:0892H         LINE#         281
  C:0892H         LINE#         282
  C:0893H         LINE#         283
  C:0893H         LINE#         284
  C:089FH         LINE#         285
  C:08A2H         LINE#         286
  C:08ACH         LINE#         287
  C:08BAH         LINE#         288
  C:08BFH         LINE#         289
  C:08CAH         LINE#         290
  C:08CBH         LINE#         291
  C:08CBH         LINE#         292
  C:08E5H         LINE#         293
  C:08E5H         LINE#         294
  C:08EAH         LINE#         295
  C:08EDH         LINE#         296
  C:08EFH         LINE#         297
  C:08FBH         LINE#         298
  C:0906H         LINE#         299
  C:0906H         LINE#         300
  C:0907H         LINE#         301
  C:0907H         LINE#         302
  C:0911H         LINE#         303
  C:0911H         LINE#         304
  C:091DH         LINE#         305
  C:0920H         LINE#         306
  C:092AH         LINE#         307
  C:0938H         LINE#         308
  C:093DH         LINE#         309
  C:0948H         LINE#         310
  C:0949H         LINE#         311
BL51 BANKED LINKER/LOCATER V6.22.2.0                                                  03/28/2022  17:48:09  PAGE 21


  C:095DH         LINE#         312
  C:095DH         LINE#         313
  C:0963H         LINE#         314
  C:0969H         LINE#         315
  C:096FH         LINE#         316
  C:0975H         LINE#         317
  C:0987H         LINE#         318
  C:0998H         LINE#         319
  C:09A3H         LINE#         320
  C:09A4H         LINE#         321
  C:09CCH         LINE#         322
  C:09CCH         LINE#         323
  C:09DEH         LINE#         324
  C:09E3H         LINE#         325
  C:09F5H         LINE#         326
  C:09F5H         LINE#         327
  C:09FFH         LINE#         328
  C:0A12H         LINE#         329
  C:0A39H         LINE#         330
  C:0A50H         LINE#         331
  C:0A5BH         LINE#         332
  C:0A66H         LINE#         333
  C:0A69H         LINE#         334
  C:0A96H         LINE#         335
  C:0A96H         LINE#         336
  C:0AA0H         LINE#         337
  C:0AB3H         LINE#         338
  C:0ABAH         LINE#         339
  C:0AE6H         LINE#         340
  C:0AFDH         LINE#         341
  C:0B08H         LINE#         342
  C:0B13H         LINE#         343
  C:0B13H         LINE#         344
  C:0B18H         LINE#         345
  C:0B18H         LINE#         346
  C:0B19H         LINE#         347
  C:0B19H         LINE#         348
  C:0B33H         LINE#         349
  C:0B33H         LINE#         350
  C:0B39H         LINE#         351
  C:0B3FH         LINE#         352
  C:0B45H         LINE#         353
  C:0B4AH         LINE#         354
  C:0B64H         LINE#         355
  C:0B82H         LINE#         356
  C:0BA2H         LINE#         357
  C:0BC3H         LINE#         358
  C:0BD9H         LINE#         359
  C:0BEAH         LINE#         360
  C:0BF0H         LINE#         361
  C:0BFBH         LINE#         362
  C:0BFBH         LINE#         363
  C:0BFBH         LINE#         365
  C:0BFBH         LINE#         366
  C:0BFBH         LINE#         367
  C:0BFBH         LINE#         368
  C:0BFBH         LINE#         369
BL51 BANKED LINKER/LOCATER V6.22.2.0                                                  03/28/2022  17:48:09  PAGE 22


  -------         ENDPROC       PC_PRG
  -------         ENDMOD        UART

  -------         MODULE        IAP_FLASH
  C:0000H         SYMBOL        _ICE_DUMMY_
  D:0090H         PUBLIC        P1
  D:00A0H         PUBLIC        P2
  D:00E7H         PUBLIC        ISPCR
  D:00C0H         PUBLIC        XICON
  D:00B0H         PUBLIC        P3
  D:00E8H         PUBLIC        P4
  D:00F8H         PUBLIC        P5
  D:00F8H         PUBLIC        P6
  B:00A8H.7       PUBLIC        EA
  C:21C6H         PUBLIC        _IAP_WriteBuf_With_Protect_Verify
  D:00A8H         PUBLIC        IE
  D:00B8H         PUBLIC        IP0L
  C:4096H         PUBLIC        _IAP_WritePPage
  D:00BFH         PUBLIC        CKCON1
  D:00D8H         PUBLIC        CCON
  D:00E6H         PUBLIC        SCMD
  D:00E3H         PUBLIC        IFADRH
  D:00E5H         PUBLIC        IFMT
  D:00E4H         PUBLIC        IFADRL
  D:0088H         PUBLIC        TCON
  C:4289H         PUBLIC        Init_IAP_flash
  C:13AFH         PUBLIC        eeprom_sys_load
  D:00E2H         PUBLIC        IFD
  D:0098H         PUBLIC        S0CON
  D:0098H         PUBLIC        S1CON
  D:00C8H         PUBLIC        T2CON
  D:00D0H         PUBLIC        PSW
  -------         PROC          INIT_IAP_FLASH
  C:4289H         LINE#         16
  C:4289H         LINE#         17
  C:4289H         LINE#         19
  C:428CH         LINE#         22
  C:4293H         LINE#         23
  -------         ENDPROC       INIT_IAP_FLASH
  -------         PROC          _IAP_WRITEPPAGE
  D:0057H         SYMBOL        PsfrAddr
  D:0058H         SYMBOL        PsfrData
  -------         DO            
  B:0020H.1       SYMBOL        bEA
  -------         ENDDO         
  C:4096H         LINE#         34
  C:409AH         LINE#         35
  C:409AH         LINE#         36
  C:409EH         LINE#         37
  C:40A0H         LINE#         38
  C:40A3H         LINE#         39
  C:40A6H         LINE#         40
  C:40A9H         LINE#         41
  C:40ACH         LINE#         42
  C:40AFH         LINE#         44
  C:40B2H         LINE#         46
  C:40B5H         LINE#         47
BL51 BANKED LINKER/LOCATER V6.22.2.0                                                  03/28/2022  17:48:09  PAGE 23


  C:40B6H         LINE#         48
  C:40B9H         LINE#         49
  C:40BCH         LINE#         50
  C:40C0H         LINE#         51
  -------         ENDPROC       _IAP_WRITEPPAGE
  -------         PROC          _IAP_WRITEBUF_WITH_PROTECT_VERIFY
  D:0019H         SYMBOL        ByteAddr
  D:001BH         SYMBOL        pBuf
  D:001EH         SYMBOL        Cnt
  -------         DO            
  X:0000H         SYMBOL        TempBuf
  X:0200H         SYMBOL        i
  X:0202H         SYMBOL        ErrCnt
  X:0203H         SYMBOL        SectorAddr
  B:0020H.2       SYMBOL        bEA
  C:22ACH         SYMBOL        Err_Loop
  C:23E8H         SYMBOL        Err_Return
  -------         ENDDO         
  C:21C6H         LINE#         124
  C:21D0H         LINE#         125
  C:21D0H         LINE#         130
  C:21D4H         LINE#         132
  C:21D6H         LINE#         133
  C:21DBH         LINE#         135
  C:21EAH         LINE#         136
  C:2200H         LINE#         137
  C:2200H         LINE#         138
  C:2207H         LINE#         139
  C:220EH         LINE#         140
  C:2211H         LINE#         141
  C:2214H         LINE#         142
  C:2217H         LINE#         143
  C:221AH         LINE#         144
  C:221DH         LINE#         145
  C:2220H         LINE#         146
  C:222EH         LINE#         147
  C:2243H         LINE#         148
  C:2246H         LINE#         149
  C:2256H         LINE#         151
  C:2265H         LINE#         152
  C:226BH         LINE#         153
  C:226BH         LINE#         154
  C:2289H         LINE#         155
  C:2294H         LINE#         156
  C:22A2H         LINE#         157
  C:22AAH         LINE#         158
  C:22ACH         LINE#         159
  C:22ACH         LINE#         161
  C:22BBH         LINE#         162
  C:22C2H         LINE#         163
  C:22C5H         LINE#         164
  C:22C8H         LINE#         165
  C:22CBH         LINE#         167
  C:22CEH         LINE#         169
  C:22D1H         LINE#         170
  C:22D2H         LINE#         171
  C:22D5H         LINE#         172
BL51 BANKED LINKER/LOCATER V6.22.2.0                                                  03/28/2022  17:48:09  PAGE 24


  C:22D8H         LINE#         174
  C:22EEH         LINE#         175
  C:22EEH         LINE#         176
  C:2304H         LINE#         177
  C:230BH         LINE#         178
  C:2312H         LINE#         179
  C:2315H         LINE#         180
  C:2318H         LINE#         182
  C:231BH         LINE#         184
  C:231EH         LINE#         185
  C:231FH         LINE#         186
  C:2322H         LINE#         187
  C:2325H         LINE#         188
  C:2333H         LINE#         189
  C:2336H         LINE#         190
  C:2346H         LINE#         192
  C:2355H         LINE#         193
  C:236BH         LINE#         194
  C:236BH         LINE#         195
  C:2372H         LINE#         196
  C:2379H         LINE#         197
  C:237CH         LINE#         198
  C:237FH         LINE#         200
  C:2382H         LINE#         202
  C:2385H         LINE#         203
  C:2388H         LINE#         204
  C:238BH         LINE#         205
  C:2399H         LINE#         206
  C:239CH         LINE#         207
  C:23B5H         LINE#         208
  C:23B5H         LINE#         209
  C:23BBH         LINE#         210
  C:23CDH         LINE#         211
  C:23CDH         LINE#         212
  C:23D0H         LINE#         213
  C:23D0H         LINE#         215
  C:23D0H         LINE#         216
  C:23D2H         LINE#         217
  C:23D2H         LINE#         218
  C:23D2H         LINE#         219
  C:23E3H         LINE#         220
  C:23E8H         LINE#         221
  C:23E8H         LINE#         222
  C:23ECH         LINE#         223
  C:23F1H         LINE#         224
  -------         ENDPROC       _IAP_WRITEBUF_WITH_PROTECT_VERIFY
  -------         PROC          EEPROM_SYS_LOAD
  -------         DO            
  X:0205H         SYMBOL        Init_ID_data
  I:007DH         SYMBOL        offset
  -------         ENDDO         
  C:13AFH         LINE#         245
  C:13AFH         LINE#         246
  C:13AFH         LINE#         248
  C:13B3H         LINE#         250
  C:13BEH         LINE#         251
  C:13D5H         LINE#         253
BL51 BANKED LINKER/LOCATER V6.22.2.0                                                  03/28/2022  17:48:09  PAGE 25


  C:13DAH         LINE#         254
  C:13E5H         LINE#         255
  C:13F0H         LINE#         256
  C:13FBH         LINE#         257
  C:143DH         LINE#         258
  C:1451H         LINE#         260
  C:145BH         LINE#         261
  C:1485H         LINE#         262
  C:1485H         LINE#         263
  C:148EH         LINE#         264
  C:14B4H         LINE#         265
  C:14CBH         LINE#         267
  C:14F1H         LINE#         268
  C:1508H         LINE#         270
  C:152EH         LINE#         271
  C:1545H         LINE#         273
  C:156BH         LINE#         274
  C:1582H         LINE#         276
  C:15A8H         LINE#         277
  C:15BFH         LINE#         278
  C:15C0H         LINE#         279
  C:15EBH         LINE#         280
  C:15EBH         LINE#         281
  C:15F4H         LINE#         282
  C:15FAH         LINE#         283
  C:1625H         LINE#         284
  C:163CH         LINE#         286
  C:1667H         LINE#         287
  C:167EH         LINE#         289
  C:16A9H         LINE#         290
  C:16C0H         LINE#         292
  C:16EBH         LINE#         293
  C:1702H         LINE#         295
  C:172DH         LINE#         296
  C:1744H         LINE#         297
  C:1744H         LINE#         298
  C:1744H         LINE#         300
  -------         ENDPROC       EEPROM_SYS_LOAD
  -------         ENDMOD        IAP_FLASH

  -------         MODULE        SPI
  C:0000H         SYMBOL        _ICE_DUMMY_
  D:0090H         PUBLIC        P1
  D:00A0H         PUBLIC        P2
  D:00C0H         PUBLIC        XICON
  D:00B0H         PUBLIC        P3
  D:00E8H         PUBLIC        P4
  D:00F8H         PUBLIC        P5
  D:0085H         PUBLIC        SPCON
  D:00F8H         PUBLIC        P6
  D:00A8H         PUBLIC        IE
  D:00B8H         PUBLIC        IP0L
  C:41A9H         PUBLIC        Init_Spi
  D:00D8H         PUBLIC        CCON
  B:0090H.4       PUBLIC        P14
  D:0088H         PUBLIC        TCON
  C:429FH         PUBLIC        _spi_delay
BL51 BANKED LINKER/LOCATER V6.22.2.0                                                  03/28/2022  17:48:09  PAGE 26


  C:3812H         PUBLIC        _ML7345_Write_Fifo
  C:3E32H         PUBLIC        _ML7345_Read_Reg
  C:3F78H         PUBLIC        _ML7345_Write_Reg
  D:0084H         PUBLIC        SPSTAT
  D:0098H         PUBLIC        S0CON
  D:0098H         PUBLIC        S1CON
  D:00C8H         PUBLIC        T2CON
  D:00A2H         PUBLIC        AUXR1
  C:41C4H         PUBLIC        _SPI1_SendRecv_Data
  D:00D0H         PUBLIC        PSW
  D:0086H         PUBLIC        SPDAT
  -------         PROC          _SPI_DELAY
  D:0060H         SYMBOL        n
  C:429FH         LINE#         3
  C:42A1H         LINE#         4
  C:42A1H         LINE#         5
  C:42A8H         LINE#         6
  -------         ENDPROC       _SPI_DELAY
  -------         PROC          INIT_SPI
  C:41A9H         LINE#         8
  C:41A9H         LINE#         9
  C:41A9H         LINE#         11
  C:41ACH         LINE#         13
  C:41AFH         LINE#         15
  C:41B5H         LINE#         17
  C:41B8H         LINE#         19
  C:41BBH         LINE#         21
  C:41BEH         LINE#         23
  C:41C1H         LINE#         25
  C:41C3H         LINE#         26
  -------         ENDPROC       INIT_SPI
  -------         PROC          _SPI1_SENDRECV_DATA
  D:0061H         SYMBOL        SPI_DATA
  C:41C4H         LINE#         35
  C:41C6H         LINE#         36
  C:41C6H         LINE#         37
  C:41CBH         LINE#         38
  C:41CEH         LINE#         39
  C:41D9H         LINE#         40
  C:41DCH         LINE#         41
  C:41DEH         LINE#         42
  -------         ENDPROC       _SPI1_SENDRECV_DATA
  -------         PROC          _ML7345_WRITE_REG
  D:0059H         SYMBOL        addr
  D:005AH         SYMBOL        dat
  C:3F78H         LINE#         45
  C:3F7CH         LINE#         46
  C:3F7CH         LINE#         47
  C:3F81H         LINE#         48
  C:3F83H         LINE#         49
  C:3F88H         LINE#         51
  C:3F92H         LINE#         52
  C:3F97H         LINE#         53
  C:3F9CH         LINE#         55
  C:3FA1H         LINE#         56
  C:3FA3H         LINE#         57
  C:3FA8H         LINE#         58
BL51 BANKED LINKER/LOCATER V6.22.2.0                                                  03/28/2022  17:48:09  PAGE 27


  -------         ENDPROC       _ML7345_WRITE_REG
  -------         PROC          _ML7345_READ_REG
  D:0062H         SYMBOL        addr
  -------         DO            
  X:03BEH         SYMBOL        read
  -------         ENDDO         
  C:3E32H         LINE#         60
  C:3E34H         LINE#         61
  C:3E34H         LINE#         62
  C:3E39H         LINE#         63
  C:3E3EH         LINE#         64
  C:3E40H         LINE#         65
  C:3E45H         LINE#         67
  C:3E4BH         LINE#         68
  C:3E50H         LINE#         69
  C:3E5AH         LINE#         71
  C:3E5FH         LINE#         72
  C:3E61H         LINE#         73
  C:3E66H         LINE#         75
  C:3E6BH         LINE#         76
  -------         ENDPROC       _ML7345_READ_REG
  -------         PROC          _ML7345_WRITE_FIFO
  D:0037H         SYMBOL        addr
  D:0038H         SYMBOL        pbuf
  D:003BH         SYMBOL        len
  -------         DO            
  X:03BFH         SYMBOL        i
  -------         ENDDO         
  C:3812H         LINE#         78
  C:381AH         LINE#         79
  C:381AH         LINE#         80
  C:381FH         LINE#         81
  C:3824H         LINE#         82
  C:3826H         LINE#         83
  C:382BH         LINE#         85
  C:3835H         LINE#         86
  C:383AH         LINE#         87
  C:3847H         LINE#         88
  C:3858H         LINE#         89
  C:3858H         LINE#         90
  C:385DH         LINE#         91
  C:3874H         LINE#         92
  C:387CH         LINE#         94
  C:3881H         LINE#         95
  C:3883H         LINE#         96
  C:3888H         LINE#         97
  -------         ENDPROC       _ML7345_WRITE_FIFO
  -------         ENDMOD        SPI

  -------         MODULE        RAM
  C:0000H         SYMBOL        _ICE_DUMMY_
  X:0209H         PUBLIC        m_KeyCloseCount
  X:020AH         PUBLIC        write_flash_buffer
  D:0090H         PUBLIC        P1
  X:0212H         PUBLIC        txphase
  D:00A0H         PUBLIC        P2
  D:00C0H         PUBLIC        XICON
BL51 BANKED LINKER/LOCATER V6.22.2.0                                                  03/28/2022  17:48:09  PAGE 28


  D:00B0H         PUBLIC        P3
  D:00E8H         PUBLIC        P4
  X:0214H         PUBLIC        m_KeyCount
  D:00F8H         PUBLIC        P5
  X:0215H         PUBLIC        AD_DATA_BUFF
  D:00F8H         PUBLIC        P6
  X:0217H         PUBLIC        TB_976us
  X:0218H         PUBLIC        ID_data
  D:00A8H         PUBLIC        IE
  X:021CH         PUBLIC        TIME_Once_twice_switch
  X:021EH         PUBLIC        BAT_Voltage_value
  X:0222H         PUBLIC        rom_KeyOpt
  I:006DH         PUBLIC        RAM_SW_type
  X:0223H         PUBLIC        BAT_out
  X:0224H         PUBLIC        SIO_cnt
  X:0225H         PUBLIC        m_KeyDupliSetTimeout
  X:0227H         PUBLIC        ID_data_add
  D:00B8H         PUBLIC        IP0L
  X:022BH         PUBLIC        m_KeyDupli1stTimer
  X:022DH         PUBLIC        m_KeyOld
  X:022EH         PUBLIC        m_KeyOpenCount
  X:022FH         PUBLIC        txphase_end
  I:006EH         PUBLIC        mark0_stu
  I:006FH         PUBLIC        mark1_stu
  X:0231H         PUBLIC        TB_5s
  X:0232H         PUBLIC        m_KeyNew
  D:00D8H         PUBLIC        CCON
  X:0233H         PUBLIC        PROFILE_CH_FREQ_32bit_200002EC
  X:0237H         PUBLIC        m_ChatterCount
  X:0239H         PUBLIC        key_Value
  I:0070H         PUBLIC        RAM_RegSW_type
  X:023BH         PUBLIC        Key_Sta
  D:0088H         PUBLIC        TCON
  X:023CH         PUBLIC        m_KeyNo
  C:39BBH         PUBLIC        _Init_RAM
  X:023DH         PUBLIC        m_KindOfKey
  I:0071H         PUBLIC        RAM_OP1_type
  I:0072H         PUBLIC        RAM_OP2_type
  X:023EH         PUBLIC        TIME_BEEP_freq
  X:023FH         PUBLIC        txphase_Repeat
  X:0240H         PUBLIC        time_led
  X:0242H         PUBLIC        BASE_TIME_BEEP_off
  X:0243H         PUBLIC        TIME_BEEP_off
  X:0244H         PUBLIC        TB_51s
  X:0245H         PUBLIC        ID_INT_CODE
  X:0246H         PUBLIC        TB_sum_5s
  X:0247H         PUBLIC        RAM_BAT_AVG
  X:0249H         PUBLIC        RAM_BAT_CNT
  X:024AH         PUBLIC        m_RegDigit
  X:024BH         PUBLIC        m_KeyOptSetMode
  X:024CH         PUBLIC        Control_code
  X:024DH         PUBLIC        TIME_2s_RestTX
  D:0098H         PUBLIC        S0CON
  X:024EH         PUBLIC        TIME_power_on_AD
  X:0250H         PUBLIC        TIME_10s
  D:0098H         PUBLIC        S1CON
  X:0252H         PUBLIC        SIO_DATA
BL51 BANKED LINKER/LOCATER V6.22.2.0                                                  03/28/2022  17:48:09  PAGE 29


  D:00C8H         PUBLIC        T2CON
  X:0262H         PUBLIC        TB_100ms
  X:0263H         PUBLIC        BASE_TIME_BEEP_on
  X:0265H         PUBLIC        m_TimerKeyMonitor
  X:0267H         PUBLIC        TIME_BEEP_on
  X:0269H         PUBLIC        RAM_BAT_SUM
  X:026DH         PUBLIC        SIO_buff
  X:027DH         PUBLIC        m_RFNormalBuf
  X:02A5H         PUBLIC        m_RegMode
  X:02A6H         PUBLIC        m_TimerRegMode
  X:02A8H         PUBLIC        m_RegID
  D:00D0H         PUBLIC        PSW
  X:02B1H         PUBLIC        m_TimerKey
  -------         PROC          _INIT_RAM
  C:39BBH         LINE#         83
  C:39BBH         LINE#         84
  C:39BBH         LINE#         85
  C:39C1H         LINE#         87
  C:39C7H         LINE#         88
  C:39D4H         LINE#         94
  C:39D7H         LINE#         95
  C:39E3H         LINE#         96
  C:39E8H         LINE#         98
  C:39F4H         LINE#         99
  C:3A00H         LINE#         100
  C:3A03H         LINE#         101
  C:3A0BH         LINE#         102
  C:3A13H         LINE#         103
  -------         ENDPROC       _INIT_RAM
  -------         ENDMOD        RAM

  -------         MODULE        ML7345
  C:0000H         SYMBOL        _ICE_DUMMY_
  X:02B3H         PUBLIC        First_TX_Scan
  X:02B4H         PUBLIC        APP_TX_freq
  D:0090H         PUBLIC        P1
  D:00A0H         PUBLIC        P2
  D:00C0H         PUBLIC        XICON
  D:00B0H         PUBLIC        P3
  D:00E8H         PUBLIC        P4
  D:00F8H         PUBLIC        P5
  D:00F8H         PUBLIC        P6
  D:00A8H         PUBLIC        IE
  X:02B5H         PUBLIC        Receiver_vent_Cache
  X:02B6H         PUBLIC        tx_pack_cnt
  D:00B8H         PUBLIC        IP0L
  X:02B7H         PUBLIC        Fre_429_350
  X:02BFH         PUBLIC        Fre_426_750
  X:02C7H         PUBLIC        Fre_426_075
  X:02CFH         PUBLIC        Fre_429_550
  X:02D7H         PUBLIC        Fre_429_175
  X:02DFH         PUBLIC        Freq_SetBuff
  D:00D8H         PUBLIC        CCON
  X:02E7H         PUBLIC        txbuf
  C:3B56H         PUBLIC        _Tx_Data_Test
  X:02EAH         PUBLIC        TX_Scan_step
  D:0088H         PUBLIC        TCON
BL51 BANKED LINKER/LOCATER V6.22.2.0                                                  03/28/2022  17:48:09  PAGE 30


  B:00B0H.4       PUBLIC        P34
  B:00B0H.5       PUBLIC        P35
  C:4294H         PUBLIC        dd_set_ML7345D_Power_on
  B:00A0H.7       PUBLIC        P27
  X:02EBH         PUBLIC        rf_offset
  C:2FDAH         PUBLIC        ML7345_TRX_Del
  X:02ECH         PUBLIC        Radio_Date_Type
  X:02EDH         PUBLIC        SPI_RECEIVE_BUFF
  C:0FDAH         PUBLIC        _RF_ML7345_Init
  X:0315H         PUBLIC        SPI_Receive_DataForC
  D:0098H         PUBLIC        S0CON
  D:0098H         PUBLIC        S1CON
  X:0331H         PUBLIC        Radio_Date_Type_bak
  D:00C8H         PUBLIC        T2CON
  D:00D0H         PUBLIC        PSW
  -------         PROC          _RF_ML7345_INIT
  D:003CH         SYMBOL        freq
  D:003FH         SYMBOL        sync
  D:0040H         SYMBOL        rx_len
  C:0FDAH         LINE#         44
  C:0FE2H         LINE#         45
  C:0FE2H         LINE#         46
  C:0FE5H         LINE#         47
  C:0FE8H         LINE#         48
  C:0FE8H         LINE#         49
  C:0FF3H         LINE#         50
  C:0FF5H         LINE#         51
  C:0FF5H         LINE#         52
  C:0FF7H         LINE#         53
  C:0FFEH         LINE#         54
  C:1005H         LINE#         55
  C:100CH         LINE#         56
  C:1013H         LINE#         57
  C:101AH         LINE#         58
  C:1021H         LINE#         59
  C:1028H         LINE#         60
  C:102FH         LINE#         61
  C:1036H         LINE#         62
  C:103DH         LINE#         63
  C:1044H         LINE#         64
  C:104BH         LINE#         65
  C:1052H         LINE#         66
  C:1059H         LINE#         67
  C:1060H         LINE#         68
  C:1067H         LINE#         69
  C:106EH         LINE#         70
  C:1075H         LINE#         71
  C:107CH         LINE#         72
  C:1083H         LINE#         73
  C:108AH         LINE#         74
  C:1091H         LINE#         75
  C:1098H         LINE#         76
  C:109FH         LINE#         77
  C:10A6H         LINE#         78
  C:10ADH         LINE#         79
  C:10B4H         LINE#         81
  C:10BBH         LINE#         83
BL51 BANKED LINKER/LOCATER V6.22.2.0                                                  03/28/2022  17:48:09  PAGE 31


  C:10C2H         LINE#         85
  C:10C9H         LINE#         87
  C:10D0H         LINE#         88
  C:10D7H         LINE#         90
  C:10DEH         LINE#         92
  C:10E5H         LINE#         93
  C:10ECH         LINE#         94
  C:10F3H         LINE#         95
  C:10FAH         LINE#         97
  C:1101H         LINE#         99
  C:1108H         LINE#         101
  C:110FH         LINE#         103
  C:1116H         LINE#         104
  C:111DH         LINE#         105
  C:1124H         LINE#         107
  C:112BH         LINE#         109
  C:1132H         LINE#         110
  C:1139H         LINE#         112
  C:1140H         LINE#         113
  C:1147H         LINE#         117
  C:114EH         LINE#         118
  C:1155H         LINE#         119
  C:115CH         LINE#         120
  C:1163H         LINE#         121
  C:116AH         LINE#         123
  C:1171H         LINE#         125
  C:1178H         LINE#         127
  C:117FH         LINE#         129
  C:118EH         LINE#         130
  C:11A3H         LINE#         131
  C:11B8H         LINE#         132
  C:11CDH         LINE#         133
  C:11DCH         LINE#         134
  C:11F1H         LINE#         135
  C:1206H         LINE#         136
  C:121BH         LINE#         138
  C:1222H         LINE#         139
  C:1229H         LINE#         141
  C:1230H         LINE#         142
  C:1237H         LINE#         143
  C:123EH         LINE#         144
  C:1245H         LINE#         145
  C:124CH         LINE#         146
  C:1253H         LINE#         148
  C:125AH         LINE#         149
  C:1261H         LINE#         152
  C:1268H         LINE#         156
  C:127DH         LINE#         157
  C:1292H         LINE#         158
  C:12A7H         LINE#         159
  C:12BCH         LINE#         160
  C:12C3H         LINE#         161
  C:12CAH         LINE#         162
  C:12D1H         LINE#         164
  C:12D8H         LINE#         165
  C:12DFH         LINE#         166
  C:12E6H         LINE#         167
BL51 BANKED LINKER/LOCATER V6.22.2.0                                                  03/28/2022  17:48:09  PAGE 32


  C:12EDH         LINE#         168
  C:12F4H         LINE#         170
  C:12F7H         LINE#         172
  C:12FEH         LINE#         173
  C:1305H         LINE#         176
  C:130CH         LINE#         177
  C:1313H         LINE#         179
  C:131AH         LINE#         180
  C:1321H         LINE#         181
  C:1328H         LINE#         182
  C:132FH         LINE#         183
  C:1336H         LINE#         184
  C:133DH         LINE#         185
  C:1344H         LINE#         186
  C:134BH         LINE#         188
  C:1388H         LINE#         189
  C:138BH         LINE#         192
  C:1392H         LINE#         193
  C:1399H         LINE#         194
  C:1399H         LINE#         195
  C:13A4H         LINE#         196
  C:13A6H         LINE#         197
  C:13A6H         LINE#         198
  C:13A8H         LINE#         199
  C:13ABH         LINE#         200
  C:13AEH         LINE#         201
  -------         ENDPROC       _RF_ML7345_INIT
  -------         PROC          _TX_DATA_TEST
  D:0063H         SYMBOL        mode
  C:3B56H         LINE#         220
  C:3B58H         LINE#         221
  C:3B58H         LINE#         222
  C:3B5FH         LINE#         223
  C:3B74H         LINE#         224
  C:3B74H         LINE#         226
  C:3B7DH         LINE#         229
  C:3B86H         LINE#         232
  C:3B8FH         LINE#         235
  C:3B98H         LINE#         238
  C:3B98H         LINE#         239
  C:3B9FH         LINE#         240
  C:3B9FH         LINE#         241
  C:3B9FH         LINE#         242
  C:3BA4H         LINE#         243
  -------         ENDPROC       _TX_DATA_TEST
  -------         PROC          ML7345_TRX_DEL
  -------         DO            
  I:007EH         SYMBOL        reg
  -------         ENDDO         
  C:2FDAH         LINE#         246
  C:2FDAH         LINE#         247
  C:2FDAH         LINE#         248
  C:2FDEH         LINE#         250
  C:2FE7H         LINE#         251
  C:3009H         LINE#         252
  C:3009H         LINE#         253
  C:3015H         LINE#         254
BL51 BANKED LINKER/LOCATER V6.22.2.0                                                  03/28/2022  17:48:09  PAGE 33


  C:301AH         LINE#         255
  C:302DH         LINE#         256
  C:302DH         LINE#         257
  C:3056H         LINE#         258
  C:3056H         LINE#         259
  C:3062H         LINE#         260
  C:3075H         LINE#         261
  C:307BH         LINE#         262
  C:307CH         LINE#         263
  C:30A0H         LINE#         264
  C:30A0H         LINE#         265
  C:30ACH         LINE#         266
  C:30B8H         LINE#         267
  C:30CFH         LINE#         268
  C:30D4H         LINE#         269
  C:30D6H         LINE#         270
  C:30D9H         LINE#         271
  C:30DBH         LINE#         272
  C:30DBH         LINE#         273
  C:30DBH         LINE#         274
  C:30DBH         LINE#         275
  -------         ENDPROC       ML7345_TRX_DEL
  -------         PROC          DD_SET_ML7345D_POWER_ON
  C:4294H         LINE#         277
  C:4294H         LINE#         278
  C:4294H         LINE#         279
  C:4297H         LINE#         280
  C:4297H         LINE#         281
  C:4299H         LINE#         282
  C:429EH         LINE#         284
  C:429EH         LINE#         285
  -------         ENDPROC       DD_SET_ML7345D_POWER_ON
  -------         ENDMOD        ML7345

  -------         MODULE        ML7345_HAL
  C:0000H         SYMBOL        _ICE_DUMMY_
  C:338EH         PUBLIC        ML7345_DataRate_Set_4_8k
  D:0090H         PUBLIC        P1
  D:00A0H         PUBLIC        P2
  D:00C0H         PUBLIC        XICON
  D:00B0H         PUBLIC        P3
  D:00E8H         PUBLIC        P4
  D:00F8H         PUBLIC        P5
  D:00F8H         PUBLIC        P6
  D:00A8H         PUBLIC        IE
  C:3D80H         PUBLIC        _ML7345_AutoTx_Data
  C:2950H         PUBLIC        _ML7345_Frequency_Set
  D:00B8H         PUBLIC        IP0L
  C:30DCH         PUBLIC        _ML7345_SetAndGet_State
  C:3EA5H         PUBLIC        _ML7345_StateFlag_Clear
  D:00D8H         PUBLIC        CCON
  C:403AH         PUBLIC        _ML7345_AutoStateTransition_Set
  C:4170H         PUBLIC        ML7345_AllStateFlag_Clear
  D:0088H         PUBLIC        TCON
  B:00B0H.4       PUBLIC        P34
  C:1CD9H         PUBLIC        _ML7345_Frequency_Calcul
  C:3CC5H         PUBLIC        WaitStatus_Complete
BL51 BANKED LINKER/LOCATER V6.22.2.0                                                  03/28/2022  17:48:09  PAGE 34


  C:3F46H         PUBLIC        SetReg_Rssi
  C:41F5H         PUBLIC        ML7345_GPIO0TxDoneInt_Enable
  D:0098H         PUBLIC        S0CON
  D:0098H         PUBLIC        S1CON
  D:00C8H         PUBLIC        T2CON
  C:42A9H         PUBLIC        ML7345_RESETN_SET
  C:350EH         PUBLIC        ML7345_DataRate_Set_1_2k
  D:00D0H         PUBLIC        PSW
  -------         PROC          _ML7345_AUTOSTATETRANSITION_SET
  D:0064H         SYMBOL        sta
  C:403AH         LINE#         10
  C:403CH         LINE#         11
  C:403CH         LINE#         12
  C:4043H         LINE#         13
  C:4061H         LINE#         14
  C:4068H         LINE#         15
  -------         ENDPROC       _ML7345_AUTOSTATETRANSITION_SET
  -------         PROC          _ML7345_SETANDGET_STATE
  D:0065H         SYMBOL        sta
  -------         DO            
  X:03B0H         SYMBOL        status
  -------         ENDDO         
  C:30DCH         LINE#         31
  C:30DEH         LINE#         32
  C:30DEH         LINE#         33
  C:30E3H         LINE#         35
  C:30EAH         LINE#         36
  C:30F9H         LINE#         37
  C:3106H         LINE#         38
  C:3106H         LINE#         39
  C:3131H         LINE#         40
  C:3131H         LINE#         41
  C:3138H         LINE#         42
  C:3140H         LINE#         43
  C:3155H         LINE#         44
  C:3155H         LINE#         45
  C:316CH         LINE#         46
  C:316FH         LINE#         47
  C:319BH         LINE#         48
  C:31A9H         LINE#         49
  C:31ACH         LINE#         50
  C:31B3H         LINE#         51
  C:31B6H         LINE#         52
  C:31B6H         LINE#         53
  C:31C5H         LINE#         54
  C:31C5H         LINE#         55
  C:31C5H         LINE#         56
  C:31CAH         LINE#         57
  -------         ENDPROC       _ML7345_SETANDGET_STATE
  -------         PROC          WAITSTATUS_COMPLETE
  -------         DO            
  X:03B1H         SYMBOL        count
  -------         ENDDO         
  C:3CC5H         LINE#         60
  C:3CC5H         LINE#         61
  C:3CC5H         LINE#         62
  C:3CCDH         LINE#         63
[...]
  C:0DBEH         LINE#         928
  C:0DBEH         LINE#         929
  C:0DBFH         LINE#         931
  C:0DBFH         LINE#         932
  C:0DCCH         LINE#         933
  C:0DCCH         LINE#         934
  C:0DD6H         LINE#         935
  C:0DDCH         LINE#         936
  C:0DDDH         LINE#         938
  C:0DDDH         LINE#         939
  C:0DE1H         LINE#         941
  C:0DE1H         LINE#         942
  C:0DE1H         LINE#         943
  C:0DE2H         LINE#         945
  C:0DE2H         LINE#         946
  C:0DF1H         LINE#         947
  C:0DF1H         LINE#         948
  C:0DF7H         LINE#         949
  C:0E01H         LINE#         951
  C:0E0CH         LINE#         952
  C:0E18H         LINE#         953
  C:0E18H         LINE#         959
  C:0E19H         LINE#         961
  C:0E19H         LINE#         962
  C:0E25H         LINE#         963
  C:0E25H         LINE#         964
  C:0E29H         LINE#         966
  C:0E29H         LINE#         968
  C:0E44H         LINE#         969
BL51 BANKED LINKER/LOCATER V6.22.2.0                                                  03/28/2022  17:48:09  PAGE 53


  C:0E45H         LINE#         971
  C:0E45H         LINE#         973
  C:0E4DH         LINE#         974
  C:0E4DH         LINE#         975
  C:0E5AH         LINE#         976
  C:0E5AH         LINE#         977
  C:0E64H         LINE#         978
  C:0E6AH         LINE#         979
  C:0E76H         LINE#         980
  C:0E77H         LINE#         982
  C:0E77H         LINE#         983
  C:0E7BH         LINE#         985
  C:0E7BH         LINE#         986
  C:0E7CH         LINE#         988
  C:0E7CH         LINE#         989
  C:0E89H         LINE#         990
  C:0E89H         LINE#         991
  C:0E93H         LINE#         992
  C:0E99H         LINE#         993
  C:0E9AH         LINE#         995
  C:0E9AH         LINE#         996
  C:0E9EH         LINE#         998
  C:0E9EH         LINE#         999
  C:0E9EH         LINE#         1000
  C:0E9FH         LINE#         1002
  C:0E9FH         LINE#         1003
  C:0E9FH         LINE#         1004
  C:0EABH         LINE#         1005
  C:0EABH         LINE#         1006
  C:0EAFH         LINE#         1008
  C:0EAFH         LINE#         1010
  C:0ECAH         LINE#         1011
  C:0ECBH         LINE#         1013
  C:0ECBH         LINE#         1015
  C:0ED6H         LINE#         1016
  C:0ED6H         LINE#         1017
  C:0EE3H         LINE#         1018
  C:0EE3H         LINE#         1019
  C:0EF0H         LINE#         1020
  C:0EF0H         LINE#         1021
  C:0EF7H         LINE#         1022
  C:0EFBH         LINE#         1023
  C:0EFBH         LINE#         1024
  C:0EFEH         LINE#         1025
  C:0F00H         LINE#         1027
  C:0F00H         LINE#         1028
  C:0F03H         LINE#         1029
  C:0F03H         LINE#         1030
  C:0F09H         LINE#         1031
  C:0F1CH         LINE#         1036
  C:0F27H         LINE#         1037
  C:0F33H         LINE#         1038
  C:0F3FH         LINE#         1039
  C:0F45H         LINE#         1040
  C:0F49H         LINE#         1042
  C:0F49H         LINE#         1043
  C:0F4FH         LINE#         1044
BL51 BANKED LINKER/LOCATER V6.22.2.0                                                  03/28/2022  17:48:09  PAGE 54


  C:0F50H         LINE#         1046
  C:0F50H         LINE#         1047
  C:0F54H         LINE#         1049
  C:0F54H         LINE#         1050
  C:0F55H         LINE#         1052
  C:0F55H         LINE#         1053
  C:0F62H         LINE#         1054
  C:0F62H         LINE#         1055
  C:0F6FH         LINE#         1056
  C:0F6FH         LINE#         1057
  C:0F76H         LINE#         1058
  C:0F7AH         LINE#         1059
  C:0F7AH         LINE#         1060
  C:0F7DH         LINE#         1061
  C:0F7FH         LINE#         1063
  C:0F7FH         LINE#         1064
  C:0F82H         LINE#         1065
  C:0F82H         LINE#         1066
  C:0F88H         LINE#         1067
  C:0F9BH         LINE#         1071
  C:0FA6H         LINE#         1072
  C:0FB2H         LINE#         1073
  C:0FBEH         LINE#         1074
  C:0FC2H         LINE#         1077
  C:0FC2H         LINE#         1078
  C:0FC8H         LINE#         1079
  C:0FC9H         LINE#         1081
  C:0FC9H         LINE#         1082
  C:0FCDH         LINE#         1084
  C:0FCDH         LINE#         1085
  C:0FCDH         LINE#         1086
  C:0FCEH         LINE#         1088
  C:0FCEH         LINE#         1089
  C:0FD6H         LINE#         1090
  C:0FD6H         LINE#         1092
  C:0FD9H         LINE#         1094
  C:0FD9H         LINE#         1095
  C:0FD9H         LINE#         1097
  C:0FD9H         LINE#         1098
  -------         ENDPROC       _DUPLIFUNCSETMODE
  -------         PROC          _REGISTRATIONMODE
  C:2AC8H         LINE#         1108
  C:2AC8H         LINE#         1109
  C:2AC8H         LINE#         1110
  C:2AD1H         LINE#         1111
  C:2AD1H         LINE#         1113
  C:2AD1H         LINE#         1115
  C:2AE5H         LINE#         1116
  C:2AF1H         LINE#         1117
  C:2AF3H         LINE#         1118
  C:2AF3H         LINE#         1119
  C:2AFFH         LINE#         1120
  C:2B05H         LINE#         1121
  C:2B13H         LINE#         1122
  C:2B2EH         LINE#         1123
  C:2B30H         LINE#         1124
  C:2B30H         LINE#         1126
BL51 BANKED LINKER/LOCATER V6.22.2.0                                                  03/28/2022  17:48:09  PAGE 55


  C:2B3BH         LINE#         1127
  C:2B3DH         LINE#         1128
  C:2B42H         LINE#         1129
  C:2B42H         LINE#         1140
  C:2B5BH         LINE#         1141
  C:2B5BH         LINE#         1142
  C:2B5BH         LINE#         1143
  C:2B74H         LINE#         1144
  C:2B74H         LINE#         1145
  C:2B86H         LINE#         1146
  C:2B86H         LINE#         1148
  C:2B91H         LINE#         1149
  C:2B9BH         LINE#         1150
  C:2B9CH         LINE#         1152
  C:2B9CH         LINE#         1153
  C:2BB0H         LINE#         1154
  C:2BB0H         LINE#         1155
  C:2BB6H         LINE#         1156
  C:2BB8H         LINE#         1159
  C:2BB8H         LINE#         1161
  C:2BC3H         LINE#         1162
  C:2BC3H         LINE#         1167
  C:2BCDH         LINE#         1168
  C:2BCEH         LINE#         1170
  C:2BCEH         LINE#         1171
  C:2BD1H         LINE#         1173
  C:2BDCH         LINE#         1174
  C:2BE6H         LINE#         1175
  C:2BE7H         LINE#         1177
  C:2BE7H         LINE#         1179
  C:2BF9H         LINE#         1180
  C:2BF9H         LINE#         1182
  C:2BF9H         LINE#         1187
  C:2C08H         LINE#         1190
  C:2C24H         LINE#         1192
  C:2C24H         LINE#         1194
  C:2C2FH         LINE#         1195
  C:2C31H         LINE#         1197
  C:2C31H         LINE#         1198
  C:2C38H         LINE#         1200
  C:2C38H         LINE#         1201
  C:2C3DH         LINE#         1202
  C:2C3DH         LINE#         1203
  C:2C3DH         LINE#         1204
  -------         ENDPROC       _REGISTRATIONMODE
  -------         PROC          _ATOL
  D:0021H         SYMBOL        m_RegID_x
  -------         DO            
  D:0024H         SYMBOL        i
  D:0025H         SYMBOL        j
  D:0026H         SYMBOL        m_ID
  -------         ENDDO         
  C:379AH         LINE#         1209
  C:37A0H         LINE#         1210
  C:37A0H         LINE#         1212
  C:37ACH         LINE#         1214
  C:37BEH         LINE#         1215
BL51 BANKED LINKER/LOCATER V6.22.2.0                                                  03/28/2022  17:48:09  PAGE 56


  C:37D4H         LINE#         1216
  C:3805H         LINE#         1217
  C:3809H         LINE#         1218
  C:3811H         LINE#         1219
  -------         ENDPROC       _ATOL
  -------         PROC          __SETREGISTRATIONMODE
  D:0069H         SYMBOL        mode
  C:40C1H         LINE#         1231
  C:40C3H         LINE#         1232
  C:40C3H         LINE#         1233
  C:40C9H         LINE#         1234
  C:40C9H         LINE#         1236
  C:40C9H         LINE#         1238
  C:40CFH         LINE#         1245
  C:40D2H         LINE#         1252
  C:40DDH         LINE#         1253
  C:40E7H         LINE#         1254
  -------         ENDPROC       __SETREGISTRATIONMODE
  -------         PROC          _GETREGMODE
  C:42B9H         LINE#         1255
  C:42B9H         LINE#         1256
  C:42B9H         LINE#         1257
  C:42BEH         LINE#         1258
  -------         ENDPROC       _GETREGMODE
  -------         PROC          _IDCLEAR
  -------         DO            
  D:006AH         SYMBOL        i
  -------         ENDDO         
  C:400AH         LINE#         1265
  C:400AH         LINE#         1266
  C:400AH         LINE#         1269
  C:400FH         LINE#         1271
  C:4021H         LINE#         1272
  C:4021H         LINE#         1273
  C:4030H         LINE#         1274
  C:4034H         LINE#         1275
  C:4039H         LINE#         1277
  -------         ENDPROC       _IDCLEAR
  -------         PROC          __SWIN
  D:006BH         SYMBOL        sw
  C:410EH         LINE#         1289
  C:4110H         LINE#         1290
  C:4110H         LINE#         1291
  C:411EH         LINE#         1292
  C:4122H         LINE#         1293
  C:4122H         LINE#         1294
  C:4130H         LINE#         1295
  C:4130H         LINE#         1296
  -------         ENDPROC       __SWIN
  -------         PROC          __REQBUZZER
  D:004DH         SYMBOL        BEEP_on_SET
  D:004FH         SYMBOL        BEEP_off_SET
  D:0050H         SYMBOL        BEEP_freq_SET
  C:3BA5H         LINE#         1298
  C:3BADH         LINE#         1299
  C:3BADH         LINE#         1300
  C:3BC2H         LINE#         1301
BL51 BANKED LINKER/LOCATER V6.22.2.0                                                  03/28/2022  17:48:09  PAGE 57


  C:3BC2H         LINE#         1302
  C:3BCCH         LINE#         1303
  C:3BD2H         LINE#         1304
  C:3BE2H         LINE#         1305
  C:3BECH         LINE#         1306
  C:3BF2H         LINE#         1307
  C:3BF2H         LINE#         1308
  -------         ENDPROC       __REQBUZZER
  -------         PROC          TEST_MODE_CONTROL
  C:27C2H         LINE#         1310
  C:27C2H         LINE#         1311
  C:27C2H         LINE#         1313
  C:27C8H         LINE#         1314
  C:27C8H         LINE#         1315
  C:27D6H         LINE#         1316
  C:27D6H         LINE#         1317
  C:27E2H         LINE#         1318
  C:27E4H         LINE#         1319
  C:27E6H         LINE#         1320
  C:27E9H         LINE#         1321
  C:27EBH         LINE#         1322
  C:27EEH         LINE#         1323
  C:27F4H         LINE#         1324
  C:27FCH         LINE#         1325
  C:27FFH         LINE#         1326
  C:27FFH         LINE#         1327
  C:2802H         LINE#         1328
  C:2817H         LINE#         1329
  C:2817H         LINE#         1330
  C:2823H         LINE#         1331
  C:2826H         LINE#         1332
  C:2830H         LINE#         1333
  C:283EH         LINE#         1334
  C:284AH         LINE#         1335
  C:284FH         LINE#         1336
  C:284FH         LINE#         1337
  C:285EH         LINE#         1339
  C:2875H         LINE#         1340
  C:2875H         LINE#         1341
  C:2881H         LINE#         1342
  C:2883H         LINE#         1343
  C:2886H         LINE#         1344
  C:2888H         LINE#         1345
  C:2894H         LINE#         1346
  C:2894H         LINE#         1347
  C:28A3H         LINE#         1349
  C:28BBH         LINE#         1350
  C:28BBH         LINE#         1351
  C:28C7H         LINE#         1352
  C:28CAH         LINE#         1353
  C:28D4H         LINE#         1354
  C:28E2H         LINE#         1355
  C:28E7H         LINE#         1356
  C:28F3H         LINE#         1357
  C:28F3H         LINE#         1358
  C:2902H         LINE#         1360
  C:2905H         LINE#         1361
BL51 BANKED LINKER/LOCATER V6.22.2.0                                                  03/28/2022  17:48:09  PAGE 58


  C:2908H         LINE#         1362
  C:2918H         LINE#         1363
  C:2918H         LINE#         1364
  C:2924H         LINE#         1365
  C:2927H         LINE#         1366
  C:2927H         LINE#         1367
  C:2929H         LINE#         1368
  C:292BH         LINE#         1369
  C:2937H         LINE#         1370
  C:2943H         LINE#         1371
  C:294FH         LINE#         1372
  -------         ENDPROC       TEST_MODE_CONTROL
  -------         ENDMOD        KEY_AND_OTHER

  -------         MODULE        EXIT_FUN
  C:0000H         SYMBOL        _ICE_DUMMY_
  D:0090H         PUBLIC        P1
  D:00A0H         PUBLIC        P2
  D:00C0H         PUBLIC        XICON
  D:00B0H         PUBLIC        P3
  D:00E8H         PUBLIC        P4
  D:00F8H         PUBLIC        P5
  C:38FDH         PUBLIC        _SetFixedLengthCode
  D:00F8H         PUBLIC        P6
  D:00A8H         PUBLIC        IE
  D:00B8H         PUBLIC        IP0L
  D:00D8H         PUBLIC        CCON
  D:0088H         PUBLIC        TCON
  B:00A0H.7       PUBLIC        P27
  C:2DA8H         PUBLIC        SendTxData
  D:0098H         PUBLIC        S0CON
  D:0098H         PUBLIC        S1CON
  D:00C8H         PUBLIC        T2CON
  C:2C3EH         PUBLIC        _SetTxData
  D:00D0H         PUBLIC        PSW
  -------         PROC          SENDTXDATA
  C:2DA8H         LINE#         38
  C:2DA8H         LINE#         39
  C:2DA8H         LINE#         40
  C:2DAAH         LINE#         41
  C:2DB5H         LINE#         42
  C:2DB5H         LINE#         43
  C:2DE6H         LINE#         44
  C:2DECH         LINE#         45
  C:2DF5H         LINE#         46
  C:2DFFH         LINE#         47
  C:2E02H         LINE#         49
  C:2E02H         LINE#         50
  C:2E2FH         LINE#         51
  C:2E6BH         LINE#         52
  C:2E98H         LINE#         53
  C:2E9EH         LINE#         54
  C:2EA7H         LINE#         55
  C:2EB1H         LINE#         56
  C:2EB1H         LINE#         57
  C:2EBDH         LINE#         58
  C:2ED0H         LINE#         59
BL51 BANKED LINKER/LOCATER V6.22.2.0                                                  03/28/2022  17:48:09  PAGE 59


  C:2ED6H         LINE#         60
  -------         ENDPROC       SENDTXDATA
  -------         PROC          _SETTXDATA
  D:0031H         SYMBOL        count_set
  D:0032H         SYMBOL        ID_data_set
  D:0036H         SYMBOL        Control_code_set
  -------         DO            
  I:0073H         SYMBOL        unii
  I:0075H         SYMBOL        unij
  I:0077H         SYMBOL        unik
  -------         ENDDO         
  C:2C3EH         LINE#         62
  C:2C40H         LINE#         63
  C:2C40H         LINE#         66
  C:2C4CH         LINE#         67
  C:2C60H         LINE#         68
  C:2C74H         LINE#         69
  C:2C80H         LINE#         70
  C:2C94H         LINE#         71
  C:2CA8H         LINE#         72
  C:2CB4H         LINE#         73
  C:2CC8H         LINE#         74
  C:2CDCH         LINE#         76
  C:2CE8H         LINE#         77
  C:2CFCH         LINE#         78
  C:2D10H         LINE#         80
  C:2D14H         LINE#         81
  C:2D18H         LINE#         82
  C:2D1CH         LINE#         83
  C:2D20H         LINE#         84
  C:2D3BH         LINE#         85
  C:2D49H         LINE#         86
  C:2D5DH         LINE#         87
  C:2D71H         LINE#         88
  C:2D7FH         LINE#         89
  C:2D93H         LINE#         90
  C:2DA7H         LINE#         91
  -------         ENDPROC       _SETTXDATA
  -------         PROC          _SETFIXEDLENGTHCODE
  D:006CH         SYMBOL        Data
  -------         DO            
  I:0079H         SYMBOL        Code
  I:007BH         SYMBOL        i
  -------         ENDDO         
  C:38FDH         LINE#         93
  C:38FFH         LINE#         94
  C:38FFH         LINE#         98
  C:3914H         LINE#         99
  C:3914H         LINE#         100
  C:392DH         LINE#         101
  C:3932H         LINE#         102
  C:3932H         LINE#         103
  C:393EH         LINE#         104
  C:3940H         LINE#         106
  C:3940H         LINE#         107
  C:394CH         LINE#         109
  C:394CH         LINE#         110
BL51 BANKED LINKER/LOCATER V6.22.2.0                                                  03/28/2022  17:48:09  PAGE 60


  C:3952H         LINE#         111
  C:3957H         LINE#         112
  C:395EH         LINE#         113
  -------         ENDPROC       _SETFIXEDLENGTHCODE
  -------         ENDMOD        EXIT_FUN

  -------         MODULE        ?C?FPADD
  C:0055H         PUBLIC        ?C?FPADD
  C:0051H         PUBLIC        ?C?FPSUB
  -------         ENDMOD        ?C?FPADD

  -------         MODULE        ?C?FPMUL
  C:0146H         PUBLIC        ?C?FPMUL
  -------         ENDMOD        ?C?FPMUL

  -------         MODULE        ?C?FPDIV
  C:024FH         PUBLIC        ?C?FPDIV
  -------         ENDMOD        ?C?FPDIV

  -------         MODULE        ?C?FCAST
  C:02F6H         PUBLIC        ?C?FCASTC
  C:02F1H         PUBLIC        ?C?FCASTI
  C:02ECH         PUBLIC        ?C?FCASTL
  -------         ENDMOD        ?C?FCAST

  -------         MODULE        ?C?CASTF
  C:032AH         PUBLIC        ?C?CASTF
  -------         ENDMOD        ?C?CASTF

  -------         MODULE        ?C?COPY
  C:047BH         PUBLIC        ?C?COPY
  -------         ENDMOD        ?C?COPY

  -------         MODULE        ?C?CLDPTR
  C:04A1H         PUBLIC        ?C?CLDPTR
  -------         ENDMOD        ?C?CLDPTR

  -------         MODULE        ?C?CLDOPTR
  C:04BAH         PUBLIC        ?C?CLDOPTR
  -------         ENDMOD        ?C?CLDOPTR

  -------         MODULE        ?C?CSTPTR
  C:04E7H         PUBLIC        ?C?CSTPTR
  -------         ENDMOD        ?C?CSTPTR

  -------         MODULE        ?C?CSTOPTR
  C:04F9H         PUBLIC        ?C?CSTOPTR
  -------         ENDMOD        ?C?CSTOPTR

  -------         MODULE        ?C?IILDX
  C:051BH         PUBLIC        ?C?IILDX
  -------         ENDMOD        ?C?IILDX

  -------         MODULE        ?C?ILDIX
  C:0531H         PUBLIC        ?C?ILDIX
  -------         ENDMOD        ?C?ILDIX

BL51 BANKED LINKER/LOCATER V6.22.2.0                                                  03/28/2022  17:48:09  PAGE 61


  -------         MODULE        ?C?LMUL
  C:0547H         PUBLIC        ?C?LMUL
  -------         ENDMOD        ?C?LMUL

  -------         MODULE        ?C?ULDIV
  C:05D2H         PUBLIC        ?C?ULDIV
  -------         ENDMOD        ?C?ULDIV

  -------         MODULE        ?C?SLDIV
  C:3C81H         PUBLIC        ?C?SLDIV
  -------         ENDMOD        ?C?SLDIV

  -------         MODULE        ?C?LNEG
  C:0664H         PUBLIC        ?C?LNEG
  -------         ENDMOD        ?C?LNEG

  -------         MODULE        ?C?ULCMP
  C:0672H         PUBLIC        ?C?ULCMP
  -------         ENDMOD        ?C?ULCMP

  -------         MODULE        ?C?ULSHR
  C:0683H         PUBLIC        ?C?ULSHR
  -------         ENDMOD        ?C?ULSHR

  -------         MODULE        ?C?LSTXDATA
  C:0696H         PUBLIC        ?C?LSTXDATA
  -------         ENDMOD        ?C?LSTXDATA

  -------         MODULE        ?C?LSTKXDATA
  C:06A2H         PUBLIC        ?C?LSTKXDATA
  -------         ENDMOD        ?C?LSTKXDATA

  -------         MODULE        ?C?CCASE
  C:06D3H         PUBLIC        ?C?CCASE
  -------         ENDMOD        ?C?CCASE

Program Size: data=128.3 xdata=962 code=17103
LINK/LOCATE RUN COMPLETE.  0 WARNING(S),  0 ERROR(S)
