BL51 BANKED LINKER/LOCATER V6.22.2.0                                                    06/11/2022  16:20:09  PAGE 1


BL51 BANKED LINKER/LOCATER V6.22.2.0, INVOKED BY:
C:\KEIL_V5\C51\BIN\BL51.EXE .\Objects\main.obj, .\Objects\sys.obj, .\Objects\gpio.obj, .\Objects\timer.obj, .\Objects\ua
>> rt.obj, .\Objects\IAP_flash.obj, .\Objects\spi.obj, .\Objects\ram.obj, .\Objects\ML7345.obj, .\Objects\ML7345_HAL.obj
>> , .\Objects\adc.obj, .\Objects\key_and_Other.obj, .\Objects\EXIT_FUN.obj TO .\Objects\STX0031_MA82G5B32_Pro PRINT (.\
>> Listings\STX0031_MA82G5B32_Pro.m51) RAMSIZE (256) CODE (0X0000-0X7FFF) XDATA (0X0000-0X06FF)


MEMORY MODEL: SMALL WITH FLOATING POINT ARITHMETIC


INPUT MODULES INCLUDED:
  .\Objects\main.obj (MAIN)
  .\Objects\sys.obj (SYS)
  .\Objects\gpio.obj (GPIO)
  .\Objects\timer.obj (TIMER)
  .\Objects\uart.obj (UART)
  .\Objects\IAP_flash.obj (IAP_FLASH)
  .\Objects\spi.obj (SPI)
  .\Objects\ram.obj (RAM)
  .\Objects\ML7345.obj (ML7345)
  .\Objects\ML7345_HAL.obj (ML7345_HAL)
  .\Objects\adc.obj (ADC)
  .\Objects\key_and_Other.obj (KEY_AND_OTHER)
  .\Objects\EXIT_FUN.obj (EXIT_FUN)
  C:\KEIL_V5\C51\LIB\C51FPS.LIB (?C?FPADD)
  C:\KEIL_V5\C51\LIB\C51FPS.LIB (?C?FPMUL)
  C:\KEIL_V5\C51\LIB\C51FPS.LIB (?C?FPDIV)
  C:\KEIL_V5\C51\LIB\C51FPS.LIB (?C?FCAST)
  C:\KEIL_V5\C51\LIB\C51FPS.LIB (?C?CASTF)
  C:\KEIL_V5\C51\LIB\C51FPS.LIB (?C?FPGETOPN)
  C:\KEIL_V5\C51\LIB\C51S.LIB (?C_STARTUP)
  C:\KEIL_V5\C51\LIB\C51S.LIB (?C?COPY)
  C:\KEIL_V5\C51\LIB\C51S.LIB (?C?CLDPTR)
  C:\KEIL_V5\C51\LIB\C51S.LIB (?C?CLDOPTR)
  C:\KEIL_V5\C51\LIB\C51S.LIB (?C?CSTPTR)
  C:\KEIL_V5\C51\LIB\C51S.LIB (?C?CSTOPTR)
  C:\KEIL_V5\C51\LIB\C51S.LIB (?C?IILDX)
  C:\KEIL_V5\C51\LIB\C51S.LIB (?C?ILDIX)
  C:\KEIL_V5\C51\LIB\C51S.LIB (?C?LMUL)
  C:\KEIL_V5\C51\LIB\C51S.LIB (?C?ULDIV)
  C:\KEIL_V5\C51\LIB\C51S.LIB (?C?SLDIV)
  C:\KEIL_V5\C51\LIB\C51S.LIB (?C?LNEG)
  C:\KEIL_V5\C51\LIB\C51S.LIB (?C?ULCMP)
  C:\KEIL_V5\C51\LIB\C51S.LIB (?C?ULSHR)
  C:\KEIL_V5\C51\LIB\C51S.LIB (?C?LSTXDATA)
  C:\KEIL_V5\C51\LIB\C51S.LIB (?C?LSTKXDATA)
  C:\KEIL_V5\C51\LIB\C51S.LIB (?C?CCASE)
  C:\KEIL_V5\C51\LIB\C51S.LIB (?C_INIT)


LINK MAP OF MODULE:  .\Objects\STX0031_MA82G5B32_Pro (MAIN)


            TYPE    BASE      LENGTH    RELOCATION   SEGMENT NAME
            -----------------------------------------------------

            * * * * * * *   D A T A   M E M O R Y   * * * * * * *
            REG     0000H     0008H     ABSOLUTE     "REG BANK 0"
BL51 BANKED LINKER/LOCATER V6.22.2.0                                                  06/11/2022  16:20:09  PAGE 2


            DATA    0008H     0011H     UNIT         ?DT?KEY_AND_OTHER
            DATA    0019H     0007H     UNIT         ?DT?_IAP_WRITEBUF_WITH_PROTECT_VERIFY?IAP_FLASH
            BIT     0020H.0   0000H.1   UNIT         ?BI?_UART0SENDBYTE?UART
            BIT     0020H.1   0000H.1   UNIT         ?BI?_IAP_WRITEPPAGE?IAP_FLASH
            BIT     0020H.2   0000H.1   UNIT         ?BI?_IAP_WRITEBUF_WITH_PROTECT_VERIFY?IAP_FLASH
                    0020H.3   0000H.5                *** GAP ***
            DATA    0021H     0009H     UNIT         ?DT?_ATOL?KEY_AND_OTHER
            DATA    002AH     0007H     UNIT         ?DT?_ML7345_FREQUENCY_CALCUL?ML7345_HAL
            DATA    0031H     0006H     UNIT         ?DT?_SETTXDATA?EXIT_FUN
            DATA    0037H     0005H     UNIT         ?DT?_ML7345_WRITE_FIFO?SPI
            DATA    003CH     0005H     UNIT         ?DT?_RF_ML7345_INIT?ML7345
            DATA    0041H     0004H     UNIT         ?DT?_SEND_DATA?UART
            DATA    0045H     0004H     UNIT         ?DT?_ML7345_FREQUENCY_SET?ML7345_HAL
            DATA    0049H     0004H     UNIT         ?DT?_ML7345_AUTOTX_DATA?ML7345_HAL
            DATA    004DH     0004H     UNIT         ?DT?__REQBUZZER?KEY_AND_OTHER
            DATA    0051H     0003H     UNIT         ?DT?_ASC_HEX_2?UART
            DATA    0054H     0003H     UNIT         ?DT?__REQTXDEDIT?KEY_AND_OTHER
            DATA    0057H     0002H     UNIT         ?DT?_IAP_WRITEPPAGE?IAP_FLASH
            DATA    0059H     0002H     UNIT         ?DT?_ML7345_WRITE_REG?SPI
            DATA    005BH     0001H     UNIT         ?DT?_DELAYXUS?TIMER
            DATA    005CH     0001H     UNIT         ?DT?_DELAY_MS?TIMER
            DATA    005DH     0001H     UNIT         ?DT?_UART0SENDBYTE?UART
            DATA    005EH     0001H     UNIT         ?DT?_ASC_HEX?UART
            DATA    005FH     0001H     UNIT         ?DT?_HEX_ASC?UART
            DATA    0060H     0001H     UNIT         ?DT?_SPI_DELAY?SPI
            DATA    0061H     0001H     UNIT         ?DT?_SPI1_SENDRECV_DATA?SPI
            DATA    0062H     0001H     UNIT         ?DT?_ML7345_READ_REG?SPI
            DATA    0063H     0001H     UNIT         ?DT?_TX_DATA_TEST?ML7345
            DATA    0064H     0001H     UNIT         ?DT?_ML7345_AUTOSTATETRANSITION_SET?ML7345_HAL
            DATA    0065H     0001H     UNIT         ?DT?_ML7345_SETANDGET_STATE?ML7345_HAL
            DATA    0066H     0001H     UNIT         ?DT?_ML7345_STATEFLAG_CLEAR?ML7345_HAL
            DATA    0067H     0001H     UNIT         ?DT?_ADC_CHANNEL_SCAN?ADC
            DATA    0068H     0001H     UNIT         ?DT?__PASS3SECKEY?KEY_AND_OTHER
            DATA    0069H     0001H     UNIT         ?DT?_DUPLIFUNCSETMODE?KEY_AND_OTHER
            DATA    006AH     0001H     UNIT         ?DT?__SETREGISTRATIONMODE?KEY_AND_OTHER
            DATA    006BH     0001H     UNIT         ?DT?_IDCLEAR?KEY_AND_OTHER
            DATA    006CH     0001H     UNIT         ?DT?__SWIN?KEY_AND_OTHER
            DATA    006DH     0001H     UNIT         ?DT?_SETFIXEDLENGTHCODE?EXIT_FUN
            IDATA   006EH     0007H     UNIT         ?ID?RAM
            IDATA   0075H     0006H     UNIT         ?ID?_SETTXDATA?EXIT_FUN
            IDATA   007BH     0003H     UNIT         ?ID?_SETFIXEDLENGTHCODE?EXIT_FUN
            IDATA   007EH     0001H     UNIT         ?ID?INT_UART0?UART
            IDATA   007FH     0001H     UNIT         ?ID?EEPROM_SYS_LOAD?IAP_FLASH
            IDATA   0080H     0001H     UNIT         ?ID?ML7345_TRX_DEL?ML7345
            IDATA   0081H     0001H     UNIT         ?ID?_KEYINTX?KEY_AND_OTHER
            IDATA   0082H     0001H     UNIT         ?STACK

            * * * * * * *  X D A T A   M E M O R Y  * * * * * * *
            XDATA   0000H     0209H     UNIT         ?XD?IAP_FLASH
            XDATA   0209H     00B1H     UNIT         ?XD?RAM
            XDATA   02BAH     007FH     UNIT         ?XD?ML7345
            XDATA   0339H     007EH     UNIT         ?XD?UART
            XDATA   03B7H     000CH     UNIT         ?XD?ML7345_HAL
            XDATA   03C3H     0002H     UNIT         ?XD?TIMER
            XDATA   03C5H     0002H     UNIT         ?XD?SPI
            XDATA   03C7H     0002H     UNIT         ?XD?ADC

BL51 BANKED LINKER/LOCATER V6.22.2.0                                                  06/11/2022  16:20:09  PAGE 3


            * * * * * * *   C O D E   M E M O R Y   * * * * * * *
            CODE    0000H     0003H     ABSOLUTE     
            CODE    0003H     0003H     ABSOLUTE     
            CODE    0006H     0005H     UNIT         ?PR?BEEP_OFF?TIMER
            CODE    000BH     0003H     ABSOLUTE     
            CODE    000EH     0005H     UNIT         ?PR?UART1_END?UART
            CODE    0013H     0003H     ABSOLUTE     
            CODE    0016H     000CH     UNIT         ?PR?INIT_INT1?GPIO
            CODE    0022H     0001H     UNIT         ?PR?_FUNCAUTOTXSTART?KEY_AND_OTHER
            CODE    0023H     0003H     ABSOLUTE     
            CODE    0026H     0025H     UNIT         ?PR?_GETNOPUSHSTATE?KEY_AND_OTHER
            CODE    004BH     0003H     ABSOLUTE     
            CODE    004EH     06ABH     UNIT         ?C?LIB_CODE
            CODE    06F9H     0627H     UNIT         ?PR?PC_PRG?UART
            CODE    0D20H     03DEH     UNIT         ?PR?_DUPLIFUNCSETMODE?KEY_AND_OTHER
            CODE    10FEH     03D5H     UNIT         ?PR?_RF_ML7345_INIT?ML7345
            CODE    14D3H     03CBH     UNIT         ?PR?INT_ADC?ADC
            CODE    189EH     0396H     UNIT         ?PR?EEPROM_SYS_LOAD?IAP_FLASH
            CODE    1C34H     030BH     UNIT         ?PR?_KEYINTX?KEY_AND_OTHER
            CODE    1F3FH     02B9H     UNIT         ?C_INITSEG
            CODE    21F8H     0282H     UNIT         ?PR?_ML7345_FREQUENCY_CALCUL?ML7345_HAL
            CODE    247AH     026BH     UNIT         ?PR?_FUNCSTOP?KEY_AND_OTHER
            CODE    26E5H     022CH     UNIT         ?PR?_IAP_WRITEBUF_WITH_PROTECT_VERIFY?IAP_FLASH
            CODE    2911H     0220H     UNIT         ?PR?KEY_CHECK?KEY_AND_OTHER
            CODE    2B31H     021CH     UNIT         ?PR?TEST_MODE_CONTROL?KEY_AND_OTHER
            CODE    2D4DH     01C6H     UNIT         ?PR?__REQTXDEDIT?KEY_AND_OTHER
            CODE    2F13H     0178H     UNIT         ?PR?_ML7345_FREQUENCY_SET?ML7345_HAL
            CODE    308BH     0176H     UNIT         ?PR?_REGISTRATIONMODE?KEY_AND_OTHER
            CODE    3201H     016AH     UNIT         ?PR?_SETTXDATA?EXIT_FUN
            CODE    336BH     012FH     UNIT         ?PR?SENDTXDATA?EXIT_FUN
            CODE    349AH     010EH     UNIT         ?PR?INT_T0?TIMER
            CODE    35A8H     0103H     UNIT         ?PR?MAIN?MAIN
            CODE    36ABH     0102H     UNIT         ?PR?ML7345_TRX_DEL?ML7345
            CODE    37ADH     00EFH     UNIT         ?PR?_ML7345_SETANDGET_STATE?ML7345_HAL
            CODE    389CH     00DCH     UNIT         ?PR?_FUNCREG?KEY_AND_OTHER
            CODE    3978H     00C5H     UNIT         ?PR?ML7345_DATARATE_SET_4_8K?ML7345_HAL
            CODE    3A3DH     00BBH     UNIT         ?PR?INT_UART0?UART
            CODE    3AF8H     00B7H     UNIT         ?PR?ML7345_DATARATE_SET_1_2K?ML7345_HAL
            CODE    3BAFH     009DH     UNIT         ?PR?TIME_CONTROL?KEY_AND_OTHER
            CODE    3C4CH     008CH     UNIT         ?C_C51STARTUP
            CODE    3CD8H     0089H     UNIT         ?PR?_INIT_RAM?RAM
            CODE    3D61H     0078H     UNIT         ?PR?_ATOL?KEY_AND_OTHER
            CODE    3DD9H     0077H     UNIT         ?PR?_ML7345_WRITE_FIFO?SPI
            CODE    3E50H     0074H     UNIT         ?PR?AD_CONTROL?ADC
            CODE    3EC4H     0062H     UNIT         ?PR?_SETFIXEDLENGTHCODE?EXIT_FUN
            CODE    3F26H     005CH     UNIT         ?PR?_FUNCOPENREG?KEY_AND_OTHER
            CODE    3F82H     0052H     UNIT         ?PR?_FUNCNOPUSH?KEY_AND_OTHER
            CODE    3FD4H     0050H     UNIT         ?PR?_FUNCCLOSEREG?KEY_AND_OTHER
            CODE    4024H     0050H     UNIT         ?PR?_FUNCVENTREG?KEY_AND_OTHER
            CODE    4074H     0050H     UNIT         ?PR?_FUNCSTOPREG?KEY_AND_OTHER
            CODE    40C4H     004FH     UNIT         ?PR?_TX_DATA_TEST?ML7345
            CODE    4113H     004EH     UNIT         ?PR?__REQBUZZER?KEY_AND_OTHER
            CODE    4161H     004AH     UNIT         ?PR?_ADC_CHANNEL_SCAN?ADC
            CODE    41ABH     0045H     UNIT         ?PR?INIT_PCA_PWM?TIMER
            CODE    41F0H     0044H     UNIT         ?C?LDIV
            CODE    4234H     0041H     UNIT         ?PR?WAITSTATUS_COMPLETE?ML7345_HAL
            CODE    4275H     003EH     UNIT         ?PR?INIT_PORT?GPIO
BL51 BANKED LINKER/LOCATER V6.22.2.0                                                  06/11/2022  16:20:09  PAGE 4


            CODE    42B3H     003DH     UNIT         ?PR?_SEND_DATA?UART
            CODE    42F0H     003DH     UNIT         ?PR?_CLEARSPECIALMULTIKEYSTATE?KEY_AND_OTHER
            CODE    432DH     003CH     UNIT         ?PR?_ML7345_AUTOTX_DATA?ML7345_HAL
            CODE    4369H     003BH     UNIT         ?PR?INT_INT0?GPIO
            CODE    43A4H     003BH     UNIT         ?PR?INT_INT1?GPIO
            CODE    43DFH     003AH     UNIT         ?PR?_ML7345_READ_REG?SPI
            CODE    4419H     0039H     UNIT         ?PR?INIT_CLOCK?SYS
            CODE    4452H     0039H     UNIT         ?PR?_ML7345_STATEFLAG_CLEAR?ML7345_HAL
            CODE    448BH     0034H     UNIT         ?PR?INIT_UART0_T1?UART
            CODE    44BFH     0034H     UNIT         ?PR?__PASS3SECKEY?KEY_AND_OTHER
            CODE    44F3H     0032H     UNIT         ?PR?SETREG_RSSI?ML7345_HAL
            CODE    4525H     0031H     UNIT         ?PR?_ML7345_WRITE_REG?SPI
            CODE    4556H     0031H     UNIT         ?PR?_FUNCOPENSTOP?KEY_AND_OTHER
            CODE    4587H     0030H     UNIT         ?PR?_HEX_ASC?UART
            CODE    45B7H     0030H     UNIT         ?PR?_IDCLEAR?KEY_AND_OTHER
            CODE    45E7H     002FH     UNIT         ?PR?_ML7345_AUTOSTATETRANSITION_SET?ML7345_HAL
            CODE    4616H     002DH     UNIT         ?PR?_ASC_HEX?UART
            CODE    4643H     002BH     UNIT         ?PR?_IAP_WRITEPPAGE?IAP_FLASH
            CODE    466EH     0027H     UNIT         ?PR?__SETREGISTRATIONMODE?KEY_AND_OTHER
            CODE    4695H     0026H     UNIT         ?PR?_DUPLIFUNCCLEAR?KEY_AND_OTHER
            CODE    46BBH     0023H     UNIT         ?PR?__SWIN?KEY_AND_OTHER
            CODE    46DEH     0021H     UNIT         ?PR?INIT_TIMER0?TIMER
            CODE    46FFH     001EH     UNIT         ?PR?_ASC_HEX_2?UART
            CODE    471DH     001DH     UNIT         ?PR?ML7345_ALLSTATEFLAG_CLEAR?ML7345_HAL
            CODE    473AH     001CH     UNIT         ?PR?INIT_ADC?ADC
            CODE    4756H     001BH     UNIT         ?PR?_SPI1_SENDRECV_DATA?SPI
            CODE    4771H     0019H     UNIT         ?PR?INIT_SPI?SPI
            CODE    478AH     0016H     UNIT         ?PR?_DELAY_MS?TIMER
            CODE    47A0H     0016H     UNIT         ?PR?ML7345_GPIO0TXDONEINT_ENABLE?ML7345_HAL
            CODE    47B6H     0015H     UNIT         ?PR?SPIGPIO_INIT?GPIO
            CODE    47CBH     0015H     UNIT         ?PR?SPIGPIO_UNINIT?GPIO
            CODE    47E0H     0015H     UNIT         ?PR?_UART0SENDBYTE?UART
            CODE    47F5H     0014H     UNIT         ?PR?INIT_WDT?SYS
            CODE    4809H     0012H     UNIT         ?PR?_SETKEYCHATTERCOUNT?KEY_AND_OTHER
            CODE    481BH     0011H     UNIT         ?PR?_DELAYXUS?TIMER
            CODE    482CH     000EH     UNIT         ?CO?UART
            CODE    483AH     000BH     UNIT         ?PR?INIT_IAP_FLASH?IAP_FLASH
            CODE    4845H     000BH     UNIT         ?PR?DD_SET_ML7345D_POWER_ON?ML7345
            CODE    4850H     000AH     UNIT         ?PR?_SPI_DELAY?SPI
            CODE    485AH     000AH     UNIT         ?PR?ML7345_RESETN_SET?ML7345_HAL
            CODE    4864H     000AH     UNIT         ?PR?ADC_OPEN?ADC
            CODE    486EH     0006H     UNIT         ?PR?INIT_INTERRUPT?GPIO
            CODE    4874H     0006H     UNIT         ?PR?_GETREGMODE?KEY_AND_OTHER
            CODE    487AH     0004H     UNIT         ?PR?CLEARWDT?SYS
            CODE    487EH     0004H     UNIT         ?PR?INIT_BEEP?TIMER
            CODE    4882H     0004H     UNIT         ?PR?ADC_START?ADC
            CODE    4886H     0003H     UNIT         ?PR?BEEP_ON?TIMER
            CODE    4889H     0001H     UNIT         ?PR?_FUNCAUTOTXSTOP?KEY_AND_OTHER



OVERLAY MAP OF MODULE:   .\Objects\STX0031_MA82G5B32_Pro (MAIN)


SEGMENT
  +--> CALLED SEGMENT
---------------------
BL51 BANKED LINKER/LOCATER V6.22.2.0                                                  06/11/2022  16:20:09  PAGE 5


?PR?INT_INT0?GPIO
  +--> ?PR?ML7345_TRX_DEL?ML7345

?PR?ML7345_TRX_DEL?ML7345
  +--> ?PR?_ML7345_READ_REG?SPI
  +--> ?PR?_ML7345_STATEFLAG_CLEAR?ML7345_HAL
  +--> ?PR?_ML7345_AUTOTX_DATA?ML7345_HAL
  +--> ?PR?_ML7345_SETANDGET_STATE?ML7345_HAL
  +--> ?PR?SPIGPIO_UNINIT?GPIO

?PR?_ML7345_READ_REG?SPI
  +--> ?PR?_SPI_DELAY?SPI
  +--> ?PR?_SPI1_SENDRECV_DATA?SPI

?PR?_ML7345_STATEFLAG_CLEAR?ML7345_HAL
  +--> ?PR?_ML7345_WRITE_REG?SPI

?PR?_ML7345_WRITE_REG?SPI
  +--> ?PR?_SPI_DELAY?SPI
  +--> ?PR?_SPI1_SENDRECV_DATA?SPI

?PR?_ML7345_AUTOTX_DATA?ML7345_HAL
  +--> ?PR?_ML7345_WRITE_REG?SPI
  +--> ?PR?_ML7345_AUTOSTATETRANSITION_SET?M...
  +--> ?PR?_ML7345_WRITE_FIFO?SPI

?PR?_ML7345_AUTOSTATETRANSITION_SET?M...
  +--> ?PR?_ML7345_WRITE_REG?SPI

?PR?_ML7345_WRITE_FIFO?SPI
  +--> ?PR?_SPI_DELAY?SPI
  +--> ?PR?_SPI1_SENDRECV_DATA?SPI

?PR?_ML7345_SETANDGET_STATE?ML7345_HAL
  +--> ?PR?_ML7345_WRITE_REG?SPI
  +--> ?PR?_ML7345_READ_REG?SPI
  +--> ?PR?WAITSTATUS_COMPLETE?ML7345_HAL
  +--> ?PR?_ML7345_FREQUENCY_CALCUL?ML7345_HAL
  +--> ?PR?CLEARWDT?SYS
  +--> ?PR?_RF_ML7345_INIT?ML7345

?PR?WAITSTATUS_COMPLETE?ML7345_HAL
  +--> ?PR?_ML7345_WRITE_REG?SPI
  +--> ?PR?_ML7345_READ_REG?SPI
  +--> ?PR?CLEARWDT?SYS

?PR?_RF_ML7345_INIT?ML7345
  +--> ?PR?SPIGPIO_INIT?GPIO
  +--> ?PR?ML7345_RESETN_SET?ML7345_HAL
  +--> ?PR?_ML7345_READ_REG?SPI
  +--> ?PR?_ML7345_WRITE_REG?SPI
  +--> ?PR?SETREG_RSSI?ML7345_HAL
  +--> ?PR?ML7345_DATARATE_SET_4_8K?ML7345_HAL
  +--> ?PR?ML7345_DATARATE_SET_1_2K?ML7345_HAL
  +--> ?PR?ML7345_ALLSTATEFLAG_CLEAR?ML7345_HAL
  +--> ?PR?ML7345_GPIO0TXDONEINT_ENABLE?ML73...

BL51 BANKED LINKER/LOCATER V6.22.2.0                                                  06/11/2022  16:20:09  PAGE 6


?PR?ML7345_RESETN_SET?ML7345_HAL
  +--> ?PR?_DELAY_MS?TIMER

?PR?_DELAY_MS?TIMER
  +--> ?PR?_DELAYXUS?TIMER

?PR?SETREG_RSSI?ML7345_HAL
  +--> ?PR?_ML7345_WRITE_REG?SPI

?PR?ML7345_DATARATE_SET_4_8K?ML7345_HAL
  +--> ?PR?_ML7345_WRITE_REG?SPI

?PR?ML7345_DATARATE_SET_1_2K?ML7345_HAL
  +--> ?PR?_ML7345_WRITE_REG?SPI

?PR?ML7345_ALLSTATEFLAG_CLEAR?ML7345_HAL
  +--> ?PR?_ML7345_WRITE_REG?SPI

?PR?ML7345_GPIO0TXDONEINT_ENABLE?ML73...
  +--> ?PR?_ML7345_WRITE_REG?SPI

*** NEW ROOT ***************************************************

?PR?INT_INT1?GPIO
  +--> ?PR?ML7345_TRX_DEL?ML7345

*** NEW ROOT ***************************************************

?PR?INT_T0?TIMER
  +--> ?PR?ADC_OPEN?ADC

?PR?ADC_OPEN?ADC
  +--> ?PR?ADC_START?ADC

*** NEW ROOT ***************************************************

?PR?INT_ADC?ADC
  +--> ?PR?_ADC_CHANNEL_SCAN?ADC

*** NEW ROOT ***************************************************

?C_C51STARTUP
  +--> ?PR?MAIN?MAIN
  +--> ?C_INITSEG

?PR?MAIN?MAIN
  +--> ?PR?INIT_WDT?SYS
  +--> ?PR?INIT_CLOCK?SYS
  +--> ?PR?INIT_IAP_FLASH?IAP_FLASH
  +--> ?PR?INIT_TIMER0?TIMER
  +--> ?PR?EEPROM_SYS_LOAD?IAP_FLASH
  +--> ?PR?INIT_PORT?GPIO
  +--> ?PR?INIT_SPI?SPI
  +--> ?PR?INIT_ADC?ADC
  +--> ?PR?_INIT_RAM?RAM
  +--> ?PR?INIT_BEEP?TIMER
  +--> ?PR?TEST_MODE_CONTROL?KEY_AND_OTHER
BL51 BANKED LINKER/LOCATER V6.22.2.0                                                  06/11/2022  16:20:09  PAGE 7


  +--> ?PR?INIT_INTERRUPT?GPIO
  +--> ?PR?ADC_START?ADC
  +--> ?PR?CLEARWDT?SYS
  +--> ?PR?KEY_CHECK?KEY_AND_OTHER
  +--> ?PR?TIME_CONTROL?KEY_AND_OTHER
  +--> ?PR?AD_CONTROL?ADC

?PR?INIT_IAP_FLASH?IAP_FLASH
  +--> ?PR?_IAP_WRITEPPAGE?IAP_FLASH

?PR?EEPROM_SYS_LOAD?IAP_FLASH
  +--> ?PR?_ML7345_FREQUENCY_CALCUL?ML7345_HAL

?PR?_INIT_RAM?RAM
  +--> ?PR?_SETKEYCHATTERCOUNT?KEY_AND_OTHER
  +--> ?PR?_CLEARSPECIALMULTIKEYSTATE?KEY_AN...

?PR?INIT_BEEP?TIMER
  +--> ?PR?INIT_PCA_PWM?TIMER

?PR?TEST_MODE_CONTROL?KEY_AND_OTHER
  +--> ?PR?INIT_UART0_T1?UART
  +--> ?PR?ADC_START?ADC
  +--> ?PR?BEEP_ON?TIMER
  +--> ?PR?BEEP_OFF?TIMER
  +--> ?PR?CLEARWDT?SYS
  +--> ?PR?DD_SET_ML7345D_POWER_ON?ML7345
  +--> ?PR?_RF_ML7345_INIT?ML7345
  +--> ?PR?_TX_DATA_TEST?ML7345
  +--> ?PR?SPIGPIO_UNINIT?GPIO
  +--> ?PR?PC_PRG?UART
  +--> ?PR?UART1_END?UART

?PR?DD_SET_ML7345D_POWER_ON?ML7345
  +--> ?PR?_DELAY_MS?TIMER

?PR?_TX_DATA_TEST?ML7345
  +--> ?PR?_ML7345_WRITE_REG?SPI
  +--> ?PR?_ML7345_SETANDGET_STATE?ML7345_HAL

?PR?PC_PRG?UART
  +--> ?CO?UART
  +--> ?PR?_ASC_HEX_2?UART
  +--> ?PR?_IAP_WRITEBUF_WITH_PROTECT_VERIFY...
  +--> ?PR?_SEND_DATA?UART
  +--> ?PR?_HEX_ASC?UART
  +--> ?PR?DD_SET_ML7345D_POWER_ON?ML7345
  +--> ?PR?_RF_ML7345_INIT?ML7345
  +--> ?PR?_TX_DATA_TEST?ML7345
  +--> ?PR?_ML7345_SETANDGET_STATE?ML7345_HAL
  +--> ?PR?SPIGPIO_UNINIT?GPIO
  +--> ?PR?_ML7345_FREQUENCY_CALCUL?ML7345_HAL
  +--> ?PR?_ML7345_FREQUENCY_SET?ML7345_HAL

?PR?_ASC_HEX_2?UART
  +--> ?PR?_ASC_HEX?UART

BL51 BANKED LINKER/LOCATER V6.22.2.0                                                  06/11/2022  16:20:09  PAGE 8


?PR?_IAP_WRITEBUF_WITH_PROTECT_VERIFY...
  +--> ?PR?CLEARWDT?SYS

?PR?_SEND_DATA?UART
  +--> ?PR?_UART0SENDBYTE?UART

?PR?_ML7345_FREQUENCY_SET?ML7345_HAL
  +--> ?PR?_ML7345_SETANDGET_STATE?ML7345_HAL
  +--> ?PR?_ML7345_WRITE_REG?SPI
  +--> ?PR?ML7345_DATARATE_SET_1_2K?ML7345_HAL
  +--> ?PR?ML7345_DATARATE_SET_4_8K?ML7345_HAL
  +--> ?PR?_ML7345_READ_REG?SPI

?PR?INIT_INTERRUPT?GPIO
  +--> ?PR?INIT_INT1?GPIO

?PR?KEY_CHECK?KEY_AND_OTHER
  +--> ?PR?BEEP_ON?TIMER
  +--> ?PR?BEEP_OFF?TIMER
  +--> ?PR?_KEYINTX?KEY_AND_OTHER
  +--> ?PR?_REGISTRATIONMODE?KEY_AND_OTHER
  +--> ?PR?_DUPLIFUNCSETMODE?KEY_AND_OTHER
  +--> ?PR?CLEARWDT?SYS

?PR?_KEYINTX?KEY_AND_OTHER
  +--> ?PR?__SWIN?KEY_AND_OTHER
  +--> ?PR?_SETKEYCHATTERCOUNT?KEY_AND_OTHER
  +--> ?PR?_CLEARSPECIALMULTIKEYSTATE?KEY_AN...
  +--> ?PR?_DUPLIFUNCCLEAR?KEY_AND_OTHER
  +--> ?PR?_FUNCREG?KEY_AND_OTHER
  +--> ?PR?_FUNCSTOP?KEY_AND_OTHER
  +--> ?PR?_FUNCOPENSTOP?KEY_AND_OTHER
  +--> ?PR?_FUNCOPENREG?KEY_AND_OTHER
  +--> ?PR?_FUNCSTOPREG?KEY_AND_OTHER
  +--> ?PR?_FUNCCLOSEREG?KEY_AND_OTHER
  +--> ?PR?_FUNCVENTREG?KEY_AND_OTHER
  +--> ?PR?_FUNCAUTOTXSTART?KEY_AND_OTHER
  +--> ?PR?_FUNCAUTOTXSTOP?KEY_AND_OTHER
  +--> ?PR?_FUNCNOPUSH?KEY_AND_OTHER

?PR?_FUNCREG?KEY_AND_OTHER
  +--> ?PR?_DUPLIFUNCCLEAR?KEY_AND_OTHER
  +--> ?PR?_CLEARSPECIALMULTIKEYSTATE?KEY_AN...
  +--> ?PR?__SETREGISTRATIONMODE?KEY_AND_OTHER

?PR?__SETREGISTRATIONMODE?KEY_AND_OTHER
  +--> ?PR?_GETREGMODE?KEY_AND_OTHER
  +--> ?PR?_IDCLEAR?KEY_AND_OTHER
  +--> ?PR?__REQBUZZER?KEY_AND_OTHER

?PR?_FUNCSTOP?KEY_AND_OTHER
  +--> ?PR?_GETNOPUSHSTATE?KEY_AND_OTHER
  +--> ?PR?__REQBUZZER?KEY_AND_OTHER
  +--> ?PR?_DUPLIFUNCCLEAR?KEY_AND_OTHER
  +--> ?PR?__REQTXDEDIT?KEY_AND_OTHER

?PR?_GETNOPUSHSTATE?KEY_AND_OTHER
BL51 BANKED LINKER/LOCATER V6.22.2.0                                                  06/11/2022  16:20:09  PAGE 9


  +--> ?PR?_CLEARSPECIALMULTIKEYSTATE?KEY_AN...

?PR?__REQTXDEDIT?KEY_AND_OTHER
  +--> ?PR?__REQBUZZER?KEY_AND_OTHER
  +--> ?PR?DD_SET_ML7345D_POWER_ON?ML7345
  +--> ?PR?_RF_ML7345_INIT?ML7345
  +--> ?PR?SENDTXDATA?EXIT_FUN

?PR?SENDTXDATA?EXIT_FUN
  +--> ?PR?_SETTXDATA?EXIT_FUN
  +--> ?PR?_ML7345_AUTOTX_DATA?ML7345_HAL

?PR?_SETTXDATA?EXIT_FUN
  +--> ?PR?_SETFIXEDLENGTHCODE?EXIT_FUN

?PR?_FUNCOPENSTOP?KEY_AND_OTHER
  +--> ?PR?_DUPLIFUNCCLEAR?KEY_AND_OTHER
  +--> ?PR?__REQTXDEDIT?KEY_AND_OTHER
  +--> ?PR?_CLEARSPECIALMULTIKEYSTATE?KEY_AN...

?PR?_FUNCOPENREG?KEY_AND_OTHER
  +--> ?PR?_DUPLIFUNCCLEAR?KEY_AND_OTHER
  +--> ?PR?__PASS3SECKEY?KEY_AND_OTHER

?PR?__PASS3SECKEY?KEY_AND_OTHER
  +--> ?PR?__REQTXDEDIT?KEY_AND_OTHER

?PR?_FUNCSTOPREG?KEY_AND_OTHER
  +--> ?PR?_DUPLIFUNCCLEAR?KEY_AND_OTHER
  +--> ?PR?__PASS3SECKEY?KEY_AND_OTHER

?PR?_FUNCCLOSEREG?KEY_AND_OTHER
  +--> ?PR?_DUPLIFUNCCLEAR?KEY_AND_OTHER
  +--> ?PR?__PASS3SECKEY?KEY_AND_OTHER

?PR?_FUNCVENTREG?KEY_AND_OTHER
  +--> ?PR?_DUPLIFUNCCLEAR?KEY_AND_OTHER
  +--> ?PR?__PASS3SECKEY?KEY_AND_OTHER

?PR?_FUNCNOPUSH?KEY_AND_OTHER
  +--> ?PR?_CLEARSPECIALMULTIKEYSTATE?KEY_AN...

?PR?_REGISTRATIONMODE?KEY_AND_OTHER
  +--> ?PR?_GETREGMODE?KEY_AND_OTHER
  +--> ?PR?__REQBUZZER?KEY_AND_OTHER
  +--> ?PR?_IDCLEAR?KEY_AND_OTHER
  +--> ?PR?_ATOL?KEY_AND_OTHER
  +--> ?PR?__REQTXDEDIT?KEY_AND_OTHER

?PR?_DUPLIFUNCSETMODE?KEY_AND_OTHER
  +--> ?PR?__REQBUZZER?KEY_AND_OTHER
  +--> ?PR?_DUPLIFUNCCLEAR?KEY_AND_OTHER
  +--> ?PR?_IAP_WRITEBUF_WITH_PROTECT_VERIFY...

?PR?TIME_CONTROL?KEY_AND_OTHER
  +--> ?PR?_ML7345_SETANDGET_STATE?ML7345_HAL
  +--> ?PR?SPIGPIO_UNINIT?GPIO
BL51 BANKED LINKER/LOCATER V6.22.2.0                                                  06/11/2022  16:20:09  PAGE 10





SYMBOL TABLE OF MODULE:  .\Objects\STX0031_MA82G5B32_Pro (MAIN)

  VALUE           TYPE          NAME
  ----------------------------------

  -------         MODULE        MAIN
  C:0000H         SYMBOL        _ICE_DUMMY_
  D:0090H         PUBLIC        P1
  D:00A0H         PUBLIC        P2
  D:00C0H         PUBLIC        XICON
  D:00B0H         PUBLIC        P3
  D:00E8H         PUBLIC        P4
  D:00F8H         PUBLIC        P5
  D:00F8H         PUBLIC        P6
  B:00A8H.7       PUBLIC        EA
  D:00A8H         PUBLIC        IE
  D:00B8H         PUBLIC        IP0L
  D:00D8H         PUBLIC        CCON
  C:35A8H         PUBLIC        main
  B:00E8H.0       PUBLIC        P40
  D:0088H         PUBLIC        TCON
  D:0098H         PUBLIC        S0CON
  D:0098H         PUBLIC        S1CON
  D:00C8H         PUBLIC        T2CON
  D:00D0H         PUBLIC        PSW
  -------         PROC          MAIN
  C:35A8H         LINE#         16
  C:35A8H         LINE#         17
  C:35A8H         LINE#         18
  C:35ABH         LINE#         19
  C:35AEH         LINE#         20
  C:35B1H         LINE#         21
  C:35B4H         LINE#         22
  C:35B7H         LINE#         23
  C:35BAH         LINE#         24
  C:35BDH         LINE#         25
  C:35C0H         LINE#         26
  C:35C3H         LINE#         27
  C:35C6H         LINE#         28
  C:35C9H         LINE#         29
  C:35CCH         LINE#         30
  C:35CEH         LINE#         31
  C:35D1H         LINE#         32
  C:35DAH         LINE#         34
  C:35DAH         LINE#         35
  C:35DAH         LINE#         36
  C:35DDH         LINE#         37
  C:35E0H         LINE#         38
  C:35E3H         LINE#         39
  C:35E6H         LINE#         42
  C:362EH         LINE#         43
  C:362EH         LINE#         44
  C:363AH         LINE#         45
  C:363CH         LINE#         46
BL51 BANKED LINKER/LOCATER V6.22.2.0                                                  06/11/2022  16:20:09  PAGE 11


  C:3648H         LINE#         48
  C:3648H         LINE#         49
  C:3665H         LINE#         50
  C:369FH         LINE#         51
  C:36A2H         LINE#         52
  C:36A5H         LINE#         53
  C:36A5H         LINE#         54
  C:36A7H         LINE#         55
  C:36A7H         LINE#         56
  -------         ENDPROC       MAIN
  -------         ENDMOD        MAIN

  -------         MODULE        SYS
  C:0000H         SYMBOL        _ICE_DUMMY_
  D:0090H         PUBLIC        P1
  D:00A0H         PUBLIC        P2
  D:00E7H         PUBLIC        ISPCR
  D:00C0H         PUBLIC        XICON
  D:00B0H         PUBLIC        P3
  D:00E8H         PUBLIC        P4
  D:00F8H         PUBLIC        P5
  D:00F8H         PUBLIC        P6
  D:00E1H         PUBLIC        WDTCR
  D:00A8H         PUBLIC        IE
  D:00B8H         PUBLIC        IP0L
  D:00D8H         PUBLIC        CCON
  D:00E6H         PUBLIC        SCMD
  D:00E3H         PUBLIC        IFADRH
  D:00E5H         PUBLIC        IFMT
  D:00E4H         PUBLIC        IFADRL
  D:0088H         PUBLIC        TCON
  D:00E2H         PUBLIC        IFD
  C:487AH         PUBLIC        ClearWDT
  D:0097H         PUBLIC        PCON1
  D:0098H         PUBLIC        S0CON
  C:4419H         PUBLIC        Init_Clock
  D:0098H         PUBLIC        S1CON
  C:47F5H         PUBLIC        Init_WDT
  D:00C8H         PUBLIC        T2CON
  D:00D0H         PUBLIC        PSW
  -------         PROC          INIT_CLOCK
  C:4419H         LINE#         4
  C:4419H         LINE#         5
  C:4419H         LINE#         36
  C:4435H         LINE#         37
  C:4451H         LINE#         39
  -------         ENDPROC       INIT_CLOCK
  -------         PROC          INIT_WDT
  C:47F5H         LINE#         42
  C:47F5H         LINE#         43
  C:47F5H         LINE#         44
  C:47F8H         LINE#         45
  C:4802H         LINE#         46
  C:4805H         LINE#         47
  C:4808H         LINE#         48
  -------         ENDPROC       INIT_WDT
  -------         PROC          CLEARWDT
BL51 BANKED LINKER/LOCATER V6.22.2.0                                                  06/11/2022  16:20:09  PAGE 12


  C:487AH         LINE#         50
  C:487AH         LINE#         51
  C:487AH         LINE#         52
  C:487DH         LINE#         53
  -------         ENDPROC       CLEARWDT
  -------         ENDMOD        SYS

  -------         MODULE        GPIO
  C:0000H         SYMBOL        _ICE_DUMMY_
  D:0091H         PUBLIC        P1M0
  D:0095H         PUBLIC        P2M0
  D:00B1H         PUBLIC        P3M0
  D:0090H         PUBLIC        P1
  D:00B3H         PUBLIC        P4M0
  D:00B2H         PUBLIC        P3M1
  D:00A0H         PUBLIC        P2
  D:00C0H         PUBLIC        XICON
  D:00B0H         PUBLIC        P3
  D:00E8H         PUBLIC        P4
  D:00F8H         PUBLIC        P5
  D:00F8H         PUBLIC        P6
  D:00A8H         PUBLIC        IE
  C:0016H         PUBLIC        Init_INT1
  D:00B8H         PUBLIC        IP0L
  C:4275H         PUBLIC        Init_Port
  D:00D8H         PUBLIC        CCON
  B:00A0H.0       PUBLIC        P20
  B:00A0H.1       PUBLIC        P21
  B:00E8H.0       PUBLIC        P40
  B:00A0H.2       PUBLIC        P22
  B:00E8H.1       PUBLIC        P41
  B:00A0H.3       PUBLIC        P23
  D:0088H         PUBLIC        TCON
  C:47B6H         PUBLIC        SpiGpio_Init
  B:00A0H.4       PUBLIC        P24
  B:0090H.5       PUBLIC        P15
  D:00B4H         PUBLIC        PUCON0
  B:00B0H.4       PUBLIC        P34
  B:00A0H.5       PUBLIC        P25
  B:0090H.6       PUBLIC        P16
  B:00B0H.5       PUBLIC        P35
  B:00A0H.6       PUBLIC        P26
  B:0090H.7       PUBLIC        P17
  B:00A0H.7       PUBLIC        P27
  C:486EH         PUBLIC        Init_Interrupt
  B:00A8H.2       PUBLIC        EX1
  B:0088H.2       PUBLIC        IT1
  D:0098H         PUBLIC        S0CON
  D:0098H         PUBLIC        S1CON
  D:00C8H         PUBLIC        T2CON
  C:4369H         PUBLIC        INT_INT0
  C:43A4H         PUBLIC        INT_INT1
  D:00A1H         PUBLIC        AUXR0
  D:00C1H         PUBLIC        XICFG
  C:47CBH         PUBLIC        SpiGpio_UnInit
  D:00D0H         PUBLIC        PSW
  -------         PROC          INIT_PORT
BL51 BANKED LINKER/LOCATER V6.22.2.0                                                  06/11/2022  16:20:09  PAGE 13


  C:4275H         LINE#         10
  C:4275H         LINE#         11
  C:4275H         LINE#         15
  C:4278H         LINE#         18
  C:427BH         LINE#         19
  C:427DH         LINE#         21
  C:4280H         LINE#         24
  C:4283H         LINE#         25
  C:4285H         LINE#         27
  C:4288H         LINE#         28
  C:428BH         LINE#         29
  C:428DH         LINE#         32
  C:4293H         LINE#         35
  C:4296H         LINE#         43
  C:4298H         LINE#         44
  C:429AH         LINE#         45
  C:429CH         LINE#         46
  C:429EH         LINE#         48
  C:42A1H         LINE#         49
  C:42A7H         LINE#         50
  C:42ADH         LINE#         51
  C:42B0H         LINE#         52
  C:42B2H         LINE#         53
  -------         ENDPROC       INIT_PORT
  -------         PROC          SPIGPIO_INIT
  C:47B6H         LINE#         55
  C:47B6H         LINE#         56
  C:47B6H         LINE#         57
  C:47B9H         LINE#         58
  C:47BCH         LINE#         59
  C:47BFH         LINE#         60
  C:47C1H         LINE#         61
  C:47C4H         LINE#         62
  C:47CAH         LINE#         63
  -------         ENDPROC       SPIGPIO_INIT
  -------         PROC          SPIGPIO_UNINIT
  C:47CBH         LINE#         65
  C:47CBH         LINE#         66
  C:47CBH         LINE#         67
  C:47CEH         LINE#         68
  C:47D1H         LINE#         69
  C:47D3H         LINE#         70
  C:47D9H         LINE#         72
  C:47DFH         LINE#         73
  -------         ENDPROC       SPIGPIO_UNINIT
  -------         PROC          INIT_INT1
  C:0016H         LINE#         100
  C:0016H         LINE#         101
  C:0016H         LINE#         102
  C:0019H         LINE#         104
  C:001EH         LINE#         105
  C:0021H         LINE#         106
  -------         ENDPROC       INIT_INT1
  -------         PROC          INT_INT0
  C:4369H         LINE#         118
  C:4386H         LINE#         120
  C:4389H         LINE#         121
BL51 BANKED LINKER/LOCATER V6.22.2.0                                                  06/11/2022  16:20:09  PAGE 14


  -------         ENDPROC       INT_INT0
  -------         PROC          INT_INT1
  C:43A4H         LINE#         133
  C:43C1H         LINE#         135
  C:43C4H         LINE#         136
  -------         ENDPROC       INT_INT1
  -------         PROC          INIT_INTERRUPT
  C:486EH         LINE#         145
  C:486EH         LINE#         146
  C:486EH         LINE#         147
  C:4871H         LINE#         148
  C:4873H         LINE#         149
  -------         ENDPROC       INIT_INTERRUPT
  -------         ENDMOD        GPIO

  -------         MODULE        TIMER
  C:0000H         SYMBOL        _ICE_DUMMY_
  D:00F2H         PUBLIC        PCAPWM6
  D:0090H         PUBLIC        P1
  D:00A0H         PUBLIC        P2
  D:00C0H         PUBLIC        XICON
  D:00B0H         PUBLIC        P3
  D:00E8H         PUBLIC        P4
  D:00F8H         PUBLIC        P5
  D:00F8H         PUBLIC        P6
  D:00ACH         PUBLIC        SFRPI
  D:00F9H         PUBLIC        CH
  D:00BCH         PUBLIC        PWMCR
  D:00A8H         PUBLIC        IE
  D:00E9H         PUBLIC        CL
  B:00D8H.6       PUBLIC        CR
  D:00B8H         PUBLIC        IP0L
  D:00FAH         PUBLIC        CCAP6H
  D:00EAH         PUBLIC        CCAP6L
  C:4886H         PUBLIC        Beep_On
  D:00DAH         PUBLIC        CCAPM6
  C:41ABH         PUBLIC        Init_PCA_PWM
  D:00D9H         PUBLIC        CMOD
  D:00D8H         PUBLIC        CCON
  D:00CFH         PUBLIC        CHRL
  C:46DEH         PUBLIC        Init_Timer0
  D:00CEH         PUBLIC        CLRL
  B:00A0H.0       PUBLIC        P20
  C:481BH         PUBLIC        _DelayXus
  D:0089H         PUBLIC        TMOD
  D:0088H         PUBLIC        TCON
  B:00A8H.1       PUBLIC        ET0
  D:008CH         PUBLIC        TH0
  C:349AH         PUBLIC        INT_T0
  D:008AH         PUBLIC        TL0
  C:478AH         PUBLIC        _delay_ms
  B:0088H.4       PUBLIC        TR0
  X:03C3H         PUBLIC        Time_Tx_Out
  D:0098H         PUBLIC        S0CON
  D:0098H         PUBLIC        S1CON
  D:00C8H         PUBLIC        T2CON
  D:00A1H         PUBLIC        AUXR0
BL51 BANKED LINKER/LOCATER V6.22.2.0                                                  06/11/2022  16:20:09  PAGE 15


  D:00A3H         PUBLIC        AUXR2
  C:487EH         PUBLIC        Init_Beep
  C:0006H         PUBLIC        Beep_Off
  D:00F2H         PUBLIC        PCAPWM0
  D:00D0H         PUBLIC        PSW
  -------         PROC          INIT_TIMER0
  C:46DEH         LINE#         41
  C:46DEH         LINE#         42
  C:46DEH         LINE#         43
  C:46E8H         LINE#         45
  C:46F1H         LINE#         47
  C:46F4H         LINE#         49
  C:46F7H         LINE#         50
  C:46FAH         LINE#         52
  C:46FCH         LINE#         53
  C:46FEH         LINE#         54
  -------         ENDPROC       INIT_TIMER0
  -------         PROC          INT_T0
  C:349AH         LINE#         64
  C:34B7H         LINE#         66
  C:34BAH         LINE#         67
  C:34BDH         LINE#         69
  C:34C9H         LINE#         70
  C:34D9H         LINE#         71
  C:34D9H         LINE#         72
  C:34DFH         LINE#         73
  C:34EBH         LINE#         74
  C:34EBH         LINE#         75
  C:3505H         LINE#         77
  C:3511H         LINE#         78
  C:3511H         LINE#         79
  C:3525H         LINE#         80
  C:3533H         LINE#         81
  C:3535H         LINE#         82
  C:353DH         LINE#         83
  C:3543H         LINE#         85
  C:355FH         LINE#         87
  C:355FH         LINE#         88
  C:3575H         LINE#         89
  C:3575H         LINE#         90
  C:3581H         LINE#         91
  C:358AH         LINE#         92
  C:358DH         LINE#         93
  C:358DH         LINE#         94
  C:358DH         LINE#         95
  -------         ENDPROC       INT_T0
  -------         PROC          INIT_PCA_PWM
  C:41ABH         LINE#         98
  C:41ABH         LINE#         99
  C:41ABH         LINE#         100
  C:41B5H         LINE#         101
  C:41BEH         LINE#         102
  C:41CAH         LINE#         103
  C:41CDH         LINE#         106
  C:41E3H         LINE#         109
  C:41E9H         LINE#         110
  C:41EFH         LINE#         111
BL51 BANKED LINKER/LOCATER V6.22.2.0                                                  06/11/2022  16:20:09  PAGE 16


  -------         ENDPROC       INIT_PCA_PWM
  -------         PROC          INIT_BEEP
  C:487EH         LINE#         113
  C:487EH         LINE#         114
  C:487EH         LINE#         115
  C:4881H         LINE#         116
  -------         ENDPROC       INIT_BEEP
  -------         PROC          BEEP_ON
  C:4886H         LINE#         118
  C:4886H         LINE#         119
  C:4886H         LINE#         120
  C:4888H         LINE#         121
  -------         ENDPROC       BEEP_ON
  -------         PROC          BEEP_OFF
  C:0006H         LINE#         123
  C:0006H         LINE#         124
  C:0006H         LINE#         125
  C:0008H         LINE#         126
  C:000AH         LINE#         127
  -------         ENDPROC       BEEP_OFF
  -------         PROC          _DELAYXUS
  D:005BH         SYMBOL        xUs
  C:481BH         LINE#         137
  C:481DH         LINE#         138
  C:481DH         LINE#         139
  C:4825H         LINE#         140
  C:4825H         LINE#         141
  C:4826H         LINE#         142
  C:4827H         LINE#         143
  C:4829H         LINE#         144
  C:482BH         LINE#         145
  -------         ENDPROC       _DELAYXUS
  -------         PROC          _DELAY_MS
  D:005CH         SYMBOL        ms
  C:478AH         LINE#         155
  C:478CH         LINE#         156
  C:478CH         LINE#         157
  C:4793H         LINE#         158
  C:4793H         LINE#         159
  C:4798H         LINE#         160
  C:479DH         LINE#         161
  C:479FH         LINE#         162
  -------         ENDPROC       _DELAY_MS
  -------         ENDMOD        TIMER

  -------         MODULE        UART
  C:0000H         SYMBOL        _ICE_DUMMY_
  D:0090H         PUBLIC        P1
  D:00A0H         PUBLIC        P2
  B:0098H.6       PUBLIC        SM10
  D:00C0H         PUBLIC        XICON
  D:00B0H         PUBLIC        P3
  D:00E8H         PUBLIC        P4
  D:00F8H         PUBLIC        P5
  X:034FH         PUBLIC        Databits_t
  D:00F8H         PUBLIC        P6
  D:00ACH         PUBLIC        SFRPI
BL51 BANKED LINKER/LOCATER V6.22.2.0                                                  06/11/2022  16:20:09  PAGE 17


  X:0353H         PUBLIC        FLAG_testNo91_step
  C:000EH         PUBLIC        UART1_end
  D:00A8H         PUBLIC        IE
  X:0354H         PUBLIC        FLAG_testNo91SendUart
  D:00B8H         PUBLIC        IP0L
  B:0098H.4       PUBLIC        REN0
  X:0355H         PUBLIC        UART_DATA_buffer
  X:037EH         PUBLIC        UART_DATA_ID98
  X:03A7H         PUBLIC        U1AckTimer
  D:00D8H         PUBLIC        CCON
  X:03A8H         PUBLIC        UartStatus
  C:448BH         PUBLIC        Init_Uart0_T1
  X:03A9H         PUBLIC        UartCount
  B:00C8H.5       PUBLIC        RCLK
  B:00C8H.4       PUBLIC        TCLK
  B:00A0H.0       PUBLIC        P20
  D:0089H         PUBLIC        TMOD
  D:0088H         PUBLIC        TCON
  B:00B0H.5       PUBLIC        P35
  B:00A0H.7       PUBLIC        P27
  C:3A3DH         PUBLIC        INT_UART0
  X:03AAH         PUBLIC        UartLen
  C:482CH         SYMBOL        _?ix1000
  X:03ABH         PUBLIC        ACKBack
  C:4830H         SYMBOL        _?ix1001
  X:03AEH         PUBLIC        PROFILE_CH_FREQ_32bit_200002EC_uart
  B:00A8H.4       PUBLIC        ES0
  B:0098H.0       PUBLIC        RI0
  B:0098H.1       PUBLIC        TI0
  D:008DH         PUBLIC        TH1
  D:008BH         PUBLIC        TL1
  D:009CH         PUBLIC        S0CFG
  B:0088H.6       PUBLIC        TR1
  X:03B2H         PUBLIC        uart0_rx_len
  X:03B3H         PUBLIC        FLAG_testBEEP
  X:03B4H         PUBLIC        uart0_tx_len
  C:06F9H         PUBLIC        PC_PRG
  C:4587H         PUBLIC        _hex_asc
  C:4616H         PUBLIC        _asc_hex
  D:0099H         PUBLIC        S0BUF
  D:0087H         PUBLIC        PCON0
  D:0098H         PUBLIC        S0CON
  D:0098H         PUBLIC        S1CON
  X:03B5H         PUBLIC        FLAG_testNo91
  D:00C8H         PUBLIC        T2CON
  C:42B3H         PUBLIC        _Send_Data
  B:0098H.7       PUBLIC        SM00_FE
  C:46FFH         PUBLIC        _asc_hex_2
  C:47E0H         PUBLIC        _Uart0SendByte
  D:00A3H         PUBLIC        AUXR2
  X:03B6H         PUBLIC        U1Statues
  D:00D0H         PUBLIC        PSW
  -------         PROC          INIT_UART0_T1
  C:448BH         LINE#         67
  C:448BH         LINE#         68
  C:448BH         LINE#         69
  C:4492H         LINE#         70
BL51 BANKED LINKER/LOCATER V6.22.2.0                                                  06/11/2022  16:20:09  PAGE 18


  C:4494H         LINE#         72
  C:449BH         LINE#         73
  C:44A1H         LINE#         75
  C:44ABH         LINE#         76
  C:44B1H         LINE#         77
  C:44B4H         LINE#         80
  C:44B7H         LINE#         81
  C:44BAH         LINE#         83
  C:44BCH         LINE#         84
  C:44BEH         LINE#         85
  -------         ENDPROC       INIT_UART0_T1
  -------         PROC          UART1_END
  C:000EH         LINE#         87
  C:000EH         LINE#         88
  C:000EH         LINE#         89
  C:0010H         LINE#         90
  C:0012H         LINE#         91
  -------         ENDPROC       UART1_END
  -------         PROC          INT_UART0
  -------         DO            
  I:007EH         SYMBOL        dat
  -------         ENDDO         
  C:3A3DH         LINE#         130
  C:3A4EH         LINE#         132
  C:3A52H         LINE#         133
  C:3A54H         LINE#         135
  C:3A57H         LINE#         136
  C:3A5AH         LINE#         137
  C:3A5AH         LINE#         138
  C:3A5CH         LINE#         139
  C:3A5CH         LINE#         140
  C:3A62H         LINE#         141
  C:3A62H         LINE#         142
  C:3A64H         LINE#         143
  C:3A68H         LINE#         144
  C:3A75H         LINE#         145
  C:3A8AH         LINE#         146
  C:3A9BH         LINE#         147
  C:3AA4H         LINE#         148
  C:3AA4H         LINE#         149
  C:3AB6H         LINE#         150
  C:3AB6H         LINE#         151
  C:3AD6H         LINE#         152
  C:3ADBH         LINE#         153
  C:3AE7H         LINE#         155
  C:3AE7H         LINE#         156
  C:3AE7H         LINE#         157
  C:3AE9H         LINE#         158
  -------         ENDPROC       INT_UART0
  -------         PROC          _UART0SENDBYTE
  D:005DH         SYMBOL        tByte
  -------         DO            
  B:0020H.0       SYMBOL        bES
  -------         ENDDO         
  C:47E0H         LINE#         166
  C:47E2H         LINE#         167
  C:47E2H         LINE#         169
BL51 BANKED LINKER/LOCATER V6.22.2.0                                                  06/11/2022  16:20:09  PAGE 19


  C:47E6H         LINE#         170
  C:47E8H         LINE#         171
  C:47EBH         LINE#         173
  C:47EEH         LINE#         174
  C:47F0H         LINE#         175
  C:47F4H         LINE#         176
  -------         ENDPROC       _UART0SENDBYTE
  -------         PROC          _SEND_DATA
  D:0041H         SYMBOL        buff
  D:0044H         SYMBOL        len
  -------         DO            
  X:0339H         SYMBOL        i
  -------         ENDDO         
  C:42B3H         LINE#         179
  C:42BBH         LINE#         180
  C:42BBH         LINE#         181
  C:42C0H         LINE#         182
  C:42D0H         LINE#         183
  C:42D0H         LINE#         184
  C:42E7H         LINE#         185
  C:42EFH         LINE#         186
  -------         ENDPROC       _SEND_DATA
  -------         PROC          _ASC_HEX
  D:005EH         SYMBOL        asc
  -------         DO            
  X:033AH         SYMBOL        i
  -------         ENDDO         
  C:4616H         LINE#         188
  C:4618H         LINE#         189
  C:4618H         LINE#         191
  C:4627H         LINE#         192
  C:4633H         LINE#         194
  C:463DH         LINE#         195
  C:4642H         LINE#         196
  -------         ENDPROC       _ASC_HEX
  -------         PROC          _HEX_ASC
  D:005FH         SYMBOL        hex
  -------         DO            
  X:033BH         SYMBOL        i
  -------         ENDDO         
  C:4587H         LINE#         198
  C:4589H         LINE#         199
  C:4589H         LINE#         201
  C:458CH         LINE#         202
  C:459BH         LINE#         203
  C:45A7H         LINE#         205
  C:45B1H         LINE#         206
  C:45B6H         LINE#         207
  -------         ENDPROC       _HEX_ASC
  -------         PROC          _ASC_HEX_2
  D:0051H         SYMBOL        asc1
  D:0052H         SYMBOL        asc0
  -------         DO            
  D:0053H         SYMBOL        i
  -------         ENDDO         
  C:46FFH         LINE#         209
  C:4703H         LINE#         210
BL51 BANKED LINKER/LOCATER V6.22.2.0                                                  06/11/2022  16:20:09  PAGE 20


  C:4703H         LINE#         212
  C:471AH         LINE#         213
  C:471CH         LINE#         214
  -------         ENDPROC       _ASC_HEX_2
  -------         PROC          PC_PRG
  -------         DO            
  X:033CH         SYMBOL        UART_ID_data
  X:0340H         SYMBOL        send_ok
  X:0344H         SYMBOL        re_byte
  X:0345H         SYMBOL        send_ack
  -------         ENDDO         
  C:06F9H         LINE#         237
  C:06F9H         LINE#         238
  C:06F9H         LINE#         240
  C:071EH         LINE#         241
  C:0723H         LINE#         242
  C:0748H         LINE#         244
  C:0753H         LINE#         245
  C:075FH         LINE#         247
  C:0772H         LINE#         248
  C:0772H         LINE#         249
  C:0772H         LINE#         251
  C:077FH         LINE#         252
  C:077FH         LINE#         253
  C:0784H         LINE#         254
  C:0796H         LINE#         255
  C:07A8H         LINE#         256
  C:07BAH         LINE#         257
  C:07CEH         LINE#         258
  C:07E1H         LINE#         259
  C:07ECH         LINE#         260
  C:07ECH         LINE#         261
  C:07EFH         LINE#         265
  C:07EFH         LINE#         267
  C:07FCH         LINE#         268
  C:07FCH         LINE#         269
  C:0802H         LINE#         270
  C:0808H         LINE#         271
  C:080EH         LINE#         272
  C:0814H         LINE#         274
  C:0826H         LINE#         275
  C:0837H         LINE#         276
  C:0849H         LINE#         277
  C:085AH         LINE#         278
  C:086CH         LINE#         279
  C:087DH         LINE#         280
  C:0888H         LINE#         281
  C:0888H         LINE#         282
  C:0888H         LINE#         283
  C:0888H         LINE#         285
  C:08B9H         LINE#         286
  C:08B9H         LINE#         287
  C:08C5H         LINE#         288
  C:08D1H         LINE#         289
  C:08D3H         LINE#         290
  C:08D5H         LINE#         291
  C:08E0H         LINE#         292
BL51 BANKED LINKER/LOCATER V6.22.2.0                                                  06/11/2022  16:20:09  PAGE 21


  C:08E0H         LINE#         293
  C:08FAH         LINE#         294
  C:08FAH         LINE#         295
  C:0916H         LINE#         296
  C:0916H         LINE#         297
  C:0916H         LINE#         298
  C:0922H         LINE#         299
  C:0925H         LINE#         300
  C:092FH         LINE#         301
  C:093DH         LINE#         302
  C:0942H         LINE#         303
  C:094DH         LINE#         304
  C:094EH         LINE#         305
  C:094EH         LINE#         306
  C:0968H         LINE#         307
  C:0968H         LINE#         308
  C:0974H         LINE#         309
  C:0979H         LINE#         310
  C:097CH         LINE#         311
  C:097EH         LINE#         312
  C:098AH         LINE#         313
  C:0995H         LINE#         314
  C:0995H         LINE#         315
  C:0996H         LINE#         316
  C:0996H         LINE#         317
  C:09A0H         LINE#         318
  C:09A0H         LINE#         319
  C:09ACH         LINE#         320
  C:09AFH         LINE#         321
  C:09B9H         LINE#         322
  C:09C7H         LINE#         323
  C:09CCH         LINE#         324
  C:09D7H         LINE#         325
  C:09D8H         LINE#         326
  C:09ECH         LINE#         327
  C:09ECH         LINE#         328
  C:09F2H         LINE#         329
  C:09F8H         LINE#         330
  C:09FEH         LINE#         331
  C:0A04H         LINE#         332
  C:0A16H         LINE#         333
  C:0A27H         LINE#         334
  C:0A32H         LINE#         335
  C:0A33H         LINE#         336
  C:0A5BH         LINE#         337
  C:0A5BH         LINE#         338
  C:0A6DH         LINE#         339
  C:0A72H         LINE#         340
  C:0A84H         LINE#         341
  C:0A84H         LINE#         342
  C:0A8EH         LINE#         343
  C:0AA1H         LINE#         344
  C:0AC8H         LINE#         345
  C:0ADFH         LINE#         346
  C:0AEAH         LINE#         347
  C:0AF5H         LINE#         348
  C:0AF8H         LINE#         349
BL51 BANKED LINKER/LOCATER V6.22.2.0                                                  06/11/2022  16:20:09  PAGE 22


  C:0B25H         LINE#         350
  C:0B25H         LINE#         351
  C:0B2FH         LINE#         352
  C:0B42H         LINE#         353
  C:0B49H         LINE#         354
  C:0B75H         LINE#         355
  C:0B8CH         LINE#         356
  C:0B97H         LINE#         357
  C:0BA2H         LINE#         358
  C:0BA2H         LINE#         359
  C:0BA7H         LINE#         360
  C:0BA7H         LINE#         361
  C:0BA8H         LINE#         362
  C:0BA8H         LINE#         363
  C:0BC2H         LINE#         364
  C:0BC2H         LINE#         365
  C:0BC8H         LINE#         366
  C:0BCEH         LINE#         367
  C:0BD4H         LINE#         368
  C:0BD9H         LINE#         369
  C:0BF2H         LINE#         370
  C:0C0BH         LINE#         371
  C:0C24H         LINE#         372
  C:0C3DH         LINE#         373
  C:0C53H         LINE#         374
  C:0C64H         LINE#         375
  C:0C6AH         LINE#         376
  C:0C75H         LINE#         377
  C:0C75H         LINE#         378
  C:0C76H         LINE#         379
  C:0C76H         LINE#         380
  C:0C8AH         LINE#         381
  C:0C8AH         LINE#         382
  C:0CAAH         LINE#         383
  C:0CCBH         LINE#         384
  C:0CCCH         LINE#         385
  C:0CE0H         LINE#         386
  C:0CE0H         LINE#         387
  C:0D00H         LINE#         388
  C:0D1FH         LINE#         389
  C:0D1FH         LINE#         390
  C:0D1FH         LINE#         391
  C:0D1FH         LINE#         392
  C:0D1FH         LINE#         393
  C:0D1FH         LINE#         394
  C:0D1FH         LINE#         395
  C:0D1FH         LINE#         396
  -------         ENDPROC       PC_PRG
  -------         ENDMOD        UART

  -------         MODULE        IAP_FLASH
  C:0000H         SYMBOL        _ICE_DUMMY_
  D:0090H         PUBLIC        P1
  D:00A0H         PUBLIC        P2
  D:00E7H         PUBLIC        ISPCR
  D:00C0H         PUBLIC        XICON
  D:00B0H         PUBLIC        P3
BL51 BANKED LINKER/LOCATER V6.22.2.0                                                  06/11/2022  16:20:09  PAGE 23


  D:00E8H         PUBLIC        P4
  D:00F8H         PUBLIC        P5
  D:00F8H         PUBLIC        P6
  B:00A8H.7       PUBLIC        EA
  C:26E5H         PUBLIC        _IAP_WriteBuf_With_Protect_Verify
  D:00A8H         PUBLIC        IE
  D:00B8H         PUBLIC        IP0L
  C:4643H         PUBLIC        _IAP_WritePPage
  D:00BFH         PUBLIC        CKCON1
  D:00D8H         PUBLIC        CCON
  D:00E6H         PUBLIC        SCMD
  D:00E3H         PUBLIC        IFADRH
  D:00E5H         PUBLIC        IFMT
  D:00E4H         PUBLIC        IFADRL
  D:0088H         PUBLIC        TCON
  C:483AH         PUBLIC        Init_IAP_flash
  C:189EH         PUBLIC        eeprom_sys_load
  D:00E2H         PUBLIC        IFD
  D:0098H         PUBLIC        S0CON
  D:0098H         PUBLIC        S1CON
  D:00C8H         PUBLIC        T2CON
  D:00D0H         PUBLIC        PSW
  -------         PROC          INIT_IAP_FLASH
  C:483AH         LINE#         16
  C:483AH         LINE#         17
  C:483AH         LINE#         19
  C:483DH         LINE#         22
  C:4844H         LINE#         23
  -------         ENDPROC       INIT_IAP_FLASH
  -------         PROC          _IAP_WRITEPPAGE
  D:0057H         SYMBOL        PsfrAddr
  D:0058H         SYMBOL        PsfrData
  -------         DO            
  B:0020H.1       SYMBOL        bEA
  -------         ENDDO         
  C:4643H         LINE#         34
  C:4647H         LINE#         35
  C:4647H         LINE#         36
  C:464BH         LINE#         37
  C:464DH         LINE#         38
  C:4650H         LINE#         39
  C:4653H         LINE#         40
  C:4656H         LINE#         41
  C:4659H         LINE#         42
  C:465CH         LINE#         44
  C:465FH         LINE#         46
  C:4662H         LINE#         47
  C:4663H         LINE#         48
  C:4666H         LINE#         49
  C:4669H         LINE#         50
  C:466DH         LINE#         51
  -------         ENDPROC       _IAP_WRITEPPAGE
  -------         PROC          _IAP_WRITEBUF_WITH_PROTECT_VERIFY
  D:0019H         SYMBOL        ByteAddr
  D:001BH         SYMBOL        pBuf
  D:001EH         SYMBOL        Cnt
  -------         DO            
BL51 BANKED LINKER/LOCATER V6.22.2.0                                                  06/11/2022  16:20:09  PAGE 24


  X:0000H         SYMBOL        TempBuf
  X:0200H         SYMBOL        i
  X:0202H         SYMBOL        ErrCnt
  X:0203H         SYMBOL        SectorAddr
  B:0020H.2       SYMBOL        bEA
  C:27CBH         SYMBOL        Err_Loop
  C:2907H         SYMBOL        Err_Return
  -------         ENDDO         
  C:26E5H         LINE#         124
  C:26EFH         LINE#         125
  C:26EFH         LINE#         130
  C:26F3H         LINE#         132
  C:26F5H         LINE#         133
  C:26FAH         LINE#         135
  C:2709H         LINE#         136
  C:271FH         LINE#         137
  C:271FH         LINE#         138
  C:2726H         LINE#         139
  C:272DH         LINE#         140
  C:2730H         LINE#         141
  C:2733H         LINE#         142
  C:2736H         LINE#         143
  C:2739H         LINE#         144
  C:273CH         LINE#         145
  C:273FH         LINE#         146
  C:274DH         LINE#         147
  C:2762H         LINE#         148
  C:2765H         LINE#         149
  C:2775H         LINE#         151
  C:2784H         LINE#         152
  C:278AH         LINE#         153
  C:278AH         LINE#         154
  C:27A8H         LINE#         155
  C:27B3H         LINE#         156
  C:27C1H         LINE#         157
  C:27C9H         LINE#         158
  C:27CBH         LINE#         159
  C:27CBH         LINE#         161
  C:27DAH         LINE#         162
  C:27E1H         LINE#         163
  C:27E4H         LINE#         164
  C:27E7H         LINE#         165
  C:27EAH         LINE#         167
  C:27EDH         LINE#         169
  C:27F0H         LINE#         170
  C:27F1H         LINE#         171
  C:27F4H         LINE#         172
  C:27F7H         LINE#         174
  C:280DH         LINE#         175
  C:280DH         LINE#         176
  C:2823H         LINE#         177
  C:282AH         LINE#         178
  C:2831H         LINE#         179
  C:2834H         LINE#         180
  C:2837H         LINE#         182
  C:283AH         LINE#         184
  C:283DH         LINE#         185
BL51 BANKED LINKER/LOCATER V6.22.2.0                                                  06/11/2022  16:20:09  PAGE 25


  C:283EH         LINE#         186
  C:2841H         LINE#         187
  C:2844H         LINE#         188
  C:2852H         LINE#         189
  C:2855H         LINE#         190
  C:2865H         LINE#         192
  C:2874H         LINE#         193
  C:288AH         LINE#         194
  C:288AH         LINE#         195
  C:2891H         LINE#         196
  C:2898H         LINE#         197
  C:289BH         LINE#         198
  C:289EH         LINE#         200
  C:28A1H         LINE#         202
  C:28A4H         LINE#         203
  C:28A7H         LINE#         204
  C:28AAH         LINE#         205
  C:28B8H         LINE#         206
  C:28BBH         LINE#         207
  C:28D4H         LINE#         208
  C:28D4H         LINE#         209
  C:28DAH         LINE#         210
  C:28ECH         LINE#         211
  C:28ECH         LINE#         212
  C:28EFH         LINE#         213
  C:28EFH         LINE#         215
  C:28EFH         LINE#         216
  C:28F1H         LINE#         217
  C:28F1H         LINE#         218
  C:28F1H         LINE#         219
  C:2902H         LINE#         220
  C:2907H         LINE#         221
  C:2907H         LINE#         222
  C:290BH         LINE#         223
  C:2910H         LINE#         224
  -------         ENDPROC       _IAP_WRITEBUF_WITH_PROTECT_VERIFY
  -------         PROC          EEPROM_SYS_LOAD
  -------         DO            
  X:0205H         SYMBOL        Init_ID_data
  I:007FH         SYMBOL        offset
  -------         ENDDO         
  C:189EH         LINE#         245
  C:189EH         LINE#         246
  C:189EH         LINE#         248
  C:18A2H         LINE#         250
  C:18ADH         LINE#         251
  C:18C4H         LINE#         253
  C:18C9H         LINE#         254
  C:18D4H         LINE#         255
  C:18DFH         LINE#         256
  C:18EAH         LINE#         257
  C:192CH         LINE#         258
  C:1940H         LINE#         260
  C:194AH         LINE#         261
  C:1974H         LINE#         262
  C:1974H         LINE#         263
  C:197DH         LINE#         264
BL51 BANKED LINKER/LOCATER V6.22.2.0                                                  06/11/2022  16:20:09  PAGE 26


  C:19A3H         LINE#         265
  C:19BAH         LINE#         267
  C:19E0H         LINE#         268
  C:19F7H         LINE#         270
  C:1A1DH         LINE#         271
  C:1A34H         LINE#         273
  C:1A5AH         LINE#         274
  C:1A71H         LINE#         276
  C:1A97H         LINE#         277
  C:1AAEH         LINE#         278
  C:1AAFH         LINE#         279
  C:1ADAH         LINE#         280
  C:1ADAH         LINE#         281
  C:1AE3H         LINE#         282
  C:1AE9H         LINE#         283
  C:1B14H         LINE#         284
  C:1B2BH         LINE#         286
  C:1B56H         LINE#         287
  C:1B6DH         LINE#         289
  C:1B98H         LINE#         290
  C:1BAFH         LINE#         292
  C:1BDAH         LINE#         293
  C:1BF1H         LINE#         295
  C:1C1CH         LINE#         296
  C:1C33H         LINE#         297
  C:1C33H         LINE#         298
  C:1C33H         LINE#         300
  -------         ENDPROC       EEPROM_SYS_LOAD
  -------         ENDMOD        IAP_FLASH

  -------         MODULE        SPI
  C:0000H         SYMBOL        _ICE_DUMMY_
  D:0090H         PUBLIC        P1
  D:00A0H         PUBLIC        P2
  D:00C0H         PUBLIC        XICON
  D:00B0H         PUBLIC        P3
  D:00E8H         PUBLIC        P4
  D:00F8H         PUBLIC        P5
  D:0085H         PUBLIC        SPCON
  D:00F8H         PUBLIC        P6
  D:00A8H         PUBLIC        IE
  D:00B8H         PUBLIC        IP0L
  C:4771H         PUBLIC        Init_Spi
  D:00D8H         PUBLIC        CCON
  B:00A0H.2       PUBLIC        P22
  D:0088H         PUBLIC        TCON
  C:4850H         PUBLIC        _spi_delay
  C:3DD9H         PUBLIC        _ML7345_Write_Fifo
  C:43DFH         PUBLIC        _ML7345_Read_Reg
  C:4525H         PUBLIC        _ML7345_Write_Reg
  D:0084H         PUBLIC        SPSTAT
  D:0098H         PUBLIC        S0CON
  D:0098H         PUBLIC        S1CON
  D:00C8H         PUBLIC        T2CON
  D:00A2H         PUBLIC        AUXR1
  C:4756H         PUBLIC        _SPI1_SendRecv_Data
  D:00D0H         PUBLIC        PSW
BL51 BANKED LINKER/LOCATER V6.22.2.0                                                  06/11/2022  16:20:09  PAGE 27


  D:0086H         PUBLIC        SPDAT
  -------         PROC          _SPI_DELAY
  D:0060H         SYMBOL        n
  C:4850H         LINE#         3
  C:4852H         LINE#         4
  C:4852H         LINE#         5
  C:4859H         LINE#         6
  -------         ENDPROC       _SPI_DELAY
  -------         PROC          INIT_SPI
  C:4771H         LINE#         8
  C:4771H         LINE#         9
  C:4771H         LINE#         11
  C:4774H         LINE#         13
  C:4777H         LINE#         15
  C:477DH         LINE#         17
  C:4780H         LINE#         19
  C:4783H         LINE#         21
  C:4786H         LINE#         23
  C:4789H         LINE#         24
  -------         ENDPROC       INIT_SPI
  -------         PROC          _SPI1_SENDRECV_DATA
  D:0061H         SYMBOL        SPI_DATA
  C:4756H         LINE#         33
  C:4758H         LINE#         34
  C:4758H         LINE#         35
  C:475DH         LINE#         36
  C:4760H         LINE#         37
  C:476BH         LINE#         38
  C:476EH         LINE#         39
  C:4770H         LINE#         40
  -------         ENDPROC       _SPI1_SENDRECV_DATA
  -------         PROC          _ML7345_WRITE_REG
  D:0059H         SYMBOL        addr
  D:005AH         SYMBOL        dat
  C:4525H         LINE#         43
  C:4529H         LINE#         44
  C:4529H         LINE#         45
  C:452EH         LINE#         46
  C:4530H         LINE#         47
  C:4535H         LINE#         49
  C:453FH         LINE#         50
  C:4544H         LINE#         51
  C:4549H         LINE#         53
  C:454EH         LINE#         54
  C:4550H         LINE#         55
  C:4555H         LINE#         56
  -------         ENDPROC       _ML7345_WRITE_REG
  -------         PROC          _ML7345_READ_REG
  D:0062H         SYMBOL        addr
  -------         DO            
  X:03C5H         SYMBOL        read
  -------         ENDDO         
  C:43DFH         LINE#         58
  C:43E1H         LINE#         59
  C:43E1H         LINE#         60
  C:43E6H         LINE#         61
  C:43EBH         LINE#         62
BL51 BANKED LINKER/LOCATER V6.22.2.0                                                  06/11/2022  16:20:09  PAGE 28


  C:43EDH         LINE#         63
  C:43F2H         LINE#         65
  C:43F8H         LINE#         66
  C:43FDH         LINE#         67
  C:4407H         LINE#         69
  C:440CH         LINE#         70
  C:440EH         LINE#         71
  C:4413H         LINE#         73
  C:4418H         LINE#         74
  -------         ENDPROC       _ML7345_READ_REG
  -------         PROC          _ML7345_WRITE_FIFO
  D:0037H         SYMBOL        addr
  D:0038H         SYMBOL        pbuf
  D:003BH         SYMBOL        len
  -------         DO            
  X:03C6H         SYMBOL        i
  -------         ENDDO         
  C:3DD9H         LINE#         76
  C:3DE1H         LINE#         77
  C:3DE1H         LINE#         78
  C:3DE6H         LINE#         79
  C:3DEBH         LINE#         80
  C:3DEDH         LINE#         81
  C:3DF2H         LINE#         83
  C:3DFCH         LINE#         84
  C:3E01H         LINE#         85
  C:3E0EH         LINE#         86
  C:3E1FH         LINE#         87
  C:3E1FH         LINE#         88
  C:3E24H         LINE#         89
  C:3E3BH         LINE#         90
  C:3E43H         LINE#         92
  C:3E48H         LINE#         93
  C:3E4AH         LINE#         94
  C:3E4FH         LINE#         95
  -------         ENDPROC       _ML7345_WRITE_FIFO
  -------         ENDMOD        SPI

  -------         MODULE        RAM
  C:0000H         SYMBOL        _ICE_DUMMY_
  X:0209H         PUBLIC        m_KeyCloseCount
  X:020AH         PUBLIC        write_flash_buffer
  D:0090H         PUBLIC        P1
  X:0212H         PUBLIC        txphase
  D:00A0H         PUBLIC        P2
  D:00C0H         PUBLIC        XICON
  D:00B0H         PUBLIC        P3
  D:00E8H         PUBLIC        P4
  X:0214H         PUBLIC        m_KeyCount
  D:00F8H         PUBLIC        P5
  X:0215H         PUBLIC        AD_DATA_BUFF
  D:00F8H         PUBLIC        P6
  X:0217H         PUBLIC        TB_976us
  X:0218H         PUBLIC        ID_data
  D:00A8H         PUBLIC        IE
  X:021CH         PUBLIC        TIME_Once_twice_switch
  X:021EH         PUBLIC        BAT_Voltage_value
BL51 BANKED LINKER/LOCATER V6.22.2.0                                                  06/11/2022  16:20:09  PAGE 29


  X:0222H         PUBLIC        rom_KeyOpt
  I:006EH         PUBLIC        RAM_SW_type
  X:0223H         PUBLIC        BAT_out
  X:0224H         PUBLIC        SIO_cnt
  X:0225H         PUBLIC        m_KeyDupliSetTimeout
  X:0227H         PUBLIC        ID_data_add
  D:00B8H         PUBLIC        IP0L
  X:022BH         PUBLIC        m_KeyDupli1stTimer
  X:022DH         PUBLIC        m_KeyOld
  X:022EH         PUBLIC        m_KeyOpenCount
  X:022FH         PUBLIC        txphase_end
  I:006FH         PUBLIC        mark0_stu
  I:0070H         PUBLIC        mark1_stu
  I:0071H         PUBLIC        mark2_stu
  X:0231H         PUBLIC        TB_5s
  X:0232H         PUBLIC        m_KeyNew
  D:00D8H         PUBLIC        CCON
  X:0233H         PUBLIC        PROFILE_CH_FREQ_32bit_200002EC
  X:0237H         PUBLIC        m_ChatterCount
  X:0239H         PUBLIC        key_Value
  I:0072H         PUBLIC        RAM_RegSW_type
  X:023BH         PUBLIC        Key_Sta
  D:0088H         PUBLIC        TCON
  X:023CH         PUBLIC        m_KeyNo
  C:3CD8H         PUBLIC        _Init_RAM
  X:023DH         PUBLIC        m_KindOfKey
  I:0073H         PUBLIC        RAM_OP1_type
  I:0074H         PUBLIC        RAM_OP2_type
  X:023EH         PUBLIC        time_adc
  X:0240H         PUBLIC        TIME_BEEP_freq
  X:0241H         PUBLIC        txphase_Repeat
  X:0242H         PUBLIC        time_led
  X:0244H         PUBLIC        BASE_TIME_BEEP_off
  X:0245H         PUBLIC        TIME_BEEP_off
  X:0246H         PUBLIC        TB_51s
  X:0247H         PUBLIC        ID_INT_CODE
  X:0248H         PUBLIC        TB_sum_5s
  X:0249H         PUBLIC        RAM_BAT_AVG
  X:024BH         PUBLIC        channel
  X:024CH         PUBLIC        RAM_BAT_CNT
  X:024DH         PUBLIC        m_RegDigit
  X:024EH         PUBLIC        m_KeyOptSetMode
  X:024FH         PUBLIC        Control_code
  X:0250H         PUBLIC        TIME_2s_RestTX
  D:0098H         PUBLIC        S0CON
  X:0251H         PUBLIC        TIME_power_on_AD
  X:0253H         PUBLIC        TIME_10s
  D:0098H         PUBLIC        S1CON
  X:0255H         PUBLIC        SIO_DATA
  D:00C8H         PUBLIC        T2CON
  X:0265H         PUBLIC        Adc_Value
  X:0269H         PUBLIC        TB_100ms
  X:026AH         PUBLIC        BASE_TIME_BEEP_on
  X:026CH         PUBLIC        m_TimerKeyMonitor
  X:026EH         PUBLIC        TIME_BEEP_on
  X:0270H         PUBLIC        RAM_BAT_SUM
  X:0274H         PUBLIC        SIO_buff
BL51 BANKED LINKER/LOCATER V6.22.2.0                                                  06/11/2022  16:20:09  PAGE 30


  X:0284H         PUBLIC        m_RFNormalBuf
  X:02ACH         PUBLIC        m_RegMode
  X:02ADH         PUBLIC        m_TimerRegMode
  X:02AFH         PUBLIC        m_RegID
  D:00D0H         PUBLIC        PSW
  X:02B8H         PUBLIC        m_TimerKey
  -------         PROC          _INIT_RAM
  C:3CD8H         LINE#         89
  C:3CD8H         LINE#         90
  C:3CD8H         LINE#         91
  C:3CDEH         LINE#         93
  C:3CE4H         LINE#         94
  C:3CF1H         LINE#         100
  C:3CF4H         LINE#         101
  C:3D00H         LINE#         102
  C:3D05H         LINE#         104
  C:3D11H         LINE#         105
  C:3D1DH         LINE#         106
  C:3D20H         LINE#         107
  C:3D28H         LINE#         108
  C:3D30H         LINE#         110
  C:3D3CH         LINE#         111
  C:3D48H         LINE#         112
  C:3D54H         LINE#         113
  C:3D60H         LINE#         114
  -------         ENDPROC       _INIT_RAM
  -------         ENDMOD        RAM

  -------         MODULE        ML7345
  C:0000H         SYMBOL        _ICE_DUMMY_
  X:02BAH         PUBLIC        First_TX_Scan
  X:02BBH         PUBLIC        APP_TX_freq
  D:0090H         PUBLIC        P1
  D:00A0H         PUBLIC        P2
  D:00C0H         PUBLIC        XICON
  D:00B0H         PUBLIC        P3
  D:00E8H         PUBLIC        P4
  D:00F8H         PUBLIC        P5
  D:00F8H         PUBLIC        P6
  D:00A8H         PUBLIC        IE
  X:02BCH         PUBLIC        Receiver_vent_Cache
  X:02BDH         PUBLIC        tx_pack_cnt
  D:00B8H         PUBLIC        IP0L
  X:02BEH         PUBLIC        Fre_429_350
  X:02C6H         PUBLIC        Fre_426_750
  X:02CEH         PUBLIC        Fre_426_075
  X:02D6H         PUBLIC        Fre_429_550
  X:02DEH         PUBLIC        Fre_429_175
  X:02E6H         PUBLIC        Freq_SetBuff
  D:00D8H         PUBLIC        CCON
  X:02EEH         PUBLIC        txbuf
  C:40C4H         PUBLIC        _Tx_Data_Test
  X:02F1H         PUBLIC        TX_Scan_step
  D:0088H         PUBLIC        TCON
  B:00B0H.4       PUBLIC        P34
  B:00B0H.5       PUBLIC        P35
  C:4845H         PUBLIC        dd_set_ML7345D_Power_on
BL51 BANKED LINKER/LOCATER V6.22.2.0                                                  06/11/2022  16:20:09  PAGE 31


  B:00A0H.7       PUBLIC        P27
  X:02F2H         PUBLIC        rf_offset
  C:36ABH         PUBLIC        ML7345_TRX_Del
  X:02F3H         PUBLIC        Radio_Date_Type
  X:02F4H         PUBLIC        SPI_RECEIVE_BUFF
  C:10FEH         PUBLIC        _RF_ML7345_Init
  X:031CH         PUBLIC        SPI_Receive_DataForC
  D:0098H         PUBLIC        S0CON
  D:0098H         PUBLIC        S1CON
  X:0338H         PUBLIC        Radio_Date_Type_bak
  D:00C8H         PUBLIC        T2CON
  D:00D0H         PUBLIC        PSW
  -------         PROC          _RF_ML7345_INIT
  D:003CH         SYMBOL        freq
  D:003FH         SYMBOL        sync
  D:0040H         SYMBOL        rx_len
  C:10FEH         LINE#         44
  C:1106H         LINE#         45
  C:1106H         LINE#         46
  C:1109H         LINE#         47
  C:110CH         LINE#         48
  C:110CH         LINE#         49
  C:1117H         LINE#         50
  C:1119H         LINE#         51
  C:1119H         LINE#         52
  C:111BH         LINE#         53
  C:1122H         LINE#         54
  C:1129H         LINE#         55
  C:1130H         LINE#         56
  C:1137H         LINE#         57
  C:113EH         LINE#         58
  C:1145H         LINE#         59
  C:114CH         LINE#         60
  C:1153H         LINE#         61
  C:115AH         LINE#         62
  C:1161H         LINE#         63
  C:1168H         LINE#         64
  C:116FH         LINE#         65
  C:1176H         LINE#         66
  C:117DH         LINE#         67
  C:1184H         LINE#         68
  C:118BH         LINE#         69
  C:1192H         LINE#         70
  C:1199H         LINE#         71
  C:11A0H         LINE#         72
  C:11A7H         LINE#         73
  C:11AEH         LINE#         74
  C:11B5H         LINE#         75
  C:11BCH         LINE#         76
  C:11C3H         LINE#         77
  C:11CAH         LINE#         78
  C:11D1H         LINE#         79
  C:11D8H         LINE#         81
  C:11DFH         LINE#         83
  C:11E6H         LINE#         85
  C:11EDH         LINE#         87
  C:11F4H         LINE#         88
BL51 BANKED LINKER/LOCATER V6.22.2.0                                                  06/11/2022  16:20:09  PAGE 32


  C:11FBH         LINE#         90
  C:1202H         LINE#         92
  C:1209H         LINE#         93
  C:1210H         LINE#         94
  C:1217H         LINE#         95
  C:121EH         LINE#         97
  C:1225H         LINE#         99
  C:122CH         LINE#         101
  C:1233H         LINE#         103
  C:123AH         LINE#         104
  C:1241H         LINE#         105
  C:1248H         LINE#         107
  C:124FH         LINE#         109
  C:1256H         LINE#         110
  C:125DH         LINE#         112
  C:1264H         LINE#         113
  C:126BH         LINE#         117
  C:1272H         LINE#         118
  C:1279H         LINE#         119
  C:1280H         LINE#         120
  C:1287H         LINE#         121
  C:128EH         LINE#         123
  C:1295H         LINE#         125
  C:129CH         LINE#         127
  C:12A3H         LINE#         129
  C:12B2H         LINE#         130
  C:12C7H         LINE#         131
  C:12DCH         LINE#         132
  C:12F1H         LINE#         133
  C:1300H         LINE#         134
  C:1315H         LINE#         135
  C:132AH         LINE#         136
  C:133FH         LINE#         138
  C:1346H         LINE#         139
  C:134DH         LINE#         141
  C:1354H         LINE#         142
  C:135BH         LINE#         143
  C:1362H         LINE#         144
  C:1369H         LINE#         146
  C:1370H         LINE#         147
  C:1377H         LINE#         152
  C:137EH         LINE#         153
  C:1385H         LINE#         156
  C:138CH         LINE#         160
  C:13A1H         LINE#         161
  C:13B6H         LINE#         162
  C:13CBH         LINE#         163
  C:13E0H         LINE#         164
  C:13E7H         LINE#         165
  C:13EEH         LINE#         166
  C:13F5H         LINE#         168
  C:13FCH         LINE#         169
  C:1403H         LINE#         170
  C:140AH         LINE#         171
  C:1411H         LINE#         172
  C:1418H         LINE#         174
  C:141BH         LINE#         176
BL51 BANKED LINKER/LOCATER V6.22.2.0                                                  06/11/2022  16:20:09  PAGE 33


  C:1422H         LINE#         177
  C:1429H         LINE#         180
  C:1430H         LINE#         181
  C:1437H         LINE#         183
  C:143EH         LINE#         184
  C:1445H         LINE#         185
  C:144CH         LINE#         186
  C:1453H         LINE#         187
  C:145AH         LINE#         188
  C:1461H         LINE#         189
  C:1468H         LINE#         190
  C:146FH         LINE#         192
  C:14ACH         LINE#         193
  C:14AFH         LINE#         196
  C:14B6H         LINE#         197
  C:14BDH         LINE#         198
  C:14BDH         LINE#         199
  C:14C8H         LINE#         200
  C:14CAH         LINE#         201
  C:14CAH         LINE#         202
  C:14CCH         LINE#         203
  C:14CFH         LINE#         204
  C:14D2H         LINE#         205
  -------         ENDPROC       _RF_ML7345_INIT
  -------         PROC          _TX_DATA_TEST
  D:0063H         SYMBOL        mode
  C:40C4H         LINE#         224
  C:40C6H         LINE#         225
  C:40C6H         LINE#         226
  C:40CDH         LINE#         227
  C:40E2H         LINE#         228
  C:40E2H         LINE#         230
  C:40EBH         LINE#         233
  C:40F4H         LINE#         236
  C:40FDH         LINE#         239
  C:4106H         LINE#         242
  C:4106H         LINE#         243
  C:410DH         LINE#         244
  C:410DH         LINE#         245
  C:410DH         LINE#         246
  C:4112H         LINE#         247
  -------         ENDPROC       _TX_DATA_TEST
  -------         PROC          ML7345_TRX_DEL
  -------         DO            
  I:0080H         SYMBOL        reg
  -------         ENDDO         
  C:36ABH         LINE#         250
  C:36ABH         LINE#         251
  C:36ABH         LINE#         252
  C:36AFH         LINE#         254
  C:36B8H         LINE#         255
  C:36DAH         LINE#         256
  C:36DAH         LINE#         257
  C:36E6H         LINE#         258
  C:36EBH         LINE#         259
  C:36FEH         LINE#         260
  C:36FEH         LINE#         261
BL51 BANKED LINKER/LOCATER V6.22.2.0                                                  06/11/2022  16:20:09  PAGE 34


  C:3727H         LINE#         262
  C:3727H         LINE#         263
  C:3733H         LINE#         264
  C:3746H         LINE#         265
  C:374CH         LINE#         266
  C:374DH         LINE#         267
  C:3771H         LINE#         268
  C:3771H         LINE#         269
  C:377DH         LINE#         270
  C:3789H         LINE#         271
  C:37A0H         LINE#         272
  C:37A5H         LINE#         273
  C:37A7H         LINE#         274
  C:37AAH         LINE#         275
  C:37ACH         LINE#         276
  C:37ACH         LINE#         277
  C:37ACH         LINE#         278
  C:37ACH         LINE#         279
  -------         ENDPROC       ML7345_TRX_DEL
  -------         PROC          DD_SET_ML7345D_POWER_ON
  C:4845H         LINE#         281
  C:4845H         LINE#         282
  C:4845H         LINE#         283
  C:4848H         LINE#         284
  C:4848H         LINE#         285
  C:484AH         LINE#         286
  C:484FH         LINE#         288
  C:484FH         LINE#         289
  -------         ENDPROC       DD_SET_ML7345D_POWER_ON
  -------         ENDMOD        ML7345

  -------         MODULE        ML7345_HAL
  C:0000H         SYMBOL        _ICE_DUMMY_
  C:3978H         PUBLIC        ML7345_DataRate_Set_4_8k
  D:0090H         PUBLIC        P1
  D:00A0H         PUBLIC        P2
  D:00C0H         PUBLIC        XICON
  D:00B0H         PUBLIC        P3
  D:00E8H         PUBLIC        P4
  D:00F8H         PUBLIC        P5
  D:00F8H         PUBLIC        P6
  D:00A8H         PUBLIC        IE
  C:432DH         PUBLIC        _ML7345_AutoTx_Data
  C:2F13H         PUBLIC        _ML7345_Frequency_Set
  D:00B8H         PUBLIC        IP0L
  C:37ADH         PUBLIC        _ML7345_SetAndGet_State
  C:4452H         PUBLIC        _ML7345_StateFlag_Clear
  D:00D8H         PUBLIC        CCON
  C:45E7H         PUBLIC        _ML7345_AutoStateTransition_Set
  C:471DH         PUBLIC        ML7345_AllStateFlag_Clear
  D:0088H         PUBLIC        TCON
  B:00B0H.4       PUBLIC        P34
  C:21F8H         PUBLIC        _ML7345_Frequency_Calcul
  C:4234H         PUBLIC        WaitStatus_Complete
  C:44F3H         PUBLIC        SetReg_Rssi
  C:47A0H         PUBLIC        ML7345_GPIO0TxDoneInt_Enable
  D:0098H         PUBLIC        S0CON
BL51 BANKED LINKER/LOCATER V6.22.2.0                                                  06/11/2022  16:20:09  PAGE 35


  D:0098H         PUBLIC        S1CON
  D:00C8H         PUBLIC        T2CON
  C:485AH         PUBLIC        ML7345_RESETN_SET
[...]
  C:0EF0H         LINE#         941
  C:0EFAH         LINE#         942
  C:0F00H         LINE#         943
  C:0F01H         LINE#         945
  C:0F01H         LINE#         946
  C:0F05H         LINE#         948
  C:0F05H         LINE#         949
  C:0F05H         LINE#         950
  C:0F06H         LINE#         952
  C:0F06H         LINE#         953
  C:0F15H         LINE#         954
  C:0F15H         LINE#         955
  C:0F1BH         LINE#         956
  C:0F25H         LINE#         958
  C:0F30H         LINE#         959
  C:0F3CH         LINE#         960
  C:0F3CH         LINE#         966
  C:0F3DH         LINE#         968
  C:0F3DH         LINE#         969
  C:0F49H         LINE#         970
  C:0F49H         LINE#         971
  C:0F4DH         LINE#         973
  C:0F4DH         LINE#         975
  C:0F68H         LINE#         976
  C:0F69H         LINE#         978
  C:0F69H         LINE#         980
  C:0F71H         LINE#         981
  C:0F71H         LINE#         982
  C:0F7EH         LINE#         983
  C:0F7EH         LINE#         984
  C:0F88H         LINE#         985
  C:0F8EH         LINE#         986
  C:0F9AH         LINE#         987
  C:0F9BH         LINE#         989
  C:0F9BH         LINE#         990
  C:0F9FH         LINE#         992
  C:0F9FH         LINE#         993
  C:0FA0H         LINE#         995
  C:0FA0H         LINE#         996
  C:0FADH         LINE#         997
  C:0FADH         LINE#         998
  C:0FB7H         LINE#         999
  C:0FBDH         LINE#         1000
  C:0FBEH         LINE#         1002
  C:0FBEH         LINE#         1003
  C:0FC2H         LINE#         1005
  C:0FC2H         LINE#         1006
  C:0FC2H         LINE#         1007
  C:0FC3H         LINE#         1009
  C:0FC3H         LINE#         1010
  C:0FC3H         LINE#         1011
  C:0FCFH         LINE#         1012
  C:0FCFH         LINE#         1013
  C:0FD3H         LINE#         1015
  C:0FD3H         LINE#         1017
  C:0FEEH         LINE#         1018
  C:0FEFH         LINE#         1020
BL51 BANKED LINKER/LOCATER V6.22.2.0                                                  06/11/2022  16:20:09  PAGE 56


  C:0FEFH         LINE#         1022
  C:0FFAH         LINE#         1023
  C:0FFAH         LINE#         1024
  C:1007H         LINE#         1025
  C:1007H         LINE#         1026
  C:1014H         LINE#         1027
  C:1014H         LINE#         1028
  C:101BH         LINE#         1029
  C:101FH         LINE#         1030
  C:101FH         LINE#         1031
  C:1022H         LINE#         1032
  C:1024H         LINE#         1034
  C:1024H         LINE#         1035
  C:1027H         LINE#         1036
  C:1027H         LINE#         1037
  C:102DH         LINE#         1038
  C:1040H         LINE#         1043
  C:104BH         LINE#         1044
  C:1057H         LINE#         1045
  C:1063H         LINE#         1046
  C:1069H         LINE#         1047
  C:106DH         LINE#         1049
  C:106DH         LINE#         1050
  C:1073H         LINE#         1051
  C:1074H         LINE#         1053
  C:1074H         LINE#         1054
  C:1078H         LINE#         1056
  C:1078H         LINE#         1057
  C:1079H         LINE#         1059
  C:1079H         LINE#         1060
  C:1086H         LINE#         1061
  C:1086H         LINE#         1062
  C:1093H         LINE#         1063
  C:1093H         LINE#         1064
  C:109AH         LINE#         1065
  C:109EH         LINE#         1066
  C:109EH         LINE#         1067
  C:10A1H         LINE#         1068
  C:10A3H         LINE#         1070
  C:10A3H         LINE#         1071
  C:10A6H         LINE#         1072
  C:10A6H         LINE#         1073
  C:10ACH         LINE#         1074
  C:10BFH         LINE#         1078
  C:10CAH         LINE#         1079
  C:10D6H         LINE#         1080
  C:10E2H         LINE#         1081
  C:10E6H         LINE#         1084
  C:10E6H         LINE#         1085
  C:10ECH         LINE#         1086
  C:10EDH         LINE#         1088
  C:10EDH         LINE#         1089
  C:10F1H         LINE#         1091
  C:10F1H         LINE#         1092
  C:10F1H         LINE#         1093
  C:10F2H         LINE#         1095
  C:10F2H         LINE#         1096
BL51 BANKED LINKER/LOCATER V6.22.2.0                                                  06/11/2022  16:20:09  PAGE 57


  C:10FAH         LINE#         1097
  C:10FAH         LINE#         1099
  C:10FDH         LINE#         1101
  C:10FDH         LINE#         1102
  C:10FDH         LINE#         1104
  C:10FDH         LINE#         1105
  -------         ENDPROC       _DUPLIFUNCSETMODE
  -------         PROC          _REGISTRATIONMODE
  C:308BH         LINE#         1115
  C:308BH         LINE#         1116
  C:308BH         LINE#         1117
  C:3094H         LINE#         1118
  C:3094H         LINE#         1120
  C:3094H         LINE#         1122
  C:30A8H         LINE#         1123
  C:30B4H         LINE#         1124
  C:30B6H         LINE#         1125
  C:30B6H         LINE#         1126
  C:30C2H         LINE#         1127
  C:30C8H         LINE#         1128
  C:30D6H         LINE#         1129
  C:30F1H         LINE#         1130
  C:30F3H         LINE#         1131
  C:30F3H         LINE#         1133
  C:30FEH         LINE#         1134
  C:3100H         LINE#         1135
  C:3105H         LINE#         1136
  C:3105H         LINE#         1147
  C:311EH         LINE#         1148
  C:311EH         LINE#         1149
  C:311EH         LINE#         1150
  C:3137H         LINE#         1151
  C:3137H         LINE#         1152
  C:3149H         LINE#         1153
  C:3149H         LINE#         1155
  C:3154H         LINE#         1156
  C:315EH         LINE#         1157
  C:315FH         LINE#         1159
  C:315FH         LINE#         1160
  C:3173H         LINE#         1161
  C:3173H         LINE#         1162
  C:3179H         LINE#         1163
  C:317BH         LINE#         1166
  C:317BH         LINE#         1168
  C:3186H         LINE#         1169
  C:3186H         LINE#         1174
  C:3190H         LINE#         1175
  C:3191H         LINE#         1177
  C:3191H         LINE#         1178
  C:3194H         LINE#         1180
  C:319FH         LINE#         1181
  C:31A9H         LINE#         1182
  C:31AAH         LINE#         1184
  C:31AAH         LINE#         1186
  C:31BCH         LINE#         1187
  C:31BCH         LINE#         1189
  C:31BCH         LINE#         1194
BL51 BANKED LINKER/LOCATER V6.22.2.0                                                  06/11/2022  16:20:09  PAGE 58


  C:31CBH         LINE#         1197
  C:31E7H         LINE#         1199
  C:31E7H         LINE#         1201
  C:31F2H         LINE#         1202
  C:31F4H         LINE#         1204
  C:31F4H         LINE#         1205
  C:31FBH         LINE#         1207
  C:31FBH         LINE#         1208
  C:3200H         LINE#         1209
  C:3200H         LINE#         1210
  C:3200H         LINE#         1211
  -------         ENDPROC       _REGISTRATIONMODE
  -------         PROC          _ATOL
  D:0021H         SYMBOL        m_RegID_x
  -------         DO            
  D:0024H         SYMBOL        i
  D:0025H         SYMBOL        j
  D:0026H         SYMBOL        m_ID
  -------         ENDDO         
  C:3D61H         LINE#         1216
  C:3D67H         LINE#         1217
  C:3D67H         LINE#         1219
  C:3D73H         LINE#         1221
  C:3D85H         LINE#         1222
  C:3D9BH         LINE#         1223
  C:3DCCH         LINE#         1224
  C:3DD0H         LINE#         1225
  C:3DD8H         LINE#         1226
  -------         ENDPROC       _ATOL
  -------         PROC          __SETREGISTRATIONMODE
  D:006AH         SYMBOL        mode
  C:466EH         LINE#         1238
  C:4670H         LINE#         1239
  C:4670H         LINE#         1240
  C:4676H         LINE#         1241
  C:4676H         LINE#         1243
  C:4676H         LINE#         1245
  C:467CH         LINE#         1252
  C:467FH         LINE#         1259
  C:468AH         LINE#         1260
  C:4694H         LINE#         1261
  -------         ENDPROC       __SETREGISTRATIONMODE
  -------         PROC          _GETREGMODE
  C:4874H         LINE#         1262
  C:4874H         LINE#         1263
  C:4874H         LINE#         1264
  C:4879H         LINE#         1265
  -------         ENDPROC       _GETREGMODE
  -------         PROC          _IDCLEAR
  -------         DO            
  D:006BH         SYMBOL        i
  -------         ENDDO         
  C:45B7H         LINE#         1272
  C:45B7H         LINE#         1273
  C:45B7H         LINE#         1276
  C:45BCH         LINE#         1278
  C:45CEH         LINE#         1279
BL51 BANKED LINKER/LOCATER V6.22.2.0                                                  06/11/2022  16:20:09  PAGE 59


  C:45CEH         LINE#         1280
  C:45DDH         LINE#         1281
  C:45E1H         LINE#         1282
  C:45E6H         LINE#         1284
  -------         ENDPROC       _IDCLEAR
  -------         PROC          __SWIN
  D:006CH         SYMBOL        sw
  C:46BBH         LINE#         1296
  C:46BDH         LINE#         1297
  C:46BDH         LINE#         1298
  C:46CBH         LINE#         1299
  C:46CFH         LINE#         1300
  C:46CFH         LINE#         1301
  C:46DDH         LINE#         1302
  C:46DDH         LINE#         1303
  -------         ENDPROC       __SWIN
  -------         PROC          __REQBUZZER
  D:004DH         SYMBOL        BEEP_on_SET
  D:004FH         SYMBOL        BEEP_off_SET
  D:0050H         SYMBOL        BEEP_freq_SET
  C:4113H         LINE#         1305
  C:411BH         LINE#         1306
  C:411BH         LINE#         1307
  C:4130H         LINE#         1308
  C:4130H         LINE#         1309
  C:413AH         LINE#         1310
  C:4140H         LINE#         1311
  C:4150H         LINE#         1312
  C:415AH         LINE#         1313
  C:4160H         LINE#         1314
  C:4160H         LINE#         1315
  -------         ENDPROC       __REQBUZZER
  -------         PROC          TEST_MODE_CONTROL
  C:2B31H         LINE#         1320
  C:2B31H         LINE#         1321
  C:2B31H         LINE#         1323
  C:2B37H         LINE#         1324
  C:2B37H         LINE#         1325
  C:2B45H         LINE#         1326
  C:2B45H         LINE#         1327
  C:2B51H         LINE#         1328
  C:2B53H         LINE#         1329
  C:2B55H         LINE#         1330
  C:2B58H         LINE#         1331
  C:2B5AH         LINE#         1332
  C:2B5DH         LINE#         1333
  C:2B60H         LINE#         1334
  C:2B66H         LINE#         1335
  C:2B72H         LINE#         1336
  C:2B72H         LINE#         1337
  C:2B91H         LINE#         1338
  C:2B91H         LINE#         1339
  C:2B9DH         LINE#         1340
  C:2BA0H         LINE#         1341
  C:2BA0H         LINE#         1342
  C:2BA3H         LINE#         1343
  C:2BC3H         LINE#         1344
BL51 BANKED LINKER/LOCATER V6.22.2.0                                                  06/11/2022  16:20:09  PAGE 60


  C:2BC3H         LINE#         1345
  C:2BCFH         LINE#         1346
  C:2BD2H         LINE#         1347
  C:2BDCH         LINE#         1348
  C:2BEAH         LINE#         1349
  C:2BF6H         LINE#         1350
  C:2BFBH         LINE#         1351
  C:2BFBH         LINE#         1352
  C:2C17H         LINE#         1354
  C:2C3DH         LINE#         1355
  C:2C3DH         LINE#         1356
  C:2C49H         LINE#         1357
  C:2C4BH         LINE#         1358
  C:2C4EH         LINE#         1359
  C:2C50H         LINE#         1360
  C:2C5CH         LINE#         1361
  C:2C5CH         LINE#         1362
  C:2C7CH         LINE#         1374
  C:2CA5H         LINE#         1375
  C:2CA5H         LINE#         1376
  C:2CB1H         LINE#         1377
  C:2CB4H         LINE#         1378
  C:2CBEH         LINE#         1379
  C:2CCCH         LINE#         1380
  C:2CD1H         LINE#         1381
  C:2CDDH         LINE#         1385
  C:2CDDH         LINE#         1386
  C:2CFFH         LINE#         1388
  C:2D02H         LINE#         1389
  C:2D05H         LINE#         1390
  C:2D15H         LINE#         1391
  C:2D15H         LINE#         1392
  C:2D21H         LINE#         1393
  C:2D24H         LINE#         1394
  C:2D24H         LINE#         1395
  C:2D26H         LINE#         1396
  C:2D28H         LINE#         1397
  C:2D34H         LINE#         1398
  C:2D40H         LINE#         1399
  C:2D4CH         LINE#         1400
  -------         ENDPROC       TEST_MODE_CONTROL
  -------         ENDMOD        KEY_AND_OTHER

  -------         MODULE        EXIT_FUN
  C:0000H         SYMBOL        _ICE_DUMMY_
  D:0090H         PUBLIC        P1
  D:00A0H         PUBLIC        P2
  D:00C0H         PUBLIC        XICON
  D:00B0H         PUBLIC        P3
  D:00E8H         PUBLIC        P4
  D:00F8H         PUBLIC        P5
  C:3EC4H         PUBLIC        _SetFixedLengthCode
  D:00F8H         PUBLIC        P6
  D:00A8H         PUBLIC        IE
  D:00B8H         PUBLIC        IP0L
  D:00D8H         PUBLIC        CCON
  D:0088H         PUBLIC        TCON
BL51 BANKED LINKER/LOCATER V6.22.2.0                                                  06/11/2022  16:20:09  PAGE 61


  B:00A0H.7       PUBLIC        P27
  C:336BH         PUBLIC        SendTxData
  D:0098H         PUBLIC        S0CON
  D:0098H         PUBLIC        S1CON
  D:00C8H         PUBLIC        T2CON
  C:3201H         PUBLIC        _SetTxData
  D:00D0H         PUBLIC        PSW
  -------         PROC          SENDTXDATA
  C:336BH         LINE#         38
  C:336BH         LINE#         39
  C:336BH         LINE#         40
  C:336DH         LINE#         41
  C:3378H         LINE#         42
  C:3378H         LINE#         43
  C:33A9H         LINE#         44
  C:33AFH         LINE#         45
  C:33B8H         LINE#         46
  C:33C2H         LINE#         47
  C:33C5H         LINE#         49
  C:33C5H         LINE#         50
  C:33F2H         LINE#         51
  C:342EH         LINE#         52
  C:345BH         LINE#         53
  C:3461H         LINE#         54
  C:346AH         LINE#         55
  C:3474H         LINE#         56
  C:3474H         LINE#         57
  C:3480H         LINE#         58
  C:3493H         LINE#         59
  C:3499H         LINE#         60
  -------         ENDPROC       SENDTXDATA
  -------         PROC          _SETTXDATA
  D:0031H         SYMBOL        count_set
  D:0032H         SYMBOL        ID_data_set
  D:0036H         SYMBOL        Control_code_set
  -------         DO            
  I:0075H         SYMBOL        unii
  I:0077H         SYMBOL        unij
  I:0079H         SYMBOL        unik
  -------         ENDDO         
  C:3201H         LINE#         62
  C:3203H         LINE#         63
  C:3203H         LINE#         66
  C:320FH         LINE#         67
  C:3223H         LINE#         68
  C:3237H         LINE#         69
  C:3243H         LINE#         70
  C:3257H         LINE#         71
  C:326BH         LINE#         72
  C:3277H         LINE#         73
  C:328BH         LINE#         74
  C:329FH         LINE#         76
  C:32ABH         LINE#         77
  C:32BFH         LINE#         78
  C:32D3H         LINE#         80
  C:32D7H         LINE#         81
  C:32DBH         LINE#         82
BL51 BANKED LINKER/LOCATER V6.22.2.0                                                  06/11/2022  16:20:09  PAGE 62


  C:32DFH         LINE#         83
  C:32E3H         LINE#         84
  C:32FEH         LINE#         85
  C:330CH         LINE#         86
  C:3320H         LINE#         87
  C:3334H         LINE#         88
  C:3342H         LINE#         89
  C:3356H         LINE#         90
  C:336AH         LINE#         91
  -------         ENDPROC       _SETTXDATA
  -------         PROC          _SETFIXEDLENGTHCODE
  D:006DH         SYMBOL        Data
  -------         DO            
  I:007BH         SYMBOL        Code
  I:007DH         SYMBOL        i
  -------         ENDDO         
  C:3EC4H         LINE#         93
  C:3EC6H         LINE#         94
  C:3EC6H         LINE#         98
  C:3EDBH         LINE#         99
  C:3EDBH         LINE#         100
  C:3EF4H         LINE#         101
  C:3EF9H         LINE#         102
  C:3EF9H         LINE#         103
  C:3F05H         LINE#         104
  C:3F07H         LINE#         106
  C:3F07H         LINE#         107
  C:3F13H         LINE#         109
  C:3F13H         LINE#         110
  C:3F19H         LINE#         111
  C:3F1EH         LINE#         112
  C:3F25H         LINE#         113
  -------         ENDPROC       _SETFIXEDLENGTHCODE
  -------         ENDMOD        EXIT_FUN

  -------         MODULE        ?C?FPADD
  C:0055H         PUBLIC        ?C?FPADD
  C:0051H         PUBLIC        ?C?FPSUB
  -------         ENDMOD        ?C?FPADD

  -------         MODULE        ?C?FPMUL
  C:0146H         PUBLIC        ?C?FPMUL
  -------         ENDMOD        ?C?FPMUL

  -------         MODULE        ?C?FPDIV
  C:024FH         PUBLIC        ?C?FPDIV
  -------         ENDMOD        ?C?FPDIV

  -------         MODULE        ?C?FCAST
  C:02F6H         PUBLIC        ?C?FCASTC
  C:02F1H         PUBLIC        ?C?FCASTI
  C:02ECH         PUBLIC        ?C?FCASTL
  -------         ENDMOD        ?C?FCAST

  -------         MODULE        ?C?CASTF
  C:032AH         PUBLIC        ?C?CASTF
  -------         ENDMOD        ?C?CASTF
BL51 BANKED LINKER/LOCATER V6.22.2.0                                                  06/11/2022  16:20:09  PAGE 63



  -------         MODULE        ?C?COPY
  C:047BH         PUBLIC        ?C?COPY
  -------         ENDMOD        ?C?COPY

  -------         MODULE        ?C?CLDPTR
  C:04A1H         PUBLIC        ?C?CLDPTR
  -------         ENDMOD        ?C?CLDPTR

  -------         MODULE        ?C?CLDOPTR
  C:04BAH         PUBLIC        ?C?CLDOPTR
  -------         ENDMOD        ?C?CLDOPTR

  -------         MODULE        ?C?CSTPTR
  C:04E7H         PUBLIC        ?C?CSTPTR
  -------         ENDMOD        ?C?CSTPTR

  -------         MODULE        ?C?CSTOPTR
  C:04F9H         PUBLIC        ?C?CSTOPTR
  -------         ENDMOD        ?C?CSTOPTR

  -------         MODULE        ?C?IILDX
  C:051BH         PUBLIC        ?C?IILDX
  -------         ENDMOD        ?C?IILDX

  -------         MODULE        ?C?ILDIX
  C:0531H         PUBLIC        ?C?ILDIX
  -------         ENDMOD        ?C?ILDIX

  -------         MODULE        ?C?LMUL
  C:0547H         PUBLIC        ?C?LMUL
  -------         ENDMOD        ?C?LMUL

  -------         MODULE        ?C?ULDIV
  C:05D2H         PUBLIC        ?C?ULDIV
  -------         ENDMOD        ?C?ULDIV

  -------         MODULE        ?C?SLDIV
  C:41F0H         PUBLIC        ?C?SLDIV
  -------         ENDMOD        ?C?SLDIV

  -------         MODULE        ?C?LNEG
  C:0664H         PUBLIC        ?C?LNEG
  -------         ENDMOD        ?C?LNEG

  -------         MODULE        ?C?ULCMP
  C:0672H         PUBLIC        ?C?ULCMP
  -------         ENDMOD        ?C?ULCMP

  -------         MODULE        ?C?ULSHR
  C:0683H         PUBLIC        ?C?ULSHR
  -------         ENDMOD        ?C?ULSHR

  -------         MODULE        ?C?LSTXDATA
  C:0696H         PUBLIC        ?C?LSTXDATA
  -------         ENDMOD        ?C?LSTXDATA

BL51 BANKED LINKER/LOCATER V6.22.2.0                                                  06/11/2022  16:20:09  PAGE 64


  -------         MODULE        ?C?LSTKXDATA
  C:06A2H         PUBLIC        ?C?LSTKXDATA
  -------         ENDMOD        ?C?LSTKXDATA

  -------         MODULE        ?C?CCASE
  C:06D3H         PUBLIC        ?C?CCASE
  -------         ENDMOD        ?C?CCASE

Program Size: data=130.3 xdata=969 code=18570
LINK/LOCATE RUN COMPLETE.  0 WARNING(S),  0 ERROR(S)
