BL51 BANKED LINKER/LOCATER V6.22.2.0                                                    04/15/2022  10:29:12  PAGE 1


BL51 BANKED LINKER/LOCATER V6.22.2.0, INVOKED BY:
C:\KEIL_V5\C51\BIN\BL51.EXE .\Objects\main.obj, .\Objects\sys.obj, .\Objects\gpio.obj, .\Objects\timer.obj, .\Objects\ua
>> rt.obj, .\Objects\IAP_flash.obj, .\Objects\spi.obj, .\Objects\ram.obj, .\Objects\ML7345.obj, .\Objects\ML7345_HAL.obj
>> , .\Objects\adc.obj, .\Objects\key_and_Other.obj, .\Objects\EXIT_FUN.obj TO .\Objects\STX0031_MA82G5B32_Pro PRINT (.\
>> Listings\STX0031_MA82G5B32_Pro.m51) RAMSIZE (256) CODE (0X0000-0X7FFF) XDATA (0X0000-0X06FF)


MEMORY MODEL: SMALL WITH FLOATING POINT ARITHMETIC


INPUT MODULES INCLUDED:
  .\Objects\main.obj (MAIN)
  .\Objects\sys.obj (SYS)
  .\Objects\gpio.obj (GPIO)
  .\Objects\timer.obj (TIMER)
  .\Objects\uart.obj (UART)
  .\Objects\IAP_flash.obj (IAP_FLASH)
  .\Objects\spi.obj (SPI)
  .\Objects\ram.obj (RAM)
  .\Objects\ML7345.obj (ML7345)
  .\Objects\ML7345_HAL.obj (ML7345_HAL)
  .\Objects\adc.obj (ADC)
  .\Objects\key_and_Other.obj (KEY_AND_OTHER)
  .\Objects\EXIT_FUN.obj (EXIT_FUN)
  C:\KEIL_V5\C51\LIB\C51FPS.LIB (?C?FPADD)
  C:\KEIL_V5\C51\LIB\C51FPS.LIB (?C?FPMUL)
  C:\KEIL_V5\C51\LIB\C51FPS.LIB (?C?FPDIV)
  C:\KEIL_V5\C51\LIB\C51FPS.LIB (?C?FCAST)
  C:\KEIL_V5\C51\LIB\C51FPS.LIB (?C?CASTF)
  C:\KEIL_V5\C51\LIB\C51FPS.LIB (?C?FPGETOPN)
  C:\KEIL_V5\C51\LIB\C51S.LIB (?C_STARTUP)
  C:\KEIL_V5\C51\LIB\C51S.LIB (?C?COPY)
  C:\KEIL_V5\C51\LIB\C51S.LIB (?C?CLDPTR)
  C:\KEIL_V5\C51\LIB\C51S.LIB (?C?CLDOPTR)
  C:\KEIL_V5\C51\LIB\C51S.LIB (?C?CSTPTR)
  C:\KEIL_V5\C51\LIB\C51S.LIB (?C?CSTOPTR)
  C:\KEIL_V5\C51\LIB\C51S.LIB (?C?IILDX)
  C:\KEIL_V5\C51\LIB\C51S.LIB (?C?ILDIX)
  C:\KEIL_V5\C51\LIB\C51S.LIB (?C?LMUL)
  C:\KEIL_V5\C51\LIB\C51S.LIB (?C?ULDIV)
  C:\KEIL_V5\C51\LIB\C51S.LIB (?C?SLDIV)
  C:\KEIL_V5\C51\LIB\C51S.LIB (?C?LNEG)
  C:\KEIL_V5\C51\LIB\C51S.LIB (?C?ULCMP)
  C:\KEIL_V5\C51\LIB\C51S.LIB (?C?ULSHR)
  C:\KEIL_V5\C51\LIB\C51S.LIB (?C?LSTXDATA)
  C:\KEIL_V5\C51\LIB\C51S.LIB (?C?LSTKXDATA)
  C:\KEIL_V5\C51\LIB\C51S.LIB (?C?CCASE)
  C:\KEIL_V5\C51\LIB\C51S.LIB (?C_INIT)


LINK MAP OF MODULE:  .\Objects\STX0031_MA82G5B32_Pro (MAIN)


            TYPE    BASE      LENGTH    RELOCATION   SEGMENT NAME
            -----------------------------------------------------

            * * * * * * *   D A T A   M E M O R Y   * * * * * * *
            REG     0000H     0008H     ABSOLUTE     "REG BANK 0"
BL51 BANKED LINKER/LOCATER V6.22.2.0                                                  04/15/2022  10:29:12  PAGE 2


            DATA    0008H     0011H     UNIT         ?DT?KEY_AND_OTHER
            DATA    0019H     0007H     UNIT         ?DT?_IAP_WRITEBUF_WITH_PROTECT_VERIFY?IAP_FLASH
            BIT     0020H.0   0000H.1   UNIT         ?BI?_UART0SENDBYTE?UART
            BIT     0020H.1   0000H.1   UNIT         ?BI?_IAP_WRITEPPAGE?IAP_FLASH
            BIT     0020H.2   0000H.1   UNIT         ?BI?_IAP_WRITEBUF_WITH_PROTECT_VERIFY?IAP_FLASH
                    0020H.3   0000H.5                *** GAP ***
            DATA    0021H     0009H     UNIT         ?DT?_ATOL?KEY_AND_OTHER
            DATA    002AH     0007H     UNIT         ?DT?_ML7345_FREQUENCY_CALCUL?ML7345_HAL
            DATA    0031H     0006H     UNIT         ?DT?_SETTXDATA?EXIT_FUN
            DATA    0037H     0005H     UNIT         ?DT?_ML7345_WRITE_FIFO?SPI
            DATA    003CH     0005H     UNIT         ?DT?_RF_ML7345_INIT?ML7345
            DATA    0041H     0004H     UNIT         ?DT?_SEND_DATA?UART
            DATA    0045H     0004H     UNIT         ?DT?_ML7345_FREQUENCY_SET?ML7345_HAL
            DATA    0049H     0004H     UNIT         ?DT?_ML7345_AUTOTX_DATA?ML7345_HAL
            DATA    004DH     0004H     UNIT         ?DT?__REQBUZZER?KEY_AND_OTHER
            DATA    0051H     0003H     UNIT         ?DT?_ASC_HEX_2?UART
            DATA    0054H     0003H     UNIT         ?DT?__REQTXDEDIT?KEY_AND_OTHER
            DATA    0057H     0002H     UNIT         ?DT?_IAP_WRITEPPAGE?IAP_FLASH
            DATA    0059H     0002H     UNIT         ?DT?_ML7345_WRITE_REG?SPI
            DATA    005BH     0001H     UNIT         ?DT?_DELAYXUS?TIMER
            DATA    005CH     0001H     UNIT         ?DT?_DELAY_MS?TIMER
            DATA    005DH     0001H     UNIT         ?DT?_UART0SENDBYTE?UART
            DATA    005EH     0001H     UNIT         ?DT?_ASC_HEX?UART
            DATA    005FH     0001H     UNIT         ?DT?_HEX_ASC?UART
            DATA    0060H     0001H     UNIT         ?DT?_SPI_DELAY?SPI
            DATA    0061H     0001H     UNIT         ?DT?_SPI1_SENDRECV_DATA?SPI
            DATA    0062H     0001H     UNIT         ?DT?_ML7345_READ_REG?SPI
            DATA    0063H     0001H     UNIT         ?DT?_TX_DATA_TEST?ML7345
            DATA    0064H     0001H     UNIT         ?DT?_ML7345_AUTOSTATETRANSITION_SET?ML7345_HAL
            DATA    0065H     0001H     UNIT         ?DT?_ML7345_SETANDGET_STATE?ML7345_HAL
            DATA    0066H     0001H     UNIT         ?DT?_ML7345_STATEFLAG_CLEAR?ML7345_HAL
            DATA    0067H     0001H     UNIT         ?DT?__PASS3SECKEY?KEY_AND_OTHER
            DATA    0068H     0001H     UNIT         ?DT?_DUPLIFUNCSETMODE?KEY_AND_OTHER
            DATA    0069H     0001H     UNIT         ?DT?__SETREGISTRATIONMODE?KEY_AND_OTHER
            DATA    006AH     0001H     UNIT         ?DT?_IDCLEAR?KEY_AND_OTHER
            DATA    006BH     0001H     UNIT         ?DT?__SWIN?KEY_AND_OTHER
            DATA    006CH     0001H     UNIT         ?DT?_SETFIXEDLENGTHCODE?EXIT_FUN
            IDATA   006DH     0006H     UNIT         ?ID?RAM
            IDATA   0073H     0006H     UNIT         ?ID?_SETTXDATA?EXIT_FUN
            IDATA   0079H     0003H     UNIT         ?ID?_SETFIXEDLENGTHCODE?EXIT_FUN
            IDATA   007CH     0001H     UNIT         ?ID?INT_UART0?UART
            IDATA   007DH     0001H     UNIT         ?ID?EEPROM_SYS_LOAD?IAP_FLASH
            IDATA   007EH     0001H     UNIT         ?ID?ML7345_TRX_DEL?ML7345
            IDATA   007FH     0001H     UNIT         ?ID?_KEYINTX?KEY_AND_OTHER
            IDATA   0080H     0001H     UNIT         ?STACK

            * * * * * * *  X D A T A   M E M O R Y  * * * * * * *
            XDATA   0000H     0209H     UNIT         ?XD?IAP_FLASH
            XDATA   0209H     00AAH     UNIT         ?XD?RAM
            XDATA   02B3H     007FH     UNIT         ?XD?ML7345
            XDATA   0332H     007EH     UNIT         ?XD?UART
            XDATA   03B0H     000CH     UNIT         ?XD?ML7345_HAL
            XDATA   03BCH     0002H     UNIT         ?XD?TIMER
            XDATA   03BEH     0002H     UNIT         ?XD?SPI
            XDATA   03C0H     0002H     UNIT         ?XD?ADC

            * * * * * * *   C O D E   M E M O R Y   * * * * * * *
BL51 BANKED LINKER/LOCATER V6.22.2.0                                                  04/15/2022  10:29:12  PAGE 3


            CODE    0000H     0003H     ABSOLUTE     
            CODE    0003H     0003H     ABSOLUTE     
            CODE    0006H     0005H     UNIT         ?PR?BEEP_OFF?TIMER
            CODE    000BH     0003H     ABSOLUTE     
            CODE    000EH     0005H     UNIT         ?PR?UART1_END?UART
            CODE    0013H     0003H     ABSOLUTE     
            CODE    0016H     000CH     UNIT         ?PR?INIT_INT1?GPIO
            CODE    0022H     0001H     UNIT         ?PR?_FUNCAUTOTXSTART?KEY_AND_OTHER
            CODE    0023H     0003H     ABSOLUTE     
            CODE    0026H     0025H     UNIT         ?PR?_GETNOPUSHSTATE?KEY_AND_OTHER
            CODE    004BH     0003H     ABSOLUTE     
            CODE    004EH     06ABH     UNIT         ?C?LIB_CODE
            CODE    06F9H     063CH     UNIT         ?PR?PC_PRG?UART
            CODE    0D35H     03DEH     UNIT         ?PR?_DUPLIFUNCSETMODE?KEY_AND_OTHER
            CODE    1113H     03D5H     UNIT         ?PR?_RF_ML7345_INIT?ML7345
            CODE    14E8H     0396H     UNIT         ?PR?EEPROM_SYS_LOAD?IAP_FLASH
            CODE    187EH     02EEH     UNIT         ?PR?_KEYINTX?KEY_AND_OTHER
            CODE    1B6CH     02A6H     UNIT         ?C_INITSEG
            CODE    1E12H     0282H     UNIT         ?PR?_ML7345_FREQUENCY_CALCUL?ML7345_HAL
            CODE    2094H     026BH     UNIT         ?PR?_FUNCSTOP?KEY_AND_OTHER
            CODE    22FFH     022CH     UNIT         ?PR?_IAP_WRITEBUF_WITH_PROTECT_VERIFY?IAP_FLASH
            CODE    252BH     0220H     UNIT         ?PR?KEY_CHECK?KEY_AND_OTHER
            CODE    274BH     01BDH     UNIT         ?PR?TEST_MODE_CONTROL?KEY_AND_OTHER
            CODE    2908H     01B0H     UNIT         ?PR?__REQTXDEDIT?KEY_AND_OTHER
            CODE    2AB8H     0178H     UNIT         ?PR?_ML7345_FREQUENCY_SET?ML7345_HAL
            CODE    2C30H     0176H     UNIT         ?PR?_REGISTRATIONMODE?KEY_AND_OTHER
            CODE    2DA6H     016AH     UNIT         ?PR?_SETTXDATA?EXIT_FUN
            CODE    2F10H     012FH     UNIT         ?PR?SENDTXDATA?EXIT_FUN
            CODE    303FH     0103H     UNIT         ?PR?MAIN?MAIN
            CODE    3142H     0102H     UNIT         ?PR?ML7345_TRX_DEL?ML7345
            CODE    3244H     00EFH     UNIT         ?PR?_ML7345_SETANDGET_STATE?ML7345_HAL
            CODE    3333H     00E7H     UNIT         ?PR?INT_ADC?ADC
            CODE    341AH     00DCH     UNIT         ?PR?_FUNCREG?KEY_AND_OTHER
            CODE    34F6H     00C5H     UNIT         ?PR?ML7345_DATARATE_SET_4_8K?ML7345_HAL
            CODE    35BBH     00BBH     UNIT         ?PR?INT_UART0?UART
            CODE    3676H     00B7H     UNIT         ?PR?ML7345_DATARATE_SET_1_2K?ML7345_HAL
            CODE    372DH     00ACH     UNIT         ?PR?INT_T0?TIMER
            CODE    37D9H     009DH     UNIT         ?PR?TIME_CONTROL?KEY_AND_OTHER
            CODE    3876H     008CH     UNIT         ?C_C51STARTUP
            CODE    3902H     0078H     UNIT         ?PR?_ATOL?KEY_AND_OTHER
            CODE    397AH     0077H     UNIT         ?PR?_ML7345_WRITE_FIFO?SPI
            CODE    39F1H     0074H     UNIT         ?PR?AD_CONTROL?ADC
            CODE    3A65H     0062H     UNIT         ?PR?_SETFIXEDLENGTHCODE?EXIT_FUN
            CODE    3AC7H     005CH     UNIT         ?PR?_FUNCOPENREG?KEY_AND_OTHER
            CODE    3B23H     0059H     UNIT         ?PR?_INIT_RAM?RAM
            CODE    3B7CH     0052H     UNIT         ?PR?_FUNCNOPUSH?KEY_AND_OTHER
            CODE    3BCEH     0050H     UNIT         ?PR?_FUNCCLOSEREG?KEY_AND_OTHER
            CODE    3C1EH     0050H     UNIT         ?PR?_FUNCVENTREG?KEY_AND_OTHER
            CODE    3C6EH     0050H     UNIT         ?PR?_FUNCSTOPREG?KEY_AND_OTHER
            CODE    3CBEH     004FH     UNIT         ?PR?_TX_DATA_TEST?ML7345
            CODE    3D0DH     004EH     UNIT         ?PR?__REQBUZZER?KEY_AND_OTHER
            CODE    3D5BH     0049H     UNIT         ?PR?INIT_PORT?GPIO
            CODE    3DA4H     0045H     UNIT         ?PR?INIT_PCA_PWM?TIMER
            CODE    3DE9H     0044H     UNIT         ?C?LDIV
            CODE    3E2DH     0041H     UNIT         ?PR?WAITSTATUS_COMPLETE?ML7345_HAL
            CODE    3E6EH     003DH     UNIT         ?PR?_SEND_DATA?UART
            CODE    3EABH     003DH     UNIT         ?PR?_CLEARSPECIALMULTIKEYSTATE?KEY_AND_OTHER
BL51 BANKED LINKER/LOCATER V6.22.2.0                                                  04/15/2022  10:29:12  PAGE 4


            CODE    3EE8H     003CH     UNIT         ?PR?_ML7345_AUTOTX_DATA?ML7345_HAL
            CODE    3F24H     003BH     UNIT         ?PR?INT_INT0?GPIO
            CODE    3F5FH     003BH     UNIT         ?PR?INT_INT1?GPIO
            CODE    3F9AH     003AH     UNIT         ?PR?_ML7345_READ_REG?SPI
            CODE    3FD4H     0039H     UNIT         ?PR?INIT_CLOCK?SYS
            CODE    400DH     0039H     UNIT         ?PR?_ML7345_STATEFLAG_CLEAR?ML7345_HAL
            CODE    4046H     0034H     UNIT         ?PR?INIT_UART0_T1?UART
            CODE    407AH     0034H     UNIT         ?PR?__PASS3SECKEY?KEY_AND_OTHER
            CODE    40AEH     0032H     UNIT         ?PR?SETREG_RSSI?ML7345_HAL
            CODE    40E0H     0031H     UNIT         ?PR?_ML7345_WRITE_REG?SPI
            CODE    4111H     0031H     UNIT         ?PR?_FUNCOPENSTOP?KEY_AND_OTHER
            CODE    4142H     0030H     UNIT         ?PR?_HEX_ASC?UART
            CODE    4172H     0030H     UNIT         ?PR?_IDCLEAR?KEY_AND_OTHER
            CODE    41A2H     002FH     UNIT         ?PR?_ML7345_AUTOSTATETRANSITION_SET?ML7345_HAL
            CODE    41D1H     002DH     UNIT         ?PR?_ASC_HEX?UART
            CODE    41FEH     002BH     UNIT         ?PR?_IAP_WRITEPPAGE?IAP_FLASH
            CODE    4229H     0027H     UNIT         ?PR?__SETREGISTRATIONMODE?KEY_AND_OTHER
            CODE    4250H     0026H     UNIT         ?PR?_DUPLIFUNCCLEAR?KEY_AND_OTHER
            CODE    4276H     0023H     UNIT         ?PR?__SWIN?KEY_AND_OTHER
            CODE    4299H     0021H     UNIT         ?PR?INIT_TIMER0?TIMER
            CODE    42BAH     001EH     UNIT         ?PR?_ASC_HEX_2?UART
            CODE    42D8H     001DH     UNIT         ?PR?ML7345_ALLSTATEFLAG_CLEAR?ML7345_HAL
            CODE    42F5H     001CH     UNIT         ?PR?INIT_ADC?ADC
            CODE    4311H     001BH     UNIT         ?PR?INIT_SPI?SPI
            CODE    432CH     001BH     UNIT         ?PR?_SPI1_SENDRECV_DATA?SPI
            CODE    4347H     0016H     UNIT         ?PR?_DELAY_MS?TIMER
            CODE    435DH     0016H     UNIT         ?PR?ML7345_GPIO0TXDONEINT_ENABLE?ML7345_HAL
            CODE    4373H     0015H     UNIT         ?PR?_UART0SENDBYTE?UART
            CODE    4388H     0014H     UNIT         ?PR?INIT_WDT?SYS
            CODE    439CH     0012H     UNIT         ?PR?SPIGPIO_INIT?GPIO
            CODE    43AEH     0012H     UNIT         ?PR?SPIGPIO_UNINIT?GPIO
            CODE    43C0H     0012H     UNIT         ?PR?_SETKEYCHATTERCOUNT?KEY_AND_OTHER
            CODE    43D2H     0011H     UNIT         ?PR?_DELAYXUS?TIMER
            CODE    43E3H     000EH     UNIT         ?CO?UART
            CODE    43F1H     000BH     UNIT         ?PR?INIT_IAP_FLASH?IAP_FLASH
            CODE    43FCH     000BH     UNIT         ?PR?DD_SET_ML7345D_POWER_ON?ML7345
            CODE    4407H     000AH     UNIT         ?PR?_SPI_DELAY?SPI
            CODE    4411H     000AH     UNIT         ?PR?ML7345_RESETN_SET?ML7345_HAL
            CODE    441BH     0006H     UNIT         ?PR?INIT_INTERRUPT?GPIO
            CODE    4421H     0006H     UNIT         ?PR?_GETREGMODE?KEY_AND_OTHER
            CODE    4427H     0004H     UNIT         ?PR?CLEARWDT?SYS
            CODE    442BH     0004H     UNIT         ?PR?INIT_BEEP?TIMER
            CODE    442FH     0004H     UNIT         ?PR?ADC_START?ADC
            CODE    4433H     0003H     UNIT         ?PR?BEEP_ON?TIMER
            CODE    4436H     0001H     UNIT         ?PR?_FUNCAUTOTXSTOP?KEY_AND_OTHER



OVERLAY MAP OF MODULE:   .\Objects\STX0031_MA82G5B32_Pro (MAIN)


SEGMENT
  +--> CALLED SEGMENT
---------------------
?PR?INT_INT0?GPIO
  +--> ?PR?ML7345_TRX_DEL?ML7345

BL51 BANKED LINKER/LOCATER V6.22.2.0                                                  04/15/2022  10:29:12  PAGE 5


?PR?ML7345_TRX_DEL?ML7345
  +--> ?PR?_ML7345_READ_REG?SPI
  +--> ?PR?_ML7345_STATEFLAG_CLEAR?ML7345_HAL
  +--> ?PR?_ML7345_AUTOTX_DATA?ML7345_HAL
  +--> ?PR?_ML7345_SETANDGET_STATE?ML7345_HAL
  +--> ?PR?SPIGPIO_UNINIT?GPIO

?PR?_ML7345_READ_REG?SPI
  +--> ?PR?_SPI_DELAY?SPI
  +--> ?PR?_SPI1_SENDRECV_DATA?SPI

?PR?_ML7345_STATEFLAG_CLEAR?ML7345_HAL
  +--> ?PR?_ML7345_WRITE_REG?SPI

?PR?_ML7345_WRITE_REG?SPI
  +--> ?PR?_SPI_DELAY?SPI
  +--> ?PR?_SPI1_SENDRECV_DATA?SPI

?PR?_ML7345_AUTOTX_DATA?ML7345_HAL
  +--> ?PR?_ML7345_WRITE_REG?SPI
  +--> ?PR?_ML7345_AUTOSTATETRANSITION_SET?M...
  +--> ?PR?_ML7345_WRITE_FIFO?SPI

?PR?_ML7345_AUTOSTATETRANSITION_SET?M...
  +--> ?PR?_ML7345_WRITE_REG?SPI

?PR?_ML7345_WRITE_FIFO?SPI
  +--> ?PR?_SPI_DELAY?SPI
  +--> ?PR?_SPI1_SENDRECV_DATA?SPI

?PR?_ML7345_SETANDGET_STATE?ML7345_HAL
  +--> ?PR?_ML7345_WRITE_REG?SPI
  +--> ?PR?_ML7345_READ_REG?SPI
  +--> ?PR?WAITSTATUS_COMPLETE?ML7345_HAL
  +--> ?PR?_ML7345_FREQUENCY_CALCUL?ML7345_HAL
  +--> ?PR?CLEARWDT?SYS
  +--> ?PR?_RF_ML7345_INIT?ML7345

?PR?WAITSTATUS_COMPLETE?ML7345_HAL
  +--> ?PR?_ML7345_WRITE_REG?SPI
  +--> ?PR?_ML7345_READ_REG?SPI
  +--> ?PR?CLEARWDT?SYS

?PR?_RF_ML7345_INIT?ML7345
  +--> ?PR?SPIGPIO_INIT?GPIO
  +--> ?PR?ML7345_RESETN_SET?ML7345_HAL
  +--> ?PR?_ML7345_READ_REG?SPI
  +--> ?PR?_ML7345_WRITE_REG?SPI
  +--> ?PR?SETREG_RSSI?ML7345_HAL
  +--> ?PR?ML7345_DATARATE_SET_4_8K?ML7345_HAL
  +--> ?PR?ML7345_DATARATE_SET_1_2K?ML7345_HAL
  +--> ?PR?ML7345_ALLSTATEFLAG_CLEAR?ML7345_HAL
  +--> ?PR?ML7345_GPIO0TXDONEINT_ENABLE?ML73...

?PR?ML7345_RESETN_SET?ML7345_HAL
  +--> ?PR?_DELAY_MS?TIMER

BL51 BANKED LINKER/LOCATER V6.22.2.0                                                  04/15/2022  10:29:12  PAGE 6


?PR?_DELAY_MS?TIMER
  +--> ?PR?_DELAYXUS?TIMER

?PR?SETREG_RSSI?ML7345_HAL
  +--> ?PR?_ML7345_WRITE_REG?SPI

?PR?ML7345_DATARATE_SET_4_8K?ML7345_HAL
  +--> ?PR?_ML7345_WRITE_REG?SPI

?PR?ML7345_DATARATE_SET_1_2K?ML7345_HAL
  +--> ?PR?_ML7345_WRITE_REG?SPI

?PR?ML7345_ALLSTATEFLAG_CLEAR?ML7345_HAL
  +--> ?PR?_ML7345_WRITE_REG?SPI

?PR?ML7345_GPIO0TXDONEINT_ENABLE?ML73...
  +--> ?PR?_ML7345_WRITE_REG?SPI

*** NEW ROOT ***************************************************

?PR?INT_INT1?GPIO
  +--> ?PR?ML7345_TRX_DEL?ML7345

*** NEW ROOT ***************************************************

?C_C51STARTUP
  +--> ?PR?MAIN?MAIN
  +--> ?C_INITSEG

?PR?MAIN?MAIN
  +--> ?PR?INIT_WDT?SYS
  +--> ?PR?INIT_CLOCK?SYS
  +--> ?PR?INIT_IAP_FLASH?IAP_FLASH
  +--> ?PR?INIT_TIMER0?TIMER
  +--> ?PR?EEPROM_SYS_LOAD?IAP_FLASH
  +--> ?PR?INIT_PORT?GPIO
  +--> ?PR?INIT_SPI?SPI
  +--> ?PR?INIT_ADC?ADC
  +--> ?PR?_INIT_RAM?RAM
  +--> ?PR?INIT_BEEP?TIMER
  +--> ?PR?TEST_MODE_CONTROL?KEY_AND_OTHER
  +--> ?PR?INIT_INTERRUPT?GPIO
  +--> ?PR?ADC_START?ADC
  +--> ?PR?CLEARWDT?SYS
  +--> ?PR?KEY_CHECK?KEY_AND_OTHER
  +--> ?PR?TIME_CONTROL?KEY_AND_OTHER
  +--> ?PR?AD_CONTROL?ADC

?PR?INIT_IAP_FLASH?IAP_FLASH
  +--> ?PR?_IAP_WRITEPPAGE?IAP_FLASH

?PR?EEPROM_SYS_LOAD?IAP_FLASH
  +--> ?PR?_ML7345_FREQUENCY_CALCUL?ML7345_HAL

?PR?_INIT_RAM?RAM
  +--> ?PR?_SETKEYCHATTERCOUNT?KEY_AND_OTHER
  +--> ?PR?_CLEARSPECIALMULTIKEYSTATE?KEY_AN...
BL51 BANKED LINKER/LOCATER V6.22.2.0                                                  04/15/2022  10:29:12  PAGE 7



?PR?INIT_BEEP?TIMER
  +--> ?PR?INIT_PCA_PWM?TIMER

?PR?TEST_MODE_CONTROL?KEY_AND_OTHER
  +--> ?PR?INIT_UART0_T1?UART
  +--> ?PR?BEEP_ON?TIMER
  +--> ?PR?BEEP_OFF?TIMER
  +--> ?PR?CLEARWDT?SYS
  +--> ?PR?DD_SET_ML7345D_POWER_ON?ML7345
  +--> ?PR?_RF_ML7345_INIT?ML7345
  +--> ?PR?_TX_DATA_TEST?ML7345
  +--> ?PR?SPIGPIO_UNINIT?GPIO
  +--> ?PR?PC_PRG?UART
  +--> ?PR?UART1_END?UART

?PR?DD_SET_ML7345D_POWER_ON?ML7345
  +--> ?PR?_DELAY_MS?TIMER

?PR?_TX_DATA_TEST?ML7345
  +--> ?PR?_ML7345_WRITE_REG?SPI
  +--> ?PR?_ML7345_SETANDGET_STATE?ML7345_HAL

?PR?PC_PRG?UART
  +--> ?CO?UART
  +--> ?PR?_ASC_HEX_2?UART
  +--> ?PR?_IAP_WRITEBUF_WITH_PROTECT_VERIFY...
  +--> ?PR?_SEND_DATA?UART
  +--> ?PR?_HEX_ASC?UART
  +--> ?PR?DD_SET_ML7345D_POWER_ON?ML7345
  +--> ?PR?_RF_ML7345_INIT?ML7345
  +--> ?PR?_TX_DATA_TEST?ML7345
  +--> ?PR?_ML7345_SETANDGET_STATE?ML7345_HAL
  +--> ?PR?SPIGPIO_UNINIT?GPIO
  +--> ?PR?_ML7345_FREQUENCY_CALCUL?ML7345_HAL
  +--> ?PR?_ML7345_FREQUENCY_SET?ML7345_HAL

?PR?_ASC_HEX_2?UART
  +--> ?PR?_ASC_HEX?UART

?PR?_IAP_WRITEBUF_WITH_PROTECT_VERIFY...
  +--> ?PR?CLEARWDT?SYS

?PR?_SEND_DATA?UART
  +--> ?PR?_UART0SENDBYTE?UART

?PR?_ML7345_FREQUENCY_SET?ML7345_HAL
  +--> ?PR?_ML7345_SETANDGET_STATE?ML7345_HAL
  +--> ?PR?_ML7345_WRITE_REG?SPI
  +--> ?PR?ML7345_DATARATE_SET_1_2K?ML7345_HAL
  +--> ?PR?ML7345_DATARATE_SET_4_8K?ML7345_HAL
  +--> ?PR?_ML7345_READ_REG?SPI

?PR?INIT_INTERRUPT?GPIO
  +--> ?PR?INIT_INT1?GPIO

?PR?KEY_CHECK?KEY_AND_OTHER
BL51 BANKED LINKER/LOCATER V6.22.2.0                                                  04/15/2022  10:29:12  PAGE 8


  +--> ?PR?BEEP_ON?TIMER
  +--> ?PR?BEEP_OFF?TIMER
  +--> ?PR?_KEYINTX?KEY_AND_OTHER
  +--> ?PR?_REGISTRATIONMODE?KEY_AND_OTHER
  +--> ?PR?_DUPLIFUNCSETMODE?KEY_AND_OTHER
  +--> ?PR?CLEARWDT?SYS

?PR?_KEYINTX?KEY_AND_OTHER
  +--> ?PR?__SWIN?KEY_AND_OTHER
  +--> ?PR?_SETKEYCHATTERCOUNT?KEY_AND_OTHER
  +--> ?PR?_CLEARSPECIALMULTIKEYSTATE?KEY_AN...
  +--> ?PR?_DUPLIFUNCCLEAR?KEY_AND_OTHER
  +--> ?PR?_FUNCREG?KEY_AND_OTHER
  +--> ?PR?_FUNCSTOP?KEY_AND_OTHER
  +--> ?PR?_FUNCOPENSTOP?KEY_AND_OTHER
  +--> ?PR?_FUNCOPENREG?KEY_AND_OTHER
  +--> ?PR?_FUNCSTOPREG?KEY_AND_OTHER
  +--> ?PR?_FUNCCLOSEREG?KEY_AND_OTHER
  +--> ?PR?_FUNCVENTREG?KEY_AND_OTHER
  +--> ?PR?_FUNCAUTOTXSTART?KEY_AND_OTHER
  +--> ?PR?_FUNCAUTOTXSTOP?KEY_AND_OTHER
  +--> ?PR?_FUNCNOPUSH?KEY_AND_OTHER

?PR?_FUNCREG?KEY_AND_OTHER
  +--> ?PR?_DUPLIFUNCCLEAR?KEY_AND_OTHER
  +--> ?PR?_CLEARSPECIALMULTIKEYSTATE?KEY_AN...
  +--> ?PR?__SETREGISTRATIONMODE?KEY_AND_OTHER

?PR?__SETREGISTRATIONMODE?KEY_AND_OTHER
  +--> ?PR?_GETREGMODE?KEY_AND_OTHER
  +--> ?PR?_IDCLEAR?KEY_AND_OTHER
  +--> ?PR?__REQBUZZER?KEY_AND_OTHER

?PR?_FUNCSTOP?KEY_AND_OTHER
  +--> ?PR?_GETNOPUSHSTATE?KEY_AND_OTHER
  +--> ?PR?__REQBUZZER?KEY_AND_OTHER
  +--> ?PR?_DUPLIFUNCCLEAR?KEY_AND_OTHER
  +--> ?PR?__REQTXDEDIT?KEY_AND_OTHER

?PR?_GETNOPUSHSTATE?KEY_AND_OTHER
  +--> ?PR?_CLEARSPECIALMULTIKEYSTATE?KEY_AN...

?PR?__REQTXDEDIT?KEY_AND_OTHER
  +--> ?PR?__REQBUZZER?KEY_AND_OTHER
  +--> ?PR?DD_SET_ML7345D_POWER_ON?ML7345
  +--> ?PR?_RF_ML7345_INIT?ML7345
  +--> ?PR?SENDTXDATA?EXIT_FUN

?PR?SENDTXDATA?EXIT_FUN
  +--> ?PR?_SETTXDATA?EXIT_FUN
  +--> ?PR?_ML7345_AUTOTX_DATA?ML7345_HAL

?PR?_SETTXDATA?EXIT_FUN
  +--> ?PR?_SETFIXEDLENGTHCODE?EXIT_FUN

?PR?_FUNCOPENSTOP?KEY_AND_OTHER
  +--> ?PR?_DUPLIFUNCCLEAR?KEY_AND_OTHER
BL51 BANKED LINKER/LOCATER V6.22.2.0                                                  04/15/2022  10:29:12  PAGE 9


  +--> ?PR?__REQTXDEDIT?KEY_AND_OTHER
  +--> ?PR?_CLEARSPECIALMULTIKEYSTATE?KEY_AN...

?PR?_FUNCOPENREG?KEY_AND_OTHER
  +--> ?PR?_DUPLIFUNCCLEAR?KEY_AND_OTHER
  +--> ?PR?__PASS3SECKEY?KEY_AND_OTHER

?PR?__PASS3SECKEY?KEY_AND_OTHER
  +--> ?PR?__REQTXDEDIT?KEY_AND_OTHER

?PR?_FUNCSTOPREG?KEY_AND_OTHER
  +--> ?PR?_DUPLIFUNCCLEAR?KEY_AND_OTHER
  +--> ?PR?__PASS3SECKEY?KEY_AND_OTHER

?PR?_FUNCCLOSEREG?KEY_AND_OTHER
  +--> ?PR?_DUPLIFUNCCLEAR?KEY_AND_OTHER
  +--> ?PR?__PASS3SECKEY?KEY_AND_OTHER

?PR?_FUNCVENTREG?KEY_AND_OTHER
  +--> ?PR?_DUPLIFUNCCLEAR?KEY_AND_OTHER
  +--> ?PR?__PASS3SECKEY?KEY_AND_OTHER

?PR?_FUNCNOPUSH?KEY_AND_OTHER
  +--> ?PR?_CLEARSPECIALMULTIKEYSTATE?KEY_AN...

?PR?_REGISTRATIONMODE?KEY_AND_OTHER
  +--> ?PR?_GETREGMODE?KEY_AND_OTHER
  +--> ?PR?__REQBUZZER?KEY_AND_OTHER
  +--> ?PR?_IDCLEAR?KEY_AND_OTHER
  +--> ?PR?_ATOL?KEY_AND_OTHER
  +--> ?PR?__REQTXDEDIT?KEY_AND_OTHER

?PR?_DUPLIFUNCSETMODE?KEY_AND_OTHER
  +--> ?PR?__REQBUZZER?KEY_AND_OTHER
  +--> ?PR?_DUPLIFUNCCLEAR?KEY_AND_OTHER
  +--> ?PR?_IAP_WRITEBUF_WITH_PROTECT_VERIFY...

?PR?TIME_CONTROL?KEY_AND_OTHER
  +--> ?PR?_ML7345_SETANDGET_STATE?ML7345_HAL
  +--> ?PR?SPIGPIO_UNINIT?GPIO



SYMBOL TABLE OF MODULE:  .\Objects\STX0031_MA82G5B32_Pro (MAIN)

  VALUE           TYPE          NAME
  ----------------------------------

  -------         MODULE        MAIN
  C:0000H         SYMBOL        _ICE_DUMMY_
  D:0090H         PUBLIC        P1
  D:00A0H         PUBLIC        P2
  D:00C0H         PUBLIC        XICON
  D:00B0H         PUBLIC        P3
  D:00E8H         PUBLIC        P4
  D:00F8H         PUBLIC        P5
  D:00F8H         PUBLIC        P6
BL51 BANKED LINKER/LOCATER V6.22.2.0                                                  04/15/2022  10:29:12  PAGE 10


  B:00A8H.7       PUBLIC        EA
  D:00A8H         PUBLIC        IE
  D:00B8H         PUBLIC        IP0L
  D:00D8H         PUBLIC        CCON
  C:303FH         PUBLIC        main
  B:00E8H.0       PUBLIC        P40
  D:0088H         PUBLIC        TCON
  D:0098H         PUBLIC        S0CON
  D:0098H         PUBLIC        S1CON
  D:00C8H         PUBLIC        T2CON
  D:00D0H         PUBLIC        PSW
  -------         PROC          MAIN
  C:303FH         LINE#         16
  C:303FH         LINE#         17
  C:303FH         LINE#         18
  C:3042H         LINE#         19
  C:3045H         LINE#         20
  C:3048H         LINE#         21
  C:304BH         LINE#         22
  C:304EH         LINE#         23
  C:3051H         LINE#         24
  C:3054H         LINE#         25
  C:3057H         LINE#         26
  C:305AH         LINE#         27
  C:305DH         LINE#         28
  C:3060H         LINE#         29
  C:3063H         LINE#         30
  C:3065H         LINE#         31
  C:3068H         LINE#         32
  C:3071H         LINE#         34
  C:3071H         LINE#         35
  C:3071H         LINE#         36
  C:3074H         LINE#         37
  C:3077H         LINE#         38
  C:307AH         LINE#         39
  C:307DH         LINE#         42
  C:30C5H         LINE#         43
  C:30C5H         LINE#         44
  C:30D1H         LINE#         45
  C:30D3H         LINE#         46
  C:30DFH         LINE#         48
  C:30DFH         LINE#         49
  C:30FCH         LINE#         50
  C:3136H         LINE#         51
  C:3139H         LINE#         52
  C:313CH         LINE#         53
  C:313CH         LINE#         54
  C:313EH         LINE#         55
  C:313EH         LINE#         56
  -------         ENDPROC       MAIN
  -------         ENDMOD        MAIN

  -------         MODULE        SYS
  C:0000H         SYMBOL        _ICE_DUMMY_
  D:0090H         PUBLIC        P1
  D:00A0H         PUBLIC        P2
  D:00E7H         PUBLIC        ISPCR
BL51 BANKED LINKER/LOCATER V6.22.2.0                                                  04/15/2022  10:29:12  PAGE 11


  D:00C0H         PUBLIC        XICON
  D:00B0H         PUBLIC        P3
  D:00E8H         PUBLIC        P4
  D:00F8H         PUBLIC        P5
  D:00F8H         PUBLIC        P6
  D:00E1H         PUBLIC        WDTCR
  D:00A8H         PUBLIC        IE
  D:00B8H         PUBLIC        IP0L
  D:00D8H         PUBLIC        CCON
  D:00E6H         PUBLIC        SCMD
  D:00E3H         PUBLIC        IFADRH
  D:00E5H         PUBLIC        IFMT
  D:00E4H         PUBLIC        IFADRL
  D:0088H         PUBLIC        TCON
  D:00E2H         PUBLIC        IFD
  C:4427H         PUBLIC        ClearWDT
  D:0097H         PUBLIC        PCON1
  D:0098H         PUBLIC        S0CON
  C:3FD4H         PUBLIC        Init_Clock
  D:0098H         PUBLIC        S1CON
  C:4388H         PUBLIC        Init_WDT
  D:00C8H         PUBLIC        T2CON
  D:00D0H         PUBLIC        PSW
  -------         PROC          INIT_CLOCK
  C:3FD4H         LINE#         4
  C:3FD4H         LINE#         5
  C:3FD4H         LINE#         36
  C:3FF0H         LINE#         37
  C:400CH         LINE#         39
  -------         ENDPROC       INIT_CLOCK
  -------         PROC          INIT_WDT
  C:4388H         LINE#         42
  C:4388H         LINE#         43
  C:4388H         LINE#         44
  C:438BH         LINE#         45
  C:4395H         LINE#         46
  C:4398H         LINE#         47
  C:439BH         LINE#         48
  -------         ENDPROC       INIT_WDT
  -------         PROC          CLEARWDT
  C:4427H         LINE#         50
  C:4427H         LINE#         51
  C:4427H         LINE#         52
  C:442AH         LINE#         53
  -------         ENDPROC       CLEARWDT
  -------         ENDMOD        SYS

  -------         MODULE        GPIO
  C:0000H         SYMBOL        _ICE_DUMMY_
  D:0091H         PUBLIC        P1M0
  D:0095H         PUBLIC        P2M0
  D:00B1H         PUBLIC        P3M0
  D:0090H         PUBLIC        P1
  D:00B3H         PUBLIC        P4M0
  D:00B2H         PUBLIC        P3M1
  D:00A0H         PUBLIC        P2
  D:00C0H         PUBLIC        XICON
BL51 BANKED LINKER/LOCATER V6.22.2.0                                                  04/15/2022  10:29:12  PAGE 12


  D:00B0H         PUBLIC        P3
  D:00E8H         PUBLIC        P4
  D:00F8H         PUBLIC        P5
  D:00F8H         PUBLIC        P6
  D:00A8H         PUBLIC        IE
  C:0016H         PUBLIC        Init_INT1
  D:00B8H         PUBLIC        IP0L
  C:3D5BH         PUBLIC        Init_Port
  D:00D8H         PUBLIC        CCON
  B:00A0H.0       PUBLIC        P20
  B:0090H.1       PUBLIC        P11
  B:00A0H.1       PUBLIC        P21
  B:0090H.2       PUBLIC        P12
  B:00E8H.0       PUBLIC        P40
  B:00A0H.2       PUBLIC        P22
  B:0090H.3       PUBLIC        P13
  B:00E8H.1       PUBLIC        P41
  B:00A0H.3       PUBLIC        P23
  B:0090H.4       PUBLIC        P14
  D:0088H         PUBLIC        TCON
  C:439CH         PUBLIC        SpiGpio_Init
  B:00A0H.4       PUBLIC        P24
  B:0090H.5       PUBLIC        P15
  D:00B4H         PUBLIC        PUCON0
  B:00B0H.4       PUBLIC        P34
  B:00A0H.5       PUBLIC        P25
  B:0090H.6       PUBLIC        P16
  B:00B0H.5       PUBLIC        P35
  B:00A0H.6       PUBLIC        P26
  B:0090H.7       PUBLIC        P17
  B:00A0H.7       PUBLIC        P27
  C:441BH         PUBLIC        Init_Interrupt
  B:00A8H.2       PUBLIC        EX1
  B:0088H.2       PUBLIC        IT1
  D:0098H         PUBLIC        S0CON
  D:0098H         PUBLIC        S1CON
  D:00C8H         PUBLIC        T2CON
  C:3F24H         PUBLIC        INT_INT0
  C:3F5FH         PUBLIC        INT_INT1
  D:00A1H         PUBLIC        AUXR0
  D:00C1H         PUBLIC        XICFG
  C:43AEH         PUBLIC        SpiGpio_UnInit
  D:00D0H         PUBLIC        PSW
  -------         PROC          INIT_PORT
  C:3D5BH         LINE#         10
  C:3D5BH         LINE#         11
  C:3D5BH         LINE#         13
  C:3D5EH         LINE#         14
  C:3D64H         LINE#         15
  C:3D67H         LINE#         24
  C:3D6AH         LINE#         25
  C:3D6CH         LINE#         27
  C:3D6FH         LINE#         29
  C:3D72H         LINE#         30
  C:3D74H         LINE#         32
  C:3D77H         LINE#         33
  C:3D7AH         LINE#         34
BL51 BANKED LINKER/LOCATER V6.22.2.0                                                  04/15/2022  10:29:12  PAGE 13


  C:3D7CH         LINE#         37
  C:3D82H         LINE#         40
  C:3D85H         LINE#         48
  C:3D87H         LINE#         49
  C:3D89H         LINE#         50
  C:3D8BH         LINE#         51
  C:3D8DH         LINE#         53
  C:3D90H         LINE#         54
  C:3D98H         LINE#         55
  C:3D9EH         LINE#         56
  C:3DA1H         LINE#         57
  C:3DA3H         LINE#         58
  -------         ENDPROC       INIT_PORT
  -------         PROC          SPIGPIO_INIT
  C:439CH         LINE#         60
  C:439CH         LINE#         61
  C:439CH         LINE#         62
  C:439FH         LINE#         63
  C:43A2H         LINE#         64
  C:43A4H         LINE#         65
  C:43A7H         LINE#         66
  C:43ADH         LINE#         67
  -------         ENDPROC       SPIGPIO_INIT
  -------         PROC          SPIGPIO_UNINIT
  C:43AEH         LINE#         69
  C:43AEH         LINE#         70
  C:43AEH         LINE#         71
  C:43B1H         LINE#         72
  C:43B3H         LINE#         73
  C:43B9H         LINE#         75
  C:43BFH         LINE#         76
  -------         ENDPROC       SPIGPIO_UNINIT
  -------         PROC          INIT_INT1
  C:0016H         LINE#         103
  C:0016H         LINE#         104
  C:0016H         LINE#         105
  C:0019H         LINE#         107
  C:001EH         LINE#         108
  C:0021H         LINE#         109
  -------         ENDPROC       INIT_INT1
  -------         PROC          INT_INT0
  C:3F24H         LINE#         121
  C:3F41H         LINE#         123
  C:3F44H         LINE#         124
  -------         ENDPROC       INT_INT0
  -------         PROC          INT_INT1
  C:3F5FH         LINE#         136
  C:3F7CH         LINE#         138
  C:3F7FH         LINE#         139
  -------         ENDPROC       INT_INT1
  -------         PROC          INIT_INTERRUPT
  C:441BH         LINE#         148
  C:441BH         LINE#         149
  C:441BH         LINE#         150
  C:441EH         LINE#         151
  C:4420H         LINE#         152
  -------         ENDPROC       INIT_INTERRUPT
BL51 BANKED LINKER/LOCATER V6.22.2.0                                                  04/15/2022  10:29:12  PAGE 14


  -------         ENDMOD        GPIO

  -------         MODULE        TIMER
  C:0000H         SYMBOL        _ICE_DUMMY_
  D:00F2H         PUBLIC        PCAPWM6
  D:0090H         PUBLIC        P1
  D:00A0H         PUBLIC        P2
  D:00C0H         PUBLIC        XICON
  D:00B0H         PUBLIC        P3
  D:00E8H         PUBLIC        P4
  D:00F8H         PUBLIC        P5
  D:00F8H         PUBLIC        P6
  D:00ACH         PUBLIC        SFRPI
  D:00F9H         PUBLIC        CH
  D:00BCH         PUBLIC        PWMCR
  D:00A8H         PUBLIC        IE
  D:00E9H         PUBLIC        CL
  B:00D8H.6       PUBLIC        CR
  D:00B8H         PUBLIC        IP0L
  D:00FAH         PUBLIC        CCAP6H
  D:00EAH         PUBLIC        CCAP6L
  C:4433H         PUBLIC        Beep_On
  D:00DAH         PUBLIC        CCAPM6
  C:3DA4H         PUBLIC        Init_PCA_PWM
  D:00D9H         PUBLIC        CMOD
  D:00D8H         PUBLIC        CCON
  D:00CFH         PUBLIC        CHRL
  C:4299H         PUBLIC        Init_Timer0
  D:00CEH         PUBLIC        CLRL
  B:00A0H.0       PUBLIC        P20
  C:43D2H         PUBLIC        _DelayXus
  D:0089H         PUBLIC        TMOD
  D:0088H         PUBLIC        TCON
  B:00A8H.1       PUBLIC        ET0
  D:008CH         PUBLIC        TH0
  C:372DH         PUBLIC        INT_T0
  D:008AH         PUBLIC        TL0
  C:4347H         PUBLIC        _delay_ms
  B:0088H.4       PUBLIC        TR0
  X:03BCH         PUBLIC        Time_Tx_Out
  D:0098H         PUBLIC        S0CON
  D:0098H         PUBLIC        S1CON
  D:00C8H         PUBLIC        T2CON
  D:00A1H         PUBLIC        AUXR0
  D:00A3H         PUBLIC        AUXR2
  C:442BH         PUBLIC        Init_Beep
  C:0006H         PUBLIC        Beep_Off
  D:00F2H         PUBLIC        PCAPWM0
  D:00D0H         PUBLIC        PSW
  -------         PROC          INIT_TIMER0
  C:4299H         LINE#         41
  C:4299H         LINE#         42
  C:4299H         LINE#         43
  C:42A3H         LINE#         45
  C:42ACH         LINE#         47
  C:42AFH         LINE#         49
  C:42B2H         LINE#         50
BL51 BANKED LINKER/LOCATER V6.22.2.0                                                  04/15/2022  10:29:12  PAGE 15


  C:42B5H         LINE#         52
  C:42B7H         LINE#         53
  C:42B9H         LINE#         54
  -------         ENDPROC       INIT_TIMER0
  -------         PROC          INT_T0
  C:372DH         LINE#         64
  C:373EH         LINE#         66
  C:3741H         LINE#         67
  C:3744H         LINE#         69
  C:3750H         LINE#         70
  C:3760H         LINE#         71
  C:3760H         LINE#         72
  C:3766H         LINE#         73
  C:3772H         LINE#         74
  C:3772H         LINE#         75
  C:378CH         LINE#         77
  C:3798H         LINE#         78
  C:3798H         LINE#         79
  C:37ACH         LINE#         80
  C:37BAH         LINE#         81
  C:37BCH         LINE#         82
  C:37C4H         LINE#         83
  C:37CAH         LINE#         84
  -------         ENDPROC       INT_T0
  -------         PROC          INIT_PCA_PWM
  C:3DA4H         LINE#         87
  C:3DA4H         LINE#         88
  C:3DA4H         LINE#         89
  C:3DAEH         LINE#         90
  C:3DB7H         LINE#         91
  C:3DC3H         LINE#         92
  C:3DC6H         LINE#         95
  C:3DDCH         LINE#         98
  C:3DE2H         LINE#         99
  C:3DE8H         LINE#         100
  -------         ENDPROC       INIT_PCA_PWM
  -------         PROC          INIT_BEEP
  C:442BH         LINE#         102
  C:442BH         LINE#         103
  C:442BH         LINE#         104
  C:442EH         LINE#         105
  -------         ENDPROC       INIT_BEEP
  -------         PROC          BEEP_ON
  C:4433H         LINE#         107
  C:4433H         LINE#         108
  C:4433H         LINE#         109
  C:4435H         LINE#         110
  -------         ENDPROC       BEEP_ON
  -------         PROC          BEEP_OFF
  C:0006H         LINE#         112
  C:0006H         LINE#         113
  C:0006H         LINE#         114
  C:0008H         LINE#         115
  C:000AH         LINE#         116
  -------         ENDPROC       BEEP_OFF
  -------         PROC          _DELAYXUS
  D:005BH         SYMBOL        xUs
BL51 BANKED LINKER/LOCATER V6.22.2.0                                                  04/15/2022  10:29:12  PAGE 16


  C:43D2H         LINE#         126
  C:43D4H         LINE#         127
  C:43D4H         LINE#         128
  C:43DCH         LINE#         129
  C:43DCH         LINE#         130
  C:43DDH         LINE#         131
  C:43DEH         LINE#         132
  C:43E0H         LINE#         133
  C:43E2H         LINE#         134
  -------         ENDPROC       _DELAYXUS
  -------         PROC          _DELAY_MS
  D:005CH         SYMBOL        ms
  C:4347H         LINE#         144
  C:4349H         LINE#         145
  C:4349H         LINE#         146
  C:4350H         LINE#         147
  C:4350H         LINE#         148
  C:4355H         LINE#         149
  C:435AH         LINE#         150
  C:435CH         LINE#         151
  -------         ENDPROC       _DELAY_MS
  -------         ENDMOD        TIMER

  -------         MODULE        UART
  C:0000H         SYMBOL        _ICE_DUMMY_
  D:0090H         PUBLIC        P1
  D:00A0H         PUBLIC        P2
  B:0098H.6       PUBLIC        SM10
  D:00C0H         PUBLIC        XICON
  D:00B0H         PUBLIC        P3
  D:00E8H         PUBLIC        P4
  D:00F8H         PUBLIC        P5
  X:0348H         PUBLIC        Databits_t
  D:00F8H         PUBLIC        P6
  D:00ACH         PUBLIC        SFRPI
  X:034CH         PUBLIC        FLAG_testNo91_step
  C:000EH         PUBLIC        UART1_end
  D:00A8H         PUBLIC        IE
  X:034DH         PUBLIC        FLAG_testNo91SendUart
  D:00B8H         PUBLIC        IP0L
  B:0098H.4       PUBLIC        REN0
  X:034EH         PUBLIC        UART_DATA_buffer
  X:0377H         PUBLIC        UART_DATA_ID98
  X:03A0H         PUBLIC        U1AckTimer
  D:00D8H         PUBLIC        CCON
  X:03A1H         PUBLIC        UartStatus
  C:4046H         PUBLIC        Init_Uart0_T1
  X:03A2H         PUBLIC        UartCount
  B:00C8H.5       PUBLIC        RCLK
  B:00C8H.4       PUBLIC        TCLK
  B:00A0H.0       PUBLIC        P20
  B:0090H.1       PUBLIC        P11
  B:00A0H.1       PUBLIC        P21
  B:0090H.2       PUBLIC        P12
  D:0089H         PUBLIC        TMOD
  D:0088H         PUBLIC        TCON
  B:00A0H.5       PUBLIC        P25
BL51 BANKED LINKER/LOCATER V6.22.2.0                                                  04/15/2022  10:29:12  PAGE 17


  B:00B0H.5       PUBLIC        P35
  B:00A0H.7       PUBLIC        P27
  C:35BBH         PUBLIC        INT_UART0
  X:03A3H         PUBLIC        UartLen
  C:43E3H         SYMBOL        _?ix1000
  X:03A4H         PUBLIC        ACKBack
  C:43E7H         SYMBOL        _?ix1001
  X:03A7H         PUBLIC        PROFILE_CH_FREQ_32bit_200002EC_uart
  B:00A8H.4       PUBLIC        ES0
  B:0098H.0       PUBLIC        RI0
  B:0098H.1       PUBLIC        TI0
  D:008DH         PUBLIC        TH1
  D:008BH         PUBLIC        TL1
  D:009CH         PUBLIC        S0CFG
  B:0088H.6       PUBLIC        TR1
  X:03ABH         PUBLIC        uart0_rx_len
  X:03ACH         PUBLIC        FLAG_testBEEP
  X:03ADH         PUBLIC        uart0_tx_len
  C:06F9H         PUBLIC        PC_PRG
  C:4142H         PUBLIC        _hex_asc
  C:41D1H         PUBLIC        _asc_hex
  D:0099H         PUBLIC        S0BUF
  D:0087H         PUBLIC        PCON0
  D:0098H         PUBLIC        S0CON
  D:0098H         PUBLIC        S1CON
  X:03AEH         PUBLIC        FLAG_testNo91
  D:00C8H         PUBLIC        T2CON
  C:3E6EH         PUBLIC        _Send_Data
  B:0098H.7       PUBLIC        SM00_FE
  C:42BAH         PUBLIC        _asc_hex_2
  C:4373H         PUBLIC        _Uart0SendByte
  D:00A3H         PUBLIC        AUXR2
  X:03AFH         PUBLIC        U1Statues
  D:00D0H         PUBLIC        PSW
  -------         PROC          INIT_UART0_T1
  C:4046H         LINE#         67
  C:4046H         LINE#         68
  C:4046H         LINE#         69
  C:404DH         LINE#         70
  C:404FH         LINE#         72
  C:4056H         LINE#         73
  C:405CH         LINE#         75
  C:4066H         LINE#         76
  C:406CH         LINE#         77
  C:406FH         LINE#         80
  C:4072H         LINE#         81
  C:4075H         LINE#         83
  C:4077H         LINE#         84
  C:4079H         LINE#         85
  -------         ENDPROC       INIT_UART0_T1
  -------         PROC          UART1_END
  C:000EH         LINE#         87
  C:000EH         LINE#         88
  C:000EH         LINE#         89
  C:0010H         LINE#         90
  C:0012H         LINE#         91
  -------         ENDPROC       UART1_END
BL51 BANKED LINKER/LOCATER V6.22.2.0                                                  04/15/2022  10:29:12  PAGE 18


  -------         PROC          INT_UART0
  -------         DO            
  I:007CH         SYMBOL        dat
  -------         ENDDO         
  C:35BBH         LINE#         130
  C:35CCH         LINE#         132
  C:35D0H         LINE#         133
  C:35D2H         LINE#         135
  C:35D5H         LINE#         136
  C:35D8H         LINE#         137
  C:35D8H         LINE#         138
  C:35DAH         LINE#         139
  C:35DAH         LINE#         140
  C:35E0H         LINE#         141
  C:35E0H         LINE#         142
  C:35E2H         LINE#         143
  C:35E6H         LINE#         144
  C:35F3H         LINE#         145
  C:3608H         LINE#         146
  C:3619H         LINE#         147
  C:3622H         LINE#         148
  C:3622H         LINE#         149
  C:3634H         LINE#         150
  C:3634H         LINE#         151
  C:3654H         LINE#         152
  C:3659H         LINE#         153
  C:3665H         LINE#         155
  C:3665H         LINE#         156
  C:3665H         LINE#         157
  C:3667H         LINE#         158
  -------         ENDPROC       INT_UART0
  -------         PROC          _UART0SENDBYTE
  D:005DH         SYMBOL        tByte
  -------         DO            
  B:0020H.0       SYMBOL        bES
  -------         ENDDO         
  C:4373H         LINE#         166
  C:4375H         LINE#         167
  C:4375H         LINE#         169
  C:4379H         LINE#         170
  C:437BH         LINE#         171
  C:437EH         LINE#         173
  C:4381H         LINE#         174
  C:4383H         LINE#         175
  C:4387H         LINE#         176
  -------         ENDPROC       _UART0SENDBYTE
  -------         PROC          _SEND_DATA
  D:0041H         SYMBOL        buff
  D:0044H         SYMBOL        len
  -------         DO            
  X:0332H         SYMBOL        i
  -------         ENDDO         
  C:3E6EH         LINE#         179
  C:3E76H         LINE#         180
  C:3E76H         LINE#         181
  C:3E7BH         LINE#         182
  C:3E8BH         LINE#         183
BL51 BANKED LINKER/LOCATER V6.22.2.0                                                  04/15/2022  10:29:12  PAGE 19


  C:3E8BH         LINE#         184
  C:3EA2H         LINE#         185
  C:3EAAH         LINE#         186
  -------         ENDPROC       _SEND_DATA
  -------         PROC          _ASC_HEX
  D:005EH         SYMBOL        asc
  -------         DO            
  X:0333H         SYMBOL        i
  -------         ENDDO         
  C:41D1H         LINE#         188
  C:41D3H         LINE#         189
  C:41D3H         LINE#         191
  C:41E2H         LINE#         192
  C:41EEH         LINE#         194
  C:41F8H         LINE#         195
  C:41FDH         LINE#         196
  -------         ENDPROC       _ASC_HEX
  -------         PROC          _HEX_ASC
  D:005FH         SYMBOL        hex
  -------         DO            
  X:0334H         SYMBOL        i
  -------         ENDDO         
  C:4142H         LINE#         198
  C:4144H         LINE#         199
  C:4144H         LINE#         201
  C:4147H         LINE#         202
  C:4156H         LINE#         203
  C:4162H         LINE#         205
  C:416CH         LINE#         206
  C:4171H         LINE#         207
  -------         ENDPROC       _HEX_ASC
  -------         PROC          _ASC_HEX_2
  D:0051H         SYMBOL        asc1
  D:0052H         SYMBOL        asc0
  -------         DO            
  D:0053H         SYMBOL        i
  -------         ENDDO         
  C:42BAH         LINE#         209
  C:42BEH         LINE#         210
  C:42BEH         LINE#         212
  C:42D5H         LINE#         213
  C:42D7H         LINE#         214
  -------         ENDPROC       _ASC_HEX_2
  -------         PROC          PC_PRG
  -------         DO            
  X:0335H         SYMBOL        UART_ID_data
  X:0339H         SYMBOL        send_ok
  X:033DH         SYMBOL        re_byte
  X:033EH         SYMBOL        send_ack
  -------         ENDDO         
  C:06F9H         LINE#         237
  C:06F9H         LINE#         238
  C:06F9H         LINE#         240
  C:071EH         LINE#         241
  C:0723H         LINE#         242
  C:0748H         LINE#         244
  C:0753H         LINE#         245
BL51 BANKED LINKER/LOCATER V6.22.2.0                                                  04/15/2022  10:29:12  PAGE 20


  C:075FH         LINE#         247
  C:0772H         LINE#         248
  C:0772H         LINE#         249
  C:0772H         LINE#         251
  C:077FH         LINE#         252
  C:077FH         LINE#         253
  C:0784H         LINE#         254
  C:0796H         LINE#         255
  C:07A8H         LINE#         256
  C:07BAH         LINE#         257
  C:07CEH         LINE#         258
  C:07E1H         LINE#         259
  C:07ECH         LINE#         260
  C:07ECH         LINE#         261
  C:07EFH         LINE#         265
  C:07EFH         LINE#         267
  C:07FCH         LINE#         268
  C:07FCH         LINE#         269
  C:0802H         LINE#         270
  C:0808H         LINE#         271
  C:080EH         LINE#         272
  C:0814H         LINE#         274
  C:0826H         LINE#         275
  C:0837H         LINE#         276
  C:0849H         LINE#         277
  C:085AH         LINE#         278
  C:086CH         LINE#         279
  C:087DH         LINE#         280
  C:0888H         LINE#         281
  C:0888H         LINE#         282
  C:0888H         LINE#         283
  C:0888H         LINE#         285
  C:08B9H         LINE#         286
  C:08B9H         LINE#         287
  C:08C5H         LINE#         288
  C:08D1H         LINE#         289
  C:08D3H         LINE#         290
  C:08D5H         LINE#         291
  C:08E0H         LINE#         292
  C:08E0H         LINE#         293
  C:08FAH         LINE#         294
  C:08FAH         LINE#         295
  C:0916H         LINE#         296
  C:0916H         LINE#         297
  C:0916H         LINE#         298
  C:0922H         LINE#         299
  C:0925H         LINE#         300
  C:092FH         LINE#         301
  C:093DH         LINE#         302
  C:0942H         LINE#         303
  C:094DH         LINE#         304
  C:094EH         LINE#         305
  C:094EH         LINE#         306
  C:0968H         LINE#         307
  C:0968H         LINE#         308
  C:0974H         LINE#         309
  C:0979H         LINE#         310
BL51 BANKED LINKER/LOCATER V6.22.2.0                                                  04/15/2022  10:29:12  PAGE 21


  C:097CH         LINE#         311
  C:097EH         LINE#         312
  C:098AH         LINE#         313
  C:0995H         LINE#         314
  C:0995H         LINE#         315
  C:0996H         LINE#         316
  C:0996H         LINE#         317
  C:09A0H         LINE#         318
  C:09A0H         LINE#         319
  C:09ACH         LINE#         320
  C:09AFH         LINE#         321
  C:09B9H         LINE#         322
  C:09C7H         LINE#         323
  C:09CCH         LINE#         324
  C:09D7H         LINE#         325
  C:09D8H         LINE#         326
  C:09ECH         LINE#         327
  C:09ECH         LINE#         328
  C:09F2H         LINE#         329
  C:09F8H         LINE#         330
  C:09FEH         LINE#         331
  C:0A04H         LINE#         332
  C:0A16H         LINE#         333
  C:0A27H         LINE#         334
  C:0A32H         LINE#         335
  C:0A33H         LINE#         336
  C:0A5BH         LINE#         337
  C:0A5BH         LINE#         338
  C:0A6DH         LINE#         339
  C:0A72H         LINE#         340
  C:0A84H         LINE#         341
  C:0A84H         LINE#         342
  C:0A8EH         LINE#         343
  C:0AA1H         LINE#         344
  C:0AC8H         LINE#         345
  C:0ADFH         LINE#         346
  C:0AEAH         LINE#         347
  C:0AF5H         LINE#         348
  C:0AF8H         LINE#         349
  C:0B25H         LINE#         350
  C:0B25H         LINE#         351
  C:0B2FH         LINE#         352
  C:0B42H         LINE#         353
  C:0B49H         LINE#         354
  C:0B75H         LINE#         355
  C:0B8CH         LINE#         356
  C:0B97H         LINE#         357
  C:0BA2H         LINE#         358
  C:0BA2H         LINE#         359
  C:0BA7H         LINE#         360
  C:0BA7H         LINE#         361
  C:0BA8H         LINE#         362
  C:0BA8H         LINE#         363
  C:0BC2H         LINE#         364
  C:0BC2H         LINE#         365
  C:0BC8H         LINE#         366
  C:0BCEH         LINE#         367
BL51 BANKED LINKER/LOCATER V6.22.2.0                                                  04/15/2022  10:29:12  PAGE 22


  C:0BD4H         LINE#         368
  C:0BD9H         LINE#         369
  C:0BF3H         LINE#         370
  C:0C11H         LINE#         371
  C:0C31H         LINE#         372
  C:0C52H         LINE#         373
  C:0C68H         LINE#         374
  C:0C79H         LINE#         375
  C:0C7FH         LINE#         376
  C:0C8AH         LINE#         377
  C:0C8AH         LINE#         378
  C:0C8BH         LINE#         379
  C:0C8BH         LINE#         380
  C:0C9FH         LINE#         381
  C:0C9FH         LINE#         382
  C:0CBFH         LINE#         383
  C:0CE0H         LINE#         384
  C:0CE1H         LINE#         385
  C:0CF5H         LINE#         386
  C:0CF5H         LINE#         387
  C:0D15H         LINE#         388
  C:0D34H         LINE#         389
  C:0D34H         LINE#         390
  C:0D34H         LINE#         391
  C:0D34H         LINE#         392
  C:0D34H         LINE#         393
  C:0D34H         LINE#         394
  C:0D34H         LINE#         395
  C:0D34H         LINE#         396
  -------         ENDPROC       PC_PRG
  -------         ENDMOD        UART

  -------         MODULE        IAP_FLASH
  C:0000H         SYMBOL        _ICE_DUMMY_
  D:0090H         PUBLIC        P1
  D:00A0H         PUBLIC        P2
  D:00E7H         PUBLIC        ISPCR
  D:00C0H         PUBLIC        XICON
  D:00B0H         PUBLIC        P3
  D:00E8H         PUBLIC        P4
  D:00F8H         PUBLIC        P5
  D:00F8H         PUBLIC        P6
  B:00A8H.7       PUBLIC        EA
  C:22FFH         PUBLIC        _IAP_WriteBuf_With_Protect_Verify
  D:00A8H         PUBLIC        IE
  D:00B8H         PUBLIC        IP0L
  C:41FEH         PUBLIC        _IAP_WritePPage
  D:00BFH         PUBLIC        CKCON1
  D:00D8H         PUBLIC        CCON
  D:00E6H         PUBLIC        SCMD
  D:00E3H         PUBLIC        IFADRH
  D:00E5H         PUBLIC        IFMT
  D:00E4H         PUBLIC        IFADRL
  D:0088H         PUBLIC        TCON
  C:43F1H         PUBLIC        Init_IAP_flash
  C:14E8H         PUBLIC        eeprom_sys_load
  D:00E2H         PUBLIC        IFD
BL51 BANKED LINKER/LOCATER V6.22.2.0                                                  04/15/2022  10:29:12  PAGE 23


  D:0098H         PUBLIC        S0CON
  D:0098H         PUBLIC        S1CON
  D:00C8H         PUBLIC        T2CON
  D:00D0H         PUBLIC        PSW
  -------         PROC          INIT_IAP_FLASH
  C:43F1H         LINE#         16
  C:43F1H         LINE#         17
  C:43F1H         LINE#         19
  C:43F4H         LINE#         22
  C:43FBH         LINE#         23
  -------         ENDPROC       INIT_IAP_FLASH
  -------         PROC          _IAP_WRITEPPAGE
  D:0057H         SYMBOL        PsfrAddr
  D:0058H         SYMBOL        PsfrData
  -------         DO            
  B:0020H.1       SYMBOL        bEA
  -------         ENDDO         
  C:41FEH         LINE#         34
  C:4202H         LINE#         35
  C:4202H         LINE#         36
  C:4206H         LINE#         37
  C:4208H         LINE#         38
  C:420BH         LINE#         39
  C:420EH         LINE#         40
  C:4211H         LINE#         41
  C:4214H         LINE#         42
  C:4217H         LINE#         44
  C:421AH         LINE#         46
  C:421DH         LINE#         47
  C:421EH         LINE#         48
  C:4221H         LINE#         49
  C:4224H         LINE#         50
  C:4228H         LINE#         51
  -------         ENDPROC       _IAP_WRITEPPAGE
  -------         PROC          _IAP_WRITEBUF_WITH_PROTECT_VERIFY
  D:0019H         SYMBOL        ByteAddr
  D:001BH         SYMBOL        pBuf
  D:001EH         SYMBOL        Cnt
  -------         DO            
  X:0000H         SYMBOL        TempBuf
  X:0200H         SYMBOL        i
  X:0202H         SYMBOL        ErrCnt
  X:0203H         SYMBOL        SectorAddr
  B:0020H.2       SYMBOL        bEA
  C:23E5H         SYMBOL        Err_Loop
  C:2521H         SYMBOL        Err_Return
  -------         ENDDO         
  C:22FFH         LINE#         124
  C:2309H         LINE#         125
  C:2309H         LINE#         130
  C:230DH         LINE#         132
  C:230FH         LINE#         133
  C:2314H         LINE#         135
  C:2323H         LINE#         136
  C:2339H         LINE#         137
  C:2339H         LINE#         138
  C:2340H         LINE#         139
BL51 BANKED LINKER/LOCATER V6.22.2.0                                                  04/15/2022  10:29:12  PAGE 24


  C:2347H         LINE#         140
  C:234AH         LINE#         141
  C:234DH         LINE#         142
  C:2350H         LINE#         143
  C:2353H         LINE#         144
  C:2356H         LINE#         145
  C:2359H         LINE#         146
  C:2367H         LINE#         147
  C:237CH         LINE#         148
  C:237FH         LINE#         149
  C:238FH         LINE#         151
  C:239EH         LINE#         152
  C:23A4H         LINE#         153
  C:23A4H         LINE#         154
  C:23C2H         LINE#         155
  C:23CDH         LINE#         156
  C:23DBH         LINE#         157
  C:23E3H         LINE#         158
  C:23E5H         LINE#         159
  C:23E5H         LINE#         161
  C:23F4H         LINE#         162
  C:23FBH         LINE#         163
  C:23FEH         LINE#         164
  C:2401H         LINE#         165
  C:2404H         LINE#         167
  C:2407H         LINE#         169
  C:240AH         LINE#         170
  C:240BH         LINE#         171
  C:240EH         LINE#         172
  C:2411H         LINE#         174
  C:2427H         LINE#         175
  C:2427H         LINE#         176
  C:243DH         LINE#         177
  C:2444H         LINE#         178
  C:244BH         LINE#         179
  C:244EH         LINE#         180
  C:2451H         LINE#         182
  C:2454H         LINE#         184
  C:2457H         LINE#         185
  C:2458H         LINE#         186
  C:245BH         LINE#         187
  C:245EH         LINE#         188
  C:246CH         LINE#         189
  C:246FH         LINE#         190
  C:247FH         LINE#         192
  C:248EH         LINE#         193
  C:24A4H         LINE#         194
  C:24A4H         LINE#         195
  C:24ABH         LINE#         196
  C:24B2H         LINE#         197
  C:24B5H         LINE#         198
  C:24B8H         LINE#         200
  C:24BBH         LINE#         202
  C:24BEH         LINE#         203
  C:24C1H         LINE#         204
  C:24C4H         LINE#         205
  C:24D2H         LINE#         206
BL51 BANKED LINKER/LOCATER V6.22.2.0                                                  04/15/2022  10:29:12  PAGE 25


  C:24D5H         LINE#         207
  C:24EEH         LINE#         208
  C:24EEH         LINE#         209
  C:24F4H         LINE#         210
  C:2506H         LINE#         211
  C:2506H         LINE#         212
  C:2509H         LINE#         213
  C:2509H         LINE#         215
  C:2509H         LINE#         216
  C:250BH         LINE#         217
  C:250BH         LINE#         218
  C:250BH         LINE#         219
  C:251CH         LINE#         220
  C:2521H         LINE#         221
  C:2521H         LINE#         222
  C:2525H         LINE#         223
  C:252AH         LINE#         224
  -------         ENDPROC       _IAP_WRITEBUF_WITH_PROTECT_VERIFY
  -------         PROC          EEPROM_SYS_LOAD
  -------         DO            
  X:0205H         SYMBOL        Init_ID_data
  I:007DH         SYMBOL        offset
  -------         ENDDO         
  C:14E8H         LINE#         245
  C:14E8H         LINE#         246
  C:14E8H         LINE#         248
  C:14ECH         LINE#         250
  C:14F7H         LINE#         251
  C:150EH         LINE#         253
  C:1513H         LINE#         254
  C:151EH         LINE#         255
  C:1529H         LINE#         256
  C:1534H         LINE#         257
  C:1576H         LINE#         258
  C:158AH         LINE#         260
  C:1594H         LINE#         261
  C:15BEH         LINE#         262
  C:15BEH         LINE#         263
  C:15C7H         LINE#         264
  C:15EDH         LINE#         265
  C:1604H         LINE#         267
  C:162AH         LINE#         268
  C:1641H         LINE#         270
  C:1667H         LINE#         271
  C:167EH         LINE#         273
  C:16A4H         LINE#         274
  C:16BBH         LINE#         276
  C:16E1H         LINE#         277
  C:16F8H         LINE#         278
  C:16F9H         LINE#         279
  C:1724H         LINE#         280
  C:1724H         LINE#         281
  C:172DH         LINE#         282
  C:1733H         LINE#         283
  C:175EH         LINE#         284
  C:1775H         LINE#         286
  C:17A0H         LINE#         287
BL51 BANKED LINKER/LOCATER V6.22.2.0                                                  04/15/2022  10:29:12  PAGE 26


  C:17B7H         LINE#         289
  C:17E2H         LINE#         290
  C:17F9H         LINE#         292
  C:1824H         LINE#         293
  C:183BH         LINE#         295
  C:1866H         LINE#         296
  C:187DH         LINE#         297
  C:187DH         LINE#         298
  C:187DH         LINE#         300
  -------         ENDPROC       EEPROM_SYS_LOAD
  -------         ENDMOD        IAP_FLASH

  -------         MODULE        SPI
  C:0000H         SYMBOL        _ICE_DUMMY_
  D:0090H         PUBLIC        P1
  D:00A0H         PUBLIC        P2
  D:00C0H         PUBLIC        XICON
  D:00B0H         PUBLIC        P3
  D:00E8H         PUBLIC        P4
  D:00F8H         PUBLIC        P5
  D:0085H         PUBLIC        SPCON
  D:00F8H         PUBLIC        P6
  D:00A8H         PUBLIC        IE
  D:00B8H         PUBLIC        IP0L
  C:4311H         PUBLIC        Init_Spi
  D:00D8H         PUBLIC        CCON
  B:0090H.4       PUBLIC        P14
  D:0088H         PUBLIC        TCON
  C:4407H         PUBLIC        _spi_delay
  C:397AH         PUBLIC        _ML7345_Write_Fifo
  C:3F9AH         PUBLIC        _ML7345_Read_Reg
  C:40E0H         PUBLIC        _ML7345_Write_Reg
  D:0084H         PUBLIC        SPSTAT
  D:0098H         PUBLIC        S0CON
  D:0098H         PUBLIC        S1CON
  D:00C8H         PUBLIC        T2CON
  D:00A2H         PUBLIC        AUXR1
  C:432CH         PUBLIC        _SPI1_SendRecv_Data
  D:00D0H         PUBLIC        PSW
  D:0086H         PUBLIC        SPDAT
  -------         PROC          _SPI_DELAY
  D:0060H         SYMBOL        n
  C:4407H         LINE#         3
  C:4409H         LINE#         4
  C:4409H         LINE#         5
  C:4410H         LINE#         6
  -------         ENDPROC       _SPI_DELAY
  -------         PROC          INIT_SPI
  C:4311H         LINE#         8
  C:4311H         LINE#         9
  C:4311H         LINE#         11
  C:4314H         LINE#         13
  C:4317H         LINE#         15
  C:431DH         LINE#         17
  C:4320H         LINE#         19
  C:4323H         LINE#         21
  C:4326H         LINE#         23
BL51 BANKED LINKER/LOCATER V6.22.2.0                                                  04/15/2022  10:29:12  PAGE 27


  C:4329H         LINE#         25
  C:432BH         LINE#         26
  -------         ENDPROC       INIT_SPI
  -------         PROC          _SPI1_SENDRECV_DATA
  D:0061H         SYMBOL        SPI_DATA
  C:432CH         LINE#         35
  C:432EH         LINE#         36
  C:432EH         LINE#         37
  C:4333H         LINE#         38
  C:4336H         LINE#         39
  C:4341H         LINE#         40
  C:4344H         LINE#         41
  C:4346H         LINE#         42
  -------         ENDPROC       _SPI1_SENDRECV_DATA
  -------         PROC          _ML7345_WRITE_REG
  D:0059H         SYMBOL        addr
  D:005AH         SYMBOL        dat
  C:40E0H         LINE#         45
  C:40E4H         LINE#         46
  C:40E4H         LINE#         47
  C:40E9H         LINE#         48
  C:40EBH         LINE#         49
  C:40F0H         LINE#         51
  C:40FAH         LINE#         52
  C:40FFH         LINE#         53
  C:4104H         LINE#         55
  C:4109H         LINE#         56
  C:410BH         LINE#         57
  C:4110H         LINE#         58
  -------         ENDPROC       _ML7345_WRITE_REG
  -------         PROC          _ML7345_READ_REG
  D:0062H         SYMBOL        addr
  -------         DO            
  X:03BEH         SYMBOL        read
  -------         ENDDO         
  C:3F9AH         LINE#         60
  C:3F9CH         LINE#         61
  C:3F9CH         LINE#         62
  C:3FA1H         LINE#         63
  C:3FA6H         LINE#         64
  C:3FA8H         LINE#         65
  C:3FADH         LINE#         67
  C:3FB3H         LINE#         68
  C:3FB8H         LINE#         69
  C:3FC2H         LINE#         71
  C:3FC7H         LINE#         72
  C:3FC9H         LINE#         73
  C:3FCEH         LINE#         75
  C:3FD3H         LINE#         76
  -------         ENDPROC       _ML7345_READ_REG
  -------         PROC          _ML7345_WRITE_FIFO
  D:0037H         SYMBOL        addr
  D:0038H         SYMBOL        pbuf
  D:003BH         SYMBOL        len
  -------         DO            
  X:03BFH         SYMBOL        i
  -------         ENDDO         
BL51 BANKED LINKER/LOCATER V6.22.2.0                                                  04/15/2022  10:29:12  PAGE 28


  C:397AH         LINE#         78
  C:3982H         LINE#         79
  C:3982H         LINE#         80
  C:3987H         LINE#         81
  C:398CH         LINE#         82
  C:398EH         LINE#         83
  C:3993H         LINE#         85
  C:399DH         LINE#         86
  C:39A2H         LINE#         87
  C:39AFH         LINE#         88
  C:39C0H         LINE#         89
  C:39C0H         LINE#         90
  C:39C5H         LINE#         91
  C:39DCH         LINE#         92
  C:39E4H         LINE#         94
  C:39E9H         LINE#         95
  C:39EBH         LINE#         96
  C:39F0H         LINE#         97
  -------         ENDPROC       _ML7345_WRITE_FIFO
  -------         ENDMOD        SPI

  -------         MODULE        RAM
  C:0000H         SYMBOL        _ICE_DUMMY_
  X:0209H         PUBLIC        m_KeyCloseCount
  X:020AH         PUBLIC        write_flash_buffer
  D:0090H         PUBLIC        P1
  X:0212H         PUBLIC        txphase
  D:00A0H         PUBLIC        P2
  D:00C0H         PUBLIC        XICON
  D:00B0H         PUBLIC        P3
  D:00E8H         PUBLIC        P4
  X:0214H         PUBLIC        m_KeyCount
  D:00F8H         PUBLIC        P5
  X:0215H         PUBLIC        AD_DATA_BUFF
  D:00F8H         PUBLIC        P6
  X:0217H         PUBLIC        TB_976us
  X:0218H         PUBLIC        ID_data
  D:00A8H         PUBLIC        IE
  X:021CH         PUBLIC        TIME_Once_twice_switch
  X:021EH         PUBLIC        BAT_Voltage_value
  X:0222H         PUBLIC        rom_KeyOpt
  I:006DH         PUBLIC        RAM_SW_type
  X:0223H         PUBLIC        BAT_out
  X:0224H         PUBLIC        SIO_cnt
  X:0225H         PUBLIC        m_KeyDupliSetTimeout
  X:0227H         PUBLIC        ID_data_add
  D:00B8H         PUBLIC        IP0L
  X:022BH         PUBLIC        m_KeyDupli1stTimer
  X:022DH         PUBLIC        m_KeyOld
  X:022EH         PUBLIC        m_KeyOpenCount
  X:022FH         PUBLIC        txphase_end
  I:006EH         PUBLIC        mark0_stu
  I:006FH         PUBLIC        mark1_stu
  X:0231H         PUBLIC        TB_5s
  X:0232H         PUBLIC        m_KeyNew
  D:00D8H         PUBLIC        CCON
  X:0233H         PUBLIC        PROFILE_CH_FREQ_32bit_200002EC
BL51 BANKED LINKER/LOCATER V6.22.2.0                                                  04/15/2022  10:29:12  PAGE 29


  X:0237H         PUBLIC        m_ChatterCount
  X:0239H         PUBLIC        key_Value
  I:0070H         PUBLIC        RAM_RegSW_type
  X:023BH         PUBLIC        Key_Sta
  D:0088H         PUBLIC        TCON
  X:023CH         PUBLIC        m_KeyNo
  C:3B23H         PUBLIC        _Init_RAM
  X:023DH         PUBLIC        m_KindOfKey
  I:0071H         PUBLIC        RAM_OP1_type
  I:0072H         PUBLIC        RAM_OP2_type
  X:023EH         PUBLIC        TIME_BEEP_freq
  X:023FH         PUBLIC        txphase_Repeat
  X:0240H         PUBLIC        time_led
  X:0242H         PUBLIC        BASE_TIME_BEEP_off
  X:0243H         PUBLIC        TIME_BEEP_off
  X:0244H         PUBLIC        TB_51s
  X:0245H         PUBLIC        ID_INT_CODE
  X:0246H         PUBLIC        TB_sum_5s
  X:0247H         PUBLIC        RAM_BAT_AVG
  X:0249H         PUBLIC        RAM_BAT_CNT
  X:024AH         PUBLIC        m_RegDigit
  X:024BH         PUBLIC        m_KeyOptSetMode
  X:024CH         PUBLIC        Control_code
  X:024DH         PUBLIC        TIME_2s_RestTX
  D:0098H         PUBLIC        S0CON
  X:024EH         PUBLIC        TIME_power_on_AD
  X:0250H         PUBLIC        TIME_10s
  D:0098H         PUBLIC        S1CON
  X:0252H         PUBLIC        SIO_DATA
  D:00C8H         PUBLIC        T2CON
  X:0262H         PUBLIC        TB_100ms
  X:0263H         PUBLIC        BASE_TIME_BEEP_on
  X:0265H         PUBLIC        m_TimerKeyMonitor
  X:0267H         PUBLIC        TIME_BEEP_on
  X:0269H         PUBLIC        RAM_BAT_SUM
  X:026DH         PUBLIC        SIO_buff
  X:027DH         PUBLIC        m_RFNormalBuf
  X:02A5H         PUBLIC        m_RegMode
  X:02A6H         PUBLIC        m_TimerRegMode
  X:02A8H         PUBLIC        m_RegID
  D:00D0H         PUBLIC        PSW
  X:02B1H         PUBLIC        m_TimerKey
  -------         PROC          _INIT_RAM
  C:3B23H         LINE#         83
  C:3B23H         LINE#         84
  C:3B23H         LINE#         85
  C:3B29H         LINE#         87
  C:3B2FH         LINE#         88
  C:3B3CH         LINE#         94
  C:3B3FH         LINE#         95
  C:3B4BH         LINE#         96
  C:3B50H         LINE#         98
  C:3B5CH         LINE#         99
  C:3B68H         LINE#         100
  C:3B6BH         LINE#         101
  C:3B73H         LINE#         102
  C:3B7BH         LINE#         103
BL51 BANKED LINKER/LOCATER V6.22.2.0                                                  04/15/2022  10:29:12  PAGE 30


  -------         ENDPROC       _INIT_RAM
  -------         ENDMOD        RAM

  -------         MODULE        ML7345
  C:0000H         SYMBOL        _ICE_DUMMY_
  X:02B3H         PUBLIC        First_TX_Scan
  X:02B4H         PUBLIC        APP_TX_freq
  D:0090H         PUBLIC        P1
  D:00A0H         PUBLIC        P2
  D:00C0H         PUBLIC        XICON
  D:00B0H         PUBLIC        P3
  D:00E8H         PUBLIC        P4
  D:00F8H         PUBLIC        P5
  D:00F8H         PUBLIC        P6
  D:00A8H         PUBLIC        IE
  X:02B5H         PUBLIC        Receiver_vent_Cache
  X:02B6H         PUBLIC        tx_pack_cnt
  D:00B8H         PUBLIC        IP0L
  X:02B7H         PUBLIC        Fre_429_350
  X:02BFH         PUBLIC        Fre_426_750
  X:02C7H         PUBLIC        Fre_426_075
  X:02CFH         PUBLIC        Fre_429_550
  X:02D7H         PUBLIC        Fre_429_175
  X:02DFH         PUBLIC        Freq_SetBuff
  D:00D8H         PUBLIC        CCON
  X:02E7H         PUBLIC        txbuf
  C:3CBEH         PUBLIC        _Tx_Data_Test
  X:02EAH         PUBLIC        TX_Scan_step
  D:0088H         PUBLIC        TCON
  B:00B0H.4       PUBLIC        P34
  B:00B0H.5       PUBLIC        P35
  C:43FCH         PUBLIC        dd_set_ML7345D_Power_on
  B:00A0H.7       PUBLIC        P27
  X:02EBH         PUBLIC        rf_offset
  C:3142H         PUBLIC        ML7345_TRX_Del
  X:02ECH         PUBLIC        Radio_Date_Type
  X:02EDH         PUBLIC        SPI_RECEIVE_BUFF
  C:1113H         PUBLIC        _RF_ML7345_Init
  X:0315H         PUBLIC        SPI_Receive_DataForC
  D:0098H         PUBLIC        S0CON
  D:0098H         PUBLIC        S1CON
  X:0331H         PUBLIC        Radio_Date_Type_bak
  D:00C8H         PUBLIC        T2CON
  D:00D0H         PUBLIC        PSW
  -------         PROC          _RF_ML7345_INIT
  D:003CH         SYMBOL        freq
  D:003FH         SYMBOL        sync
  D:0040H         SYMBOL        rx_len
  C:1113H         LINE#         44
  C:111BH         LINE#         45
  C:111BH         LINE#         46
  C:111EH         LINE#         47
  C:1121H         LINE#         48
  C:1121H         LINE#         49
  C:112CH         LINE#         50
  C:112EH         LINE#         51
  C:112EH         LINE#         52
BL51 BANKED LINKER/LOCATER V6.22.2.0                                                  04/15/2022  10:29:12  PAGE 31


  C:1130H         LINE#         53
  C:1137H         LINE#         54
  C:113EH         LINE#         55
  C:1145H         LINE#         56
  C:114CH         LINE#         57
  C:1153H         LINE#         58
  C:115AH         LINE#         59
  C:1161H         LINE#         60
  C:1168H         LINE#         61
  C:116FH         LINE#         62
  C:1176H         LINE#         63
  C:117DH         LINE#         64
  C:1184H         LINE#         65
  C:118BH         LINE#         66
  C:1192H         LINE#         67
  C:1199H         LINE#         68
  C:11A0H         LINE#         69
  C:11A7H         LINE#         70
  C:11AEH         LINE#         71
  C:11B5H         LINE#         72
  C:11BCH         LINE#         73
  C:11C3H         LINE#         74
  C:11CAH         LINE#         75
  C:11D1H         LINE#         76
  C:11D8H         LINE#         77
  C:11DFH         LINE#         78
  C:11E6H         LINE#         79
  C:11EDH         LINE#         81
  C:11F4H         LINE#         83
  C:11FBH         LINE#         85
  C:1202H         LINE#         87
  C:1209H         LINE#         88
  C:1210H         LINE#         90
  C:1217H         LINE#         92
  C:121EH         LINE#         93
  C:1225H         LINE#         94
  C:122CH         LINE#         95
  C:1233H         LINE#         97
  C:123AH         LINE#         99
  C:1241H         LINE#         101
  C:1248H         LINE#         103
  C:124FH         LINE#         104
  C:1256H         LINE#         105
  C:125DH         LINE#         107
  C:1264H         LINE#         109
  C:126BH         LINE#         110
  C:1272H         LINE#         112
  C:1279H         LINE#         113
  C:1280H         LINE#         117
  C:1287H         LINE#         118
  C:128EH         LINE#         119
  C:1295H         LINE#         120
  C:129CH         LINE#         121
  C:12A3H         LINE#         123
  C:12AAH         LINE#         125
  C:12B1H         LINE#         127
  C:12B8H         LINE#         129
BL51 BANKED LINKER/LOCATER V6.22.2.0                                                  04/15/2022  10:29:12  PAGE 32


  C:12C7H         LINE#         130
  C:12DCH         LINE#         131
  C:12F1H         LINE#         132
  C:1306H         LINE#         133
  C:1315H         LINE#         134
  C:132AH         LINE#         135
  C:133FH         LINE#         136
  C:1354H         LINE#         138
  C:135BH         LINE#         139
  C:1362H         LINE#         141
  C:1369H         LINE#         142
  C:1370H         LINE#         143
  C:1377H         LINE#         144
  C:137EH         LINE#         146
  C:1385H         LINE#         147
  C:138CH         LINE#         152
  C:1393H         LINE#         153
  C:139AH         LINE#         156
  C:13A1H         LINE#         160
  C:13B6H         LINE#         161
  C:13CBH         LINE#         162
  C:13E0H         LINE#         163
  C:13F5H         LINE#         164
  C:13FCH         LINE#         165
  C:1403H         LINE#         166
  C:140AH         LINE#         168
  C:1411H         LINE#         169
  C:1418H         LINE#         170
  C:141FH         LINE#         171
  C:1426H         LINE#         172
  C:142DH         LINE#         174
  C:1430H         LINE#         176
  C:1437H         LINE#         177
  C:143EH         LINE#         180
  C:1445H         LINE#         181
  C:144CH         LINE#         183
  C:1453H         LINE#         184
  C:145AH         LINE#         185
  C:1461H         LINE#         186
  C:1468H         LINE#         187
  C:146FH         LINE#         188
  C:1476H         LINE#         189
  C:147DH         LINE#         190
  C:1484H         LINE#         192
  C:14C1H         LINE#         193
  C:14C4H         LINE#         196
  C:14CBH         LINE#         197
  C:14D2H         LINE#         198
  C:14D2H         LINE#         199
  C:14DDH         LINE#         200
  C:14DFH         LINE#         201
  C:14DFH         LINE#         202
  C:14E1H         LINE#         203
  C:14E4H         LINE#         204
  C:14E7H         LINE#         205
  -------         ENDPROC       _RF_ML7345_INIT
  -------         PROC          _TX_DATA_TEST
BL51 BANKED LINKER/LOCATER V6.22.2.0                                                  04/15/2022  10:29:12  PAGE 33


  D:0063H         SYMBOL        mode
  C:3CBEH         LINE#         224
  C:3CC0H         LINE#         225
  C:3CC0H         LINE#         226
  C:3CC7H         LINE#         227
  C:3CDCH         LINE#         228
  C:3CDCH         LINE#         230
  C:3CE5H         LINE#         233
  C:3CEEH         LINE#         236
  C:3CF7H         LINE#         239
  C:3D00H         LINE#         242
  C:3D00H         LINE#         243
  C:3D07H         LINE#         244
  C:3D07H         LINE#         245
  C:3D07H         LINE#         246
  C:3D0CH         LINE#         247
  -------         ENDPROC       _TX_DATA_TEST
  -------         PROC          ML7345_TRX_DEL
  -------         DO            
  I:007EH         SYMBOL        reg
  -------         ENDDO         
  C:3142H         LINE#         250
  C:3142H         LINE#         251
  C:3142H         LINE#         252
  C:3146H         LINE#         254
  C:314FH         LINE#         255
  C:3171H         LINE#         256
  C:3171H         LINE#         257
  C:317DH         LINE#         258
  C:3182H         LINE#         259
  C:3195H         LINE#         260
  C:3195H         LINE#         261
  C:31BEH         LINE#         262
  C:31BEH         LINE#         263
  C:31CAH         LINE#         264
  C:31DDH         LINE#         265
  C:31E3H         LINE#         266
  C:31E4H         LINE#         267
  C:3208H         LINE#         268
  C:3208H         LINE#         269
  C:3214H         LINE#         270
  C:3220H         LINE#         271
  C:3237H         LINE#         272
  C:323CH         LINE#         273
  C:323EH         LINE#         274
  C:3241H         LINE#         275
  C:3243H         LINE#         276
  C:3243H         LINE#         277
  C:3243H         LINE#         278
  C:3243H         LINE#         279
  -------         ENDPROC       ML7345_TRX_DEL
  -------         PROC          DD_SET_ML7345D_POWER_ON
  C:43FCH         LINE#         281
  C:43FCH         LINE#         282
  C:43FCH         LINE#         283
  C:43FFH         LINE#         284
  C:43FFH         LINE#         285
BL51 BANKED LINKER/LOCATER V6.22.2.0                                                  04/15/2022  10:29:12  PAGE 34


  C:4401H         LINE#         286
  C:4406H         LINE#         288
  C:4406H         LINE#         289
  -------         ENDPROC       DD_SET_ML7345D_POWER_ON
  -------         ENDMOD        ML7345

  -------         MODULE        ML7345_HAL
  C:0000H         SYMBOL        _ICE_DUMMY_
  C:34F6H         PUBLIC        ML7345_DataRate_Set_4_8k
  D:0090H         PUBLIC        P1
  D:00A0H         PUBLIC        P2
  D:00C0H         PUBLIC        XICON
  D:00B0H         PUBLIC        P3
  D:00E8H         PUBLIC        P4
  D:00F8H         PUBLIC        P5
  D:00F8H         PUBLIC        P6
  D:00A8H         PUBLIC        IE
  C:3EE8H         PUBLIC        _ML7345_AutoTx_Data
  C:2AB8H         PUBLIC        _ML7345_Frequency_Set
  D:00B8H         PUBLIC        IP0L
  C:3244H         PUBLIC        _ML7345_SetAndGet_State
  C:400DH         PUBLIC        _ML7345_StateFlag_Clear
  D:00D8H         PUBLIC        CCON
  C:41A2H         PUBLIC        _ML7345_AutoStateTransition_Set
  C:42D8H         PUBLIC        ML7345_AllStateFlag_Clear
  D:0088H         PUBLIC        TCON
  B:00B0H.4       PUBLIC        P34
  C:1E12H         PUBLIC        _ML7345_Frequency_Calcul
  C:3E2DH         PUBLIC        WaitStatus_Complete
  C:40AEH         PUBLIC        SetReg_Rssi
  C:435DH         PUBLIC        ML7345_GPIO0TxDoneInt_Enable
  D:0098H         PUBLIC        S0CON
  D:0098H         PUBLIC        S1CON
  D:00C8H         PUBLIC        T2CON
  C:4411H         PUBLIC        ML7345_RESETN_SET
  C:3676H         PUBLIC        ML7345_DataRate_Set_1_2k
  D:00D0H         PUBLIC        PSW
  -------         PROC          _ML7345_AUTOSTATETRANSITION_SET
  D:0064H         SYMBOL        sta
  C:41A2H         LINE#         10
  C:41A4H         LINE#         11
  C:41A4H         LINE#         12
  C:41ABH         LINE#         13
  C:41C9H         LINE#         14
  C:41D0H         LINE#         15
  -------         ENDPROC       _ML7345_AUTOSTATETRANSITION_SET
  -------         PROC          _ML7345_SETANDGET_STATE
  D:0065H         SYMBOL        sta
  -------         DO            
  X:03B0H         SYMBOL        status
  -------         ENDDO         
  C:3244H         LINE#         31
  C:3246H         LINE#         32
  C:3246H         LINE#         33
  C:324BH         LINE#         35
  C:3252H         LINE#         36
  C:3261H         LINE#         37
[...]
  C:0F05H         LINE#         934
  C:0F05H         LINE#         935
  C:0F0FH         LINE#         936
  C:0F15H         LINE#         937
  C:0F16H         LINE#         939
  C:0F16H         LINE#         940
  C:0F1AH         LINE#         942
  C:0F1AH         LINE#         943
  C:0F1AH         LINE#         944
  C:0F1BH         LINE#         946
  C:0F1BH         LINE#         947
  C:0F2AH         LINE#         948
  C:0F2AH         LINE#         949
  C:0F30H         LINE#         950
  C:0F3AH         LINE#         952
  C:0F45H         LINE#         953
  C:0F51H         LINE#         954
  C:0F51H         LINE#         960
  C:0F52H         LINE#         962
  C:0F52H         LINE#         963
  C:0F5EH         LINE#         964
  C:0F5EH         LINE#         965
  C:0F62H         LINE#         967
  C:0F62H         LINE#         969
  C:0F7DH         LINE#         970
  C:0F7EH         LINE#         972
  C:0F7EH         LINE#         974
  C:0F86H         LINE#         975
  C:0F86H         LINE#         976
  C:0F93H         LINE#         977
  C:0F93H         LINE#         978
  C:0F9DH         LINE#         979
  C:0FA3H         LINE#         980
  C:0FAFH         LINE#         981
  C:0FB0H         LINE#         983
  C:0FB0H         LINE#         984
  C:0FB4H         LINE#         986
  C:0FB4H         LINE#         987
  C:0FB5H         LINE#         989
  C:0FB5H         LINE#         990
  C:0FC2H         LINE#         991
  C:0FC2H         LINE#         992
  C:0FCCH         LINE#         993
  C:0FD2H         LINE#         994
  C:0FD3H         LINE#         996
  C:0FD3H         LINE#         997
  C:0FD7H         LINE#         999
  C:0FD7H         LINE#         1000
  C:0FD7H         LINE#         1001
  C:0FD8H         LINE#         1003
  C:0FD8H         LINE#         1004
  C:0FD8H         LINE#         1005
  C:0FE4H         LINE#         1006
BL51 BANKED LINKER/LOCATER V6.22.2.0                                                  04/15/2022  10:29:12  PAGE 54


  C:0FE4H         LINE#         1007
  C:0FE8H         LINE#         1009
  C:0FE8H         LINE#         1011
  C:1003H         LINE#         1012
  C:1004H         LINE#         1014
  C:1004H         LINE#         1016
  C:100FH         LINE#         1017
  C:100FH         LINE#         1018
  C:101CH         LINE#         1019
  C:101CH         LINE#         1020
  C:1029H         LINE#         1021
  C:1029H         LINE#         1022
  C:1030H         LINE#         1023
  C:1034H         LINE#         1024
  C:1034H         LINE#         1025
  C:1037H         LINE#         1026
  C:1039H         LINE#         1028
  C:1039H         LINE#         1029
  C:103CH         LINE#         1030
  C:103CH         LINE#         1031
  C:1042H         LINE#         1032
  C:1055H         LINE#         1037
  C:1060H         LINE#         1038
  C:106CH         LINE#         1039
  C:1078H         LINE#         1040
  C:107EH         LINE#         1041
  C:1082H         LINE#         1043
  C:1082H         LINE#         1044
  C:1088H         LINE#         1045
  C:1089H         LINE#         1047
  C:1089H         LINE#         1048
  C:108DH         LINE#         1050
  C:108DH         LINE#         1051
  C:108EH         LINE#         1053
  C:108EH         LINE#         1054
  C:109BH         LINE#         1055
  C:109BH         LINE#         1056
  C:10A8H         LINE#         1057
  C:10A8H         LINE#         1058
  C:10AFH         LINE#         1059
  C:10B3H         LINE#         1060
  C:10B3H         LINE#         1061
  C:10B6H         LINE#         1062
  C:10B8H         LINE#         1064
  C:10B8H         LINE#         1065
  C:10BBH         LINE#         1066
  C:10BBH         LINE#         1067
  C:10C1H         LINE#         1068
  C:10D4H         LINE#         1072
  C:10DFH         LINE#         1073
  C:10EBH         LINE#         1074
  C:10F7H         LINE#         1075
  C:10FBH         LINE#         1078
  C:10FBH         LINE#         1079
  C:1101H         LINE#         1080
  C:1102H         LINE#         1082
  C:1102H         LINE#         1083
BL51 BANKED LINKER/LOCATER V6.22.2.0                                                  04/15/2022  10:29:12  PAGE 55


  C:1106H         LINE#         1085
  C:1106H         LINE#         1086
  C:1106H         LINE#         1087
  C:1107H         LINE#         1089
  C:1107H         LINE#         1090
  C:110FH         LINE#         1091
  C:110FH         LINE#         1093
  C:1112H         LINE#         1095
  C:1112H         LINE#         1096
  C:1112H         LINE#         1098
  C:1112H         LINE#         1099
  -------         ENDPROC       _DUPLIFUNCSETMODE
  -------         PROC          _REGISTRATIONMODE
  C:2C30H         LINE#         1109
  C:2C30H         LINE#         1110
  C:2C30H         LINE#         1111
  C:2C39H         LINE#         1112
  C:2C39H         LINE#         1114
  C:2C39H         LINE#         1116
  C:2C4DH         LINE#         1117
  C:2C59H         LINE#         1118
  C:2C5BH         LINE#         1119
  C:2C5BH         LINE#         1120
  C:2C67H         LINE#         1121
  C:2C6DH         LINE#         1122
  C:2C7BH         LINE#         1123
  C:2C96H         LINE#         1124
  C:2C98H         LINE#         1125
  C:2C98H         LINE#         1127
  C:2CA3H         LINE#         1128
  C:2CA5H         LINE#         1129
  C:2CAAH         LINE#         1130
  C:2CAAH         LINE#         1141
  C:2CC3H         LINE#         1142
  C:2CC3H         LINE#         1143
  C:2CC3H         LINE#         1144
  C:2CDCH         LINE#         1145
  C:2CDCH         LINE#         1146
  C:2CEEH         LINE#         1147
  C:2CEEH         LINE#         1149
  C:2CF9H         LINE#         1150
  C:2D03H         LINE#         1151
  C:2D04H         LINE#         1153
  C:2D04H         LINE#         1154
  C:2D18H         LINE#         1155
  C:2D18H         LINE#         1156
  C:2D1EH         LINE#         1157
  C:2D20H         LINE#         1160
  C:2D20H         LINE#         1162
  C:2D2BH         LINE#         1163
  C:2D2BH         LINE#         1168
  C:2D35H         LINE#         1169
  C:2D36H         LINE#         1171
  C:2D36H         LINE#         1172
  C:2D39H         LINE#         1174
  C:2D44H         LINE#         1175
  C:2D4EH         LINE#         1176
BL51 BANKED LINKER/LOCATER V6.22.2.0                                                  04/15/2022  10:29:12  PAGE 56


  C:2D4FH         LINE#         1178
  C:2D4FH         LINE#         1180
  C:2D61H         LINE#         1181
  C:2D61H         LINE#         1183
  C:2D61H         LINE#         1188
  C:2D70H         LINE#         1191
  C:2D8CH         LINE#         1193
  C:2D8CH         LINE#         1195
  C:2D97H         LINE#         1196
  C:2D99H         LINE#         1198
  C:2D99H         LINE#         1199
  C:2DA0H         LINE#         1201
  C:2DA0H         LINE#         1202
  C:2DA5H         LINE#         1203
  C:2DA5H         LINE#         1204
  C:2DA5H         LINE#         1205
  -------         ENDPROC       _REGISTRATIONMODE
  -------         PROC          _ATOL
  D:0021H         SYMBOL        m_RegID_x
  -------         DO            
  D:0024H         SYMBOL        i
  D:0025H         SYMBOL        j
  D:0026H         SYMBOL        m_ID
  -------         ENDDO         
  C:3902H         LINE#         1210
  C:3908H         LINE#         1211
  C:3908H         LINE#         1213
  C:3914H         LINE#         1215
  C:3926H         LINE#         1216
  C:393CH         LINE#         1217
  C:396DH         LINE#         1218
  C:3971H         LINE#         1219
  C:3979H         LINE#         1220
  -------         ENDPROC       _ATOL
  -------         PROC          __SETREGISTRATIONMODE
  D:0069H         SYMBOL        mode
  C:4229H         LINE#         1232
  C:422BH         LINE#         1233
  C:422BH         LINE#         1234
  C:4231H         LINE#         1235
  C:4231H         LINE#         1237
  C:4231H         LINE#         1239
  C:4237H         LINE#         1246
  C:423AH         LINE#         1253
  C:4245H         LINE#         1254
  C:424FH         LINE#         1255
  -------         ENDPROC       __SETREGISTRATIONMODE
  -------         PROC          _GETREGMODE
  C:4421H         LINE#         1256
  C:4421H         LINE#         1257
  C:4421H         LINE#         1258
  C:4426H         LINE#         1259
  -------         ENDPROC       _GETREGMODE
  -------         PROC          _IDCLEAR
  -------         DO            
  D:006AH         SYMBOL        i
  -------         ENDDO         
BL51 BANKED LINKER/LOCATER V6.22.2.0                                                  04/15/2022  10:29:12  PAGE 57


  C:4172H         LINE#         1266
  C:4172H         LINE#         1267
  C:4172H         LINE#         1270
  C:4177H         LINE#         1272
  C:4189H         LINE#         1273
  C:4189H         LINE#         1274
  C:4198H         LINE#         1275
  C:419CH         LINE#         1276
  C:41A1H         LINE#         1278
  -------         ENDPROC       _IDCLEAR
  -------         PROC          __SWIN
  D:006BH         SYMBOL        sw
  C:4276H         LINE#         1290
  C:4278H         LINE#         1291
  C:4278H         LINE#         1292
  C:4286H         LINE#         1293
  C:428AH         LINE#         1294
  C:428AH         LINE#         1295
  C:4298H         LINE#         1296
  C:4298H         LINE#         1297
  -------         ENDPROC       __SWIN
  -------         PROC          __REQBUZZER
  D:004DH         SYMBOL        BEEP_on_SET
  D:004FH         SYMBOL        BEEP_off_SET
  D:0050H         SYMBOL        BEEP_freq_SET
  C:3D0DH         LINE#         1299
  C:3D15H         LINE#         1300
  C:3D15H         LINE#         1301
  C:3D2AH         LINE#         1302
  C:3D2AH         LINE#         1303
  C:3D34H         LINE#         1304
  C:3D3AH         LINE#         1305
  C:3D4AH         LINE#         1306
  C:3D54H         LINE#         1307
  C:3D5AH         LINE#         1308
  C:3D5AH         LINE#         1309
  -------         ENDPROC       __REQBUZZER
  -------         PROC          TEST_MODE_CONTROL
  C:274BH         LINE#         1311
  C:274BH         LINE#         1312
  C:274BH         LINE#         1314
  C:2751H         LINE#         1315
  C:2751H         LINE#         1316
  C:275FH         LINE#         1317
  C:275FH         LINE#         1318
  C:276BH         LINE#         1319
  C:276DH         LINE#         1320
  C:276FH         LINE#         1321
  C:2772H         LINE#         1322
  C:2774H         LINE#         1323
  C:2777H         LINE#         1324
  C:277DH         LINE#         1325
  C:2789H         LINE#         1326
  C:2789H         LINE#         1327
  C:27A8H         LINE#         1328
  C:27A8H         LINE#         1329
  C:27B4H         LINE#         1330
BL51 BANKED LINKER/LOCATER V6.22.2.0                                                  04/15/2022  10:29:12  PAGE 58


  C:27B7H         LINE#         1331
  C:27B7H         LINE#         1332
  C:27BAH         LINE#         1333
  C:27CFH         LINE#         1334
  C:27CFH         LINE#         1335
  C:27DBH         LINE#         1336
  C:27DEH         LINE#         1337
  C:27E8H         LINE#         1338
  C:27F6H         LINE#         1339
  C:2802H         LINE#         1340
  C:2807H         LINE#         1341
  C:2807H         LINE#         1342
  C:2816H         LINE#         1344
  C:282DH         LINE#         1345
  C:282DH         LINE#         1346
  C:2839H         LINE#         1347
  C:283BH         LINE#         1348
  C:283EH         LINE#         1349
  C:2840H         LINE#         1350
  C:284CH         LINE#         1351
  C:284CH         LINE#         1352
  C:285BH         LINE#         1354
  C:2873H         LINE#         1355
  C:2873H         LINE#         1356
  C:287FH         LINE#         1357
  C:2882H         LINE#         1358
  C:288CH         LINE#         1359
  C:289AH         LINE#         1360
  C:289FH         LINE#         1361
  C:28ABH         LINE#         1362
  C:28ABH         LINE#         1363
  C:28BAH         LINE#         1365
  C:28BDH         LINE#         1366
  C:28C0H         LINE#         1367
  C:28D0H         LINE#         1368
  C:28D0H         LINE#         1369
  C:28DCH         LINE#         1370
  C:28DFH         LINE#         1371
  C:28DFH         LINE#         1372
  C:28E1H         LINE#         1373
  C:28E3H         LINE#         1374
  C:28EFH         LINE#         1375
  C:28FBH         LINE#         1376
  C:2907H         LINE#         1377
  -------         ENDPROC       TEST_MODE_CONTROL
  -------         ENDMOD        KEY_AND_OTHER

  -------         MODULE        EXIT_FUN
  C:0000H         SYMBOL        _ICE_DUMMY_
  D:0090H         PUBLIC        P1
  D:00A0H         PUBLIC        P2
  D:00C0H         PUBLIC        XICON
  D:00B0H         PUBLIC        P3
  D:00E8H         PUBLIC        P4
  D:00F8H         PUBLIC        P5
  C:3A65H         PUBLIC        _SetFixedLengthCode
  D:00F8H         PUBLIC        P6
BL51 BANKED LINKER/LOCATER V6.22.2.0                                                  04/15/2022  10:29:12  PAGE 59


  D:00A8H         PUBLIC        IE
  D:00B8H         PUBLIC        IP0L
  D:00D8H         PUBLIC        CCON
  D:0088H         PUBLIC        TCON
  B:00A0H.7       PUBLIC        P27
  C:2F10H         PUBLIC        SendTxData
  D:0098H         PUBLIC        S0CON
  D:0098H         PUBLIC        S1CON
  D:00C8H         PUBLIC        T2CON
  C:2DA6H         PUBLIC        _SetTxData
  D:00D0H         PUBLIC        PSW
  -------         PROC          SENDTXDATA
  C:2F10H         LINE#         38
  C:2F10H         LINE#         39
  C:2F10H         LINE#         40
  C:2F12H         LINE#         41
  C:2F1DH         LINE#         42
  C:2F1DH         LINE#         43
  C:2F4EH         LINE#         44
  C:2F54H         LINE#         45
  C:2F5DH         LINE#         46
  C:2F67H         LINE#         47
  C:2F6AH         LINE#         49
  C:2F6AH         LINE#         50
  C:2F97H         LINE#         51
  C:2FD3H         LINE#         52
  C:3000H         LINE#         53
  C:3006H         LINE#         54
  C:300FH         LINE#         55
  C:3019H         LINE#         56
  C:3019H         LINE#         57
  C:3025H         LINE#         58
  C:3038H         LINE#         59
  C:303EH         LINE#         60
  -------         ENDPROC       SENDTXDATA
  -------         PROC          _SETTXDATA
  D:0031H         SYMBOL        count_set
  D:0032H         SYMBOL        ID_data_set
  D:0036H         SYMBOL        Control_code_set
  -------         DO            
  I:0073H         SYMBOL        unii
  I:0075H         SYMBOL        unij
  I:0077H         SYMBOL        unik
  -------         ENDDO         
  C:2DA6H         LINE#         62
  C:2DA8H         LINE#         63
  C:2DA8H         LINE#         66
  C:2DB4H         LINE#         67
  C:2DC8H         LINE#         68
  C:2DDCH         LINE#         69
  C:2DE8H         LINE#         70
  C:2DFCH         LINE#         71
  C:2E10H         LINE#         72
  C:2E1CH         LINE#         73
  C:2E30H         LINE#         74
  C:2E44H         LINE#         76
  C:2E50H         LINE#         77
BL51 BANKED LINKER/LOCATER V6.22.2.0                                                  04/15/2022  10:29:12  PAGE 60


  C:2E64H         LINE#         78
  C:2E78H         LINE#         80
  C:2E7CH         LINE#         81
  C:2E80H         LINE#         82
  C:2E84H         LINE#         83
  C:2E88H         LINE#         84
  C:2EA3H         LINE#         85
  C:2EB1H         LINE#         86
  C:2EC5H         LINE#         87
  C:2ED9H         LINE#         88
  C:2EE7H         LINE#         89
  C:2EFBH         LINE#         90
  C:2F0FH         LINE#         91
  -------         ENDPROC       _SETTXDATA
  -------         PROC          _SETFIXEDLENGTHCODE
  D:006CH         SYMBOL        Data
  -------         DO            
  I:0079H         SYMBOL        Code
  I:007BH         SYMBOL        i
  -------         ENDDO         
  C:3A65H         LINE#         93
  C:3A67H         LINE#         94
  C:3A67H         LINE#         98
  C:3A7CH         LINE#         99
  C:3A7CH         LINE#         100
  C:3A95H         LINE#         101
  C:3A9AH         LINE#         102
  C:3A9AH         LINE#         103
  C:3AA6H         LINE#         104
  C:3AA8H         LINE#         106
  C:3AA8H         LINE#         107
  C:3AB4H         LINE#         109
  C:3AB4H         LINE#         110
  C:3ABAH         LINE#         111
  C:3ABFH         LINE#         112
  C:3AC6H         LINE#         113
  -------         ENDPROC       _SETFIXEDLENGTHCODE
  -------         ENDMOD        EXIT_FUN

  -------         MODULE        ?C?FPADD
  C:0055H         PUBLIC        ?C?FPADD
  C:0051H         PUBLIC        ?C?FPSUB
  -------         ENDMOD        ?C?FPADD

  -------         MODULE        ?C?FPMUL
  C:0146H         PUBLIC        ?C?FPMUL
  -------         ENDMOD        ?C?FPMUL

  -------         MODULE        ?C?FPDIV
  C:024FH         PUBLIC        ?C?FPDIV
  -------         ENDMOD        ?C?FPDIV

  -------         MODULE        ?C?FCAST
  C:02F6H         PUBLIC        ?C?FCASTC
  C:02F1H         PUBLIC        ?C?FCASTI
  C:02ECH         PUBLIC        ?C?FCASTL
  -------         ENDMOD        ?C?FCAST
BL51 BANKED LINKER/LOCATER V6.22.2.0                                                  04/15/2022  10:29:12  PAGE 61



  -------         MODULE        ?C?CASTF
  C:032AH         PUBLIC        ?C?CASTF
  -------         ENDMOD        ?C?CASTF

  -------         MODULE        ?C?COPY
  C:047BH         PUBLIC        ?C?COPY
  -------         ENDMOD        ?C?COPY

  -------         MODULE        ?C?CLDPTR
  C:04A1H         PUBLIC        ?C?CLDPTR
  -------         ENDMOD        ?C?CLDPTR

  -------         MODULE        ?C?CLDOPTR
  C:04BAH         PUBLIC        ?C?CLDOPTR
  -------         ENDMOD        ?C?CLDOPTR

  -------         MODULE        ?C?CSTPTR
  C:04E7H         PUBLIC        ?C?CSTPTR
  -------         ENDMOD        ?C?CSTPTR

  -------         MODULE        ?C?CSTOPTR
  C:04F9H         PUBLIC        ?C?CSTOPTR
  -------         ENDMOD        ?C?CSTOPTR

  -------         MODULE        ?C?IILDX
  C:051BH         PUBLIC        ?C?IILDX
  -------         ENDMOD        ?C?IILDX

  -------         MODULE        ?C?ILDIX
  C:0531H         PUBLIC        ?C?ILDIX
  -------         ENDMOD        ?C?ILDIX

  -------         MODULE        ?C?LMUL
  C:0547H         PUBLIC        ?C?LMUL
  -------         ENDMOD        ?C?LMUL

  -------         MODULE        ?C?ULDIV
  C:05D2H         PUBLIC        ?C?ULDIV
  -------         ENDMOD        ?C?ULDIV

  -------         MODULE        ?C?SLDIV
  C:3DE9H         PUBLIC        ?C?SLDIV
  -------         ENDMOD        ?C?SLDIV

  -------         MODULE        ?C?LNEG
  C:0664H         PUBLIC        ?C?LNEG
  -------         ENDMOD        ?C?LNEG

  -------         MODULE        ?C?ULCMP
  C:0672H         PUBLIC        ?C?ULCMP
  -------         ENDMOD        ?C?ULCMP

  -------         MODULE        ?C?ULSHR
  C:0683H         PUBLIC        ?C?ULSHR
  -------         ENDMOD        ?C?ULSHR

BL51 BANKED LINKER/LOCATER V6.22.2.0                                                  04/15/2022  10:29:12  PAGE 62


  -------         MODULE        ?C?LSTXDATA
  C:0696H         PUBLIC        ?C?LSTXDATA
  -------         ENDMOD        ?C?LSTXDATA

  -------         MODULE        ?C?LSTKXDATA
  C:06A2H         PUBLIC        ?C?LSTKXDATA
  -------         ENDMOD        ?C?LSTKXDATA

  -------         MODULE        ?C?CCASE
  C:06D3H         PUBLIC        ?C?CCASE
  -------         ENDMOD        ?C?CCASE

Program Size: data=128.3 xdata=962 code=17463
LINK/LOCATE RUN COMPLETE.  0 WARNING(S),  0 ERROR(S)
