BL51 BANKED LINKER/LOCATER V6.22.2.0                                                    03/24/2022  16:23:36  PAGE 1


BL51 BANKED LINKER/LOCATER V6.22.2.0, INVOKED BY:
C:\KEIL_V5\C51\BIN\BL51.EXE .\Objects\main.obj, .\Objects\sys.obj, .\Objects\gpio.obj, .\Objects\timer.obj, .\Objects\ua
>> rt.obj, .\Objects\IAP_flash.obj, .\Objects\spi.obj, .\Objects\ram.obj, .\Objects\ML7345.obj, .\Objects\ML7345_HAL.obj
>> , .\Objects\adc.obj, .\Objects\key_and_Other.obj, .\Objects\EXIT_FUN.obj TO .\Objects\STX0031_MA82G5B32_Pro PRINT (.\
>> Listings\STX0031_MA82G5B32_Pro.m51) RAMSIZE (256) CODE (0X0000-0X7FFF) XDATA (0X0000-0X06FF)


MEMORY MODEL: SMALL WITH FLOATING POINT ARITHMETIC


INPUT MODULES INCLUDED:
  .\Objects\main.obj (MAIN)
  .\Objects\sys.obj (SYS)
  .\Objects\gpio.obj (GPIO)
  .\Objects\timer.obj (TIMER)
  .\Objects\uart.obj (UART)
  .\Objects\IAP_flash.obj (IAP_FLASH)
  .\Objects\spi.obj (SPI)
  .\Objects\ram.obj (RAM)
  .\Objects\ML7345.obj (ML7345)
  .\Objects\ML7345_HAL.obj (ML7345_HAL)
  .\Objects\adc.obj (ADC)
  .\Objects\key_and_Other.obj (KEY_AND_OTHER)
  .\Objects\EXIT_FUN.obj (EXIT_FUN)
  C:\KEIL_V5\C51\LIB\C51FPS.LIB (?C?FPADD)
  C:\KEIL_V5\C51\LIB\C51FPS.LIB (?C?FPMUL)
  C:\KEIL_V5\C51\LIB\C51FPS.LIB (?C?FPDIV)
  C:\KEIL_V5\C51\LIB\C51FPS.LIB (?C?FCAST)
  C:\KEIL_V5\C51\LIB\C51FPS.LIB (?C?CASTF)
  C:\KEIL_V5\C51\LIB\C51FPS.LIB (?C?FPGETOPN)
  C:\KEIL_V5\C51\LIB\C51S.LIB (?C_STARTUP)
  C:\KEIL_V5\C51\LIB\C51S.LIB (?C?COPY)
  C:\KEIL_V5\C51\LIB\C51S.LIB (?C?CLDPTR)
  C:\KEIL_V5\C51\LIB\C51S.LIB (?C?CLDOPTR)
  C:\KEIL_V5\C51\LIB\C51S.LIB (?C?CSTPTR)
  C:\KEIL_V5\C51\LIB\C51S.LIB (?C?CSTOPTR)
  C:\KEIL_V5\C51\LIB\C51S.LIB (?C?IILDX)
  C:\KEIL_V5\C51\LIB\C51S.LIB (?C?ILDIX)
  C:\KEIL_V5\C51\LIB\C51S.LIB (?C?LMUL)
  C:\KEIL_V5\C51\LIB\C51S.LIB (?C?ULDIV)
  C:\KEIL_V5\C51\LIB\C51S.LIB (?C?SLDIV)
  C:\KEIL_V5\C51\LIB\C51S.LIB (?C?LNEG)
  C:\KEIL_V5\C51\LIB\C51S.LIB (?C?ULCMP)
  C:\KEIL_V5\C51\LIB\C51S.LIB (?C?ULSHR)
  C:\KEIL_V5\C51\LIB\C51S.LIB (?C?LSTXDATA)
  C:\KEIL_V5\C51\LIB\C51S.LIB (?C?LSTKXDATA)
  C:\KEIL_V5\C51\LIB\C51S.LIB (?C?CCASE)
  C:\KEIL_V5\C51\LIB\C51S.LIB (?C_INIT)


LINK MAP OF MODULE:  .\Objects\STX0031_MA82G5B32_Pro (MAIN)


            TYPE    BASE      LENGTH    RELOCATION   SEGMENT NAME
            -----------------------------------------------------

            * * * * * * *   D A T A   M E M O R Y   * * * * * * *
            REG     0000H     0008H     ABSOLUTE     "REG BANK 0"
BL51 BANKED LINKER/LOCATER V6.22.2.0                                                  03/24/2022  16:23:36  PAGE 2


            DATA    0008H     0011H     UNIT         ?DT?KEY_AND_OTHER
            DATA    0019H     0007H     UNIT         ?DT?_IAP_WRITEBUF_WITH_PROTECT_VERIFY?IAP_FLASH
            BIT     0020H.0   0000H.1   UNIT         ?BI?_UART0SENDBYTE?UART
            BIT     0020H.1   0000H.1   UNIT         ?BI?_IAP_WRITEPPAGE?IAP_FLASH
            BIT     0020H.2   0000H.1   UNIT         ?BI?_IAP_WRITEBUF_WITH_PROTECT_VERIFY?IAP_FLASH
                    0020H.3   0000H.5                *** GAP ***
            DATA    0021H     0009H     UNIT         ?DT?_ATOL?KEY_AND_OTHER
            DATA    002AH     0007H     UNIT         ?DT?_ML7345_FREQUENCY_CALCUL?ML7345_HAL
            DATA    0031H     0006H     UNIT         ?DT?_SETTXDATA?EXIT_FUN
            DATA    0037H     0005H     UNIT         ?DT?_ML7345_WRITE_FIFO?SPI
            DATA    003CH     0005H     UNIT         ?DT?_RF_ML7345_INIT?ML7345
            DATA    0041H     0004H     UNIT         ?DT?_SEND_DATA?UART
            DATA    0045H     0004H     UNIT         ?DT?_ML7345_FREQUENCY_SET?ML7345_HAL
            DATA    0049H     0004H     UNIT         ?DT?_ML7345_AUTOTX_DATA?ML7345_HAL
            DATA    004DH     0004H     UNIT         ?DT?__REQBUZZER?KEY_AND_OTHER
            DATA    0051H     0003H     UNIT         ?DT?_ASC_HEX_2?UART
            DATA    0054H     0003H     UNIT         ?DT?__REQTXDEDIT?KEY_AND_OTHER
            DATA    0057H     0002H     UNIT         ?DT?_IAP_WRITEPPAGE?IAP_FLASH
            DATA    0059H     0002H     UNIT         ?DT?_ML7345_WRITE_REG?SPI
            DATA    005BH     0001H     UNIT         ?DT?_DELAYXUS?TIMER
            DATA    005CH     0001H     UNIT         ?DT?_DELAY_MS?TIMER
            DATA    005DH     0001H     UNIT         ?DT?_UART0SENDBYTE?UART
            DATA    005EH     0001H     UNIT         ?DT?_ASC_HEX?UART
            DATA    005FH     0001H     UNIT         ?DT?_HEX_ASC?UART
            DATA    0060H     0001H     UNIT         ?DT?_SPI_DELAY?SPI
            DATA    0061H     0001H     UNIT         ?DT?_SPI1_SENDRECV_DATA?SPI
            DATA    0062H     0001H     UNIT         ?DT?_ML7345_READ_REG?SPI
            DATA    0063H     0001H     UNIT         ?DT?_TX_DATA_TEST?ML7345
            DATA    0064H     0001H     UNIT         ?DT?_ML7345_AUTOSTATETRANSITION_SET?ML7345_HAL
            DATA    0065H     0001H     UNIT         ?DT?_ML7345_SETANDGET_STATE?ML7345_HAL
            DATA    0066H     0001H     UNIT         ?DT?_ML7345_STATEFLAG_CLEAR?ML7345_HAL
            DATA    0067H     0001H     UNIT         ?DT?__PASS3SECKEY?KEY_AND_OTHER
            DATA    0068H     0001H     UNIT         ?DT?_DUPLIFUNCSETMODE?KEY_AND_OTHER
            DATA    0069H     0001H     UNIT         ?DT?__SETREGISTRATIONMODE?KEY_AND_OTHER
            DATA    006AH     0001H     UNIT         ?DT?_IDCLEAR?KEY_AND_OTHER
            DATA    006BH     0001H     UNIT         ?DT?__SWIN?KEY_AND_OTHER
            DATA    006CH     0001H     UNIT         ?DT?_SETFIXEDLENGTHCODE?EXIT_FUN
            IDATA   006DH     0006H     UNIT         ?ID?RAM
            IDATA   0073H     0006H     UNIT         ?ID?_SETTXDATA?EXIT_FUN
            IDATA   0079H     0003H     UNIT         ?ID?_SETFIXEDLENGTHCODE?EXIT_FUN
            IDATA   007CH     0001H     UNIT         ?ID?INT_UART0?UART
            IDATA   007DH     0001H     UNIT         ?ID?EEPROM_SYS_LOAD?IAP_FLASH
            IDATA   007EH     0001H     UNIT         ?ID?ML7345_TRX_DEL?ML7345
            IDATA   007FH     0001H     UNIT         ?ID?_KEYINTX?KEY_AND_OTHER
            IDATA   0080H     0001H     UNIT         ?STACK

            * * * * * * *  X D A T A   M E M O R Y  * * * * * * *
            XDATA   0000H     0209H     UNIT         ?XD?IAP_FLASH
            XDATA   0209H     00A9H     UNIT         ?XD?RAM
            XDATA   02B2H     007FH     UNIT         ?XD?ML7345
            XDATA   0331H     007EH     UNIT         ?XD?UART
            XDATA   03AFH     000CH     UNIT         ?XD?ML7345_HAL
            XDATA   03BBH     0002H     UNIT         ?XD?TIMER
            XDATA   03BDH     0002H     UNIT         ?XD?SPI
            XDATA   03BFH     0002H     UNIT         ?XD?ADC

            * * * * * * *   C O D E   M E M O R Y   * * * * * * *
BL51 BANKED LINKER/LOCATER V6.22.2.0                                                  03/24/2022  16:23:36  PAGE 3


            CODE    0000H     0003H     ABSOLUTE     
            CODE    0003H     0003H     ABSOLUTE     
            CODE    0006H     0005H     UNIT         ?PR?BEEP_OFF?TIMER
            CODE    000BH     0003H     ABSOLUTE     
            CODE    000EH     0005H     UNIT         ?PR?UART1_END?UART
            CODE    0013H     0003H     ABSOLUTE     
            CODE    0016H     000CH     UNIT         ?PR?INIT_INT1?GPIO
            CODE    0022H     0001H     UNIT         ?PR?_FUNCAUTOTXSTART?KEY_AND_OTHER
            CODE    0023H     0003H     ABSOLUTE     
            CODE    0026H     0025H     UNIT         ?PR?_GETNOPUSHSTATE?KEY_AND_OTHER
            CODE    004BH     0003H     ABSOLUTE     
            CODE    004EH     06ABH     UNIT         ?C?LIB_CODE
            CODE    06F9H     041DH     UNIT         ?PR?PC_PRG?UART
            CODE    0B16H     03DEH     UNIT         ?PR?_DUPLIFUNCSETMODE?KEY_AND_OTHER
            CODE    0EF4H     03D5H     UNIT         ?PR?_RF_ML7345_INIT?ML7345
            CODE    12C9H     0396H     UNIT         ?PR?EEPROM_SYS_LOAD?IAP_FLASH
            CODE    165FH     02F1H     UNIT         ?PR?_KEYINTX?KEY_AND_OTHER
            CODE    1950H     02A2H     UNIT         ?C_INITSEG
            CODE    1BF2H     0282H     UNIT         ?PR?_ML7345_FREQUENCY_CALCUL?ML7345_HAL
            CODE    1E74H     026BH     UNIT         ?PR?_FUNCSTOP?KEY_AND_OTHER
            CODE    20DFH     022CH     UNIT         ?PR?_IAP_WRITEBUF_WITH_PROTECT_VERIFY?IAP_FLASH
            CODE    230BH     0220H     UNIT         ?PR?KEY_CHECK?KEY_AND_OTHER
            CODE    252BH     01B0H     UNIT         ?PR?__REQTXDEDIT?KEY_AND_OTHER
            CODE    26DBH     017AH     UNIT         ?PR?TEST_MODE_CONTROL?KEY_AND_OTHER
            CODE    2855H     0178H     UNIT         ?PR?_ML7345_FREQUENCY_SET?ML7345_HAL
            CODE    29CDH     0176H     UNIT         ?PR?_REGISTRATIONMODE?KEY_AND_OTHER
            CODE    2B43H     016AH     UNIT         ?PR?_SETTXDATA?EXIT_FUN
            CODE    2CADH     0125H     UNIT         ?PR?SENDTXDATA?EXIT_FUN
            CODE    2DD2H     0103H     UNIT         ?PR?MAIN?MAIN
            CODE    2ED5H     00EFH     UNIT         ?PR?_ML7345_SETANDGET_STATE?ML7345_HAL
            CODE    2FC4H     00EDH     UNIT         ?PR?ML7345_TRX_DEL?ML7345
            CODE    30B1H     00E7H     UNIT         ?PR?INT_ADC?ADC
            CODE    3198H     00DCH     UNIT         ?PR?_FUNCREG?KEY_AND_OTHER
            CODE    3274H     00C5H     UNIT         ?PR?ML7345_DATARATE_SET_4_8K?ML7345_HAL
            CODE    3339H     00BBH     UNIT         ?PR?INT_UART0?UART
            CODE    33F4H     00B7H     UNIT         ?PR?ML7345_DATARATE_SET_1_2K?ML7345_HAL
            CODE    34ABH     00ACH     UNIT         ?PR?INT_T0?TIMER
            CODE    3557H     008CH     UNIT         ?C_C51STARTUP
            CODE    35E3H     0088H     UNIT         ?PR?TIME_CONTROL?KEY_AND_OTHER
            CODE    366BH     0078H     UNIT         ?PR?_ATOL?KEY_AND_OTHER
            CODE    36E3H     0077H     UNIT         ?PR?_ML7345_WRITE_FIFO?SPI
            CODE    375AH     0074H     UNIT         ?PR?AD_CONTROL?ADC
            CODE    37CEH     0062H     UNIT         ?PR?_SETFIXEDLENGTHCODE?EXIT_FUN
            CODE    3830H     005CH     UNIT         ?PR?_FUNCOPENREG?KEY_AND_OTHER
            CODE    388CH     0059H     UNIT         ?PR?_INIT_RAM?RAM
            CODE    38E5H     0052H     UNIT         ?PR?_FUNCNOPUSH?KEY_AND_OTHER
            CODE    3937H     0050H     UNIT         ?PR?_FUNCCLOSEREG?KEY_AND_OTHER
            CODE    3987H     0050H     UNIT         ?PR?_FUNCVENTREG?KEY_AND_OTHER
            CODE    39D7H     0050H     UNIT         ?PR?_FUNCSTOPREG?KEY_AND_OTHER
            CODE    3A27H     004FH     UNIT         ?PR?_TX_DATA_TEST?ML7345
            CODE    3A76H     004EH     UNIT         ?PR?__REQBUZZER?KEY_AND_OTHER
            CODE    3AC4H     0049H     UNIT         ?PR?INIT_PORT?GPIO
            CODE    3B0DH     0045H     UNIT         ?PR?INIT_PCA_PWM?TIMER
            CODE    3B52H     0044H     UNIT         ?C?LDIV
            CODE    3B96H     0041H     UNIT         ?PR?WAITSTATUS_COMPLETE?ML7345_HAL
            CODE    3BD7H     003DH     UNIT         ?PR?_SEND_DATA?UART
            CODE    3C14H     003DH     UNIT         ?PR?_CLEARSPECIALMULTIKEYSTATE?KEY_AND_OTHER
BL51 BANKED LINKER/LOCATER V6.22.2.0                                                  03/24/2022  16:23:36  PAGE 4


            CODE    3C51H     003CH     UNIT         ?PR?_ML7345_AUTOTX_DATA?ML7345_HAL
            CODE    3C8DH     003BH     UNIT         ?PR?INT_INT0?GPIO
            CODE    3CC8H     003BH     UNIT         ?PR?INT_INT1?GPIO
            CODE    3D03H     003AH     UNIT         ?PR?_ML7345_READ_REG?SPI
            CODE    3D3DH     0039H     UNIT         ?PR?INIT_CLOCK?SYS
            CODE    3D76H     0039H     UNIT         ?PR?_ML7345_STATEFLAG_CLEAR?ML7345_HAL
            CODE    3DAFH     0034H     UNIT         ?PR?INIT_UART0_T1?UART
            CODE    3DE3H     0034H     UNIT         ?PR?__PASS3SECKEY?KEY_AND_OTHER
            CODE    3E17H     0032H     UNIT         ?PR?SETREG_RSSI?ML7345_HAL
            CODE    3E49H     0031H     UNIT         ?PR?_ML7345_WRITE_REG?SPI
            CODE    3E7AH     0031H     UNIT         ?PR?_FUNCOPENSTOP?KEY_AND_OTHER
            CODE    3EABH     0030H     UNIT         ?PR?_HEX_ASC?UART
            CODE    3EDBH     0030H     UNIT         ?PR?_IDCLEAR?KEY_AND_OTHER
            CODE    3F0BH     002FH     UNIT         ?PR?_ML7345_AUTOSTATETRANSITION_SET?ML7345_HAL
            CODE    3F3AH     002DH     UNIT         ?PR?_ASC_HEX?UART
            CODE    3F67H     002BH     UNIT         ?PR?_IAP_WRITEPPAGE?IAP_FLASH
            CODE    3F92H     0027H     UNIT         ?PR?__SETREGISTRATIONMODE?KEY_AND_OTHER
            CODE    3FB9H     0026H     UNIT         ?PR?_DUPLIFUNCCLEAR?KEY_AND_OTHER
            CODE    3FDFH     0023H     UNIT         ?PR?__SWIN?KEY_AND_OTHER
            CODE    4002H     0021H     UNIT         ?PR?INIT_TIMER0?TIMER
            CODE    4023H     001EH     UNIT         ?PR?_ASC_HEX_2?UART
            CODE    4041H     001DH     UNIT         ?PR?ML7345_ALLSTATEFLAG_CLEAR?ML7345_HAL
            CODE    405EH     001CH     UNIT         ?PR?INIT_ADC?ADC
            CODE    407AH     001BH     UNIT         ?PR?INIT_SPI?SPI
            CODE    4095H     001BH     UNIT         ?PR?_SPI1_SENDRECV_DATA?SPI
            CODE    40B0H     0019H     UNIT         ?PR?DD_SET_ML7345D_POWER_ON_INIT?ML7345
            CODE    40C9H     0016H     UNIT         ?PR?_DELAY_MS?TIMER
            CODE    40DFH     0016H     UNIT         ?PR?ML7345_GPIO0TXDONEINT_ENABLE?ML7345_HAL
            CODE    40F5H     0015H     UNIT         ?PR?_UART0SENDBYTE?UART
            CODE    410AH     0014H     UNIT         ?PR?INIT_WDT?SYS
            CODE    411EH     0012H     UNIT         ?PR?SPIGPIO_INIT?GPIO
            CODE    4130H     0012H     UNIT         ?PR?SPIGPIO_UNINIT?GPIO
            CODE    4142H     0012H     UNIT         ?PR?_SETKEYCHATTERCOUNT?KEY_AND_OTHER
            CODE    4154H     0011H     UNIT         ?PR?_DELAYXUS?TIMER
            CODE    4165H     000EH     UNIT         ?CO?UART
            CODE    4173H     000BH     UNIT         ?PR?INIT_IAP_FLASH?IAP_FLASH
            CODE    417EH     000BH     UNIT         ?PR?DD_SET_ML7345D_POWER_ON?ML7345
            CODE    4189H     000AH     UNIT         ?PR?_SPI_DELAY?SPI
            CODE    4193H     000AH     UNIT         ?PR?ML7345_RESETN_SET?ML7345_HAL
            CODE    419DH     0006H     UNIT         ?PR?INIT_INTERRUPT?GPIO
            CODE    41A3H     0006H     UNIT         ?PR?_GETREGMODE?KEY_AND_OTHER
            CODE    41A9H     0004H     UNIT         ?PR?CLEARWDT?SYS
            CODE    41ADH     0004H     UNIT         ?PR?INIT_BEEP?TIMER
            CODE    41B1H     0004H     UNIT         ?PR?ADC_START?ADC
            CODE    41B5H     0003H     UNIT         ?PR?BEEP_ON?TIMER
            CODE    41B8H     0001H     UNIT         ?PR?_FUNCAUTOTXSTOP?KEY_AND_OTHER



OVERLAY MAP OF MODULE:   .\Objects\STX0031_MA82G5B32_Pro (MAIN)


SEGMENT
  +--> CALLED SEGMENT
---------------------
?PR?INT_INT0?GPIO
  +--> ?PR?ML7345_TRX_DEL?ML7345
BL51 BANKED LINKER/LOCATER V6.22.2.0                                                  03/24/2022  16:23:36  PAGE 5



?PR?ML7345_TRX_DEL?ML7345
  +--> ?PR?_ML7345_READ_REG?SPI
  +--> ?PR?_ML7345_STATEFLAG_CLEAR?ML7345_HAL
  +--> ?PR?_ML7345_AUTOTX_DATA?ML7345_HAL
  +--> ?PR?_ML7345_SETANDGET_STATE?ML7345_HAL
  +--> ?PR?SPIGPIO_UNINIT?GPIO

?PR?_ML7345_READ_REG?SPI
  +--> ?PR?_SPI_DELAY?SPI
  +--> ?PR?_SPI1_SENDRECV_DATA?SPI

?PR?_ML7345_STATEFLAG_CLEAR?ML7345_HAL
  +--> ?PR?_ML7345_WRITE_REG?SPI

?PR?_ML7345_WRITE_REG?SPI
  +--> ?PR?_SPI_DELAY?SPI
  +--> ?PR?_SPI1_SENDRECV_DATA?SPI

?PR?_ML7345_AUTOTX_DATA?ML7345_HAL
  +--> ?PR?_ML7345_WRITE_REG?SPI
  +--> ?PR?_ML7345_AUTOSTATETRANSITION_SET?M...
  +--> ?PR?_ML7345_WRITE_FIFO?SPI

?PR?_ML7345_AUTOSTATETRANSITION_SET?M...
  +--> ?PR?_ML7345_WRITE_REG?SPI

?PR?_ML7345_WRITE_FIFO?SPI
  +--> ?PR?_SPI_DELAY?SPI
  +--> ?PR?_SPI1_SENDRECV_DATA?SPI

?PR?_ML7345_SETANDGET_STATE?ML7345_HAL
  +--> ?PR?_ML7345_WRITE_REG?SPI
  +--> ?PR?_ML7345_READ_REG?SPI
  +--> ?PR?WAITSTATUS_COMPLETE?ML7345_HAL
  +--> ?PR?_ML7345_FREQUENCY_CALCUL?ML7345_HAL
  +--> ?PR?CLEARWDT?SYS
  +--> ?PR?_RF_ML7345_INIT?ML7345

?PR?WAITSTATUS_COMPLETE?ML7345_HAL
  +--> ?PR?_ML7345_WRITE_REG?SPI
  +--> ?PR?_ML7345_READ_REG?SPI
  +--> ?PR?CLEARWDT?SYS

?PR?_RF_ML7345_INIT?ML7345
  +--> ?PR?SPIGPIO_INIT?GPIO
  +--> ?PR?ML7345_RESETN_SET?ML7345_HAL
  +--> ?PR?_ML7345_READ_REG?SPI
  +--> ?PR?_ML7345_WRITE_REG?SPI
  +--> ?PR?SETREG_RSSI?ML7345_HAL
  +--> ?PR?ML7345_DATARATE_SET_4_8K?ML7345_HAL
  +--> ?PR?ML7345_DATARATE_SET_1_2K?ML7345_HAL
  +--> ?PR?ML7345_ALLSTATEFLAG_CLEAR?ML7345_HAL
  +--> ?PR?ML7345_GPIO0TXDONEINT_ENABLE?ML73...

?PR?ML7345_RESETN_SET?ML7345_HAL
  +--> ?PR?_DELAY_MS?TIMER
BL51 BANKED LINKER/LOCATER V6.22.2.0                                                  03/24/2022  16:23:36  PAGE 6



?PR?_DELAY_MS?TIMER
  +--> ?PR?_DELAYXUS?TIMER

?PR?SETREG_RSSI?ML7345_HAL
  +--> ?PR?_ML7345_WRITE_REG?SPI

?PR?ML7345_DATARATE_SET_4_8K?ML7345_HAL
  +--> ?PR?_ML7345_WRITE_REG?SPI

?PR?ML7345_DATARATE_SET_1_2K?ML7345_HAL
  +--> ?PR?_ML7345_WRITE_REG?SPI

?PR?ML7345_ALLSTATEFLAG_CLEAR?ML7345_HAL
  +--> ?PR?_ML7345_WRITE_REG?SPI

?PR?ML7345_GPIO0TXDONEINT_ENABLE?ML73...
  +--> ?PR?_ML7345_WRITE_REG?SPI

*** NEW ROOT ***************************************************

?PR?INT_INT1?GPIO
  +--> ?PR?ML7345_TRX_DEL?ML7345

*** NEW ROOT ***************************************************

?C_C51STARTUP
  +--> ?PR?MAIN?MAIN
  +--> ?C_INITSEG

?PR?MAIN?MAIN
  +--> ?PR?INIT_WDT?SYS
  +--> ?PR?INIT_CLOCK?SYS
  +--> ?PR?INIT_IAP_FLASH?IAP_FLASH
  +--> ?PR?INIT_TIMER0?TIMER
  +--> ?PR?EEPROM_SYS_LOAD?IAP_FLASH
  +--> ?PR?INIT_PORT?GPIO
  +--> ?PR?INIT_SPI?SPI
  +--> ?PR?INIT_ADC?ADC
  +--> ?PR?_INIT_RAM?RAM
  +--> ?PR?INIT_BEEP?TIMER
  +--> ?PR?TEST_MODE_CONTROL?KEY_AND_OTHER
  +--> ?PR?INIT_INTERRUPT?GPIO
  +--> ?PR?ADC_START?ADC
  +--> ?PR?CLEARWDT?SYS
  +--> ?PR?KEY_CHECK?KEY_AND_OTHER
  +--> ?PR?TIME_CONTROL?KEY_AND_OTHER
  +--> ?PR?AD_CONTROL?ADC

?PR?INIT_IAP_FLASH?IAP_FLASH
  +--> ?PR?_IAP_WRITEPPAGE?IAP_FLASH

?PR?EEPROM_SYS_LOAD?IAP_FLASH
  +--> ?PR?_ML7345_FREQUENCY_CALCUL?ML7345_HAL

?PR?_INIT_RAM?RAM
  +--> ?PR?_SETKEYCHATTERCOUNT?KEY_AND_OTHER
BL51 BANKED LINKER/LOCATER V6.22.2.0                                                  03/24/2022  16:23:36  PAGE 7


  +--> ?PR?_CLEARSPECIALMULTIKEYSTATE?KEY_AN...

?PR?INIT_BEEP?TIMER
  +--> ?PR?INIT_PCA_PWM?TIMER

?PR?TEST_MODE_CONTROL?KEY_AND_OTHER
  +--> ?PR?INIT_UART0_T1?UART
  +--> ?PR?CLEARWDT?SYS
  +--> ?PR?DD_SET_ML7345D_POWER_ON?ML7345
  +--> ?PR?_RF_ML7345_INIT?ML7345
  +--> ?PR?_TX_DATA_TEST?ML7345
  +--> ?PR?SPIGPIO_UNINIT?GPIO
  +--> ?PR?PC_PRG?UART
  +--> ?PR?UART1_END?UART

?PR?DD_SET_ML7345D_POWER_ON?ML7345
  +--> ?PR?_DELAY_MS?TIMER

?PR?_TX_DATA_TEST?ML7345
  +--> ?PR?_ML7345_WRITE_REG?SPI
  +--> ?PR?_ML7345_SETANDGET_STATE?ML7345_HAL

?PR?PC_PRG?UART
  +--> ?CO?UART
  +--> ?PR?_ASC_HEX_2?UART
  +--> ?PR?_IAP_WRITEBUF_WITH_PROTECT_VERIFY...
  +--> ?PR?_SEND_DATA?UART
  +--> ?PR?_HEX_ASC?UART
  +--> ?PR?DD_SET_ML7345D_POWER_ON?ML7345
  +--> ?PR?_RF_ML7345_INIT?ML7345
  +--> ?PR?_TX_DATA_TEST?ML7345
  +--> ?PR?_ML7345_SETANDGET_STATE?ML7345_HAL
  +--> ?PR?SPIGPIO_UNINIT?GPIO
  +--> ?PR?_ML7345_FREQUENCY_CALCUL?ML7345_HAL
  +--> ?PR?_ML7345_FREQUENCY_SET?ML7345_HAL

?PR?_ASC_HEX_2?UART
  +--> ?PR?_ASC_HEX?UART

?PR?_IAP_WRITEBUF_WITH_PROTECT_VERIFY...
  +--> ?PR?CLEARWDT?SYS

?PR?_SEND_DATA?UART
  +--> ?PR?_UART0SENDBYTE?UART

?PR?_ML7345_FREQUENCY_SET?ML7345_HAL
  +--> ?PR?_ML7345_SETANDGET_STATE?ML7345_HAL
  +--> ?PR?_ML7345_WRITE_REG?SPI
  +--> ?PR?ML7345_DATARATE_SET_1_2K?ML7345_HAL
  +--> ?PR?ML7345_DATARATE_SET_4_8K?ML7345_HAL
  +--> ?PR?_ML7345_READ_REG?SPI

?PR?INIT_INTERRUPT?GPIO
  +--> ?PR?INIT_INT1?GPIO

?PR?KEY_CHECK?KEY_AND_OTHER
  +--> ?PR?BEEP_ON?TIMER
BL51 BANKED LINKER/LOCATER V6.22.2.0                                                  03/24/2022  16:23:36  PAGE 8


  +--> ?PR?BEEP_OFF?TIMER
  +--> ?PR?_KEYINTX?KEY_AND_OTHER
  +--> ?PR?_REGISTRATIONMODE?KEY_AND_OTHER
  +--> ?PR?_DUPLIFUNCSETMODE?KEY_AND_OTHER
  +--> ?PR?CLEARWDT?SYS

?PR?_KEYINTX?KEY_AND_OTHER
  +--> ?PR?__SWIN?KEY_AND_OTHER
  +--> ?PR?_SETKEYCHATTERCOUNT?KEY_AND_OTHER
  +--> ?PR?_CLEARSPECIALMULTIKEYSTATE?KEY_AN...
  +--> ?PR?DD_SET_ML7345D_POWER_ON_INIT?ML7345
  +--> ?PR?_DUPLIFUNCCLEAR?KEY_AND_OTHER
  +--> ?PR?_FUNCREG?KEY_AND_OTHER
  +--> ?PR?_FUNCSTOP?KEY_AND_OTHER
  +--> ?PR?_FUNCOPENSTOP?KEY_AND_OTHER
  +--> ?PR?_FUNCOPENREG?KEY_AND_OTHER
  +--> ?PR?_FUNCSTOPREG?KEY_AND_OTHER
  +--> ?PR?_FUNCCLOSEREG?KEY_AND_OTHER
  +--> ?PR?_FUNCVENTREG?KEY_AND_OTHER
  +--> ?PR?_FUNCAUTOTXSTART?KEY_AND_OTHER
  +--> ?PR?_FUNCAUTOTXSTOP?KEY_AND_OTHER
  +--> ?PR?_FUNCNOPUSH?KEY_AND_OTHER

?PR?DD_SET_ML7345D_POWER_ON_INIT?ML7345
  +--> ?PR?_DELAY_MS?TIMER
  +--> ?PR?_RF_ML7345_INIT?ML7345

?PR?_FUNCREG?KEY_AND_OTHER
  +--> ?PR?_DUPLIFUNCCLEAR?KEY_AND_OTHER
  +--> ?PR?_CLEARSPECIALMULTIKEYSTATE?KEY_AN...
  +--> ?PR?__SETREGISTRATIONMODE?KEY_AND_OTHER

?PR?__SETREGISTRATIONMODE?KEY_AND_OTHER
  +--> ?PR?_GETREGMODE?KEY_AND_OTHER
  +--> ?PR?_IDCLEAR?KEY_AND_OTHER
  +--> ?PR?__REQBUZZER?KEY_AND_OTHER

?PR?_FUNCSTOP?KEY_AND_OTHER
  +--> ?PR?_GETNOPUSHSTATE?KEY_AND_OTHER
  +--> ?PR?__REQBUZZER?KEY_AND_OTHER
  +--> ?PR?_DUPLIFUNCCLEAR?KEY_AND_OTHER
  +--> ?PR?__REQTXDEDIT?KEY_AND_OTHER

?PR?_GETNOPUSHSTATE?KEY_AND_OTHER
  +--> ?PR?_CLEARSPECIALMULTIKEYSTATE?KEY_AN...

?PR?__REQTXDEDIT?KEY_AND_OTHER
  +--> ?PR?__REQBUZZER?KEY_AND_OTHER
  +--> ?PR?DD_SET_ML7345D_POWER_ON?ML7345
  +--> ?PR?_RF_ML7345_INIT?ML7345
  +--> ?PR?SENDTXDATA?EXIT_FUN

?PR?SENDTXDATA?EXIT_FUN
  +--> ?PR?_SETTXDATA?EXIT_FUN
  +--> ?PR?_ML7345_AUTOTX_DATA?ML7345_HAL

?PR?_SETTXDATA?EXIT_FUN
BL51 BANKED LINKER/LOCATER V6.22.2.0                                                  03/24/2022  16:23:36  PAGE 9


  +--> ?PR?_SETFIXEDLENGTHCODE?EXIT_FUN

?PR?_FUNCOPENSTOP?KEY_AND_OTHER
  +--> ?PR?_DUPLIFUNCCLEAR?KEY_AND_OTHER
  +--> ?PR?__REQTXDEDIT?KEY_AND_OTHER
  +--> ?PR?_CLEARSPECIALMULTIKEYSTATE?KEY_AN...

?PR?_FUNCOPENREG?KEY_AND_OTHER
  +--> ?PR?_DUPLIFUNCCLEAR?KEY_AND_OTHER
  +--> ?PR?__PASS3SECKEY?KEY_AND_OTHER

?PR?__PASS3SECKEY?KEY_AND_OTHER
  +--> ?PR?__REQTXDEDIT?KEY_AND_OTHER

?PR?_FUNCSTOPREG?KEY_AND_OTHER
  +--> ?PR?_DUPLIFUNCCLEAR?KEY_AND_OTHER
  +--> ?PR?__PASS3SECKEY?KEY_AND_OTHER

?PR?_FUNCCLOSEREG?KEY_AND_OTHER
  +--> ?PR?_DUPLIFUNCCLEAR?KEY_AND_OTHER
  +--> ?PR?__PASS3SECKEY?KEY_AND_OTHER

?PR?_FUNCVENTREG?KEY_AND_OTHER
  +--> ?PR?_DUPLIFUNCCLEAR?KEY_AND_OTHER
  +--> ?PR?__PASS3SECKEY?KEY_AND_OTHER

?PR?_FUNCNOPUSH?KEY_AND_OTHER
  +--> ?PR?_CLEARSPECIALMULTIKEYSTATE?KEY_AN...

?PR?_REGISTRATIONMODE?KEY_AND_OTHER
  +--> ?PR?_GETREGMODE?KEY_AND_OTHER
  +--> ?PR?__REQBUZZER?KEY_AND_OTHER
  +--> ?PR?_IDCLEAR?KEY_AND_OTHER
  +--> ?PR?_ATOL?KEY_AND_OTHER
  +--> ?PR?__REQTXDEDIT?KEY_AND_OTHER

?PR?_DUPLIFUNCSETMODE?KEY_AND_OTHER
  +--> ?PR?__REQBUZZER?KEY_AND_OTHER
  +--> ?PR?_DUPLIFUNCCLEAR?KEY_AND_OTHER
  +--> ?PR?_IAP_WRITEBUF_WITH_PROTECT_VERIFY...

?PR?TIME_CONTROL?KEY_AND_OTHER
  +--> ?PR?_ML7345_SETANDGET_STATE?ML7345_HAL
  +--> ?PR?SPIGPIO_UNINIT?GPIO



SYMBOL TABLE OF MODULE:  .\Objects\STX0031_MA82G5B32_Pro (MAIN)

  VALUE           TYPE          NAME
  ----------------------------------

  -------         MODULE        MAIN
  C:0000H         SYMBOL        _ICE_DUMMY_
  D:0090H         PUBLIC        P1
  D:00A0H         PUBLIC        P2
  D:00C0H         PUBLIC        XICON
BL51 BANKED LINKER/LOCATER V6.22.2.0                                                  03/24/2022  16:23:36  PAGE 10


  D:00B0H         PUBLIC        P3
  D:00E8H         PUBLIC        P4
  D:00F8H         PUBLIC        P5
  D:00F8H         PUBLIC        P6
  B:00A8H.7       PUBLIC        EA
  D:00A8H         PUBLIC        IE
  D:00B8H         PUBLIC        IP0L
  D:00D8H         PUBLIC        CCON
  C:2DD2H         PUBLIC        main
  B:00E8H.0       PUBLIC        P40
  D:0088H         PUBLIC        TCON
  D:0098H         PUBLIC        S0CON
  D:0098H         PUBLIC        S1CON
  D:00C8H         PUBLIC        T2CON
  D:00D0H         PUBLIC        PSW
  -------         PROC          MAIN
  C:2DD2H         LINE#         16
  C:2DD2H         LINE#         17
  C:2DD2H         LINE#         18
  C:2DD5H         LINE#         19
  C:2DD8H         LINE#         20
  C:2DDBH         LINE#         21
  C:2DDEH         LINE#         22
  C:2DE1H         LINE#         23
  C:2DE4H         LINE#         24
  C:2DE7H         LINE#         25
  C:2DEAH         LINE#         26
  C:2DEDH         LINE#         27
  C:2DF0H         LINE#         28
  C:2DF3H         LINE#         29
  C:2DF6H         LINE#         30
  C:2DF8H         LINE#         31
  C:2DFBH         LINE#         32
  C:2E04H         LINE#         34
  C:2E04H         LINE#         35
  C:2E04H         LINE#         36
  C:2E07H         LINE#         37
  C:2E0AH         LINE#         38
  C:2E0DH         LINE#         39
  C:2E10H         LINE#         42
  C:2E58H         LINE#         43
  C:2E58H         LINE#         44
  C:2E64H         LINE#         45
  C:2E66H         LINE#         46
  C:2E72H         LINE#         48
  C:2E72H         LINE#         49
  C:2E8FH         LINE#         50
  C:2EC9H         LINE#         51
  C:2ECCH         LINE#         52
  C:2ECFH         LINE#         53
  C:2ECFH         LINE#         54
  C:2ED1H         LINE#         55
  C:2ED1H         LINE#         56
  -------         ENDPROC       MAIN
  -------         ENDMOD        MAIN

  -------         MODULE        SYS
BL51 BANKED LINKER/LOCATER V6.22.2.0                                                  03/24/2022  16:23:36  PAGE 11


  C:0000H         SYMBOL        _ICE_DUMMY_
  D:0090H         PUBLIC        P1
  D:00A0H         PUBLIC        P2
  D:00E7H         PUBLIC        ISPCR
  D:00C0H         PUBLIC        XICON
  D:00B0H         PUBLIC        P3
  D:00E8H         PUBLIC        P4
  D:00F8H         PUBLIC        P5
  D:00F8H         PUBLIC        P6
  D:00E1H         PUBLIC        WDTCR
  D:00A8H         PUBLIC        IE
  D:00B8H         PUBLIC        IP0L
  D:00D8H         PUBLIC        CCON
  D:00E6H         PUBLIC        SCMD
  D:00E3H         PUBLIC        IFADRH
  D:00E5H         PUBLIC        IFMT
  D:00E4H         PUBLIC        IFADRL
  D:0088H         PUBLIC        TCON
  D:00E2H         PUBLIC        IFD
  C:41A9H         PUBLIC        ClearWDT
  D:0097H         PUBLIC        PCON1
  D:0098H         PUBLIC        S0CON
  C:3D3DH         PUBLIC        Init_Clock
  D:0098H         PUBLIC        S1CON
  C:410AH         PUBLIC        Init_WDT
  D:00C8H         PUBLIC        T2CON
  D:00D0H         PUBLIC        PSW
  -------         PROC          INIT_CLOCK
  C:3D3DH         LINE#         4
  C:3D3DH         LINE#         5
  C:3D3DH         LINE#         36
  C:3D59H         LINE#         37
  C:3D75H         LINE#         39
  -------         ENDPROC       INIT_CLOCK
  -------         PROC          INIT_WDT
  C:410AH         LINE#         42
  C:410AH         LINE#         43
  C:410AH         LINE#         44
  C:410DH         LINE#         45
  C:4117H         LINE#         46
  C:411AH         LINE#         47
  C:411DH         LINE#         48
  -------         ENDPROC       INIT_WDT
  -------         PROC          CLEARWDT
  C:41A9H         LINE#         50
  C:41A9H         LINE#         51
  C:41A9H         LINE#         52
  C:41ACH         LINE#         53
  -------         ENDPROC       CLEARWDT
  -------         ENDMOD        SYS

  -------         MODULE        GPIO
  C:0000H         SYMBOL        _ICE_DUMMY_
  D:0091H         PUBLIC        P1M0
  D:0095H         PUBLIC        P2M0
  D:00B1H         PUBLIC        P3M0
  D:0090H         PUBLIC        P1
BL51 BANKED LINKER/LOCATER V6.22.2.0                                                  03/24/2022  16:23:36  PAGE 12


  D:00B3H         PUBLIC        P4M0
  D:00B2H         PUBLIC        P3M1
  D:00A0H         PUBLIC        P2
  D:00C0H         PUBLIC        XICON
  D:00B0H         PUBLIC        P3
  D:00E8H         PUBLIC        P4
  D:00F8H         PUBLIC        P5
  D:00F8H         PUBLIC        P6
  D:00A8H         PUBLIC        IE
  C:0016H         PUBLIC        Init_INT1
  D:00B8H         PUBLIC        IP0L
  C:3AC4H         PUBLIC        Init_Port
  D:00D8H         PUBLIC        CCON
  B:00A0H.0       PUBLIC        P20
  B:0090H.1       PUBLIC        P11
  B:00A0H.1       PUBLIC        P21
  B:0090H.2       PUBLIC        P12
  B:00E8H.0       PUBLIC        P40
  B:00A0H.2       PUBLIC        P22
  B:0090H.3       PUBLIC        P13
  B:00E8H.1       PUBLIC        P41
  B:00A0H.3       PUBLIC        P23
  B:0090H.4       PUBLIC        P14
  D:0088H         PUBLIC        TCON
  C:411EH         PUBLIC        SpiGpio_Init
  B:00A0H.4       PUBLIC        P24
  B:0090H.5       PUBLIC        P15
  D:00B4H         PUBLIC        PUCON0
  B:00B0H.4       PUBLIC        P34
  B:00A0H.5       PUBLIC        P25
  B:0090H.6       PUBLIC        P16
  B:00B0H.5       PUBLIC        P35
  B:00A0H.6       PUBLIC        P26
  B:0090H.7       PUBLIC        P17
  B:00A0H.7       PUBLIC        P27
  C:419DH         PUBLIC        Init_Interrupt
  B:00A8H.2       PUBLIC        EX1
  B:0088H.2       PUBLIC        IT1
  D:0098H         PUBLIC        S0CON
  D:0098H         PUBLIC        S1CON
  D:00C8H         PUBLIC        T2CON
  C:3C8DH         PUBLIC        INT_INT0
  C:3CC8H         PUBLIC        INT_INT1
  D:00A1H         PUBLIC        AUXR0
  D:00C1H         PUBLIC        XICFG
  C:4130H         PUBLIC        SpiGpio_UnInit
  D:00D0H         PUBLIC        PSW
  -------         PROC          INIT_PORT
  C:3AC4H         LINE#         10
  C:3AC4H         LINE#         11
  C:3AC4H         LINE#         13
  C:3AC7H         LINE#         14
  C:3ACDH         LINE#         15
  C:3AD0H         LINE#         24
  C:3AD3H         LINE#         25
  C:3AD5H         LINE#         27
  C:3AD8H         LINE#         29
BL51 BANKED LINKER/LOCATER V6.22.2.0                                                  03/24/2022  16:23:36  PAGE 13


  C:3ADBH         LINE#         30
  C:3ADDH         LINE#         32
  C:3AE0H         LINE#         33
  C:3AE3H         LINE#         34
  C:3AE5H         LINE#         37
  C:3AEBH         LINE#         40
  C:3AEEH         LINE#         48
  C:3AF0H         LINE#         49
  C:3AF2H         LINE#         50
  C:3AF4H         LINE#         51
  C:3AF6H         LINE#         53
  C:3AF9H         LINE#         54
  C:3B01H         LINE#         55
  C:3B07H         LINE#         56
  C:3B0AH         LINE#         57
  C:3B0CH         LINE#         58
  -------         ENDPROC       INIT_PORT
  -------         PROC          SPIGPIO_INIT
  C:411EH         LINE#         60
  C:411EH         LINE#         61
  C:411EH         LINE#         62
  C:4121H         LINE#         63
  C:4124H         LINE#         64
  C:4126H         LINE#         65
  C:4129H         LINE#         66
  C:412FH         LINE#         67
  -------         ENDPROC       SPIGPIO_INIT
  -------         PROC          SPIGPIO_UNINIT
  C:4130H         LINE#         69
  C:4130H         LINE#         70
  C:4130H         LINE#         71
  C:4133H         LINE#         72
  C:4135H         LINE#         73
  C:413BH         LINE#         75
  C:4141H         LINE#         76
  -------         ENDPROC       SPIGPIO_UNINIT
  -------         PROC          INIT_INT1
  C:0016H         LINE#         103
  C:0016H         LINE#         104
  C:0016H         LINE#         105
  C:0019H         LINE#         107
  C:001EH         LINE#         108
  C:0021H         LINE#         109
  -------         ENDPROC       INIT_INT1
  -------         PROC          INT_INT0
  C:3C8DH         LINE#         121
  C:3CAAH         LINE#         123
  C:3CADH         LINE#         124
  -------         ENDPROC       INT_INT0
  -------         PROC          INT_INT1
  C:3CC8H         LINE#         136
  C:3CE5H         LINE#         138
  C:3CE8H         LINE#         139
  -------         ENDPROC       INT_INT1
  -------         PROC          INIT_INTERRUPT
  C:419DH         LINE#         148
  C:419DH         LINE#         149
BL51 BANKED LINKER/LOCATER V6.22.2.0                                                  03/24/2022  16:23:36  PAGE 14


  C:419DH         LINE#         150
  C:41A0H         LINE#         151
  C:41A2H         LINE#         152
  -------         ENDPROC       INIT_INTERRUPT
  -------         ENDMOD        GPIO

  -------         MODULE        TIMER
  C:0000H         SYMBOL        _ICE_DUMMY_
  D:00F2H         PUBLIC        PCAPWM6
  D:0090H         PUBLIC        P1
  D:00A0H         PUBLIC        P2
  D:00C0H         PUBLIC        XICON
  D:00B0H         PUBLIC        P3
  D:00E8H         PUBLIC        P4
  D:00F8H         PUBLIC        P5
  D:00F8H         PUBLIC        P6
  D:00ACH         PUBLIC        SFRPI
  D:00F9H         PUBLIC        CH
  D:00BCH         PUBLIC        PWMCR
  D:00A8H         PUBLIC        IE
  D:00E9H         PUBLIC        CL
  B:00D8H.6       PUBLIC        CR
  D:00B8H         PUBLIC        IP0L
  D:00FAH         PUBLIC        CCAP6H
  D:00EAH         PUBLIC        CCAP6L
  C:41B5H         PUBLIC        Beep_On
  D:00DAH         PUBLIC        CCAPM6
  C:3B0DH         PUBLIC        Init_PCA_PWM
  D:00D9H         PUBLIC        CMOD
  D:00D8H         PUBLIC        CCON
  D:00CFH         PUBLIC        CHRL
  C:4002H         PUBLIC        Init_Timer0
  D:00CEH         PUBLIC        CLRL
  B:00A0H.0       PUBLIC        P20
  C:4154H         PUBLIC        _DelayXus
  D:0089H         PUBLIC        TMOD
  D:0088H         PUBLIC        TCON
  B:00A8H.1       PUBLIC        ET0
  D:008CH         PUBLIC        TH0
  C:34ABH         PUBLIC        INT_T0
  D:008AH         PUBLIC        TL0
  C:40C9H         PUBLIC        _delay_ms
  B:0088H.4       PUBLIC        TR0
  X:03BBH         PUBLIC        Time_Tx_Out
  D:0098H         PUBLIC        S0CON
  D:0098H         PUBLIC        S1CON
  D:00C8H         PUBLIC        T2CON
  D:00A1H         PUBLIC        AUXR0
  D:00A3H         PUBLIC        AUXR2
  C:41ADH         PUBLIC        Init_Beep
  C:0006H         PUBLIC        Beep_Off
  D:00F2H         PUBLIC        PCAPWM0
  D:00D0H         PUBLIC        PSW
  -------         PROC          INIT_TIMER0
  C:4002H         LINE#         41
  C:4002H         LINE#         42
  C:4002H         LINE#         43
BL51 BANKED LINKER/LOCATER V6.22.2.0                                                  03/24/2022  16:23:36  PAGE 15


  C:400CH         LINE#         45
  C:4015H         LINE#         47
  C:4018H         LINE#         49
  C:401BH         LINE#         50
  C:401EH         LINE#         52
  C:4020H         LINE#         53
  C:4022H         LINE#         54
  -------         ENDPROC       INIT_TIMER0
  -------         PROC          INT_T0
  C:34ABH         LINE#         64
  C:34BCH         LINE#         66
  C:34BFH         LINE#         67
  C:34C2H         LINE#         69
  C:34CEH         LINE#         70
  C:34DEH         LINE#         71
  C:34DEH         LINE#         72
  C:34E4H         LINE#         73
  C:34F0H         LINE#         74
  C:34F0H         LINE#         75
  C:350AH         LINE#         77
  C:3516H         LINE#         78
  C:3516H         LINE#         79
  C:352AH         LINE#         80
  C:3538H         LINE#         81
  C:353AH         LINE#         82
  C:3542H         LINE#         83
  C:3548H         LINE#         84
  -------         ENDPROC       INT_T0
  -------         PROC          INIT_PCA_PWM
  C:3B0DH         LINE#         87
  C:3B0DH         LINE#         88
  C:3B0DH         LINE#         89
  C:3B17H         LINE#         90
  C:3B20H         LINE#         91
  C:3B2CH         LINE#         92
  C:3B2FH         LINE#         95
  C:3B45H         LINE#         98
  C:3B4BH         LINE#         99
  C:3B51H         LINE#         100
  -------         ENDPROC       INIT_PCA_PWM
  -------         PROC          INIT_BEEP
  C:41ADH         LINE#         102
  C:41ADH         LINE#         103
  C:41ADH         LINE#         104
  C:41B0H         LINE#         105
  -------         ENDPROC       INIT_BEEP
  -------         PROC          BEEP_ON
  C:41B5H         LINE#         107
  C:41B5H         LINE#         108
  C:41B5H         LINE#         109
  C:41B7H         LINE#         110
  -------         ENDPROC       BEEP_ON
  -------         PROC          BEEP_OFF
  C:0006H         LINE#         112
  C:0006H         LINE#         113
  C:0006H         LINE#         114
  C:0008H         LINE#         115
BL51 BANKED LINKER/LOCATER V6.22.2.0                                                  03/24/2022  16:23:36  PAGE 16


  C:000AH         LINE#         116
  -------         ENDPROC       BEEP_OFF
  -------         PROC          _DELAYXUS
  D:005BH         SYMBOL        xUs
  C:4154H         LINE#         126
  C:4156H         LINE#         127
  C:4156H         LINE#         128
  C:415EH         LINE#         129
  C:415EH         LINE#         130
  C:415FH         LINE#         131
  C:4160H         LINE#         132
  C:4162H         LINE#         133
  C:4164H         LINE#         134
  -------         ENDPROC       _DELAYXUS
  -------         PROC          _DELAY_MS
  D:005CH         SYMBOL        ms
  C:40C9H         LINE#         144
  C:40CBH         LINE#         145
  C:40CBH         LINE#         146
  C:40D2H         LINE#         147
  C:40D2H         LINE#         148
  C:40D7H         LINE#         149
  C:40DCH         LINE#         150
  C:40DEH         LINE#         151
  -------         ENDPROC       _DELAY_MS
  -------         ENDMOD        TIMER

  -------         MODULE        UART
  C:0000H         SYMBOL        _ICE_DUMMY_
  D:0090H         PUBLIC        P1
  D:00A0H         PUBLIC        P2
  B:0098H.6       PUBLIC        SM10
  D:00C0H         PUBLIC        XICON
  D:00B0H         PUBLIC        P3
  D:00E8H         PUBLIC        P4
  D:00F8H         PUBLIC        P5
  X:0347H         PUBLIC        Databits_t
  D:00F8H         PUBLIC        P6
  D:00ACH         PUBLIC        SFRPI
  X:034BH         PUBLIC        FLAG_testNo91_step
  C:000EH         PUBLIC        UART1_end
  D:00A8H         PUBLIC        IE
  X:034CH         PUBLIC        FLAG_testNo91SendUart
  D:00B8H         PUBLIC        IP0L
  B:0098H.4       PUBLIC        REN0
  X:034DH         PUBLIC        UART_DATA_buffer
  X:0376H         PUBLIC        UART_DATA_ID98
  X:039FH         PUBLIC        U1AckTimer
  D:00D8H         PUBLIC        CCON
  X:03A0H         PUBLIC        UartStatus
  C:3DAFH         PUBLIC        Init_Uart0_T1
  X:03A1H         PUBLIC        UartCount
  B:00C8H.5       PUBLIC        RCLK
  B:00C8H.4       PUBLIC        TCLK
  D:0089H         PUBLIC        TMOD
  D:0088H         PUBLIC        TCON
  B:00B0H.5       PUBLIC        P35
BL51 BANKED LINKER/LOCATER V6.22.2.0                                                  03/24/2022  16:23:36  PAGE 17


  C:3339H         PUBLIC        INT_UART0
  X:03A2H         PUBLIC        UartLen
  C:4165H         SYMBOL        _?ix1000
  X:03A3H         PUBLIC        ACKBack
  C:4169H         SYMBOL        _?ix1001
  X:03A6H         PUBLIC        PROFILE_CH_FREQ_32bit_200002EC_uart
  B:00A8H.4       PUBLIC        ES0
  B:0098H.0       PUBLIC        RI0
  B:0098H.1       PUBLIC        TI0
  D:008DH         PUBLIC        TH1
  D:008BH         PUBLIC        TL1
  D:009CH         PUBLIC        S0CFG
  B:0088H.6       PUBLIC        TR1
  X:03AAH         PUBLIC        uart0_rx_len
  X:03ABH         PUBLIC        FLAG_testBEEP
  X:03ACH         PUBLIC        uart0_tx_len
  C:06F9H         PUBLIC        PC_PRG
  C:3EABH         PUBLIC        _hex_asc
  C:3F3AH         PUBLIC        _asc_hex
  D:0099H         PUBLIC        S0BUF
  D:0087H         PUBLIC        PCON0
  D:0098H         PUBLIC        S0CON
  D:0098H         PUBLIC        S1CON
  X:03ADH         PUBLIC        FLAG_testNo91
  D:00C8H         PUBLIC        T2CON
  C:3BD7H         PUBLIC        _Send_Data
  B:0098H.7       PUBLIC        SM00_FE
  C:4023H         PUBLIC        _asc_hex_2
  C:40F5H         PUBLIC        _Uart0SendByte
  D:00A3H         PUBLIC        AUXR2
  X:03AEH         PUBLIC        U1Statues
  D:00D0H         PUBLIC        PSW
  -------         PROC          INIT_UART0_T1
  C:3DAFH         LINE#         67
  C:3DAFH         LINE#         68
  C:3DAFH         LINE#         69
  C:3DB6H         LINE#         70
  C:3DB8H         LINE#         72
  C:3DBFH         LINE#         73
  C:3DC5H         LINE#         75
  C:3DCFH         LINE#         76
  C:3DD5H         LINE#         77
  C:3DD8H         LINE#         80
  C:3DDBH         LINE#         81
  C:3DDEH         LINE#         83
  C:3DE0H         LINE#         84
  C:3DE2H         LINE#         85
  -------         ENDPROC       INIT_UART0_T1
  -------         PROC          UART1_END
  C:000EH         LINE#         87
  C:000EH         LINE#         88
  C:000EH         LINE#         89
  C:0010H         LINE#         90
  C:0012H         LINE#         91
  -------         ENDPROC       UART1_END
  -------         PROC          INT_UART0
  -------         DO            
BL51 BANKED LINKER/LOCATER V6.22.2.0                                                  03/24/2022  16:23:36  PAGE 18


  I:007CH         SYMBOL        dat
  -------         ENDDO         
  C:3339H         LINE#         130
  C:334AH         LINE#         132
  C:334EH         LINE#         133
  C:3350H         LINE#         135
  C:3353H         LINE#         136
  C:3356H         LINE#         137
  C:3356H         LINE#         138
  C:3358H         LINE#         139
  C:3358H         LINE#         140
  C:335EH         LINE#         141
  C:335EH         LINE#         142
  C:3360H         LINE#         143
  C:3364H         LINE#         144
  C:3371H         LINE#         145
  C:3386H         LINE#         146
  C:3397H         LINE#         147
  C:33A0H         LINE#         148
  C:33A0H         LINE#         149
  C:33B2H         LINE#         150
  C:33B2H         LINE#         151
  C:33D2H         LINE#         152
  C:33D7H         LINE#         153
  C:33E3H         LINE#         155
  C:33E3H         LINE#         156
  C:33E3H         LINE#         157
  C:33E5H         LINE#         158
  -------         ENDPROC       INT_UART0
  -------         PROC          _UART0SENDBYTE
  D:005DH         SYMBOL        tByte
  -------         DO            
  B:0020H.0       SYMBOL        bES
  -------         ENDDO         
  C:40F5H         LINE#         166
  C:40F7H         LINE#         167
  C:40F7H         LINE#         169
  C:40FBH         LINE#         170
  C:40FDH         LINE#         171
  C:4100H         LINE#         173
  C:4103H         LINE#         174
  C:4105H         LINE#         175
  C:4109H         LINE#         176
  -------         ENDPROC       _UART0SENDBYTE
  -------         PROC          _SEND_DATA
  D:0041H         SYMBOL        buff
  D:0044H         SYMBOL        len
  -------         DO            
  X:0331H         SYMBOL        i
  -------         ENDDO         
  C:3BD7H         LINE#         179
  C:3BDFH         LINE#         180
  C:3BDFH         LINE#         181
  C:3BE4H         LINE#         182
  C:3BF4H         LINE#         183
  C:3BF4H         LINE#         184
  C:3C0BH         LINE#         185
BL51 BANKED LINKER/LOCATER V6.22.2.0                                                  03/24/2022  16:23:36  PAGE 19


  C:3C13H         LINE#         186
  -------         ENDPROC       _SEND_DATA
  -------         PROC          _ASC_HEX
  D:005EH         SYMBOL        asc
  -------         DO            
  X:0332H         SYMBOL        i
  -------         ENDDO         
  C:3F3AH         LINE#         188
  C:3F3CH         LINE#         189
  C:3F3CH         LINE#         191
  C:3F4BH         LINE#         192
  C:3F57H         LINE#         194
  C:3F61H         LINE#         195
  C:3F66H         LINE#         196
  -------         ENDPROC       _ASC_HEX
  -------         PROC          _HEX_ASC
  D:005FH         SYMBOL        hex
  -------         DO            
  X:0333H         SYMBOL        i
  -------         ENDDO         
  C:3EABH         LINE#         198
  C:3EADH         LINE#         199
  C:3EADH         LINE#         201
  C:3EB0H         LINE#         202
  C:3EBFH         LINE#         203
  C:3ECBH         LINE#         205
  C:3ED5H         LINE#         206
  C:3EDAH         LINE#         207
  -------         ENDPROC       _HEX_ASC
  -------         PROC          _ASC_HEX_2
  D:0051H         SYMBOL        asc1
  D:0052H         SYMBOL        asc0
  -------         DO            
  D:0053H         SYMBOL        i
  -------         ENDDO         
  C:4023H         LINE#         209
  C:4027H         LINE#         210
  C:4027H         LINE#         212
  C:403EH         LINE#         213
  C:4040H         LINE#         214
  -------         ENDPROC       _ASC_HEX_2
  -------         PROC          PC_PRG
  -------         DO            
  X:0334H         SYMBOL        UART_ID_data
  X:0338H         SYMBOL        send_ok
  X:033CH         SYMBOL        re_byte
  X:033DH         SYMBOL        send_ack
  -------         ENDDO         
  C:06F9H         LINE#         237
  C:06F9H         LINE#         238
  C:06F9H         LINE#         240
  C:071EH         LINE#         241
  C:0723H         LINE#         242
  C:0748H         LINE#         244
  C:0753H         LINE#         245
  C:075FH         LINE#         247
  C:077BH         LINE#         248
BL51 BANKED LINKER/LOCATER V6.22.2.0                                                  03/24/2022  16:23:36  PAGE 20


  C:077BH         LINE#         249
  C:077BH         LINE#         251
  C:0788H         LINE#         252
  C:0788H         LINE#         253
  C:078DH         LINE#         254
  C:079FH         LINE#         255
  C:07B1H         LINE#         256
  C:07C3H         LINE#         257
  C:07D7H         LINE#         258
  C:07EAH         LINE#         259
  C:07F5H         LINE#         260
  C:07F5H         LINE#         261
  C:07F6H         LINE#         265
  C:07F6H         LINE#         267
  C:0803H         LINE#         268
  C:0803H         LINE#         269
  C:0809H         LINE#         270
  C:080FH         LINE#         271
  C:0815H         LINE#         272
  C:081BH         LINE#         274
  C:082DH         LINE#         275
  C:083EH         LINE#         276
  C:0850H         LINE#         277
  C:0861H         LINE#         278
  C:0873H         LINE#         279
  C:0884H         LINE#         280
  C:088FH         LINE#         281
  C:088FH         LINE#         282
  C:0890H         LINE#         283
  C:0890H         LINE#         284
  C:089CH         LINE#         285
  C:089FH         LINE#         286
  C:08A9H         LINE#         287
  C:08B7H         LINE#         288
  C:08BCH         LINE#         289
  C:08C7H         LINE#         290
  C:08C8H         LINE#         291
  C:08C8H         LINE#         292
  C:08E2H         LINE#         293
  C:08E2H         LINE#         294
  C:08E7H         LINE#         295
  C:08EAH         LINE#         296
  C:08ECH         LINE#         297
  C:08F8H         LINE#         298
  C:0903H         LINE#         299
  C:0903H         LINE#         300
  C:0904H         LINE#         301
  C:0904H         LINE#         302
  C:090EH         LINE#         303
  C:090EH         LINE#         304
  C:091AH         LINE#         305
  C:091DH         LINE#         306
  C:0927H         LINE#         307
  C:0935H         LINE#         308
  C:093AH         LINE#         309
  C:0945H         LINE#         310
  C:0946H         LINE#         311
BL51 BANKED LINKER/LOCATER V6.22.2.0                                                  03/24/2022  16:23:36  PAGE 21


  C:095AH         LINE#         312
  C:095AH         LINE#         313
  C:0960H         LINE#         314
  C:0966H         LINE#         315
  C:096CH         LINE#         316
  C:0972H         LINE#         317
  C:0984H         LINE#         318
  C:0995H         LINE#         319
  C:09A0H         LINE#         320
  C:09A1H         LINE#         321
  C:09C9H         LINE#         322
  C:09C9H         LINE#         323
  C:09DBH         LINE#         324
  C:09E0H         LINE#         325
  C:09F2H         LINE#         326
  C:09F2H         LINE#         327
  C:09FCH         LINE#         328
  C:0A0FH         LINE#         329
  C:0A36H         LINE#         330
  C:0A4DH         LINE#         331
  C:0A58H         LINE#         332
  C:0A63H         LINE#         333
  C:0A66H         LINE#         334
  C:0A93H         LINE#         335
  C:0A93H         LINE#         336
  C:0A9DH         LINE#         337
  C:0AB0H         LINE#         338
  C:0AB7H         LINE#         339
  C:0AE3H         LINE#         340
  C:0AFAH         LINE#         341
  C:0B05H         LINE#         342
  C:0B10H         LINE#         343
  C:0B10H         LINE#         344
  C:0B15H         LINE#         345
  C:0B15H         LINE#         346
  C:0B15H         LINE#         347
  C:0B15H         LINE#         348
  C:0B15H         LINE#         349
  C:0B15H         LINE#         350
  C:0B15H         LINE#         351
  -------         ENDPROC       PC_PRG
  -------         ENDMOD        UART

  -------         MODULE        IAP_FLASH
  C:0000H         SYMBOL        _ICE_DUMMY_
  D:0090H         PUBLIC        P1
  D:00A0H         PUBLIC        P2
  D:00E7H         PUBLIC        ISPCR
  D:00C0H         PUBLIC        XICON
  D:00B0H         PUBLIC        P3
  D:00E8H         PUBLIC        P4
  D:00F8H         PUBLIC        P5
  D:00F8H         PUBLIC        P6
  B:00A8H.7       PUBLIC        EA
  C:20DFH         PUBLIC        _IAP_WriteBuf_With_Protect_Verify
  D:00A8H         PUBLIC        IE
  D:00B8H         PUBLIC        IP0L
BL51 BANKED LINKER/LOCATER V6.22.2.0                                                  03/24/2022  16:23:36  PAGE 22


  C:3F67H         PUBLIC        _IAP_WritePPage
  D:00BFH         PUBLIC        CKCON1
  D:00D8H         PUBLIC        CCON
  D:00E6H         PUBLIC        SCMD
  D:00E3H         PUBLIC        IFADRH
  D:00E5H         PUBLIC        IFMT
  D:00E4H         PUBLIC        IFADRL
  D:0088H         PUBLIC        TCON
  C:4173H         PUBLIC        Init_IAP_flash
  C:12C9H         PUBLIC        eeprom_sys_load
  D:00E2H         PUBLIC        IFD
  D:0098H         PUBLIC        S0CON
  D:0098H         PUBLIC        S1CON
  D:00C8H         PUBLIC        T2CON
  D:00D0H         PUBLIC        PSW
  -------         PROC          INIT_IAP_FLASH
  C:4173H         LINE#         16
  C:4173H         LINE#         17
  C:4173H         LINE#         19
  C:4176H         LINE#         22
  C:417DH         LINE#         23
  -------         ENDPROC       INIT_IAP_FLASH
  -------         PROC          _IAP_WRITEPPAGE
  D:0057H         SYMBOL        PsfrAddr
  D:0058H         SYMBOL        PsfrData
  -------         DO            
  B:0020H.1       SYMBOL        bEA
  -------         ENDDO         
  C:3F67H         LINE#         34
  C:3F6BH         LINE#         35
  C:3F6BH         LINE#         36
  C:3F6FH         LINE#         37
  C:3F71H         LINE#         38
  C:3F74H         LINE#         39
  C:3F77H         LINE#         40
  C:3F7AH         LINE#         41
  C:3F7DH         LINE#         42
  C:3F80H         LINE#         44
  C:3F83H         LINE#         46
  C:3F86H         LINE#         47
  C:3F87H         LINE#         48
  C:3F8AH         LINE#         49
  C:3F8DH         LINE#         50
  C:3F91H         LINE#         51
  -------         ENDPROC       _IAP_WRITEPPAGE
  -------         PROC          _IAP_WRITEBUF_WITH_PROTECT_VERIFY
  D:0019H         SYMBOL        ByteAddr
  D:001BH         SYMBOL        pBuf
  D:001EH         SYMBOL        Cnt
  -------         DO            
  X:0000H         SYMBOL        TempBuf
  X:0200H         SYMBOL        i
  X:0202H         SYMBOL        ErrCnt
  X:0203H         SYMBOL        SectorAddr
  B:0020H.2       SYMBOL        bEA
  C:21C5H         SYMBOL        Err_Loop
  C:2301H         SYMBOL        Err_Return
BL51 BANKED LINKER/LOCATER V6.22.2.0                                                  03/24/2022  16:23:36  PAGE 23


  -------         ENDDO         
  C:20DFH         LINE#         124
  C:20E9H         LINE#         125
  C:20E9H         LINE#         130
  C:20EDH         LINE#         132
  C:20EFH         LINE#         133
  C:20F4H         LINE#         135
  C:2103H         LINE#         136
  C:2119H         LINE#         137
  C:2119H         LINE#         138
  C:2120H         LINE#         139
  C:2127H         LINE#         140
  C:212AH         LINE#         141
  C:212DH         LINE#         142
  C:2130H         LINE#         143
  C:2133H         LINE#         144
  C:2136H         LINE#         145
  C:2139H         LINE#         146
  C:2147H         LINE#         147
  C:215CH         LINE#         148
  C:215FH         LINE#         149
  C:216FH         LINE#         151
  C:217EH         LINE#         152
  C:2184H         LINE#         153
  C:2184H         LINE#         154
  C:21A2H         LINE#         155
  C:21ADH         LINE#         156
  C:21BBH         LINE#         157
  C:21C3H         LINE#         158
  C:21C5H         LINE#         159
  C:21C5H         LINE#         161
  C:21D4H         LINE#         162
  C:21DBH         LINE#         163
  C:21DEH         LINE#         164
  C:21E1H         LINE#         165
  C:21E4H         LINE#         167
  C:21E7H         LINE#         169
  C:21EAH         LINE#         170
  C:21EBH         LINE#         171
  C:21EEH         LINE#         172
  C:21F1H         LINE#         174
  C:2207H         LINE#         175
  C:2207H         LINE#         176
  C:221DH         LINE#         177
  C:2224H         LINE#         178
  C:222BH         LINE#         179
  C:222EH         LINE#         180
  C:2231H         LINE#         182
  C:2234H         LINE#         184
  C:2237H         LINE#         185
  C:2238H         LINE#         186
  C:223BH         LINE#         187
  C:223EH         LINE#         188
  C:224CH         LINE#         189
  C:224FH         LINE#         190
  C:225FH         LINE#         192
  C:226EH         LINE#         193
BL51 BANKED LINKER/LOCATER V6.22.2.0                                                  03/24/2022  16:23:36  PAGE 24


  C:2284H         LINE#         194
  C:2284H         LINE#         195
  C:228BH         LINE#         196
  C:2292H         LINE#         197
  C:2295H         LINE#         198
  C:2298H         LINE#         200
  C:229BH         LINE#         202
  C:229EH         LINE#         203
  C:22A1H         LINE#         204
  C:22A4H         LINE#         205
  C:22B2H         LINE#         206
  C:22B5H         LINE#         207
  C:22CEH         LINE#         208
  C:22CEH         LINE#         209
  C:22D4H         LINE#         210
  C:22E6H         LINE#         211
  C:22E6H         LINE#         212
  C:22E9H         LINE#         213
  C:22E9H         LINE#         215
  C:22E9H         LINE#         216
  C:22EBH         LINE#         217
  C:22EBH         LINE#         218
  C:22EBH         LINE#         219
  C:22FCH         LINE#         220
  C:2301H         LINE#         221
  C:2301H         LINE#         222
  C:2305H         LINE#         223
  C:230AH         LINE#         224
  -------         ENDPROC       _IAP_WRITEBUF_WITH_PROTECT_VERIFY
  -------         PROC          EEPROM_SYS_LOAD
  -------         DO            
  X:0205H         SYMBOL        Init_ID_data
  I:007DH         SYMBOL        offset
  -------         ENDDO         
  C:12C9H         LINE#         245
  C:12C9H         LINE#         246
  C:12C9H         LINE#         248
  C:12CDH         LINE#         250
  C:12D8H         LINE#         251
  C:12EFH         LINE#         253
  C:12F4H         LINE#         254
  C:12FFH         LINE#         255
  C:130AH         LINE#         256
  C:1315H         LINE#         257
  C:1357H         LINE#         258
  C:136BH         LINE#         260
  C:1375H         LINE#         261
  C:139FH         LINE#         262
  C:139FH         LINE#         263
  C:13A8H         LINE#         264
  C:13CEH         LINE#         265
  C:13E5H         LINE#         267
  C:140BH         LINE#         268
  C:1422H         LINE#         270
  C:1448H         LINE#         271
  C:145FH         LINE#         273
  C:1485H         LINE#         274
BL51 BANKED LINKER/LOCATER V6.22.2.0                                                  03/24/2022  16:23:36  PAGE 25


  C:149CH         LINE#         276
  C:14C2H         LINE#         277
  C:14D9H         LINE#         278
  C:14DAH         LINE#         279
  C:1505H         LINE#         280
  C:1505H         LINE#         281
  C:150EH         LINE#         282
  C:1514H         LINE#         283
  C:153FH         LINE#         284
  C:1556H         LINE#         286
  C:1581H         LINE#         287
  C:1598H         LINE#         289
  C:15C3H         LINE#         290
  C:15DAH         LINE#         292
  C:1605H         LINE#         293
  C:161CH         LINE#         295
  C:1647H         LINE#         296
  C:165EH         LINE#         297
  C:165EH         LINE#         298
  C:165EH         LINE#         300
  -------         ENDPROC       EEPROM_SYS_LOAD
  -------         ENDMOD        IAP_FLASH

  -------         MODULE        SPI
  C:0000H         SYMBOL        _ICE_DUMMY_
  D:0090H         PUBLIC        P1
  D:00A0H         PUBLIC        P2
  D:00C0H         PUBLIC        XICON
  D:00B0H         PUBLIC        P3
  D:00E8H         PUBLIC        P4
  D:00F8H         PUBLIC        P5
  D:0085H         PUBLIC        SPCON
  D:00F8H         PUBLIC        P6
  D:00A8H         PUBLIC        IE
  D:00B8H         PUBLIC        IP0L
  C:407AH         PUBLIC        Init_Spi
  D:00D8H         PUBLIC        CCON
  B:0090H.4       PUBLIC        P14
  D:0088H         PUBLIC        TCON
  C:4189H         PUBLIC        _spi_delay
  C:36E3H         PUBLIC        _ML7345_Write_Fifo
  C:3D03H         PUBLIC        _ML7345_Read_Reg
  C:3E49H         PUBLIC        _ML7345_Write_Reg
  D:0084H         PUBLIC        SPSTAT
  D:0098H         PUBLIC        S0CON
  D:0098H         PUBLIC        S1CON
  D:00C8H         PUBLIC        T2CON
  D:00A2H         PUBLIC        AUXR1
  C:4095H         PUBLIC        _SPI1_SendRecv_Data
  D:00D0H         PUBLIC        PSW
  D:0086H         PUBLIC        SPDAT
  -------         PROC          _SPI_DELAY
  D:0060H         SYMBOL        n
  C:4189H         LINE#         3
  C:418BH         LINE#         4
  C:418BH         LINE#         5
  C:4192H         LINE#         6
BL51 BANKED LINKER/LOCATER V6.22.2.0                                                  03/24/2022  16:23:36  PAGE 26


  -------         ENDPROC       _SPI_DELAY
  -------         PROC          INIT_SPI
  C:407AH         LINE#         8
  C:407AH         LINE#         9
  C:407AH         LINE#         11
  C:407DH         LINE#         13
  C:4080H         LINE#         15
  C:4086H         LINE#         17
  C:4089H         LINE#         19
  C:408CH         LINE#         21
  C:408FH         LINE#         23
  C:4092H         LINE#         25
  C:4094H         LINE#         26
  -------         ENDPROC       INIT_SPI
  -------         PROC          _SPI1_SENDRECV_DATA
  D:0061H         SYMBOL        SPI_DATA
  C:4095H         LINE#         35
  C:4097H         LINE#         36
  C:4097H         LINE#         37
  C:409CH         LINE#         38
  C:409FH         LINE#         39
  C:40AAH         LINE#         40
  C:40ADH         LINE#         41
  C:40AFH         LINE#         42
  -------         ENDPROC       _SPI1_SENDRECV_DATA
  -------         PROC          _ML7345_WRITE_REG
  D:0059H         SYMBOL        addr
  D:005AH         SYMBOL        dat
  C:3E49H         LINE#         45
  C:3E4DH         LINE#         46
  C:3E4DH         LINE#         47
  C:3E52H         LINE#         48
  C:3E54H         LINE#         49
  C:3E59H         LINE#         51
  C:3E63H         LINE#         52
  C:3E68H         LINE#         53
  C:3E6DH         LINE#         55
  C:3E72H         LINE#         56
  C:3E74H         LINE#         57
  C:3E79H         LINE#         58
  -------         ENDPROC       _ML7345_WRITE_REG
  -------         PROC          _ML7345_READ_REG
  D:0062H         SYMBOL        addr
  -------         DO            
  X:03BDH         SYMBOL        read
  -------         ENDDO         
  C:3D03H         LINE#         60
  C:3D05H         LINE#         61
  C:3D05H         LINE#         62
  C:3D0AH         LINE#         63
  C:3D0FH         LINE#         64
  C:3D11H         LINE#         65
  C:3D16H         LINE#         67
  C:3D1CH         LINE#         68
  C:3D21H         LINE#         69
  C:3D2BH         LINE#         71
  C:3D30H         LINE#         72
BL51 BANKED LINKER/LOCATER V6.22.2.0                                                  03/24/2022  16:23:36  PAGE 27


  C:3D32H         LINE#         73
  C:3D37H         LINE#         75
  C:3D3CH         LINE#         76
  -------         ENDPROC       _ML7345_READ_REG
  -------         PROC          _ML7345_WRITE_FIFO
  D:0037H         SYMBOL        addr
  D:0038H         SYMBOL        pbuf
  D:003BH         SYMBOL        len
  -------         DO            
  X:03BEH         SYMBOL        i
  -------         ENDDO         
  C:36E3H         LINE#         78
  C:36EBH         LINE#         79
  C:36EBH         LINE#         80
  C:36F0H         LINE#         81
  C:36F5H         LINE#         82
  C:36F7H         LINE#         83
  C:36FCH         LINE#         85
  C:3706H         LINE#         86
  C:370BH         LINE#         87
  C:3718H         LINE#         88
  C:3729H         LINE#         89
  C:3729H         LINE#         90
  C:372EH         LINE#         91
  C:3745H         LINE#         92
  C:374DH         LINE#         94
  C:3752H         LINE#         95
  C:3754H         LINE#         96
  C:3759H         LINE#         97
  -------         ENDPROC       _ML7345_WRITE_FIFO
  -------         ENDMOD        SPI

  -------         MODULE        RAM
  C:0000H         SYMBOL        _ICE_DUMMY_
  X:0209H         PUBLIC        m_KeyCloseCount
  X:020AH         PUBLIC        write_flash_buffer
  D:0090H         PUBLIC        P1
  X:0212H         PUBLIC        txphase
  D:00A0H         PUBLIC        P2
  D:00C0H         PUBLIC        XICON
  D:00B0H         PUBLIC        P3
  D:00E8H         PUBLIC        P4
  X:0214H         PUBLIC        m_KeyCount
  D:00F8H         PUBLIC        P5
  X:0215H         PUBLIC        AD_DATA_BUFF
  D:00F8H         PUBLIC        P6
  X:0217H         PUBLIC        TB_976us
  X:0218H         PUBLIC        ID_data
  D:00A8H         PUBLIC        IE
  X:021CH         PUBLIC        TIME_Once_twice_switch
  X:021EH         PUBLIC        BAT_Voltage_value
  X:0222H         PUBLIC        rom_KeyOpt
  I:006DH         PUBLIC        RAM_SW_type
  X:0223H         PUBLIC        BAT_out
  X:0224H         PUBLIC        SIO_cnt
  X:0225H         PUBLIC        m_KeyDupliSetTimeout
  X:0227H         PUBLIC        ID_data_add
BL51 BANKED LINKER/LOCATER V6.22.2.0                                                  03/24/2022  16:23:36  PAGE 28


  D:00B8H         PUBLIC        IP0L
  X:022BH         PUBLIC        m_KeyDupli1stTimer
  X:022DH         PUBLIC        m_KeyOld
  X:022EH         PUBLIC        m_KeyOpenCount
  X:022FH         PUBLIC        txphase_end
  I:006EH         PUBLIC        mark0_stu
  I:006FH         PUBLIC        mark1_stu
  X:0231H         PUBLIC        TB_5s
  X:0232H         PUBLIC        m_KeyNew
  D:00D8H         PUBLIC        CCON
  X:0233H         PUBLIC        PROFILE_CH_FREQ_32bit_200002EC
  X:0237H         PUBLIC        m_ChatterCount
  X:0239H         PUBLIC        key_Value
  I:0070H         PUBLIC        RAM_RegSW_type
  D:0088H         PUBLIC        TCON
  X:023BH         PUBLIC        m_KeyNo
  C:388CH         PUBLIC        _Init_RAM
  X:023CH         PUBLIC        m_KindOfKey
  I:0071H         PUBLIC        RAM_OP1_type
  I:0072H         PUBLIC        RAM_OP2_type
  X:023DH         PUBLIC        TIME_BEEP_freq
  X:023EH         PUBLIC        txphase_Repeat
  X:023FH         PUBLIC        time_led
  X:0241H         PUBLIC        BASE_TIME_BEEP_off
  X:0242H         PUBLIC        TIME_BEEP_off
  X:0243H         PUBLIC        TB_51s
  X:0244H         PUBLIC        ID_INT_CODE
  X:0245H         PUBLIC        TB_sum_5s
  X:0246H         PUBLIC        RAM_BAT_AVG
  X:0248H         PUBLIC        RAM_BAT_CNT
  X:0249H         PUBLIC        m_RegDigit
  X:024AH         PUBLIC        m_KeyOptSetMode
  X:024BH         PUBLIC        Control_code
  X:024CH         PUBLIC        TIME_2s_RestTX
  D:0098H         PUBLIC        S0CON
  X:024DH         PUBLIC        TIME_power_on_AD
  X:024FH         PUBLIC        TIME_10s
  D:0098H         PUBLIC        S1CON
  X:0251H         PUBLIC        SIO_DATA
  D:00C8H         PUBLIC        T2CON
  X:0261H         PUBLIC        TB_100ms
  X:0262H         PUBLIC        BASE_TIME_BEEP_on
  X:0264H         PUBLIC        m_TimerKeyMonitor
  X:0266H         PUBLIC        TIME_BEEP_on
  X:0268H         PUBLIC        RAM_BAT_SUM
  X:026CH         PUBLIC        SIO_buff
  X:027CH         PUBLIC        m_RFNormalBuf
  X:02A4H         PUBLIC        m_RegMode
  X:02A5H         PUBLIC        m_TimerRegMode
  X:02A7H         PUBLIC        m_RegID
  D:00D0H         PUBLIC        PSW
  X:02B0H         PUBLIC        m_TimerKey
  -------         PROC          _INIT_RAM
  C:388CH         LINE#         82
  C:388CH         LINE#         83
  C:388CH         LINE#         84
  C:3892H         LINE#         86
BL51 BANKED LINKER/LOCATER V6.22.2.0                                                  03/24/2022  16:23:36  PAGE 29


  C:3898H         LINE#         87
  C:38A5H         LINE#         93
  C:38A8H         LINE#         94
  C:38B4H         LINE#         95
  C:38B9H         LINE#         97
  C:38C5H         LINE#         98
  C:38D1H         LINE#         99
  C:38D4H         LINE#         100
  C:38DCH         LINE#         101
  C:38E4H         LINE#         102
  -------         ENDPROC       _INIT_RAM
  -------         ENDMOD        RAM

  -------         MODULE        ML7345
  C:0000H         SYMBOL        _ICE_DUMMY_
  X:02B2H         PUBLIC        First_TX_Scan
  X:02B3H         PUBLIC        APP_TX_freq
  D:0090H         PUBLIC        P1
  D:00A0H         PUBLIC        P2
  D:00C0H         PUBLIC        XICON
  D:00B0H         PUBLIC        P3
  D:00E8H         PUBLIC        P4
  D:00F8H         PUBLIC        P5
  D:00F8H         PUBLIC        P6
  D:00A8H         PUBLIC        IE
  X:02B4H         PUBLIC        Receiver_vent_Cache
  X:02B5H         PUBLIC        tx_pack_cnt
  D:00B8H         PUBLIC        IP0L
  X:02B6H         PUBLIC        Fre_429_350
  X:02BEH         PUBLIC        Fre_426_750
  X:02C6H         PUBLIC        Fre_426_075
  X:02CEH         PUBLIC        Fre_429_550
  X:02D6H         PUBLIC        Fre_429_175
  X:02DEH         PUBLIC        Freq_SetBuff
  D:00D8H         PUBLIC        CCON
  X:02E6H         PUBLIC        txbuf
  C:3A27H         PUBLIC        _Tx_Data_Test
  C:40B0H         PUBLIC        dd_set_ML7345D_Power_on_Init
  X:02E9H         PUBLIC        TX_Scan_step
  D:0088H         PUBLIC        TCON
  B:00B0H.4       PUBLIC        P34
  B:00B0H.5       PUBLIC        P35
  C:417EH         PUBLIC        dd_set_ML7345D_Power_on
  B:00A0H.7       PUBLIC        P27
  X:02EAH         PUBLIC        rf_offset
  C:2FC4H         PUBLIC        ML7345_TRX_Del
  X:02EBH         PUBLIC        Radio_Date_Type
  X:02ECH         PUBLIC        SPI_RECEIVE_BUFF
  C:0EF4H         PUBLIC        _RF_ML7345_Init
  X:0314H         PUBLIC        SPI_Receive_DataForC
  D:0098H         PUBLIC        S0CON
  D:0098H         PUBLIC        S1CON
  X:0330H         PUBLIC        Radio_Date_Type_bak
  D:00C8H         PUBLIC        T2CON
  D:00D0H         PUBLIC        PSW
  -------         PROC          _RF_ML7345_INIT
  D:003CH         SYMBOL        freq
BL51 BANKED LINKER/LOCATER V6.22.2.0                                                  03/24/2022  16:23:36  PAGE 30


  D:003FH         SYMBOL        sync
  D:0040H         SYMBOL        rx_len
  C:0EF4H         LINE#         44
  C:0EFCH         LINE#         45
  C:0EFCH         LINE#         46
  C:0EFFH         LINE#         47
  C:0F02H         LINE#         48
  C:0F02H         LINE#         49
  C:0F0DH         LINE#         50
  C:0F0FH         LINE#         51
  C:0F0FH         LINE#         52
  C:0F11H         LINE#         53
  C:0F18H         LINE#         54
  C:0F1FH         LINE#         55
  C:0F26H         LINE#         56
  C:0F2DH         LINE#         57
  C:0F34H         LINE#         58
  C:0F3BH         LINE#         59
  C:0F42H         LINE#         60
  C:0F49H         LINE#         61
  C:0F50H         LINE#         62
  C:0F57H         LINE#         63
  C:0F5EH         LINE#         64
  C:0F65H         LINE#         65
  C:0F6CH         LINE#         66
  C:0F73H         LINE#         67
  C:0F7AH         LINE#         68
  C:0F81H         LINE#         69
  C:0F88H         LINE#         70
  C:0F8FH         LINE#         71
  C:0F96H         LINE#         72
  C:0F9DH         LINE#         73
  C:0FA4H         LINE#         74
  C:0FABH         LINE#         75
  C:0FB2H         LINE#         76
  C:0FB9H         LINE#         77
  C:0FC0H         LINE#         78
  C:0FC7H         LINE#         79
  C:0FCEH         LINE#         81
  C:0FD5H         LINE#         83
  C:0FDCH         LINE#         85
  C:0FE3H         LINE#         87
  C:0FEAH         LINE#         88
  C:0FF1H         LINE#         90
  C:0FF8H         LINE#         92
  C:0FFFH         LINE#         93
  C:1006H         LINE#         94
  C:100DH         LINE#         95
  C:1014H         LINE#         97
  C:101BH         LINE#         99
  C:1022H         LINE#         101
  C:1029H         LINE#         103
  C:1030H         LINE#         104
  C:1037H         LINE#         105
  C:103EH         LINE#         107
  C:1045H         LINE#         109
  C:104CH         LINE#         110
BL51 BANKED LINKER/LOCATER V6.22.2.0                                                  03/24/2022  16:23:36  PAGE 31


  C:1053H         LINE#         112
  C:105AH         LINE#         113
  C:1061H         LINE#         117
  C:1068H         LINE#         118
  C:106FH         LINE#         119
  C:1076H         LINE#         120
  C:107DH         LINE#         121
  C:1084H         LINE#         123
  C:108BH         LINE#         125
  C:1092H         LINE#         127
  C:1099H         LINE#         129
  C:10A8H         LINE#         130
  C:10BDH         LINE#         131
  C:10D2H         LINE#         132
  C:10E7H         LINE#         133
  C:10F6H         LINE#         134
  C:110BH         LINE#         135
  C:1120H         LINE#         136
  C:1135H         LINE#         138
  C:113CH         LINE#         139
  C:1143H         LINE#         141
  C:114AH         LINE#         142
  C:1151H         LINE#         143
  C:1158H         LINE#         144
  C:115FH         LINE#         145
  C:1166H         LINE#         146
  C:116DH         LINE#         148
  C:1174H         LINE#         149
  C:117BH         LINE#         152
  C:1182H         LINE#         156
  C:1197H         LINE#         157
  C:11ACH         LINE#         158
  C:11C1H         LINE#         159
  C:11D6H         LINE#         160
  C:11DDH         LINE#         161
  C:11E4H         LINE#         162
  C:11EBH         LINE#         164
  C:11F2H         LINE#         165
  C:11F9H         LINE#         166
  C:1200H         LINE#         167
  C:1207H         LINE#         168
  C:120EH         LINE#         170
  C:1211H         LINE#         172
  C:1218H         LINE#         173
  C:121FH         LINE#         176
  C:1226H         LINE#         177
  C:122DH         LINE#         179
  C:1234H         LINE#         180
  C:123BH         LINE#         181
  C:1242H         LINE#         182
  C:1249H         LINE#         183
  C:1250H         LINE#         184
  C:1257H         LINE#         185
  C:125EH         LINE#         186
  C:1265H         LINE#         188
  C:12A2H         LINE#         189
  C:12A5H         LINE#         192
BL51 BANKED LINKER/LOCATER V6.22.2.0                                                  03/24/2022  16:23:36  PAGE 32


  C:12ACH         LINE#         193
  C:12B3H         LINE#         194
  C:12B3H         LINE#         195
  C:12BEH         LINE#         196
  C:12C0H         LINE#         197
  C:12C0H         LINE#         198
  C:12C2H         LINE#         199
  C:12C5H         LINE#         200
  C:12C8H         LINE#         201
  -------         ENDPROC       _RF_ML7345_INIT
  -------         PROC          _TX_DATA_TEST
  D:0063H         SYMBOL        mode
  C:3A27H         LINE#         220
  C:3A29H         LINE#         221
  C:3A29H         LINE#         222
  C:3A30H         LINE#         223
  C:3A45H         LINE#         224
  C:3A45H         LINE#         226
  C:3A4EH         LINE#         229
  C:3A57H         LINE#         232
  C:3A60H         LINE#         235
  C:3A69H         LINE#         238
  C:3A69H         LINE#         239
  C:3A70H         LINE#         240
  C:3A70H         LINE#         241
  C:3A70H         LINE#         242
  C:3A75H         LINE#         243
  -------         ENDPROC       _TX_DATA_TEST
  -------         PROC          ML7345_TRX_DEL
  -------         DO            
  I:007EH         SYMBOL        reg
  -------         ENDDO         
  C:2FC4H         LINE#         246
  C:2FC4H         LINE#         247
  C:2FC4H         LINE#         248
  C:2FC8H         LINE#         250
  C:2FD1H         LINE#         251
  C:2FF3H         LINE#         252
  C:2FF3H         LINE#         253
  C:2FFFH         LINE#         254
  C:3004H         LINE#         255
  C:3017H         LINE#         256
  C:3017H         LINE#         257
  C:3040H         LINE#         258
  C:3040H         LINE#         259
  C:304CH         LINE#         260
  C:305FH         LINE#         261
  C:3065H         LINE#         262
  C:3066H         LINE#         263
  C:308AH         LINE#         264
  C:308AH         LINE#         265
  C:3096H         LINE#         266
  C:30A2H         LINE#         267
  C:30A4H         LINE#         268
  C:30A9H         LINE#         269
  C:30ABH         LINE#         270
  C:30AEH         LINE#         271
BL51 BANKED LINKER/LOCATER V6.22.2.0                                                  03/24/2022  16:23:36  PAGE 33


  C:30B0H         LINE#         272
  C:30B0H         LINE#         273
  C:30B0H         LINE#         274
  C:30B0H         LINE#         275
  -------         ENDPROC       ML7345_TRX_DEL
  -------         PROC          DD_SET_ML7345D_POWER_ON
  C:417EH         LINE#         277
  C:417EH         LINE#         278
  C:417EH         LINE#         279
  C:4181H         LINE#         280
  C:4181H         LINE#         281
  C:4183H         LINE#         282
  C:4188H         LINE#         284
  C:4188H         LINE#         285
  -------         ENDPROC       DD_SET_ML7345D_POWER_ON
  -------         PROC          DD_SET_ML7345D_POWER_ON_INIT
  C:40B0H         LINE#         287
  C:40B0H         LINE#         288
  C:40B0H         LINE#         289
  C:40B3H         LINE#         290
  C:40B3H         LINE#         291
  C:40B5H         LINE#         292
  C:40BAH         LINE#         293
  C:40C8H         LINE#         294
  C:40C8H         LINE#         295
  -------         ENDPROC       DD_SET_ML7345D_POWER_ON_INIT
  -------         ENDMOD        ML7345

  -------         MODULE        ML7345_HAL
  C:0000H         SYMBOL        _ICE_DUMMY_
  C:3274H         PUBLIC        ML7345_DataRate_Set_4_8k
  D:0090H         PUBLIC        P1
  D:00A0H         PUBLIC        P2
  D:00C0H         PUBLIC        XICON
  D:00B0H         PUBLIC        P3
  D:00E8H         PUBLIC        P4
  D:00F8H         PUBLIC        P5
  D:00F8H         PUBLIC        P6
  D:00A8H         PUBLIC        IE
  C:3C51H         PUBLIC        _ML7345_AutoTx_Data
  C:2855H         PUBLIC        _ML7345_Frequency_Set
  D:00B8H         PUBLIC        IP0L
  C:2ED5H         PUBLIC        _ML7345_SetAndGet_State
  C:3D76H         PUBLIC        _ML7345_StateFlag_Clear
  D:00D8H         PUBLIC        CCON
  C:3F0BH         PUBLIC        _ML7345_AutoStateTransition_Set
  C:4041H         PUBLIC        ML7345_AllStateFlag_Clear
  D:0088H         PUBLIC        TCON
  B:00B0H.4       PUBLIC        P34
  C:1BF2H         PUBLIC        _ML7345_Frequency_Calcul
  C:3B96H         PUBLIC        WaitStatus_Complete
  C:3E17H         PUBLIC        SetReg_Rssi
  C:40DFH         PUBLIC        ML7345_GPIO0TxDoneInt_Enable
  D:0098H         PUBLIC        S0CON
  D:0098H         PUBLIC        S1CON
  D:00C8H         PUBLIC        T2CON
  C:4193H         PUBLIC        ML7345_RESETN_SET
BL51 BANKED LINKER/LOCATER V6.22.2.0                                                  03/24/2022  16:23:36  PAGE 34


  C:33F4H         PUBLIC        ML7345_DataRate_Set_1_2k
  D:00D0H         PUBLIC        PSW
  -------         PROC          _ML7345_AUTOSTATETRANSITION_SET
  D:0064H         SYMBOL        sta
  C:3F0BH         LINE#         10
  C:3F0DH         LINE#         11
  C:3F0DH         LINE#         12
  C:3F14H         LINE#         13
  C:3F32H         LINE#         14
  C:3F39H         LINE#         15
  -------         ENDPROC       _ML7345_AUTOSTATETRANSITION_SET
  -------         PROC          _ML7345_SETANDGET_STATE
  D:0065H         SYMBOL        sta
  -------         DO            
  X:03AFH         SYMBOL        status
  -------         ENDDO         
  C:2ED5H         LINE#         31
  C:2ED7H         LINE#         32
  C:2ED7H         LINE#         33
  C:2EDCH         LINE#         35
  C:2EE3H         LINE#         36
  C:2EF2H         LINE#         37
  C:2EFFH         LINE#         38
  C:2EFFH         LINE#         39
  C:2F2AH         LINE#         40
  C:2F2AH         LINE#         41
  C:2F31H         LINE#         42
  C:2F39H         LINE#         43
  C:2F4EH         LINE#         44
  C:2F4EH         LINE#         45
  C:2F65H         LINE#         46
  C:2F68H         LINE#         47
  C:2F94H         LINE#         48
  C:2FA2H         LINE#         49
  C:2FA5H         LINE#         50
  C:2FACH         LINE#         51
  C:2FAFH         LINE#         52
  C:2FAFH         LINE#         53
  C:2FBEH         LINE#         54
  C:2FBEH         LINE#         55
  C:2FBEH         LINE#         56
  C:2FC3H         LINE#         57
  -------         ENDPROC       _ML7345_SETANDGET_STATE
  -------         PROC          WAITSTATUS_COMPLETE
  -------         DO            
  X:03B0H         SYMBOL        count
  -------         ENDDO         
  C:3B96H         LINE#         60
  C:3B96H         LINE#         61
  C:3B96H         LINE#         62
  C:3B9EH         LINE#         63
  C:3BA5H         LINE#         64
  C:3BA5H         LINE#         65
  C:3BA5H         LINE#         66
  C:3BAEH         LINE#         67
[...]
  C:0CC1H         LINE#         922
  C:0CC7H         LINE#         923
  C:0CD3H         LINE#         924
  C:0CD4H         LINE#         926
  C:0CD4H         LINE#         927
  C:0CD8H         LINE#         929
  C:0CD8H         LINE#         930
  C:0CD9H         LINE#         932
  C:0CD9H         LINE#         933
  C:0CE6H         LINE#         934
  C:0CE6H         LINE#         935
  C:0CF0H         LINE#         936
  C:0CF6H         LINE#         937
  C:0CF7H         LINE#         939
  C:0CF7H         LINE#         940
  C:0CFBH         LINE#         942
  C:0CFBH         LINE#         943
  C:0CFBH         LINE#         944
  C:0CFCH         LINE#         946
  C:0CFCH         LINE#         947
  C:0D0BH         LINE#         948
  C:0D0BH         LINE#         949
  C:0D11H         LINE#         950
  C:0D1BH         LINE#         952
  C:0D26H         LINE#         953
  C:0D32H         LINE#         954
  C:0D32H         LINE#         960
  C:0D33H         LINE#         962
  C:0D33H         LINE#         963
  C:0D3FH         LINE#         964
  C:0D3FH         LINE#         965
  C:0D43H         LINE#         967
  C:0D43H         LINE#         969
  C:0D5EH         LINE#         970
  C:0D5FH         LINE#         972
  C:0D5FH         LINE#         974
  C:0D67H         LINE#         975
  C:0D67H         LINE#         976
  C:0D74H         LINE#         977
BL51 BANKED LINKER/LOCATER V6.22.2.0                                                  03/24/2022  16:23:36  PAGE 53


  C:0D74H         LINE#         978
  C:0D7EH         LINE#         979
  C:0D84H         LINE#         980
  C:0D90H         LINE#         981
  C:0D91H         LINE#         983
  C:0D91H         LINE#         984
  C:0D95H         LINE#         986
  C:0D95H         LINE#         987
  C:0D96H         LINE#         989
  C:0D96H         LINE#         990
  C:0DA3H         LINE#         991
  C:0DA3H         LINE#         992
  C:0DADH         LINE#         993
  C:0DB3H         LINE#         994
  C:0DB4H         LINE#         996
  C:0DB4H         LINE#         997
  C:0DB8H         LINE#         999
  C:0DB8H         LINE#         1000
  C:0DB8H         LINE#         1001
  C:0DB9H         LINE#         1003
  C:0DB9H         LINE#         1004
  C:0DB9H         LINE#         1005
  C:0DC5H         LINE#         1006
  C:0DC5H         LINE#         1007
  C:0DC9H         LINE#         1009
  C:0DC9H         LINE#         1011
  C:0DE4H         LINE#         1012
  C:0DE5H         LINE#         1014
  C:0DE5H         LINE#         1016
  C:0DF0H         LINE#         1017
  C:0DF0H         LINE#         1018
  C:0DFDH         LINE#         1019
  C:0DFDH         LINE#         1020
  C:0E0AH         LINE#         1021
  C:0E0AH         LINE#         1022
  C:0E11H         LINE#         1023
  C:0E15H         LINE#         1024
  C:0E15H         LINE#         1025
  C:0E18H         LINE#         1026
  C:0E1AH         LINE#         1028
  C:0E1AH         LINE#         1029
  C:0E1DH         LINE#         1030
  C:0E1DH         LINE#         1031
  C:0E23H         LINE#         1032
  C:0E36H         LINE#         1037
  C:0E41H         LINE#         1038
  C:0E4DH         LINE#         1039
  C:0E59H         LINE#         1040
  C:0E5FH         LINE#         1041
  C:0E63H         LINE#         1043
  C:0E63H         LINE#         1044
  C:0E69H         LINE#         1045
  C:0E6AH         LINE#         1047
  C:0E6AH         LINE#         1048
  C:0E6EH         LINE#         1050
  C:0E6EH         LINE#         1051
  C:0E6FH         LINE#         1053
BL51 BANKED LINKER/LOCATER V6.22.2.0                                                  03/24/2022  16:23:36  PAGE 54


  C:0E6FH         LINE#         1054
  C:0E7CH         LINE#         1055
  C:0E7CH         LINE#         1056
  C:0E89H         LINE#         1057
  C:0E89H         LINE#         1058
  C:0E90H         LINE#         1059
  C:0E94H         LINE#         1060
  C:0E94H         LINE#         1061
  C:0E97H         LINE#         1062
  C:0E99H         LINE#         1064
  C:0E99H         LINE#         1065
  C:0E9CH         LINE#         1066
  C:0E9CH         LINE#         1067
  C:0EA2H         LINE#         1068
  C:0EB5H         LINE#         1072
  C:0EC0H         LINE#         1073
  C:0ECCH         LINE#         1074
  C:0ED8H         LINE#         1075
  C:0EDCH         LINE#         1078
  C:0EDCH         LINE#         1079
  C:0EE2H         LINE#         1080
  C:0EE3H         LINE#         1082
  C:0EE3H         LINE#         1083
  C:0EE7H         LINE#         1085
  C:0EE7H         LINE#         1086
  C:0EE7H         LINE#         1087
  C:0EE8H         LINE#         1089
  C:0EE8H         LINE#         1090
  C:0EF0H         LINE#         1091
  C:0EF0H         LINE#         1093
  C:0EF3H         LINE#         1095
  C:0EF3H         LINE#         1096
  C:0EF3H         LINE#         1098
  C:0EF3H         LINE#         1099
  -------         ENDPROC       _DUPLIFUNCSETMODE
  -------         PROC          _REGISTRATIONMODE
  C:29CDH         LINE#         1109
  C:29CDH         LINE#         1110
  C:29CDH         LINE#         1111
  C:29D6H         LINE#         1112
  C:29D6H         LINE#         1114
  C:29D6H         LINE#         1116
  C:29EAH         LINE#         1117
  C:29F6H         LINE#         1118
  C:29F8H         LINE#         1119
  C:29F8H         LINE#         1120
  C:2A04H         LINE#         1121
  C:2A0AH         LINE#         1122
  C:2A18H         LINE#         1123
  C:2A33H         LINE#         1124
  C:2A35H         LINE#         1125
  C:2A35H         LINE#         1127
  C:2A40H         LINE#         1128
  C:2A42H         LINE#         1129
  C:2A47H         LINE#         1130
  C:2A47H         LINE#         1141
  C:2A60H         LINE#         1142
BL51 BANKED LINKER/LOCATER V6.22.2.0                                                  03/24/2022  16:23:36  PAGE 55


  C:2A60H         LINE#         1143
  C:2A60H         LINE#         1144
  C:2A79H         LINE#         1145
  C:2A79H         LINE#         1146
  C:2A8BH         LINE#         1147
  C:2A8BH         LINE#         1149
  C:2A96H         LINE#         1150
  C:2AA0H         LINE#         1151
  C:2AA1H         LINE#         1153
  C:2AA1H         LINE#         1154
  C:2AB5H         LINE#         1155
  C:2AB5H         LINE#         1156
  C:2ABBH         LINE#         1157
  C:2ABDH         LINE#         1160
  C:2ABDH         LINE#         1162
  C:2AC8H         LINE#         1163
  C:2AC8H         LINE#         1168
  C:2AD2H         LINE#         1169
  C:2AD3H         LINE#         1171
  C:2AD3H         LINE#         1172
  C:2AD6H         LINE#         1174
  C:2AE1H         LINE#         1175
  C:2AEBH         LINE#         1176
  C:2AECH         LINE#         1178
  C:2AECH         LINE#         1180
  C:2AFEH         LINE#         1181
  C:2AFEH         LINE#         1183
  C:2AFEH         LINE#         1188
  C:2B0DH         LINE#         1191
  C:2B29H         LINE#         1193
  C:2B29H         LINE#         1195
  C:2B34H         LINE#         1196
  C:2B36H         LINE#         1198
  C:2B36H         LINE#         1199
  C:2B3DH         LINE#         1201
  C:2B3DH         LINE#         1202
  C:2B42H         LINE#         1203
  C:2B42H         LINE#         1204
  C:2B42H         LINE#         1205
  -------         ENDPROC       _REGISTRATIONMODE
  -------         PROC          _ATOL
  D:0021H         SYMBOL        m_RegID_x
  -------         DO            
  D:0024H         SYMBOL        i
  D:0025H         SYMBOL        j
  D:0026H         SYMBOL        m_ID
  -------         ENDDO         
  C:366BH         LINE#         1210
  C:3671H         LINE#         1211
  C:3671H         LINE#         1213
  C:367DH         LINE#         1215
  C:368FH         LINE#         1216
  C:36A5H         LINE#         1217
  C:36D6H         LINE#         1218
  C:36DAH         LINE#         1219
  C:36E2H         LINE#         1220
  -------         ENDPROC       _ATOL
BL51 BANKED LINKER/LOCATER V6.22.2.0                                                  03/24/2022  16:23:36  PAGE 56


  -------         PROC          __SETREGISTRATIONMODE
  D:0069H         SYMBOL        mode
  C:3F92H         LINE#         1232
  C:3F94H         LINE#         1233
  C:3F94H         LINE#         1234
  C:3F9AH         LINE#         1235
  C:3F9AH         LINE#         1237
  C:3F9AH         LINE#         1239
  C:3FA0H         LINE#         1246
  C:3FA3H         LINE#         1253
  C:3FAEH         LINE#         1254
  C:3FB8H         LINE#         1255
  -------         ENDPROC       __SETREGISTRATIONMODE
  -------         PROC          _GETREGMODE
  C:41A3H         LINE#         1256
  C:41A3H         LINE#         1257
  C:41A3H         LINE#         1258
  C:41A8H         LINE#         1259
  -------         ENDPROC       _GETREGMODE
  -------         PROC          _IDCLEAR
  -------         DO            
  D:006AH         SYMBOL        i
  -------         ENDDO         
  C:3EDBH         LINE#         1266
  C:3EDBH         LINE#         1267
  C:3EDBH         LINE#         1270
  C:3EE0H         LINE#         1272
  C:3EF2H         LINE#         1273
  C:3EF2H         LINE#         1274
  C:3F01H         LINE#         1275
  C:3F05H         LINE#         1276
  C:3F0AH         LINE#         1278
  -------         ENDPROC       _IDCLEAR
  -------         PROC          __SWIN
  D:006BH         SYMBOL        sw
  C:3FDFH         LINE#         1290
  C:3FE1H         LINE#         1291
  C:3FE1H         LINE#         1292
  C:3FEFH         LINE#         1293
  C:3FF3H         LINE#         1294
  C:3FF3H         LINE#         1295
  C:4001H         LINE#         1296
  C:4001H         LINE#         1297
  -------         ENDPROC       __SWIN
  -------         PROC          __REQBUZZER
  D:004DH         SYMBOL        BEEP_on_SET
  D:004FH         SYMBOL        BEEP_off_SET
  D:0050H         SYMBOL        BEEP_freq_SET
  C:3A76H         LINE#         1299
  C:3A7EH         LINE#         1300
  C:3A7EH         LINE#         1301
  C:3A93H         LINE#         1302
  C:3A93H         LINE#         1303
  C:3A9DH         LINE#         1304
  C:3AA3H         LINE#         1305
  C:3AB3H         LINE#         1306
  C:3ABDH         LINE#         1307
BL51 BANKED LINKER/LOCATER V6.22.2.0                                                  03/24/2022  16:23:36  PAGE 57


  C:3AC3H         LINE#         1308
  C:3AC3H         LINE#         1309
  -------         ENDPROC       __REQBUZZER
  -------         PROC          TEST_MODE_CONTROL
  C:26DBH         LINE#         1311
  C:26DBH         LINE#         1312
  C:26DBH         LINE#         1314
  C:26E1H         LINE#         1315
  C:26E1H         LINE#         1316
  C:26EFH         LINE#         1317
  C:26EFH         LINE#         1318
  C:26FBH         LINE#         1319
  C:26FDH         LINE#         1320
  C:26FFH         LINE#         1321
  C:2702H         LINE#         1322
  C:2704H         LINE#         1323
  C:2704H         LINE#         1324
  C:2707H         LINE#         1325
  C:271CH         LINE#         1326
  C:271CH         LINE#         1327
  C:2728H         LINE#         1328
  C:272BH         LINE#         1329
  C:2735H         LINE#         1330
  C:2743H         LINE#         1331
  C:274FH         LINE#         1332
  C:2754H         LINE#         1333
  C:2754H         LINE#         1334
  C:2763H         LINE#         1336
  C:277AH         LINE#         1337
  C:277AH         LINE#         1338
  C:2786H         LINE#         1339
  C:2788H         LINE#         1340
  C:278BH         LINE#         1341
  C:278DH         LINE#         1342
  C:2799H         LINE#         1343
  C:2799H         LINE#         1344
  C:27A8H         LINE#         1346
  C:27C0H         LINE#         1347
  C:27C0H         LINE#         1348
  C:27CCH         LINE#         1349
  C:27CFH         LINE#         1350
  C:27D9H         LINE#         1351
  C:27E7H         LINE#         1352
  C:27ECH         LINE#         1353
  C:27F8H         LINE#         1354
  C:27F8H         LINE#         1355
  C:2807H         LINE#         1357
  C:280AH         LINE#         1358
  C:280DH         LINE#         1359
  C:281DH         LINE#         1360
  C:281DH         LINE#         1361
  C:2829H         LINE#         1362
  C:282CH         LINE#         1363
  C:282CH         LINE#         1364
  C:282EH         LINE#         1365
  C:2830H         LINE#         1366
  C:283CH         LINE#         1367
BL51 BANKED LINKER/LOCATER V6.22.2.0                                                  03/24/2022  16:23:36  PAGE 58


  C:2848H         LINE#         1368
  C:2854H         LINE#         1369
  -------         ENDPROC       TEST_MODE_CONTROL
  -------         ENDMOD        KEY_AND_OTHER

  -------         MODULE        EXIT_FUN
  C:0000H         SYMBOL        _ICE_DUMMY_
  D:0090H         PUBLIC        P1
  D:00A0H         PUBLIC        P2
  D:00C0H         PUBLIC        XICON
  D:00B0H         PUBLIC        P3
  D:00E8H         PUBLIC        P4
  D:00F8H         PUBLIC        P5
  C:37CEH         PUBLIC        _SetFixedLengthCode
  D:00F8H         PUBLIC        P6
  D:00A8H         PUBLIC        IE
  D:00B8H         PUBLIC        IP0L
  D:00D8H         PUBLIC        CCON
  D:0088H         PUBLIC        TCON
  B:00A0H.7       PUBLIC        P27
  C:2CADH         PUBLIC        SendTxData
  D:0098H         PUBLIC        S0CON
  D:0098H         PUBLIC        S1CON
  D:00C8H         PUBLIC        T2CON
  C:2B43H         PUBLIC        _SetTxData
  D:00D0H         PUBLIC        PSW
  -------         PROC          SENDTXDATA
  C:2CADH         LINE#         38
  C:2CADH         LINE#         39
  C:2CADH         LINE#         40
  C:2CAFH         LINE#         41
  C:2CBAH         LINE#         42
  C:2CBAH         LINE#         43
  C:2CEBH         LINE#         44
  C:2CF1H         LINE#         45
  C:2CFAH         LINE#         46
  C:2CFDH         LINE#         48
  C:2CFDH         LINE#         49
  C:2D2AH         LINE#         50
  C:2D66H         LINE#         51
  C:2D93H         LINE#         52
  C:2D99H         LINE#         53
  C:2DA2H         LINE#         54
  C:2DA2H         LINE#         55
  C:2DAEH         LINE#         56
  C:2DC1H         LINE#         57
  C:2DCBH         LINE#         58
  C:2DD1H         LINE#         59
  -------         ENDPROC       SENDTXDATA
  -------         PROC          _SETTXDATA
  D:0031H         SYMBOL        count_set
  D:0032H         SYMBOL        ID_data_set
  D:0036H         SYMBOL        Control_code_set
  -------         DO            
  I:0073H         SYMBOL        unii
  I:0075H         SYMBOL        unij
  I:0077H         SYMBOL        unik
BL51 BANKED LINKER/LOCATER V6.22.2.0                                                  03/24/2022  16:23:36  PAGE 59


  -------         ENDDO         
  C:2B43H         LINE#         61
  C:2B45H         LINE#         62
  C:2B45H         LINE#         65
  C:2B51H         LINE#         66
  C:2B65H         LINE#         67
  C:2B79H         LINE#         68
  C:2B85H         LINE#         69
  C:2B99H         LINE#         70
  C:2BADH         LINE#         71
  C:2BB9H         LINE#         72
  C:2BCDH         LINE#         73
  C:2BE1H         LINE#         75
  C:2BEDH         LINE#         76
  C:2C01H         LINE#         77
  C:2C15H         LINE#         79
  C:2C19H         LINE#         80
  C:2C1DH         LINE#         81
  C:2C21H         LINE#         82
  C:2C25H         LINE#         83
  C:2C40H         LINE#         84
  C:2C4EH         LINE#         85
  C:2C62H         LINE#         86
  C:2C76H         LINE#         87
  C:2C84H         LINE#         88
  C:2C98H         LINE#         89
  C:2CACH         LINE#         90
  -------         ENDPROC       _SETTXDATA
  -------         PROC          _SETFIXEDLENGTHCODE
  D:006CH         SYMBOL        Data
  -------         DO            
  I:0079H         SYMBOL        Code
  I:007BH         SYMBOL        i
  -------         ENDDO         
  C:37CEH         LINE#         92
  C:37D0H         LINE#         93
  C:37D0H         LINE#         97
  C:37E5H         LINE#         98
  C:37E5H         LINE#         99
  C:37FEH         LINE#         100
  C:3803H         LINE#         101
  C:3803H         LINE#         102
  C:380FH         LINE#         103
  C:3811H         LINE#         105
  C:3811H         LINE#         106
  C:381DH         LINE#         108
  C:381DH         LINE#         109
  C:3823H         LINE#         110
  C:3828H         LINE#         111
  C:382FH         LINE#         112
  -------         ENDPROC       _SETFIXEDLENGTHCODE
  -------         ENDMOD        EXIT_FUN

  -------         MODULE        ?C?FPADD
  C:0055H         PUBLIC        ?C?FPADD
  C:0051H         PUBLIC        ?C?FPSUB
  -------         ENDMOD        ?C?FPADD
BL51 BANKED LINKER/LOCATER V6.22.2.0                                                  03/24/2022  16:23:36  PAGE 60



  -------         MODULE        ?C?FPMUL
  C:0146H         PUBLIC        ?C?FPMUL
  -------         ENDMOD        ?C?FPMUL

  -------         MODULE        ?C?FPDIV
  C:024FH         PUBLIC        ?C?FPDIV
  -------         ENDMOD        ?C?FPDIV

  -------         MODULE        ?C?FCAST
  C:02F6H         PUBLIC        ?C?FCASTC
  C:02F1H         PUBLIC        ?C?FCASTI
  C:02ECH         PUBLIC        ?C?FCASTL
  -------         ENDMOD        ?C?FCAST

  -------         MODULE        ?C?CASTF
  C:032AH         PUBLIC        ?C?CASTF
  -------         ENDMOD        ?C?CASTF

  -------         MODULE        ?C?COPY
  C:047BH         PUBLIC        ?C?COPY
  -------         ENDMOD        ?C?COPY

  -------         MODULE        ?C?CLDPTR
  C:04A1H         PUBLIC        ?C?CLDPTR
  -------         ENDMOD        ?C?CLDPTR

  -------         MODULE        ?C?CLDOPTR
  C:04BAH         PUBLIC        ?C?CLDOPTR
  -------         ENDMOD        ?C?CLDOPTR

  -------         MODULE        ?C?CSTPTR
  C:04E7H         PUBLIC        ?C?CSTPTR
  -------         ENDMOD        ?C?CSTPTR

  -------         MODULE        ?C?CSTOPTR
  C:04F9H         PUBLIC        ?C?CSTOPTR
  -------         ENDMOD        ?C?CSTOPTR

  -------         MODULE        ?C?IILDX
  C:051BH         PUBLIC        ?C?IILDX
  -------         ENDMOD        ?C?IILDX

  -------         MODULE        ?C?ILDIX
  C:0531H         PUBLIC        ?C?ILDIX
  -------         ENDMOD        ?C?ILDIX

  -------         MODULE        ?C?LMUL
  C:0547H         PUBLIC        ?C?LMUL
  -------         ENDMOD        ?C?LMUL

  -------         MODULE        ?C?ULDIV
  C:05D2H         PUBLIC        ?C?ULDIV
  -------         ENDMOD        ?C?ULDIV

  -------         MODULE        ?C?SLDIV
  C:3B52H         PUBLIC        ?C?SLDIV
BL51 BANKED LINKER/LOCATER V6.22.2.0                                                  03/24/2022  16:23:36  PAGE 61


  -------         ENDMOD        ?C?SLDIV

  -------         MODULE        ?C?LNEG
  C:0664H         PUBLIC        ?C?LNEG
  -------         ENDMOD        ?C?LNEG

  -------         MODULE        ?C?ULCMP
  C:0672H         PUBLIC        ?C?ULCMP
  -------         ENDMOD        ?C?ULCMP

  -------         MODULE        ?C?ULSHR
  C:0683H         PUBLIC        ?C?ULSHR
  -------         ENDMOD        ?C?ULSHR

  -------         MODULE        ?C?LSTXDATA
  C:0696H         PUBLIC        ?C?LSTXDATA
  -------         ENDMOD        ?C?LSTXDATA

  -------         MODULE        ?C?LSTKXDATA
  C:06A2H         PUBLIC        ?C?LSTKXDATA
  -------         ENDMOD        ?C?LSTKXDATA

  -------         MODULE        ?C?CCASE
  C:06D3H         PUBLIC        ?C?CCASE
  -------         ENDMOD        ?C?CCASE

Program Size: data=128.3 xdata=961 code=16825
LINK/LOCATE RUN COMPLETE.  0 WARNING(S),  0 ERROR(S)
