BL51 BANKED LINKER/LOCATER V6.22.2.0                                                    06/13/2022  14:10:39  PAGE 1


BL51 BANKED LINKER/LOCATER V6.22.2.0, INVOKED BY:
C:\KEIL_V5\C51\BIN\BL51.EXE .\Objects\main.obj, .\Objects\sys.obj, .\Objects\gpio.obj, .\Objects\timer.obj, .\Objects\ua
>> rt.obj, .\Objects\IAP_flash.obj, .\Objects\spi.obj, .\Objects\ram.obj, .\Objects\ML7345.obj, .\Objects\ML7345_HAL.obj
>> , .\Objects\adc.obj, .\Objects\key_and_Other.obj, .\Objects\EXIT_FUN.obj TO .\Objects\STX0031_MA82G5B32_Pro PRINT (.\
>> Listings\STX0031_MA82G5B32_Pro.m51) RAMSIZE (256) CODE (0X0000-0X7FFF) XDATA (0X0000-0X06FF)


MEMORY MODEL: SMALL WITH FLOATING POINT ARITHMETIC


INPUT MODULES INCLUDED:
  .\Objects\main.obj (MAIN)
  .\Objects\sys.obj (SYS)
  .\Objects\gpio.obj (GPIO)
  .\Objects\timer.obj (TIMER)
  .\Objects\uart.obj (UART)
  .\Objects\IAP_flash.obj (IAP_FLASH)
  .\Objects\spi.obj (SPI)
  .\Objects\ram.obj (RAM)
  .\Objects\ML7345.obj (ML7345)
  .\Objects\ML7345_HAL.obj (ML7345_HAL)
  .\Objects\adc.obj (ADC)
  .\Objects\key_and_Other.obj (KEY_AND_OTHER)
  .\Objects\EXIT_FUN.obj (EXIT_FUN)
  C:\KEIL_V5\C51\LIB\C51FPS.LIB (?C?FPADD)
  C:\KEIL_V5\C51\LIB\C51FPS.LIB (?C?FPMUL)
  C:\KEIL_V5\C51\LIB\C51FPS.LIB (?C?FPDIV)
  C:\KEIL_V5\C51\LIB\C51FPS.LIB (?C?FCAST)
  C:\KEIL_V5\C51\LIB\C51FPS.LIB (?C?CASTF)
  C:\KEIL_V5\C51\LIB\C51FPS.LIB (?C?FPGETOPN)
  C:\KEIL_V5\C51\LIB\C51S.LIB (?C_STARTUP)
  C:\KEIL_V5\C51\LIB\C51S.LIB (?C?COPY)
  C:\KEIL_V5\C51\LIB\C51S.LIB (?C?CLDPTR)
  C:\KEIL_V5\C51\LIB\C51S.LIB (?C?CLDOPTR)
  C:\KEIL_V5\C51\LIB\C51S.LIB (?C?CSTPTR)
  C:\KEIL_V5\C51\LIB\C51S.LIB (?C?CSTOPTR)
  C:\KEIL_V5\C51\LIB\C51S.LIB (?C?IILDX)
  C:\KEIL_V5\C51\LIB\C51S.LIB (?C?ILDIX)
  C:\KEIL_V5\C51\LIB\C51S.LIB (?C?LMUL)
  C:\KEIL_V5\C51\LIB\C51S.LIB (?C?ULDIV)
  C:\KEIL_V5\C51\LIB\C51S.LIB (?C?SLDIV)
  C:\KEIL_V5\C51\LIB\C51S.LIB (?C?LNEG)
  C:\KEIL_V5\C51\LIB\C51S.LIB (?C?ULCMP)
  C:\KEIL_V5\C51\LIB\C51S.LIB (?C?ULSHR)
  C:\KEIL_V5\C51\LIB\C51S.LIB (?C?LSTXDATA)
  C:\KEIL_V5\C51\LIB\C51S.LIB (?C?LSTKXDATA)
  C:\KEIL_V5\C51\LIB\C51S.LIB (?C?CCASE)
  C:\KEIL_V5\C51\LIB\C51S.LIB (?C_INIT)


LINK MAP OF MODULE:  .\Objects\STX0031_MA82G5B32_Pro (MAIN)


            TYPE    BASE      LENGTH    RELOCATION   SEGMENT NAME
            -----------------------------------------------------

            * * * * * * *   D A T A   M E M O R Y   * * * * * * *
            REG     0000H     0008H     ABSOLUTE     "REG BANK 0"
BL51 BANKED LINKER/LOCATER V6.22.2.0                                                  06/13/2022  14:10:39  PAGE 2


            DATA    0008H     0011H     UNIT         ?DT?KEY_AND_OTHER
            DATA    0019H     0007H     UNIT         ?DT?_IAP_WRITEBUF_WITH_PROTECT_VERIFY?IAP_FLASH
            BIT     0020H.0   0000H.1   UNIT         ?BI?_UART0SENDBYTE?UART
            BIT     0020H.1   0000H.1   UNIT         ?BI?_IAP_WRITEPPAGE?IAP_FLASH
            BIT     0020H.2   0000H.1   UNIT         ?BI?_IAP_WRITEBUF_WITH_PROTECT_VERIFY?IAP_FLASH
                    0020H.3   0000H.5                *** GAP ***
            DATA    0021H     0009H     UNIT         ?DT?_ATOL?KEY_AND_OTHER
            DATA    002AH     0007H     UNIT         ?DT?_ML7345_FREQUENCY_CALCUL?ML7345_HAL
            DATA    0031H     0006H     UNIT         ?DT?_SETTXDATA?EXIT_FUN
            DATA    0037H     0005H     UNIT         ?DT?_ML7345_WRITE_FIFO?SPI
            DATA    003CH     0005H     UNIT         ?DT?_RF_ML7345_INIT?ML7345
            DATA    0041H     0004H     UNIT         ?DT?_SEND_DATA?UART
            DATA    0045H     0004H     UNIT         ?DT?_ML7345_FREQUENCY_SET?ML7345_HAL
            DATA    0049H     0004H     UNIT         ?DT?_ML7345_AUTOTX_DATA?ML7345_HAL
            DATA    004DH     0004H     UNIT         ?DT?__REQBUZZER?KEY_AND_OTHER
            DATA    0051H     0003H     UNIT         ?DT?_ASC_HEX_2?UART
            DATA    0054H     0003H     UNIT         ?DT?__REQTXDEDIT?KEY_AND_OTHER
            DATA    0057H     0002H     UNIT         ?DT?_IAP_WRITEPPAGE?IAP_FLASH
            DATA    0059H     0002H     UNIT         ?DT?_ML7345_WRITE_REG?SPI
            DATA    005BH     0001H     UNIT         ?DT?_DELAYXUS?TIMER
            DATA    005CH     0001H     UNIT         ?DT?_DELAY_MS?TIMER
            DATA    005DH     0001H     UNIT         ?DT?_UART0SENDBYTE?UART
            DATA    005EH     0001H     UNIT         ?DT?_ASC_HEX?UART
            DATA    005FH     0001H     UNIT         ?DT?_HEX_ASC?UART
            DATA    0060H     0001H     UNIT         ?DT?_SPI_DELAY?SPI
            DATA    0061H     0001H     UNIT         ?DT?_SPI1_SENDRECV_DATA?SPI
            DATA    0062H     0001H     UNIT         ?DT?_ML7345_READ_REG?SPI
            DATA    0063H     0001H     UNIT         ?DT?_TX_DATA_TEST?ML7345
            DATA    0064H     0001H     UNIT         ?DT?_ML7345_AUTOSTATETRANSITION_SET?ML7345_HAL
            DATA    0065H     0001H     UNIT         ?DT?_ML7345_SETANDGET_STATE?ML7345_HAL
            DATA    0066H     0001H     UNIT         ?DT?_ML7345_STATEFLAG_CLEAR?ML7345_HAL
            DATA    0067H     0001H     UNIT         ?DT?__PASS3SECKEY?KEY_AND_OTHER
            DATA    0068H     0001H     UNIT         ?DT?_DUPLIFUNCSETMODE?KEY_AND_OTHER
            DATA    0069H     0001H     UNIT         ?DT?__SETREGISTRATIONMODE?KEY_AND_OTHER
            DATA    006AH     0001H     UNIT         ?DT?_IDCLEAR?KEY_AND_OTHER
            DATA    006BH     0001H     UNIT         ?DT?__SWIN?KEY_AND_OTHER
            DATA    006CH     0001H     UNIT         ?DT?_SETFIXEDLENGTHCODE?EXIT_FUN
            IDATA   006DH     0007H     UNIT         ?ID?RAM
            IDATA   0074H     0006H     UNIT         ?ID?_SETTXDATA?EXIT_FUN
            IDATA   007AH     0003H     UNIT         ?ID?_SETFIXEDLENGTHCODE?EXIT_FUN
            IDATA   007DH     0001H     UNIT         ?ID?INT_UART0?UART
            IDATA   007EH     0001H     UNIT         ?ID?EEPROM_SYS_LOAD?IAP_FLASH
            IDATA   007FH     0001H     UNIT         ?ID?ML7345_TRX_DEL?ML7345
            IDATA   0080H     0001H     UNIT         ?ID?_KEYINTX?KEY_AND_OTHER
            IDATA   0081H     0001H     UNIT         ?STACK

            * * * * * * *  X D A T A   M E M O R Y  * * * * * * *
            XDATA   0000H     0209H     UNIT         ?XD?IAP_FLASH
            XDATA   0209H     00B1H     UNIT         ?XD?RAM
            XDATA   02BAH     007FH     UNIT         ?XD?ML7345
            XDATA   0339H     007EH     UNIT         ?XD?UART
            XDATA   03B7H     000CH     UNIT         ?XD?ML7345_HAL
            XDATA   03C3H     0005H     UNIT         ?XD?ADC
            XDATA   03C8H     0002H     UNIT         ?XD?TIMER
            XDATA   03CAH     0002H     UNIT         ?XD?SPI

            * * * * * * *   C O D E   M E M O R Y   * * * * * * *
BL51 BANKED LINKER/LOCATER V6.22.2.0                                                  06/13/2022  14:10:39  PAGE 3


            CODE    0000H     0003H     ABSOLUTE     
            CODE    0003H     0003H     ABSOLUTE     
            CODE    0006H     0005H     UNIT         ?PR?BEEP_OFF?TIMER
            CODE    000BH     0003H     ABSOLUTE     
            CODE    000EH     0005H     UNIT         ?PR?UART1_END?UART
            CODE    0013H     0003H     ABSOLUTE     
            CODE    0016H     000CH     UNIT         ?PR?INIT_INT1?GPIO
            CODE    0022H     0001H     UNIT         ?PR?_FUNCAUTOTXSTART?KEY_AND_OTHER
            CODE    0023H     0003H     ABSOLUTE     
            CODE    0026H     0025H     UNIT         ?PR?_GETNOPUSHSTATE?KEY_AND_OTHER
            CODE    004BH     0003H     ABSOLUTE     
            CODE    004EH     06ABH     UNIT         ?C?LIB_CODE
            CODE    06F9H     0627H     UNIT         ?PR?PC_PRG?UART
            CODE    0D20H     03DEH     UNIT         ?PR?_DUPLIFUNCSETMODE?KEY_AND_OTHER
            CODE    10FEH     03D5H     UNIT         ?PR?_RF_ML7345_INIT?ML7345
            CODE    14D3H     0396H     UNIT         ?PR?EEPROM_SYS_LOAD?IAP_FLASH
            CODE    1869H     030BH     UNIT         ?PR?_KEYINTX?KEY_AND_OTHER
            CODE    1B74H     02BDH     UNIT         ?C_INITSEG
            CODE    1E31H     0282H     UNIT         ?PR?_ML7345_FREQUENCY_CALCUL?ML7345_HAL
            CODE    20B3H     026BH     UNIT         ?PR?_FUNCSTOP?KEY_AND_OTHER
            CODE    231EH     022CH     UNIT         ?PR?_IAP_WRITEBUF_WITH_PROTECT_VERIFY?IAP_FLASH
            CODE    254AH     0220H     UNIT         ?PR?KEY_CHECK?KEY_AND_OTHER
            CODE    276AH     021FH     UNIT         ?PR?TEST_MODE_CONTROL?KEY_AND_OTHER
            CODE    2989H     020FH     UNIT         ?PR?ADC_INQUIRE?ADC
            CODE    2B98H     01C6H     UNIT         ?PR?__REQTXDEDIT?KEY_AND_OTHER
            CODE    2D5EH     0178H     UNIT         ?PR?_ML7345_FREQUENCY_SET?ML7345_HAL
            CODE    2ED6H     0176H     UNIT         ?PR?_REGISTRATIONMODE?KEY_AND_OTHER
            CODE    304CH     016AH     UNIT         ?PR?_SETTXDATA?EXIT_FUN
            CODE    31B6H     012FH     UNIT         ?PR?SENDTXDATA?EXIT_FUN
            CODE    32E5H     0106H     UNIT         ?PR?MAIN?MAIN
            CODE    33EBH     0102H     UNIT         ?PR?ML7345_TRX_DEL?ML7345
            CODE    34EDH     00EFH     UNIT         ?PR?_ML7345_SETANDGET_STATE?ML7345_HAL
            CODE    35DCH     00E7H     UNIT         ?PR?INT_ADC?ADC
            CODE    36C3H     00DCH     UNIT         ?PR?_FUNCREG?KEY_AND_OTHER
            CODE    379FH     00C5H     UNIT         ?PR?ML7345_DATARATE_SET_4_8K?ML7345_HAL
            CODE    3864H     00BBH     UNIT         ?PR?INT_UART0?UART
            CODE    391FH     00B7H     UNIT         ?PR?ML7345_DATARATE_SET_1_2K?ML7345_HAL
            CODE    39D6H     00ACH     UNIT         ?PR?INT_T0?TIMER
            CODE    3A82H     009DH     UNIT         ?PR?TIME_CONTROL?KEY_AND_OTHER
            CODE    3B1FH     008CH     UNIT         ?C_C51STARTUP
            CODE    3BABH     0089H     UNIT         ?PR?_INIT_RAM?RAM
            CODE    3C34H     0078H     UNIT         ?PR?_ATOL?KEY_AND_OTHER
            CODE    3CACH     0077H     UNIT         ?PR?_ML7345_WRITE_FIFO?SPI
            CODE    3D23H     0074H     UNIT         ?PR?AD_CONTROL?ADC
            CODE    3D97H     0062H     UNIT         ?PR?_SETFIXEDLENGTHCODE?EXIT_FUN
            CODE    3DF9H     005CH     UNIT         ?PR?_FUNCOPENREG?KEY_AND_OTHER
            CODE    3E55H     0052H     UNIT         ?PR?_FUNCNOPUSH?KEY_AND_OTHER
            CODE    3EA7H     0050H     UNIT         ?PR?_FUNCCLOSEREG?KEY_AND_OTHER
            CODE    3EF7H     0050H     UNIT         ?PR?_FUNCVENTREG?KEY_AND_OTHER
            CODE    3F47H     0050H     UNIT         ?PR?_FUNCSTOPREG?KEY_AND_OTHER
            CODE    3F97H     004FH     UNIT         ?PR?_TX_DATA_TEST?ML7345
            CODE    3FE6H     004EH     UNIT         ?PR?__REQBUZZER?KEY_AND_OTHER
            CODE    4034H     0045H     UNIT         ?PR?INIT_PCA_PWM?TIMER
            CODE    4079H     0044H     UNIT         ?C?LDIV
            CODE    40BDH     0041H     UNIT         ?PR?WAITSTATUS_COMPLETE?ML7345_HAL
            CODE    40FEH     003EH     UNIT         ?PR?INIT_PORT?GPIO
            CODE    413CH     003DH     UNIT         ?PR?_SEND_DATA?UART
BL51 BANKED LINKER/LOCATER V6.22.2.0                                                  06/13/2022  14:10:39  PAGE 4


            CODE    4179H     003DH     UNIT         ?PR?_CLEARSPECIALMULTIKEYSTATE?KEY_AND_OTHER
            CODE    41B6H     003CH     UNIT         ?PR?_ML7345_AUTOTX_DATA?ML7345_HAL
            CODE    41F2H     003BH     UNIT         ?PR?INT_INT0?GPIO
            CODE    422DH     003BH     UNIT         ?PR?INT_INT1?GPIO
            CODE    4268H     003AH     UNIT         ?PR?_ML7345_READ_REG?SPI
            CODE    42A2H     0039H     UNIT         ?PR?INIT_CLOCK?SYS
            CODE    42DBH     0039H     UNIT         ?PR?_ML7345_STATEFLAG_CLEAR?ML7345_HAL
            CODE    4314H     0034H     UNIT         ?PR?INIT_UART0_T1?UART
            CODE    4348H     0034H     UNIT         ?PR?__PASS3SECKEY?KEY_AND_OTHER
            CODE    437CH     0032H     UNIT         ?PR?SETREG_RSSI?ML7345_HAL
            CODE    43AEH     0031H     UNIT         ?PR?_ML7345_WRITE_REG?SPI
            CODE    43DFH     0031H     UNIT         ?PR?_FUNCOPENSTOP?KEY_AND_OTHER
            CODE    4410H     0030H     UNIT         ?PR?_HEX_ASC?UART
            CODE    4440H     0030H     UNIT         ?PR?_IDCLEAR?KEY_AND_OTHER
            CODE    4470H     002FH     UNIT         ?PR?_ML7345_AUTOSTATETRANSITION_SET?ML7345_HAL
            CODE    449FH     002DH     UNIT         ?PR?_ASC_HEX?UART
            CODE    44CCH     002BH     UNIT         ?PR?_IAP_WRITEPPAGE?IAP_FLASH
            CODE    44F7H     0027H     UNIT         ?PR?__SETREGISTRATIONMODE?KEY_AND_OTHER
            CODE    451EH     0026H     UNIT         ?PR?_DUPLIFUNCCLEAR?KEY_AND_OTHER
            CODE    4544H     0023H     UNIT         ?PR?__SWIN?KEY_AND_OTHER
            CODE    4567H     0021H     UNIT         ?PR?INIT_TIMER0?TIMER
            CODE    4588H     001EH     UNIT         ?PR?_ASC_HEX_2?UART
            CODE    45A6H     001DH     UNIT         ?PR?ML7345_ALLSTATEFLAG_CLEAR?ML7345_HAL
            CODE    45C3H     001BH     UNIT         ?PR?_SPI1_SENDRECV_DATA?SPI
            CODE    45DEH     0019H     UNIT         ?PR?INIT_SPI?SPI
            CODE    45F7H     0019H     UNIT         ?PR?INIT_ADC?ADC
            CODE    4610H     0016H     UNIT         ?PR?_DELAY_MS?TIMER
            CODE    4626H     0016H     UNIT         ?PR?ML7345_GPIO0TXDONEINT_ENABLE?ML7345_HAL
            CODE    463CH     0015H     UNIT         ?PR?SPIGPIO_INIT?GPIO
            CODE    4651H     0015H     UNIT         ?PR?SPIGPIO_UNINIT?GPIO
            CODE    4666H     0015H     UNIT         ?PR?_UART0SENDBYTE?UART
            CODE    467BH     0014H     UNIT         ?PR?INIT_WDT?SYS
            CODE    468FH     0012H     UNIT         ?PR?_SETKEYCHATTERCOUNT?KEY_AND_OTHER
            CODE    46A1H     0011H     UNIT         ?PR?_DELAYXUS?TIMER
            CODE    46B2H     000EH     UNIT         ?CO?UART
            CODE    46C0H     000BH     UNIT         ?PR?INIT_IAP_FLASH?IAP_FLASH
            CODE    46CBH     000BH     UNIT         ?PR?DD_SET_ML7345D_POWER_ON?ML7345
            CODE    46D6H     000AH     UNIT         ?PR?_SPI_DELAY?SPI
            CODE    46E0H     000AH     UNIT         ?PR?ML7345_RESETN_SET?ML7345_HAL
            CODE    46EAH     0006H     UNIT         ?PR?INIT_INTERRUPT?GPIO
            CODE    46F0H     0006H     UNIT         ?PR?_GETREGMODE?KEY_AND_OTHER
            CODE    46F6H     0004H     UNIT         ?PR?CLEARWDT?SYS
            CODE    46FAH     0004H     UNIT         ?PR?INIT_BEEP?TIMER
            CODE    46FEH     0004H     UNIT         ?PR?ADC_START?ADC
            CODE    4702H     0003H     UNIT         ?PR?BEEP_ON?TIMER
            CODE    4705H     0001H     UNIT         ?PR?_FUNCAUTOTXSTOP?KEY_AND_OTHER



OVERLAY MAP OF MODULE:   .\Objects\STX0031_MA82G5B32_Pro (MAIN)


SEGMENT
  +--> CALLED SEGMENT
---------------------
?PR?INT_INT0?GPIO
  +--> ?PR?ML7345_TRX_DEL?ML7345
BL51 BANKED LINKER/LOCATER V6.22.2.0                                                  06/13/2022  14:10:39  PAGE 5



?PR?ML7345_TRX_DEL?ML7345
  +--> ?PR?_ML7345_READ_REG?SPI
  +--> ?PR?_ML7345_STATEFLAG_CLEAR?ML7345_HAL
  +--> ?PR?_ML7345_AUTOTX_DATA?ML7345_HAL
  +--> ?PR?_ML7345_SETANDGET_STATE?ML7345_HAL
  +--> ?PR?SPIGPIO_UNINIT?GPIO

?PR?_ML7345_READ_REG?SPI
  +--> ?PR?_SPI_DELAY?SPI
  +--> ?PR?_SPI1_SENDRECV_DATA?SPI

?PR?_ML7345_STATEFLAG_CLEAR?ML7345_HAL
  +--> ?PR?_ML7345_WRITE_REG?SPI

?PR?_ML7345_WRITE_REG?SPI
  +--> ?PR?_SPI_DELAY?SPI
  +--> ?PR?_SPI1_SENDRECV_DATA?SPI

?PR?_ML7345_AUTOTX_DATA?ML7345_HAL
  +--> ?PR?_ML7345_WRITE_REG?SPI
  +--> ?PR?_ML7345_AUTOSTATETRANSITION_SET?M...
  +--> ?PR?_ML7345_WRITE_FIFO?SPI

?PR?_ML7345_AUTOSTATETRANSITION_SET?M...
  +--> ?PR?_ML7345_WRITE_REG?SPI

?PR?_ML7345_WRITE_FIFO?SPI
  +--> ?PR?_SPI_DELAY?SPI
  +--> ?PR?_SPI1_SENDRECV_DATA?SPI

?PR?_ML7345_SETANDGET_STATE?ML7345_HAL
  +--> ?PR?_ML7345_WRITE_REG?SPI
  +--> ?PR?_ML7345_READ_REG?SPI
  +--> ?PR?WAITSTATUS_COMPLETE?ML7345_HAL
  +--> ?PR?_ML7345_FREQUENCY_CALCUL?ML7345_HAL
  +--> ?PR?CLEARWDT?SYS
  +--> ?PR?_RF_ML7345_INIT?ML7345

?PR?WAITSTATUS_COMPLETE?ML7345_HAL
  +--> ?PR?_ML7345_WRITE_REG?SPI
  +--> ?PR?_ML7345_READ_REG?SPI
  +--> ?PR?CLEARWDT?SYS

?PR?_RF_ML7345_INIT?ML7345
  +--> ?PR?SPIGPIO_INIT?GPIO
  +--> ?PR?ML7345_RESETN_SET?ML7345_HAL
  +--> ?PR?_ML7345_READ_REG?SPI
  +--> ?PR?_ML7345_WRITE_REG?SPI
  +--> ?PR?SETREG_RSSI?ML7345_HAL
  +--> ?PR?ML7345_DATARATE_SET_4_8K?ML7345_HAL
  +--> ?PR?ML7345_DATARATE_SET_1_2K?ML7345_HAL
  +--> ?PR?ML7345_ALLSTATEFLAG_CLEAR?ML7345_HAL
  +--> ?PR?ML7345_GPIO0TXDONEINT_ENABLE?ML73...

?PR?ML7345_RESETN_SET?ML7345_HAL
  +--> ?PR?_DELAY_MS?TIMER
BL51 BANKED LINKER/LOCATER V6.22.2.0                                                  06/13/2022  14:10:39  PAGE 6



?PR?_DELAY_MS?TIMER
  +--> ?PR?_DELAYXUS?TIMER

?PR?SETREG_RSSI?ML7345_HAL
  +--> ?PR?_ML7345_WRITE_REG?SPI

?PR?ML7345_DATARATE_SET_4_8K?ML7345_HAL
  +--> ?PR?_ML7345_WRITE_REG?SPI

?PR?ML7345_DATARATE_SET_1_2K?ML7345_HAL
  +--> ?PR?_ML7345_WRITE_REG?SPI

?PR?ML7345_ALLSTATEFLAG_CLEAR?ML7345_HAL
  +--> ?PR?_ML7345_WRITE_REG?SPI

?PR?ML7345_GPIO0TXDONEINT_ENABLE?ML73...
  +--> ?PR?_ML7345_WRITE_REG?SPI

*** NEW ROOT ***************************************************

?PR?INT_INT1?GPIO
  +--> ?PR?ML7345_TRX_DEL?ML7345

*** NEW ROOT ***************************************************

?C_C51STARTUP
  +--> ?PR?MAIN?MAIN
  +--> ?C_INITSEG

?PR?MAIN?MAIN
  +--> ?PR?INIT_WDT?SYS
  +--> ?PR?INIT_CLOCK?SYS
  +--> ?PR?INIT_IAP_FLASH?IAP_FLASH
  +--> ?PR?INIT_TIMER0?TIMER
  +--> ?PR?EEPROM_SYS_LOAD?IAP_FLASH
  +--> ?PR?INIT_PORT?GPIO
  +--> ?PR?INIT_SPI?SPI
  +--> ?PR?INIT_ADC?ADC
  +--> ?PR?_INIT_RAM?RAM
  +--> ?PR?INIT_BEEP?TIMER
  +--> ?PR?TEST_MODE_CONTROL?KEY_AND_OTHER
  +--> ?PR?INIT_INTERRUPT?GPIO
  +--> ?PR?ADC_START?ADC
  +--> ?PR?CLEARWDT?SYS
  +--> ?PR?ADC_INQUIRE?ADC
  +--> ?PR?KEY_CHECK?KEY_AND_OTHER
  +--> ?PR?TIME_CONTROL?KEY_AND_OTHER
  +--> ?PR?AD_CONTROL?ADC

?PR?INIT_IAP_FLASH?IAP_FLASH
  +--> ?PR?_IAP_WRITEPPAGE?IAP_FLASH

?PR?EEPROM_SYS_LOAD?IAP_FLASH
  +--> ?PR?_ML7345_FREQUENCY_CALCUL?ML7345_HAL

?PR?_INIT_RAM?RAM
BL51 BANKED LINKER/LOCATER V6.22.2.0                                                  06/13/2022  14:10:39  PAGE 7


  +--> ?PR?_SETKEYCHATTERCOUNT?KEY_AND_OTHER
  +--> ?PR?_CLEARSPECIALMULTIKEYSTATE?KEY_AN...

?PR?INIT_BEEP?TIMER
  +--> ?PR?INIT_PCA_PWM?TIMER

?PR?TEST_MODE_CONTROL?KEY_AND_OTHER
  +--> ?PR?ADC_INQUIRE?ADC
  +--> ?PR?INIT_UART0_T1?UART
  +--> ?PR?ADC_START?ADC
  +--> ?PR?BEEP_ON?TIMER
  +--> ?PR?BEEP_OFF?TIMER
  +--> ?PR?CLEARWDT?SYS
  +--> ?PR?DD_SET_ML7345D_POWER_ON?ML7345
  +--> ?PR?_RF_ML7345_INIT?ML7345
  +--> ?PR?_TX_DATA_TEST?ML7345
  +--> ?PR?SPIGPIO_UNINIT?GPIO
  +--> ?PR?PC_PRG?UART
  +--> ?PR?UART1_END?UART

?PR?DD_SET_ML7345D_POWER_ON?ML7345
  +--> ?PR?_DELAY_MS?TIMER

?PR?_TX_DATA_TEST?ML7345
  +--> ?PR?_ML7345_WRITE_REG?SPI
  +--> ?PR?_ML7345_SETANDGET_STATE?ML7345_HAL

?PR?PC_PRG?UART
  +--> ?CO?UART
  +--> ?PR?_ASC_HEX_2?UART
  +--> ?PR?_IAP_WRITEBUF_WITH_PROTECT_VERIFY...
  +--> ?PR?_SEND_DATA?UART
  +--> ?PR?_HEX_ASC?UART
  +--> ?PR?DD_SET_ML7345D_POWER_ON?ML7345
  +--> ?PR?_RF_ML7345_INIT?ML7345
  +--> ?PR?_TX_DATA_TEST?ML7345
  +--> ?PR?_ML7345_SETANDGET_STATE?ML7345_HAL
  +--> ?PR?SPIGPIO_UNINIT?GPIO
  +--> ?PR?_ML7345_FREQUENCY_CALCUL?ML7345_HAL
  +--> ?PR?_ML7345_FREQUENCY_SET?ML7345_HAL

?PR?_ASC_HEX_2?UART
  +--> ?PR?_ASC_HEX?UART

?PR?_IAP_WRITEBUF_WITH_PROTECT_VERIFY...
  +--> ?PR?CLEARWDT?SYS

?PR?_SEND_DATA?UART
  +--> ?PR?_UART0SENDBYTE?UART

?PR?_ML7345_FREQUENCY_SET?ML7345_HAL
  +--> ?PR?_ML7345_SETANDGET_STATE?ML7345_HAL
  +--> ?PR?_ML7345_WRITE_REG?SPI
  +--> ?PR?ML7345_DATARATE_SET_1_2K?ML7345_HAL
  +--> ?PR?ML7345_DATARATE_SET_4_8K?ML7345_HAL
  +--> ?PR?_ML7345_READ_REG?SPI

BL51 BANKED LINKER/LOCATER V6.22.2.0                                                  06/13/2022  14:10:39  PAGE 8


?PR?INIT_INTERRUPT?GPIO
  +--> ?PR?INIT_INT1?GPIO

?PR?KEY_CHECK?KEY_AND_OTHER
  +--> ?PR?BEEP_ON?TIMER
  +--> ?PR?BEEP_OFF?TIMER
  +--> ?PR?_KEYINTX?KEY_AND_OTHER
  +--> ?PR?_REGISTRATIONMODE?KEY_AND_OTHER
  +--> ?PR?_DUPLIFUNCSETMODE?KEY_AND_OTHER
  +--> ?PR?CLEARWDT?SYS

?PR?_KEYINTX?KEY_AND_OTHER
  +--> ?PR?__SWIN?KEY_AND_OTHER
  +--> ?PR?_SETKEYCHATTERCOUNT?KEY_AND_OTHER
  +--> ?PR?_CLEARSPECIALMULTIKEYSTATE?KEY_AN...
  +--> ?PR?_DUPLIFUNCCLEAR?KEY_AND_OTHER
  +--> ?PR?_FUNCREG?KEY_AND_OTHER
  +--> ?PR?_FUNCSTOP?KEY_AND_OTHER
  +--> ?PR?_FUNCOPENSTOP?KEY_AND_OTHER
  +--> ?PR?_FUNCOPENREG?KEY_AND_OTHER
  +--> ?PR?_FUNCSTOPREG?KEY_AND_OTHER
  +--> ?PR?_FUNCCLOSEREG?KEY_AND_OTHER
  +--> ?PR?_FUNCVENTREG?KEY_AND_OTHER
  +--> ?PR?_FUNCAUTOTXSTART?KEY_AND_OTHER
  +--> ?PR?_FUNCAUTOTXSTOP?KEY_AND_OTHER
  +--> ?PR?_FUNCNOPUSH?KEY_AND_OTHER

?PR?_FUNCREG?KEY_AND_OTHER
  +--> ?PR?_DUPLIFUNCCLEAR?KEY_AND_OTHER
  +--> ?PR?_CLEARSPECIALMULTIKEYSTATE?KEY_AN...
  +--> ?PR?__SETREGISTRATIONMODE?KEY_AND_OTHER

?PR?__SETREGISTRATIONMODE?KEY_AND_OTHER
  +--> ?PR?_GETREGMODE?KEY_AND_OTHER
  +--> ?PR?_IDCLEAR?KEY_AND_OTHER
  +--> ?PR?__REQBUZZER?KEY_AND_OTHER

?PR?_FUNCSTOP?KEY_AND_OTHER
  +--> ?PR?_GETNOPUSHSTATE?KEY_AND_OTHER
  +--> ?PR?__REQBUZZER?KEY_AND_OTHER
  +--> ?PR?_DUPLIFUNCCLEAR?KEY_AND_OTHER
  +--> ?PR?__REQTXDEDIT?KEY_AND_OTHER

?PR?_GETNOPUSHSTATE?KEY_AND_OTHER
  +--> ?PR?_CLEARSPECIALMULTIKEYSTATE?KEY_AN...

?PR?__REQTXDEDIT?KEY_AND_OTHER
  +--> ?PR?__REQBUZZER?KEY_AND_OTHER
  +--> ?PR?DD_SET_ML7345D_POWER_ON?ML7345
  +--> ?PR?_RF_ML7345_INIT?ML7345
  +--> ?PR?SENDTXDATA?EXIT_FUN

?PR?SENDTXDATA?EXIT_FUN
  +--> ?PR?_SETTXDATA?EXIT_FUN
  +--> ?PR?_ML7345_AUTOTX_DATA?ML7345_HAL

?PR?_SETTXDATA?EXIT_FUN
BL51 BANKED LINKER/LOCATER V6.22.2.0                                                  06/13/2022  14:10:39  PAGE 9


  +--> ?PR?_SETFIXEDLENGTHCODE?EXIT_FUN

?PR?_FUNCOPENSTOP?KEY_AND_OTHER
  +--> ?PR?_DUPLIFUNCCLEAR?KEY_AND_OTHER
  +--> ?PR?__REQTXDEDIT?KEY_AND_OTHER
  +--> ?PR?_CLEARSPECIALMULTIKEYSTATE?KEY_AN...

?PR?_FUNCOPENREG?KEY_AND_OTHER
  +--> ?PR?_DUPLIFUNCCLEAR?KEY_AND_OTHER
  +--> ?PR?__PASS3SECKEY?KEY_AND_OTHER

?PR?__PASS3SECKEY?KEY_AND_OTHER
  +--> ?PR?__REQTXDEDIT?KEY_AND_OTHER

?PR?_FUNCSTOPREG?KEY_AND_OTHER
  +--> ?PR?_DUPLIFUNCCLEAR?KEY_AND_OTHER
  +--> ?PR?__PASS3SECKEY?KEY_AND_OTHER

?PR?_FUNCCLOSEREG?KEY_AND_OTHER
  +--> ?PR?_DUPLIFUNCCLEAR?KEY_AND_OTHER
  +--> ?PR?__PASS3SECKEY?KEY_AND_OTHER

?PR?_FUNCVENTREG?KEY_AND_OTHER
  +--> ?PR?_DUPLIFUNCCLEAR?KEY_AND_OTHER
  +--> ?PR?__PASS3SECKEY?KEY_AND_OTHER

?PR?_FUNCNOPUSH?KEY_AND_OTHER
  +--> ?PR?_CLEARSPECIALMULTIKEYSTATE?KEY_AN...

?PR?_REGISTRATIONMODE?KEY_AND_OTHER
  +--> ?PR?_GETREGMODE?KEY_AND_OTHER
  +--> ?PR?__REQBUZZER?KEY_AND_OTHER
  +--> ?PR?_IDCLEAR?KEY_AND_OTHER
  +--> ?PR?_ATOL?KEY_AND_OTHER
  +--> ?PR?__REQTXDEDIT?KEY_AND_OTHER

?PR?_DUPLIFUNCSETMODE?KEY_AND_OTHER
  +--> ?PR?__REQBUZZER?KEY_AND_OTHER
  +--> ?PR?_DUPLIFUNCCLEAR?KEY_AND_OTHER
  +--> ?PR?_IAP_WRITEBUF_WITH_PROTECT_VERIFY...

?PR?TIME_CONTROL?KEY_AND_OTHER
  +--> ?PR?_ML7345_SETANDGET_STATE?ML7345_HAL
  +--> ?PR?SPIGPIO_UNINIT?GPIO



SYMBOL TABLE OF MODULE:  .\Objects\STX0031_MA82G5B32_Pro (MAIN)

  VALUE           TYPE          NAME
  ----------------------------------

  -------         MODULE        MAIN
  C:0000H         SYMBOL        _ICE_DUMMY_
  D:0090H         PUBLIC        P1
  D:00A0H         PUBLIC        P2
  D:00C0H         PUBLIC        XICON
BL51 BANKED LINKER/LOCATER V6.22.2.0                                                  06/13/2022  14:10:39  PAGE 10


  D:00B0H         PUBLIC        P3
  D:00E8H         PUBLIC        P4
  D:00F8H         PUBLIC        P5
  D:00F8H         PUBLIC        P6
  B:00A8H.7       PUBLIC        EA
  D:00A8H         PUBLIC        IE
  D:00B8H         PUBLIC        IP0L
  D:00D8H         PUBLIC        CCON
  C:32E5H         PUBLIC        main
  B:00E8H.0       PUBLIC        P40
  D:0088H         PUBLIC        TCON
  D:0098H         PUBLIC        S0CON
  D:0098H         PUBLIC        S1CON
  D:00C8H         PUBLIC        T2CON
  D:00D0H         PUBLIC        PSW
  -------         PROC          MAIN
  C:32E5H         LINE#         16
  C:32E5H         LINE#         17
  C:32E5H         LINE#         18
  C:32E8H         LINE#         19
  C:32EBH         LINE#         20
  C:32EEH         LINE#         21
  C:32F1H         LINE#         22
  C:32F4H         LINE#         23
  C:32F7H         LINE#         24
  C:32FAH         LINE#         25
  C:32FDH         LINE#         26
  C:3300H         LINE#         27
  C:3303H         LINE#         28
  C:3306H         LINE#         29
  C:3309H         LINE#         30
  C:330BH         LINE#         31
  C:330EH         LINE#         32
  C:3317H         LINE#         34
  C:3317H         LINE#         35
  C:3317H         LINE#         36
  C:331AH         LINE#         37
  C:331DH         LINE#         38
  C:3320H         LINE#         39
  C:3323H         LINE#         40
  C:3326H         LINE#         43
  C:336EH         LINE#         44
  C:336EH         LINE#         45
  C:337AH         LINE#         46
  C:337CH         LINE#         47
  C:3388H         LINE#         49
  C:3388H         LINE#         50
  C:33A5H         LINE#         51
  C:33DFH         LINE#         52
  C:33E2H         LINE#         53
  C:33E5H         LINE#         54
  C:33E5H         LINE#         55
  C:33E7H         LINE#         56
  C:33E7H         LINE#         57
  -------         ENDPROC       MAIN
  -------         ENDMOD        MAIN

BL51 BANKED LINKER/LOCATER V6.22.2.0                                                  06/13/2022  14:10:39  PAGE 11


  -------         MODULE        SYS
  C:0000H         SYMBOL        _ICE_DUMMY_
  D:0090H         PUBLIC        P1
  D:00A0H         PUBLIC        P2
  D:00E7H         PUBLIC        ISPCR
  D:00C0H         PUBLIC        XICON
  D:00B0H         PUBLIC        P3
  D:00E8H         PUBLIC        P4
  D:00F8H         PUBLIC        P5
  D:00F8H         PUBLIC        P6
  D:00E1H         PUBLIC        WDTCR
  D:00A8H         PUBLIC        IE
  D:00B8H         PUBLIC        IP0L
  D:00D8H         PUBLIC        CCON
  D:00E6H         PUBLIC        SCMD
  D:00E3H         PUBLIC        IFADRH
  D:00E5H         PUBLIC        IFMT
  D:00E4H         PUBLIC        IFADRL
  D:0088H         PUBLIC        TCON
  D:00E2H         PUBLIC        IFD
  C:46F6H         PUBLIC        ClearWDT
  D:0097H         PUBLIC        PCON1
  D:0098H         PUBLIC        S0CON
  C:42A2H         PUBLIC        Init_Clock
  D:0098H         PUBLIC        S1CON
  C:467BH         PUBLIC        Init_WDT
  D:00C8H         PUBLIC        T2CON
  D:00D0H         PUBLIC        PSW
  -------         PROC          INIT_CLOCK
  C:42A2H         LINE#         4
  C:42A2H         LINE#         5
  C:42A2H         LINE#         36
  C:42BEH         LINE#         37
  C:42DAH         LINE#         39
  -------         ENDPROC       INIT_CLOCK
  -------         PROC          INIT_WDT
  C:467BH         LINE#         42
  C:467BH         LINE#         43
  C:467BH         LINE#         44
  C:467EH         LINE#         45
  C:4688H         LINE#         46
  C:468BH         LINE#         47
  C:468EH         LINE#         48
  -------         ENDPROC       INIT_WDT
  -------         PROC          CLEARWDT
  C:46F6H         LINE#         50
  C:46F6H         LINE#         51
  C:46F6H         LINE#         52
  C:46F9H         LINE#         53
  -------         ENDPROC       CLEARWDT
  -------         ENDMOD        SYS

  -------         MODULE        GPIO
  C:0000H         SYMBOL        _ICE_DUMMY_
  D:0091H         PUBLIC        P1M0
  D:0095H         PUBLIC        P2M0
  D:00B1H         PUBLIC        P3M0
BL51 BANKED LINKER/LOCATER V6.22.2.0                                                  06/13/2022  14:10:39  PAGE 12


  D:0090H         PUBLIC        P1
  D:00B3H         PUBLIC        P4M0
  D:00B2H         PUBLIC        P3M1
  D:00A0H         PUBLIC        P2
  D:00C0H         PUBLIC        XICON
  D:00B0H         PUBLIC        P3
  D:00E8H         PUBLIC        P4
  D:00F8H         PUBLIC        P5
  D:00F8H         PUBLIC        P6
  D:00A8H         PUBLIC        IE
  C:0016H         PUBLIC        Init_INT1
  D:00B8H         PUBLIC        IP0L
  C:40FEH         PUBLIC        Init_Port
  D:00D8H         PUBLIC        CCON
  B:00A0H.0       PUBLIC        P20
  B:00A0H.1       PUBLIC        P21
  B:00E8H.0       PUBLIC        P40
  B:00A0H.2       PUBLIC        P22
  B:00E8H.1       PUBLIC        P41
  B:00A0H.3       PUBLIC        P23
  D:0088H         PUBLIC        TCON
  C:463CH         PUBLIC        SpiGpio_Init
  B:00A0H.4       PUBLIC        P24
  B:0090H.5       PUBLIC        P15
  D:00B4H         PUBLIC        PUCON0
  B:00B0H.4       PUBLIC        P34
  B:00A0H.5       PUBLIC        P25
  B:0090H.6       PUBLIC        P16
  B:00B0H.5       PUBLIC        P35
  B:00A0H.6       PUBLIC        P26
  B:0090H.7       PUBLIC        P17
  B:00A0H.7       PUBLIC        P27
  C:46EAH         PUBLIC        Init_Interrupt
  B:00A8H.2       PUBLIC        EX1
  B:0088H.2       PUBLIC        IT1
  D:0098H         PUBLIC        S0CON
  D:0098H         PUBLIC        S1CON
  D:00C8H         PUBLIC        T2CON
  C:41F2H         PUBLIC        INT_INT0
  C:422DH         PUBLIC        INT_INT1
  D:00A1H         PUBLIC        AUXR0
  D:00C1H         PUBLIC        XICFG
  C:4651H         PUBLIC        SpiGpio_UnInit
  D:00D0H         PUBLIC        PSW
  -------         PROC          INIT_PORT
  C:40FEH         LINE#         10
  C:40FEH         LINE#         11
  C:40FEH         LINE#         15
  C:4101H         LINE#         18
  C:4104H         LINE#         19
  C:4106H         LINE#         21
  C:4109H         LINE#         24
  C:410CH         LINE#         25
  C:410EH         LINE#         27
  C:4111H         LINE#         28
  C:4114H         LINE#         29
  C:4116H         LINE#         32
BL51 BANKED LINKER/LOCATER V6.22.2.0                                                  06/13/2022  14:10:39  PAGE 13


  C:411CH         LINE#         35
  C:411FH         LINE#         43
  C:4121H         LINE#         44
  C:4123H         LINE#         45
  C:4125H         LINE#         46
  C:4127H         LINE#         48
  C:412AH         LINE#         49
  C:4130H         LINE#         50
  C:4136H         LINE#         51
  C:4139H         LINE#         52
  C:413BH         LINE#         53
  -------         ENDPROC       INIT_PORT
  -------         PROC          SPIGPIO_INIT
  C:463CH         LINE#         55
  C:463CH         LINE#         56
  C:463CH         LINE#         57
  C:463FH         LINE#         58
  C:4642H         LINE#         59
  C:4645H         LINE#         60
  C:4647H         LINE#         61
  C:464AH         LINE#         62
  C:4650H         LINE#         63
  -------         ENDPROC       SPIGPIO_INIT
  -------         PROC          SPIGPIO_UNINIT
  C:4651H         LINE#         65
  C:4651H         LINE#         66
  C:4651H         LINE#         67
  C:4654H         LINE#         68
  C:4657H         LINE#         69
  C:4659H         LINE#         70
  C:465FH         LINE#         72
  C:4665H         LINE#         73
  -------         ENDPROC       SPIGPIO_UNINIT
  -------         PROC          INIT_INT1
  C:0016H         LINE#         100
  C:0016H         LINE#         101
  C:0016H         LINE#         102
  C:0019H         LINE#         104
  C:001EH         LINE#         105
  C:0021H         LINE#         106
  -------         ENDPROC       INIT_INT1
  -------         PROC          INT_INT0
  C:41F2H         LINE#         118
  C:420FH         LINE#         120
  C:4212H         LINE#         121
  -------         ENDPROC       INT_INT0
  -------         PROC          INT_INT1
  C:422DH         LINE#         133
  C:424AH         LINE#         135
  C:424DH         LINE#         136
  -------         ENDPROC       INT_INT1
  -------         PROC          INIT_INTERRUPT
  C:46EAH         LINE#         145
  C:46EAH         LINE#         146
  C:46EAH         LINE#         147
  C:46EDH         LINE#         148
  C:46EFH         LINE#         149
BL51 BANKED LINKER/LOCATER V6.22.2.0                                                  06/13/2022  14:10:39  PAGE 14


  -------         ENDPROC       INIT_INTERRUPT
  -------         ENDMOD        GPIO

  -------         MODULE        TIMER
  C:0000H         SYMBOL        _ICE_DUMMY_
  D:00F2H         PUBLIC        PCAPWM6
  D:0090H         PUBLIC        P1
  D:00A0H         PUBLIC        P2
  D:00C0H         PUBLIC        XICON
  D:00B0H         PUBLIC        P3
  D:00E8H         PUBLIC        P4
  D:00F8H         PUBLIC        P5
  D:00F8H         PUBLIC        P6
  D:00ACH         PUBLIC        SFRPI
  D:00F9H         PUBLIC        CH
  D:00BCH         PUBLIC        PWMCR
  D:00A8H         PUBLIC        IE
  D:00E9H         PUBLIC        CL
  B:00D8H.6       PUBLIC        CR
  D:00B8H         PUBLIC        IP0L
  D:00FAH         PUBLIC        CCAP6H
  D:00EAH         PUBLIC        CCAP6L
  C:4702H         PUBLIC        Beep_On
  D:00DAH         PUBLIC        CCAPM6
  C:4034H         PUBLIC        Init_PCA_PWM
  D:00D9H         PUBLIC        CMOD
  D:00D8H         PUBLIC        CCON
  D:00CFH         PUBLIC        CHRL
  C:4567H         PUBLIC        Init_Timer0
  D:00CEH         PUBLIC        CLRL
  B:00A0H.0       PUBLIC        P20
  C:46A1H         PUBLIC        _DelayXus
  D:0089H         PUBLIC        TMOD
  D:0088H         PUBLIC        TCON
  B:00A8H.1       PUBLIC        ET0
  D:008CH         PUBLIC        TH0
  C:39D6H         PUBLIC        INT_T0
  D:008AH         PUBLIC        TL0
  C:4610H         PUBLIC        _delay_ms
  B:0088H.4       PUBLIC        TR0
  X:03C8H         PUBLIC        Time_Tx_Out
  D:0098H         PUBLIC        S0CON
  D:0098H         PUBLIC        S1CON
  D:00C8H         PUBLIC        T2CON
  D:00A1H         PUBLIC        AUXR0
  D:00A3H         PUBLIC        AUXR2
  C:46FAH         PUBLIC        Init_Beep
  C:0006H         PUBLIC        Beep_Off
  D:00F2H         PUBLIC        PCAPWM0
  D:00D0H         PUBLIC        PSW
  -------         PROC          INIT_TIMER0
  C:4567H         LINE#         41
  C:4567H         LINE#         42
  C:4567H         LINE#         43
  C:4571H         LINE#         45
  C:457AH         LINE#         47
  C:457DH         LINE#         49
BL51 BANKED LINKER/LOCATER V6.22.2.0                                                  06/13/2022  14:10:39  PAGE 15


  C:4580H         LINE#         50
  C:4583H         LINE#         52
  C:4585H         LINE#         53
  C:4587H         LINE#         54
  -------         ENDPROC       INIT_TIMER0
  -------         PROC          INT_T0
  C:39D6H         LINE#         64
  C:39E7H         LINE#         66
  C:39EAH         LINE#         67
  C:39EDH         LINE#         69
  C:39F9H         LINE#         70
  C:3A09H         LINE#         71
  C:3A09H         LINE#         72
  C:3A0FH         LINE#         73
  C:3A1BH         LINE#         74
  C:3A1BH         LINE#         75
  C:3A35H         LINE#         77
  C:3A41H         LINE#         78
  C:3A41H         LINE#         79
  C:3A55H         LINE#         80
  C:3A63H         LINE#         81
  C:3A65H         LINE#         82
  C:3A6DH         LINE#         83
  C:3A73H         LINE#         95
  -------         ENDPROC       INT_T0
  -------         PROC          INIT_PCA_PWM
  C:4034H         LINE#         98
  C:4034H         LINE#         99
  C:4034H         LINE#         100
  C:403EH         LINE#         101
  C:4047H         LINE#         102
  C:4053H         LINE#         103
  C:4056H         LINE#         106
  C:406CH         LINE#         109
  C:4072H         LINE#         110
  C:4078H         LINE#         111
  -------         ENDPROC       INIT_PCA_PWM
  -------         PROC          INIT_BEEP
  C:46FAH         LINE#         113
  C:46FAH         LINE#         114
  C:46FAH         LINE#         115
  C:46FDH         LINE#         116
  -------         ENDPROC       INIT_BEEP
  -------         PROC          BEEP_ON
  C:4702H         LINE#         118
  C:4702H         LINE#         119
  C:4702H         LINE#         120
  C:4704H         LINE#         121
  -------         ENDPROC       BEEP_ON
  -------         PROC          BEEP_OFF
  C:0006H         LINE#         123
  C:0006H         LINE#         124
  C:0006H         LINE#         125
  C:0008H         LINE#         126
  C:000AH         LINE#         127
  -------         ENDPROC       BEEP_OFF
  -------         PROC          _DELAYXUS
BL51 BANKED LINKER/LOCATER V6.22.2.0                                                  06/13/2022  14:10:39  PAGE 16


  D:005BH         SYMBOL        xUs
  C:46A1H         LINE#         137
  C:46A3H         LINE#         138
  C:46A3H         LINE#         139
  C:46ABH         LINE#         140
  C:46ABH         LINE#         141
  C:46ACH         LINE#         142
  C:46ADH         LINE#         143
  C:46AFH         LINE#         144
  C:46B1H         LINE#         145
  -------         ENDPROC       _DELAYXUS
  -------         PROC          _DELAY_MS
  D:005CH         SYMBOL        ms
  C:4610H         LINE#         155
  C:4612H         LINE#         156
  C:4612H         LINE#         157
  C:4619H         LINE#         158
  C:4619H         LINE#         159
  C:461EH         LINE#         160
  C:4623H         LINE#         161
  C:4625H         LINE#         162
  -------         ENDPROC       _DELAY_MS
  -------         ENDMOD        TIMER

  -------         MODULE        UART
  C:0000H         SYMBOL        _ICE_DUMMY_
  D:0090H         PUBLIC        P1
  D:00A0H         PUBLIC        P2
  B:0098H.6       PUBLIC        SM10
  D:00C0H         PUBLIC        XICON
  D:00B0H         PUBLIC        P3
  D:00E8H         PUBLIC        P4
  D:00F8H         PUBLIC        P5
  X:034FH         PUBLIC        Databits_t
  D:00F8H         PUBLIC        P6
  D:00ACH         PUBLIC        SFRPI
  X:0353H         PUBLIC        FLAG_testNo91_step
  C:000EH         PUBLIC        UART1_end
  D:00A8H         PUBLIC        IE
  X:0354H         PUBLIC        FLAG_testNo91SendUart
  D:00B8H         PUBLIC        IP0L
  B:0098H.4       PUBLIC        REN0
  X:0355H         PUBLIC        UART_DATA_buffer
  X:037EH         PUBLIC        UART_DATA_ID98
  X:03A7H         PUBLIC        U1AckTimer
  D:00D8H         PUBLIC        CCON
  X:03A8H         PUBLIC        UartStatus
  C:4314H         PUBLIC        Init_Uart0_T1
  X:03A9H         PUBLIC        UartCount
  B:00C8H.5       PUBLIC        RCLK
  B:00C8H.4       PUBLIC        TCLK
  B:00A0H.0       PUBLIC        P20
  D:0089H         PUBLIC        TMOD
  D:0088H         PUBLIC        TCON
  B:00B0H.5       PUBLIC        P35
  B:00A0H.7       PUBLIC        P27
  C:3864H         PUBLIC        INT_UART0
BL51 BANKED LINKER/LOCATER V6.22.2.0                                                  06/13/2022  14:10:39  PAGE 17


  X:03AAH         PUBLIC        UartLen
  C:46B2H         SYMBOL        _?ix1000
  X:03ABH         PUBLIC        ACKBack
  C:46B6H         SYMBOL        _?ix1001
  X:03AEH         PUBLIC        PROFILE_CH_FREQ_32bit_200002EC_uart
  B:00A8H.4       PUBLIC        ES0
  B:0098H.0       PUBLIC        RI0
  B:0098H.1       PUBLIC        TI0
  D:008DH         PUBLIC        TH1
  D:008BH         PUBLIC        TL1
  D:009CH         PUBLIC        S0CFG
  B:0088H.6       PUBLIC        TR1
  X:03B2H         PUBLIC        uart0_rx_len
  X:03B3H         PUBLIC        FLAG_testBEEP
  X:03B4H         PUBLIC        uart0_tx_len
  C:06F9H         PUBLIC        PC_PRG
  C:4410H         PUBLIC        _hex_asc
  C:449FH         PUBLIC        _asc_hex
  D:0099H         PUBLIC        S0BUF
  D:0087H         PUBLIC        PCON0
  D:0098H         PUBLIC        S0CON
  D:0098H         PUBLIC        S1CON
  X:03B5H         PUBLIC        FLAG_testNo91
  D:00C8H         PUBLIC        T2CON
  C:413CH         PUBLIC        _Send_Data
  B:0098H.7       PUBLIC        SM00_FE
  C:4588H         PUBLIC        _asc_hex_2
  C:4666H         PUBLIC        _Uart0SendByte
  D:00A3H         PUBLIC        AUXR2
  X:03B6H         PUBLIC        U1Statues
  D:00D0H         PUBLIC        PSW
  -------         PROC          INIT_UART0_T1
  C:4314H         LINE#         67
  C:4314H         LINE#         68
  C:4314H         LINE#         69
  C:431BH         LINE#         70
  C:431DH         LINE#         72
  C:4324H         LINE#         73
  C:432AH         LINE#         75
  C:4334H         LINE#         76
  C:433AH         LINE#         77
  C:433DH         LINE#         80
  C:4340H         LINE#         81
  C:4343H         LINE#         83
  C:4345H         LINE#         84
  C:4347H         LINE#         85
  -------         ENDPROC       INIT_UART0_T1
  -------         PROC          UART1_END
  C:000EH         LINE#         87
  C:000EH         LINE#         88
  C:000EH         LINE#         89
  C:0010H         LINE#         90
  C:0012H         LINE#         91
  -------         ENDPROC       UART1_END
  -------         PROC          INT_UART0
  -------         DO            
  I:007DH         SYMBOL        dat
BL51 BANKED LINKER/LOCATER V6.22.2.0                                                  06/13/2022  14:10:39  PAGE 18


  -------         ENDDO         
  C:3864H         LINE#         130
  C:3875H         LINE#         132
  C:3879H         LINE#         133
  C:387BH         LINE#         135
  C:387EH         LINE#         136
  C:3881H         LINE#         137
  C:3881H         LINE#         138
  C:3883H         LINE#         139
  C:3883H         LINE#         140
  C:3889H         LINE#         141
  C:3889H         LINE#         142
  C:388BH         LINE#         143
  C:388FH         LINE#         144
  C:389CH         LINE#         145
  C:38B1H         LINE#         146
  C:38C2H         LINE#         147
  C:38CBH         LINE#         148
  C:38CBH         LINE#         149
  C:38DDH         LINE#         150
  C:38DDH         LINE#         151
  C:38FDH         LINE#         152
  C:3902H         LINE#         153
  C:390EH         LINE#         155
  C:390EH         LINE#         156
  C:390EH         LINE#         157
  C:3910H         LINE#         158
  -------         ENDPROC       INT_UART0
  -------         PROC          _UART0SENDBYTE
  D:005DH         SYMBOL        tByte
  -------         DO            
  B:0020H.0       SYMBOL        bES
  -------         ENDDO         
  C:4666H         LINE#         166
  C:4668H         LINE#         167
  C:4668H         LINE#         169
  C:466CH         LINE#         170
  C:466EH         LINE#         171
  C:4671H         LINE#         173
  C:4674H         LINE#         174
  C:4676H         LINE#         175
  C:467AH         LINE#         176
  -------         ENDPROC       _UART0SENDBYTE
  -------         PROC          _SEND_DATA
  D:0041H         SYMBOL        buff
  D:0044H         SYMBOL        len
  -------         DO            
  X:0339H         SYMBOL        i
  -------         ENDDO         
  C:413CH         LINE#         179
  C:4144H         LINE#         180
  C:4144H         LINE#         181
  C:4149H         LINE#         182
  C:4159H         LINE#         183
  C:4159H         LINE#         184
  C:4170H         LINE#         185
  C:4178H         LINE#         186
BL51 BANKED LINKER/LOCATER V6.22.2.0                                                  06/13/2022  14:10:39  PAGE 19


  -------         ENDPROC       _SEND_DATA
  -------         PROC          _ASC_HEX
  D:005EH         SYMBOL        asc
  -------         DO            
  X:033AH         SYMBOL        i
  -------         ENDDO         
  C:449FH         LINE#         188
  C:44A1H         LINE#         189
  C:44A1H         LINE#         191
  C:44B0H         LINE#         192
  C:44BCH         LINE#         194
  C:44C6H         LINE#         195
  C:44CBH         LINE#         196
  -------         ENDPROC       _ASC_HEX
  -------         PROC          _HEX_ASC
  D:005FH         SYMBOL        hex
  -------         DO            
  X:033BH         SYMBOL        i
  -------         ENDDO         
  C:4410H         LINE#         198
  C:4412H         LINE#         199
  C:4412H         LINE#         201
  C:4415H         LINE#         202
  C:4424H         LINE#         203
  C:4430H         LINE#         205
  C:443AH         LINE#         206
  C:443FH         LINE#         207
  -------         ENDPROC       _HEX_ASC
  -------         PROC          _ASC_HEX_2
  D:0051H         SYMBOL        asc1
  D:0052H         SYMBOL        asc0
  -------         DO            
  D:0053H         SYMBOL        i
  -------         ENDDO         
  C:4588H         LINE#         209
  C:458CH         LINE#         210
  C:458CH         LINE#         212
  C:45A3H         LINE#         213
  C:45A5H         LINE#         214
  -------         ENDPROC       _ASC_HEX_2
  -------         PROC          PC_PRG
  -------         DO            
  X:033CH         SYMBOL        UART_ID_data
  X:0340H         SYMBOL        send_ok
  X:0344H         SYMBOL        re_byte
  X:0345H         SYMBOL        send_ack
  -------         ENDDO         
  C:06F9H         LINE#         237
  C:06F9H         LINE#         238
  C:06F9H         LINE#         240
  C:071EH         LINE#         241
  C:0723H         LINE#         242
  C:0748H         LINE#         244
  C:0753H         LINE#         245
  C:075FH         LINE#         247
  C:0772H         LINE#         248
  C:0772H         LINE#         249
BL51 BANKED LINKER/LOCATER V6.22.2.0                                                  06/13/2022  14:10:39  PAGE 20


  C:0772H         LINE#         251
  C:077FH         LINE#         252
  C:077FH         LINE#         253
  C:0784H         LINE#         254
  C:0796H         LINE#         255
  C:07A8H         LINE#         256
  C:07BAH         LINE#         257
  C:07CEH         LINE#         258
  C:07E1H         LINE#         259
  C:07ECH         LINE#         260
  C:07ECH         LINE#         261
  C:07EFH         LINE#         265
  C:07EFH         LINE#         267
  C:07FCH         LINE#         268
  C:07FCH         LINE#         269
  C:0802H         LINE#         270
  C:0808H         LINE#         271
  C:080EH         LINE#         272
  C:0814H         LINE#         274
  C:0826H         LINE#         275
  C:0837H         LINE#         276
  C:0849H         LINE#         277
  C:085AH         LINE#         278
  C:086CH         LINE#         279
  C:087DH         LINE#         280
  C:0888H         LINE#         281
  C:0888H         LINE#         282
  C:0888H         LINE#         283
  C:0888H         LINE#         285
  C:08B9H         LINE#         286
  C:08B9H         LINE#         287
  C:08C5H         LINE#         288
  C:08D1H         LINE#         289
  C:08D3H         LINE#         290
  C:08D5H         LINE#         291
  C:08E0H         LINE#         292
  C:08E0H         LINE#         293
  C:08FAH         LINE#         294
  C:08FAH         LINE#         295
  C:0916H         LINE#         296
  C:0916H         LINE#         297
  C:0916H         LINE#         298
  C:0922H         LINE#         299
  C:0925H         LINE#         300
  C:092FH         LINE#         301
  C:093DH         LINE#         302
  C:0942H         LINE#         303
  C:094DH         LINE#         304
  C:094EH         LINE#         305
  C:094EH         LINE#         306
  C:0968H         LINE#         307
  C:0968H         LINE#         308
  C:0974H         LINE#         309
  C:0979H         LINE#         310
  C:097CH         LINE#         311
  C:097EH         LINE#         312
  C:098AH         LINE#         313
BL51 BANKED LINKER/LOCATER V6.22.2.0                                                  06/13/2022  14:10:39  PAGE 21


  C:0995H         LINE#         314
  C:0995H         LINE#         315
  C:0996H         LINE#         316
  C:0996H         LINE#         317
  C:09A0H         LINE#         318
  C:09A0H         LINE#         319
  C:09ACH         LINE#         320
  C:09AFH         LINE#         321
  C:09B9H         LINE#         322
  C:09C7H         LINE#         323
  C:09CCH         LINE#         324
  C:09D7H         LINE#         325
  C:09D8H         LINE#         326
  C:09ECH         LINE#         327
  C:09ECH         LINE#         328
  C:09F2H         LINE#         329
  C:09F8H         LINE#         330
  C:09FEH         LINE#         331
  C:0A04H         LINE#         332
  C:0A16H         LINE#         333
  C:0A27H         LINE#         334
  C:0A32H         LINE#         335
  C:0A33H         LINE#         336
  C:0A5BH         LINE#         337
  C:0A5BH         LINE#         338
  C:0A6DH         LINE#         339
  C:0A72H         LINE#         340
  C:0A84H         LINE#         341
  C:0A84H         LINE#         342
  C:0A8EH         LINE#         343
  C:0AA1H         LINE#         344
  C:0AC8H         LINE#         345
  C:0ADFH         LINE#         346
  C:0AEAH         LINE#         347
  C:0AF5H         LINE#         348
  C:0AF8H         LINE#         349
  C:0B25H         LINE#         350
  C:0B25H         LINE#         351
  C:0B2FH         LINE#         352
  C:0B42H         LINE#         353
  C:0B49H         LINE#         354
  C:0B75H         LINE#         355
  C:0B8CH         LINE#         356
  C:0B97H         LINE#         357
  C:0BA2H         LINE#         358
  C:0BA2H         LINE#         359
  C:0BA7H         LINE#         360
  C:0BA7H         LINE#         361
  C:0BA8H         LINE#         362
  C:0BA8H         LINE#         363
  C:0BC2H         LINE#         364
  C:0BC2H         LINE#         365
  C:0BC8H         LINE#         366
  C:0BCEH         LINE#         367
  C:0BD4H         LINE#         368
  C:0BD9H         LINE#         369
  C:0BF2H         LINE#         370
BL51 BANKED LINKER/LOCATER V6.22.2.0                                                  06/13/2022  14:10:39  PAGE 22


  C:0C0BH         LINE#         371
  C:0C24H         LINE#         372
  C:0C3DH         LINE#         373
  C:0C53H         LINE#         374
  C:0C64H         LINE#         375
  C:0C6AH         LINE#         376
  C:0C75H         LINE#         377
  C:0C75H         LINE#         378
  C:0C76H         LINE#         379
  C:0C76H         LINE#         380
  C:0C8AH         LINE#         381
  C:0C8AH         LINE#         382
  C:0CAAH         LINE#         383
  C:0CCBH         LINE#         384
  C:0CCCH         LINE#         385
  C:0CE0H         LINE#         386
  C:0CE0H         LINE#         387
  C:0D00H         LINE#         388
  C:0D1FH         LINE#         389
  C:0D1FH         LINE#         390
  C:0D1FH         LINE#         391
  C:0D1FH         LINE#         392
  C:0D1FH         LINE#         393
  C:0D1FH         LINE#         394
  C:0D1FH         LINE#         395
  C:0D1FH         LINE#         396
  -------         ENDPROC       PC_PRG
  -------         ENDMOD        UART

  -------         MODULE        IAP_FLASH
  C:0000H         SYMBOL        _ICE_DUMMY_
  D:0090H         PUBLIC        P1
  D:00A0H         PUBLIC        P2
  D:00E7H         PUBLIC        ISPCR
  D:00C0H         PUBLIC        XICON
  D:00B0H         PUBLIC        P3
  D:00E8H         PUBLIC        P4
  D:00F8H         PUBLIC        P5
  D:00F8H         PUBLIC        P6
  B:00A8H.7       PUBLIC        EA
  C:231EH         PUBLIC        _IAP_WriteBuf_With_Protect_Verify
  D:00A8H         PUBLIC        IE
  D:00B8H         PUBLIC        IP0L
  C:44CCH         PUBLIC        _IAP_WritePPage
  D:00BFH         PUBLIC        CKCON1
  D:00D8H         PUBLIC        CCON
  D:00E6H         PUBLIC        SCMD
  D:00E3H         PUBLIC        IFADRH
  D:00E5H         PUBLIC        IFMT
  D:00E4H         PUBLIC        IFADRL
  D:0088H         PUBLIC        TCON
  C:46C0H         PUBLIC        Init_IAP_flash
  C:14D3H         PUBLIC        eeprom_sys_load
  D:00E2H         PUBLIC        IFD
  D:0098H         PUBLIC        S0CON
  D:0098H         PUBLIC        S1CON
  D:00C8H         PUBLIC        T2CON
BL51 BANKED LINKER/LOCATER V6.22.2.0                                                  06/13/2022  14:10:39  PAGE 23


  D:00D0H         PUBLIC        PSW
  -------         PROC          INIT_IAP_FLASH
  C:46C0H         LINE#         16
  C:46C0H         LINE#         17
  C:46C0H         LINE#         19
  C:46C3H         LINE#         22
  C:46CAH         LINE#         23
  -------         ENDPROC       INIT_IAP_FLASH
  -------         PROC          _IAP_WRITEPPAGE
  D:0057H         SYMBOL        PsfrAddr
  D:0058H         SYMBOL        PsfrData
  -------         DO            
  B:0020H.1       SYMBOL        bEA
  -------         ENDDO         
  C:44CCH         LINE#         34
  C:44D0H         LINE#         35
  C:44D0H         LINE#         36
  C:44D4H         LINE#         37
  C:44D6H         LINE#         38
  C:44D9H         LINE#         39
  C:44DCH         LINE#         40
  C:44DFH         LINE#         41
  C:44E2H         LINE#         42
  C:44E5H         LINE#         44
  C:44E8H         LINE#         46
  C:44EBH         LINE#         47
  C:44ECH         LINE#         48
  C:44EFH         LINE#         49
  C:44F2H         LINE#         50
  C:44F6H         LINE#         51
  -------         ENDPROC       _IAP_WRITEPPAGE
  -------         PROC          _IAP_WRITEBUF_WITH_PROTECT_VERIFY
  D:0019H         SYMBOL        ByteAddr
  D:001BH         SYMBOL        pBuf
  D:001EH         SYMBOL        Cnt
  -------         DO            
  X:0000H         SYMBOL        TempBuf
  X:0200H         SYMBOL        i
  X:0202H         SYMBOL        ErrCnt
  X:0203H         SYMBOL        SectorAddr
  B:0020H.2       SYMBOL        bEA
  C:2404H         SYMBOL        Err_Loop
  C:2540H         SYMBOL        Err_Return
  -------         ENDDO         
  C:231EH         LINE#         124
  C:2328H         LINE#         125
  C:2328H         LINE#         130
  C:232CH         LINE#         132
  C:232EH         LINE#         133
  C:2333H         LINE#         135
  C:2342H         LINE#         136
  C:2358H         LINE#         137
  C:2358H         LINE#         138
  C:235FH         LINE#         139
  C:2366H         LINE#         140
  C:2369H         LINE#         141
  C:236CH         LINE#         142
BL51 BANKED LINKER/LOCATER V6.22.2.0                                                  06/13/2022  14:10:39  PAGE 24


  C:236FH         LINE#         143
  C:2372H         LINE#         144
  C:2375H         LINE#         145
  C:2378H         LINE#         146
  C:2386H         LINE#         147
  C:239BH         LINE#         148
  C:239EH         LINE#         149
  C:23AEH         LINE#         151
  C:23BDH         LINE#         152
  C:23C3H         LINE#         153
  C:23C3H         LINE#         154
  C:23E1H         LINE#         155
  C:23ECH         LINE#         156
  C:23FAH         LINE#         157
  C:2402H         LINE#         158
  C:2404H         LINE#         159
  C:2404H         LINE#         161
  C:2413H         LINE#         162
  C:241AH         LINE#         163
  C:241DH         LINE#         164
  C:2420H         LINE#         165
  C:2423H         LINE#         167
  C:2426H         LINE#         169
  C:2429H         LINE#         170
  C:242AH         LINE#         171
  C:242DH         LINE#         172
  C:2430H         LINE#         174
  C:2446H         LINE#         175
  C:2446H         LINE#         176
  C:245CH         LINE#         177
  C:2463H         LINE#         178
  C:246AH         LINE#         179
  C:246DH         LINE#         180
  C:2470H         LINE#         182
  C:2473H         LINE#         184
  C:2476H         LINE#         185
  C:2477H         LINE#         186
  C:247AH         LINE#         187
  C:247DH         LINE#         188
  C:248BH         LINE#         189
  C:248EH         LINE#         190
  C:249EH         LINE#         192
  C:24ADH         LINE#         193
  C:24C3H         LINE#         194
  C:24C3H         LINE#         195
  C:24CAH         LINE#         196
  C:24D1H         LINE#         197
  C:24D4H         LINE#         198
  C:24D7H         LINE#         200
  C:24DAH         LINE#         202
  C:24DDH         LINE#         203
  C:24E0H         LINE#         204
  C:24E3H         LINE#         205
  C:24F1H         LINE#         206
  C:24F4H         LINE#         207
  C:250DH         LINE#         208
  C:250DH         LINE#         209
BL51 BANKED LINKER/LOCATER V6.22.2.0                                                  06/13/2022  14:10:39  PAGE 25


  C:2513H         LINE#         210
  C:2525H         LINE#         211
  C:2525H         LINE#         212
  C:2528H         LINE#         213
  C:2528H         LINE#         215
  C:2528H         LINE#         216
  C:252AH         LINE#         217
  C:252AH         LINE#         218
  C:252AH         LINE#         219
  C:253BH         LINE#         220
  C:2540H         LINE#         221
  C:2540H         LINE#         222
  C:2544H         LINE#         223
  C:2549H         LINE#         224
  -------         ENDPROC       _IAP_WRITEBUF_WITH_PROTECT_VERIFY
  -------         PROC          EEPROM_SYS_LOAD
  -------         DO            
  X:0205H         SYMBOL        Init_ID_data
  I:007EH         SYMBOL        offset
  -------         ENDDO         
  C:14D3H         LINE#         245
  C:14D3H         LINE#         246
  C:14D3H         LINE#         248
  C:14D7H         LINE#         250
  C:14E2H         LINE#         251
  C:14F9H         LINE#         253
  C:14FEH         LINE#         254
  C:1509H         LINE#         255
  C:1514H         LINE#         256
  C:151FH         LINE#         257
  C:1561H         LINE#         258
  C:1575H         LINE#         260
  C:157FH         LINE#         261
  C:15A9H         LINE#         262
  C:15A9H         LINE#         263
  C:15B2H         LINE#         264
  C:15D8H         LINE#         265
  C:15EFH         LINE#         267
  C:1615H         LINE#         268
  C:162CH         LINE#         270
  C:1652H         LINE#         271
  C:1669H         LINE#         273
  C:168FH         LINE#         274
  C:16A6H         LINE#         276
  C:16CCH         LINE#         277
  C:16E3H         LINE#         278
  C:16E4H         LINE#         279
  C:170FH         LINE#         280
  C:170FH         LINE#         281
  C:1718H         LINE#         282
  C:171EH         LINE#         283
  C:1749H         LINE#         284
  C:1760H         LINE#         286
  C:178BH         LINE#         287
  C:17A2H         LINE#         289
  C:17CDH         LINE#         290
  C:17E4H         LINE#         292
BL51 BANKED LINKER/LOCATER V6.22.2.0                                                  06/13/2022  14:10:39  PAGE 26


  C:180FH         LINE#         293
  C:1826H         LINE#         295
  C:1851H         LINE#         296
  C:1868H         LINE#         297
  C:1868H         LINE#         298
  C:1868H         LINE#         300
  -------         ENDPROC       EEPROM_SYS_LOAD
  -------         ENDMOD        IAP_FLASH

  -------         MODULE        SPI
  C:0000H         SYMBOL        _ICE_DUMMY_
  D:0090H         PUBLIC        P1
  D:00A0H         PUBLIC        P2
  D:00C0H         PUBLIC        XICON
  D:00B0H         PUBLIC        P3
  D:00E8H         PUBLIC        P4
  D:00F8H         PUBLIC        P5
  D:0085H         PUBLIC        SPCON
  D:00F8H         PUBLIC        P6
  D:00A8H         PUBLIC        IE
  D:00B8H         PUBLIC        IP0L
  C:45DEH         PUBLIC        Init_Spi
  D:00D8H         PUBLIC        CCON
  B:00A0H.2       PUBLIC        P22
  D:0088H         PUBLIC        TCON
  C:46D6H         PUBLIC        _spi_delay
  C:3CACH         PUBLIC        _ML7345_Write_Fifo
  C:4268H         PUBLIC        _ML7345_Read_Reg
  C:43AEH         PUBLIC        _ML7345_Write_Reg
  D:0084H         PUBLIC        SPSTAT
  D:0098H         PUBLIC        S0CON
  D:0098H         PUBLIC        S1CON
  D:00C8H         PUBLIC        T2CON
  D:00A2H         PUBLIC        AUXR1
  C:45C3H         PUBLIC        _SPI1_SendRecv_Data
  D:00D0H         PUBLIC        PSW
  D:0086H         PUBLIC        SPDAT
  -------         PROC          _SPI_DELAY
  D:0060H         SYMBOL        n
  C:46D6H         LINE#         3
  C:46D8H         LINE#         4
  C:46D8H         LINE#         5
  C:46DFH         LINE#         6
  -------         ENDPROC       _SPI_DELAY
  -------         PROC          INIT_SPI
  C:45DEH         LINE#         8
  C:45DEH         LINE#         9
  C:45DEH         LINE#         11
  C:45E1H         LINE#         13
  C:45E4H         LINE#         15
  C:45EAH         LINE#         17
  C:45EDH         LINE#         19
  C:45F0H         LINE#         21
  C:45F3H         LINE#         23
  C:45F6H         LINE#         24
  -------         ENDPROC       INIT_SPI
  -------         PROC          _SPI1_SENDRECV_DATA
BL51 BANKED LINKER/LOCATER V6.22.2.0                                                  06/13/2022  14:10:39  PAGE 27


  D:0061H         SYMBOL        SPI_DATA
  C:45C3H         LINE#         33
  C:45C5H         LINE#         34
  C:45C5H         LINE#         35
  C:45CAH         LINE#         36
  C:45CDH         LINE#         37
  C:45D8H         LINE#         38
  C:45DBH         LINE#         39
  C:45DDH         LINE#         40
  -------         ENDPROC       _SPI1_SENDRECV_DATA
  -------         PROC          _ML7345_WRITE_REG
  D:0059H         SYMBOL        addr
  D:005AH         SYMBOL        dat
  C:43AEH         LINE#         43
  C:43B2H         LINE#         44
  C:43B2H         LINE#         45
  C:43B7H         LINE#         46
  C:43B9H         LINE#         47
  C:43BEH         LINE#         49
  C:43C8H         LINE#         50
  C:43CDH         LINE#         51
  C:43D2H         LINE#         53
  C:43D7H         LINE#         54
  C:43D9H         LINE#         55
  C:43DEH         LINE#         56
  -------         ENDPROC       _ML7345_WRITE_REG
  -------         PROC          _ML7345_READ_REG
  D:0062H         SYMBOL        addr
  -------         DO            
  X:03CAH         SYMBOL        read
  -------         ENDDO         
  C:4268H         LINE#         58
  C:426AH         LINE#         59
  C:426AH         LINE#         60
  C:426FH         LINE#         61
  C:4274H         LINE#         62
  C:4276H         LINE#         63
  C:427BH         LINE#         65
  C:4281H         LINE#         66
  C:4286H         LINE#         67
  C:4290H         LINE#         69
  C:4295H         LINE#         70
  C:4297H         LINE#         71
  C:429CH         LINE#         73
  C:42A1H         LINE#         74
  -------         ENDPROC       _ML7345_READ_REG
  -------         PROC          _ML7345_WRITE_FIFO
  D:0037H         SYMBOL        addr
  D:0038H         SYMBOL        pbuf
  D:003BH         SYMBOL        len
  -------         DO            
  X:03CBH         SYMBOL        i
  -------         ENDDO         
  C:3CACH         LINE#         76
  C:3CB4H         LINE#         77
  C:3CB4H         LINE#         78
  C:3CB9H         LINE#         79
BL51 BANKED LINKER/LOCATER V6.22.2.0                                                  06/13/2022  14:10:39  PAGE 28


  C:3CBEH         LINE#         80
  C:3CC0H         LINE#         81
  C:3CC5H         LINE#         83
  C:3CCFH         LINE#         84
  C:3CD4H         LINE#         85
  C:3CE1H         LINE#         86
  C:3CF2H         LINE#         87
  C:3CF2H         LINE#         88
  C:3CF7H         LINE#         89
  C:3D0EH         LINE#         90
  C:3D16H         LINE#         92
  C:3D1BH         LINE#         93
  C:3D1DH         LINE#         94
  C:3D22H         LINE#         95
  -------         ENDPROC       _ML7345_WRITE_FIFO
  -------         ENDMOD        SPI

  -------         MODULE        RAM
  C:0000H         SYMBOL        _ICE_DUMMY_
  X:0209H         PUBLIC        m_KeyCloseCount
  X:020AH         PUBLIC        write_flash_buffer
  D:0090H         PUBLIC        P1
  X:0212H         PUBLIC        txphase
  D:00A0H         PUBLIC        P2
  D:00C0H         PUBLIC        XICON
  D:00B0H         PUBLIC        P3
  D:00E8H         PUBLIC        P4
  X:0214H         PUBLIC        m_KeyCount
  D:00F8H         PUBLIC        P5
  X:0215H         PUBLIC        AD_DATA_BUFF
  D:00F8H         PUBLIC        P6
  X:0217H         PUBLIC        TB_976us
  X:0218H         PUBLIC        ID_data
  D:00A8H         PUBLIC        IE
  X:021CH         PUBLIC        TIME_Once_twice_switch
  X:021EH         PUBLIC        BAT_Voltage_value
  X:0222H         PUBLIC        rom_KeyOpt
  I:006DH         PUBLIC        RAM_SW_type
  X:0223H         PUBLIC        BAT_out
  X:0224H         PUBLIC        SIO_cnt
  X:0225H         PUBLIC        m_KeyDupliSetTimeout
  X:0227H         PUBLIC        ID_data_add
  D:00B8H         PUBLIC        IP0L
  X:022BH         PUBLIC        m_KeyDupli1stTimer
  X:022DH         PUBLIC        m_KeyOld
  X:022EH         PUBLIC        m_KeyOpenCount
  X:022FH         PUBLIC        txphase_end
  I:006EH         PUBLIC        mark0_stu
  I:006FH         PUBLIC        mark1_stu
  I:0070H         PUBLIC        mark2_stu
  X:0231H         PUBLIC        TB_5s
  X:0232H         PUBLIC        m_KeyNew
  D:00D8H         PUBLIC        CCON
  X:0233H         PUBLIC        PROFILE_CH_FREQ_32bit_200002EC
  X:0237H         PUBLIC        m_ChatterCount
  X:0239H         PUBLIC        key_Value
  I:0071H         PUBLIC        RAM_RegSW_type
BL51 BANKED LINKER/LOCATER V6.22.2.0                                                  06/13/2022  14:10:39  PAGE 29


  X:023BH         PUBLIC        Key_Sta
  D:0088H         PUBLIC        TCON
  X:023CH         PUBLIC        m_KeyNo
  C:3BABH         PUBLIC        _Init_RAM
  X:023DH         PUBLIC        m_KindOfKey
  I:0072H         PUBLIC        RAM_OP1_type
  I:0073H         PUBLIC        RAM_OP2_type
  X:023EH         PUBLIC        time_adc
  X:0240H         PUBLIC        TIME_BEEP_freq
  X:0241H         PUBLIC        txphase_Repeat
  X:0242H         PUBLIC        time_led
  X:0244H         PUBLIC        BASE_TIME_BEEP_off
  X:0245H         PUBLIC        TIME_BEEP_off
  X:0246H         PUBLIC        TB_51s
  X:0247H         PUBLIC        ID_INT_CODE
  X:0248H         PUBLIC        TB_sum_5s
  X:0249H         PUBLIC        RAM_BAT_AVG
  X:024BH         PUBLIC        channel
  X:024CH         PUBLIC        RAM_BAT_CNT
  X:024DH         PUBLIC        m_RegDigit
  X:024EH         PUBLIC        m_KeyOptSetMode
  X:024FH         PUBLIC        Control_code
  X:0250H         PUBLIC        TIME_2s_RestTX
  D:0098H         PUBLIC        S0CON
  X:0251H         PUBLIC        TIME_power_on_AD
  X:0253H         PUBLIC        TIME_10s
  D:0098H         PUBLIC        S1CON
  X:0255H         PUBLIC        SIO_DATA
  D:00C8H         PUBLIC        T2CON
  X:0265H         PUBLIC        Adc_Value
  X:0269H         PUBLIC        TB_100ms
  X:026AH         PUBLIC        BASE_TIME_BEEP_on
  X:026CH         PUBLIC        m_TimerKeyMonitor
  X:026EH         PUBLIC        TIME_BEEP_on
  X:0270H         PUBLIC        RAM_BAT_SUM
  X:0274H         PUBLIC        SIO_buff
  X:0284H         PUBLIC        m_RFNormalBuf
  X:02ACH         PUBLIC        m_RegMode
  X:02ADH         PUBLIC        m_TimerRegMode
  X:02AFH         PUBLIC        m_RegID
  D:00D0H         PUBLIC        PSW
  X:02B8H         PUBLIC        m_TimerKey
  -------         PROC          _INIT_RAM
  C:3BABH         LINE#         89
  C:3BABH         LINE#         90
  C:3BABH         LINE#         91
  C:3BB1H         LINE#         93
  C:3BB7H         LINE#         94
  C:3BC4H         LINE#         100
  C:3BC7H         LINE#         101
  C:3BD3H         LINE#         102
  C:3BD8H         LINE#         104
  C:3BE4H         LINE#         105
  C:3BF0H         LINE#         106
  C:3BF3H         LINE#         107
  C:3BFBH         LINE#         108
  C:3C03H         LINE#         110
BL51 BANKED LINKER/LOCATER V6.22.2.0                                                  06/13/2022  14:10:39  PAGE 30


  C:3C0FH         LINE#         111
  C:3C1BH         LINE#         112
  C:3C27H         LINE#         113
  C:3C33H         LINE#         114
  -------         ENDPROC       _INIT_RAM
  -------         ENDMOD        RAM

  -------         MODULE        ML7345
  C:0000H         SYMBOL        _ICE_DUMMY_
  X:02BAH         PUBLIC        First_TX_Scan
  X:02BBH         PUBLIC        APP_TX_freq
  D:0090H         PUBLIC        P1
  D:00A0H         PUBLIC        P2
  D:00C0H         PUBLIC        XICON
  D:00B0H         PUBLIC        P3
  D:00E8H         PUBLIC        P4
  D:00F8H         PUBLIC        P5
  D:00F8H         PUBLIC        P6
  D:00A8H         PUBLIC        IE
  X:02BCH         PUBLIC        Receiver_vent_Cache
  X:02BDH         PUBLIC        tx_pack_cnt
  D:00B8H         PUBLIC        IP0L
  X:02BEH         PUBLIC        Fre_429_350
  X:02C6H         PUBLIC        Fre_426_750
  X:02CEH         PUBLIC        Fre_426_075
  X:02D6H         PUBLIC        Fre_429_550
  X:02DEH         PUBLIC        Fre_429_175
  X:02E6H         PUBLIC        Freq_SetBuff
  D:00D8H         PUBLIC        CCON
  X:02EEH         PUBLIC        txbuf
  C:3F97H         PUBLIC        _Tx_Data_Test
  X:02F1H         PUBLIC        TX_Scan_step
  D:0088H         PUBLIC        TCON
  B:00B0H.4       PUBLIC        P34
  B:00B0H.5       PUBLIC        P35
  C:46CBH         PUBLIC        dd_set_ML7345D_Power_on
  B:00A0H.7       PUBLIC        P27
  X:02F2H         PUBLIC        rf_offset
  C:33EBH         PUBLIC        ML7345_TRX_Del
  X:02F3H         PUBLIC        Radio_Date_Type
  X:02F4H         PUBLIC        SPI_RECEIVE_BUFF
  C:10FEH         PUBLIC        _RF_ML7345_Init
  X:031CH         PUBLIC        SPI_Receive_DataForC
  D:0098H         PUBLIC        S0CON
  D:0098H         PUBLIC        S1CON
  X:0338H         PUBLIC        Radio_Date_Type_bak
  D:00C8H         PUBLIC        T2CON
  D:00D0H         PUBLIC        PSW
  -------         PROC          _RF_ML7345_INIT
  D:003CH         SYMBOL        freq
  D:003FH         SYMBOL        sync
  D:0040H         SYMBOL        rx_len
  C:10FEH         LINE#         44
  C:1106H         LINE#         45
  C:1106H         LINE#         46
  C:1109H         LINE#         47
  C:110CH         LINE#         48
BL51 BANKED LINKER/LOCATER V6.22.2.0                                                  06/13/2022  14:10:39  PAGE 31


  C:110CH         LINE#         49
  C:1117H         LINE#         50
  C:1119H         LINE#         51
  C:1119H         LINE#         52
  C:111BH         LINE#         53
  C:1122H         LINE#         54
  C:1129H         LINE#         55
  C:1130H         LINE#         56
  C:1137H         LINE#         57
  C:113EH         LINE#         58
  C:1145H         LINE#         59
  C:114CH         LINE#         60
  C:1153H         LINE#         61
  C:115AH         LINE#         62
  C:1161H         LINE#         63
  C:1168H         LINE#         64
  C:116FH         LINE#         65
  C:1176H         LINE#         66
  C:117DH         LINE#         67
  C:1184H         LINE#         68
  C:118BH         LINE#         69
  C:1192H         LINE#         70
  C:1199H         LINE#         71
  C:11A0H         LINE#         72
  C:11A7H         LINE#         73
  C:11AEH         LINE#         74
  C:11B5H         LINE#         75
  C:11BCH         LINE#         76
  C:11C3H         LINE#         77
  C:11CAH         LINE#         78
  C:11D1H         LINE#         79
  C:11D8H         LINE#         81
  C:11DFH         LINE#         83
  C:11E6H         LINE#         85
  C:11EDH         LINE#         87
  C:11F4H         LINE#         88
  C:11FBH         LINE#         90
  C:1202H         LINE#         92
  C:1209H         LINE#         93
  C:1210H         LINE#         94
  C:1217H         LINE#         95
  C:121EH         LINE#         97
  C:1225H         LINE#         99
  C:122CH         LINE#         101
  C:1233H         LINE#         103
  C:123AH         LINE#         104
  C:1241H         LINE#         105
  C:1248H         LINE#         107
  C:124FH         LINE#         109
  C:1256H         LINE#         110
  C:125DH         LINE#         112
  C:1264H         LINE#         113
  C:126BH         LINE#         117
  C:1272H         LINE#         118
  C:1279H         LINE#         119
  C:1280H         LINE#         120
  C:1287H         LINE#         121
BL51 BANKED LINKER/LOCATER V6.22.2.0                                                  06/13/2022  14:10:39  PAGE 32


  C:128EH         LINE#         123
  C:1295H         LINE#         125
  C:129CH         LINE#         127
  C:12A3H         LINE#         129
  C:12B2H         LINE#         130
  C:12C7H         LINE#         131
  C:12DCH         LINE#         132
  C:12F1H         LINE#         133
  C:1300H         LINE#         134
  C:1315H         LINE#         135
  C:132AH         LINE#         136
  C:133FH         LINE#         138
  C:1346H         LINE#         139
  C:134DH         LINE#         141
  C:1354H         LINE#         142
  C:135BH         LINE#         143
  C:1362H         LINE#         144
  C:1369H         LINE#         146
  C:1370H         LINE#         147
  C:1377H         LINE#         152
  C:137EH         LINE#         153
  C:1385H         LINE#         156
  C:138CH         LINE#         160
  C:13A1H         LINE#         161
  C:13B6H         LINE#         162
  C:13CBH         LINE#         163
  C:13E0H         LINE#         164
  C:13E7H         LINE#         165
  C:13EEH         LINE#         166
  C:13F5H         LINE#         168
  C:13FCH         LINE#         169
  C:1403H         LINE#         170
  C:140AH         LINE#         171
  C:1411H         LINE#         172
  C:1418H         LINE#         174
  C:141BH         LINE#         176
  C:1422H         LINE#         177
  C:1429H         LINE#         180
  C:1430H         LINE#         181
  C:1437H         LINE#         183
  C:143EH         LINE#         184
  C:1445H         LINE#         185
  C:144CH         LINE#         186
  C:1453H         LINE#         187
  C:145AH         LINE#         188
  C:1461H         LINE#         189
  C:1468H         LINE#         190
  C:146FH         LINE#         192
  C:14ACH         LINE#         193
  C:14AFH         LINE#         196
  C:14B6H         LINE#         197
  C:14BDH         LINE#         198
  C:14BDH         LINE#         199
  C:14C8H         LINE#         200
  C:14CAH         LINE#         201
  C:14CAH         LINE#         202
  C:14CCH         LINE#         203
BL51 BANKED LINKER/LOCATER V6.22.2.0                                                  06/13/2022  14:10:39  PAGE 33


  C:14CFH         LINE#         204
  C:14D2H         LINE#         205
  -------         ENDPROC       _RF_ML7345_INIT
  -------         PROC          _TX_DATA_TEST
  D:0063H         SYMBOL        mode
  C:3F97H         LINE#         224
  C:3F99H         LINE#         225
  C:3F99H         LINE#         226
  C:3FA0H         LINE#         227
  C:3FB5H         LINE#         228
  C:3FB5H         LINE#         230
  C:3FBEH         LINE#         233
  C:3FC7H         LINE#         236
  C:3FD0H         LINE#         239
  C:3FD9H         LINE#         242
  C:3FD9H         LINE#         243
  C:3FE0H         LINE#         244
  C:3FE0H         LINE#         245
  C:3FE0H         LINE#         246
  C:3FE5H         LINE#         247
  -------         ENDPROC       _TX_DATA_TEST
  -------         PROC          ML7345_TRX_DEL
  -------         DO            
  I:007FH         SYMBOL        reg
  -------         ENDDO         
  C:33EBH         LINE#         250
  C:33EBH         LINE#         251
  C:33EBH         LINE#         252
  C:33EFH         LINE#         254
  C:33F8H         LINE#         255
  C:341AH         LINE#         256
  C:341AH         LINE#         257
  C:3426H         LINE#         258
  C:342BH         LINE#         259
  C:343EH         LINE#         260
  C:343EH         LINE#         261
  C:3467H         LINE#         262
  C:3467H         LINE#         263
  C:3473H         LINE#         264
  C:3486H         LINE#         265
  C:348CH         LINE#         266
  C:348DH         LINE#         267
  C:34B1H         LINE#         268
  C:34B1H         LINE#         269
  C:34BDH         LINE#         270
  C:34C9H         LINE#         271
  C:34E0H         LINE#         272
  C:34E5H         LINE#         273
  C:34E7H         LINE#         274
  C:34EAH         LINE#         275
  C:34ECH         LINE#         276
  C:34ECH         LINE#         277
  C:34ECH         LINE#         278
  C:34ECH         LINE#         279
  -------         ENDPROC       ML7345_TRX_DEL
  -------         PROC          DD_SET_ML7345D_POWER_ON
  C:46CBH         LINE#         281
BL51 BANKED LINKER/LOCATER V6.22.2.0                                                  06/13/2022  14:10:39  PAGE 34


  C:46CBH         LINE#         282
  C:46CBH         LINE#         283
  C:46CEH         LINE#         284
  C:46CEH         LINE#         285
  C:46D0H         LINE#         286
  C:46D5H         LINE#         288
  C:46D5H         LINE#         289
  -------         ENDPROC       DD_SET_ML7345D_POWER_ON
  -------         ENDMOD        ML7345

  -------         MODULE        ML7345_HAL
  C:0000H         SYMBOL        _ICE_DUMMY_
  C:379FH         PUBLIC        ML7345_DataRate_Set_4_8k
  D:0090H         PUBLIC        P1
  D:00A0H         PUBLIC        P2
  D:00C0H         PUBLIC        XICON
  D:00B0H         PUBLIC        P3
  D:00E8H         PUBLIC        P4
  D:00F8H         PUBLIC        P5
  D:00F8H         PUBLIC        P6
  D:00A8H         PUBLIC        IE
  C:41B6H         PUBLIC        _ML7345_AutoTx_Data
  C:2D5EH         PUBLIC        _ML7345_Frequency_Set
  D:00B8H         PUBLIC        IP0L
  C:34EDH         PUBLIC        _ML7345_SetAndGet_State
  C:42DBH         PUBLIC        _ML7345_StateFlag_Clear
  D:00D8H         PUBLIC        CCON
  C:4470H         PUBLIC        _ML7345_AutoStateTransition_Set
  C:45A6H         PUBLIC        ML7345_AllStateFlag_Clear
  D:0088H         PUBLIC        TCON
  B:00B0H.4       PUBLIC        P34
  C:1E31H         PUBLIC        _ML7345_Frequency_Calcul
  C:40BDH         PUBLIC        WaitStatus_Complete
  C:437CH         PUBLIC        SetReg_Rssi
  C:4626H         PUBLIC        ML7345_GPIO0TxDoneInt_Enable
  D:0098H         PUBLIC        S0CON
  D:0098H         PUBLIC        S1CON
  D:00C8H         PUBLIC        T2CON
  C:46E0H         PUBLIC        ML7345_RESETN_SET
  C:391FH         PUBLIC        ML7345_DataRate_Set_1_2k
  D:00D0H         PUBLIC        PSW
  -------         PROC          _ML7345_AUTOSTATETRANSITION_SET
  D:0064H         SYMBOL        sta
  C:4470H         LINE#         10
  C:4472H         LINE#         11
  C:4472H         LINE#         12
  C:4479H         LINE#         13
  C:4497H         LINE#         14
  C:449EH         LINE#         15
  -------         ENDPROC       _ML7345_AUTOSTATETRANSITION_SET
  -------         PROC          _ML7345_SETANDGET_STATE
  D:0065H         SYMBOL        sta
  -------         DO            
  X:03B7H         SYMBOL        status
  -------         ENDDO         
  C:34EDH         LINE#         31
  C:34EFH         LINE#         32
[...]
  C:0F00H         LINE#         943
  C:0F01H         LINE#         945
  C:0F01H         LINE#         946
  C:0F05H         LINE#         948
  C:0F05H         LINE#         949
  C:0F05H         LINE#         950
  C:0F06H         LINE#         952
  C:0F06H         LINE#         953
  C:0F15H         LINE#         954
  C:0F15H         LINE#         955
  C:0F1BH         LINE#         956
  C:0F25H         LINE#         958
  C:0F30H         LINE#         959
  C:0F3CH         LINE#         960
  C:0F3CH         LINE#         966
  C:0F3DH         LINE#         968
  C:0F3DH         LINE#         969
  C:0F49H         LINE#         970
  C:0F49H         LINE#         971
  C:0F4DH         LINE#         973
  C:0F4DH         LINE#         975
  C:0F68H         LINE#         976
  C:0F69H         LINE#         978
  C:0F69H         LINE#         980
  C:0F71H         LINE#         981
  C:0F71H         LINE#         982
  C:0F7EH         LINE#         983
  C:0F7EH         LINE#         984
  C:0F88H         LINE#         985
  C:0F8EH         LINE#         986
BL51 BANKED LINKER/LOCATER V6.22.2.0                                                  06/13/2022  14:10:39  PAGE 55


  C:0F9AH         LINE#         987
  C:0F9BH         LINE#         989
  C:0F9BH         LINE#         990
  C:0F9FH         LINE#         992
  C:0F9FH         LINE#         993
  C:0FA0H         LINE#         995
  C:0FA0H         LINE#         996
  C:0FADH         LINE#         997
  C:0FADH         LINE#         998
  C:0FB7H         LINE#         999
  C:0FBDH         LINE#         1000
  C:0FBEH         LINE#         1002
  C:0FBEH         LINE#         1003
  C:0FC2H         LINE#         1005
  C:0FC2H         LINE#         1006
  C:0FC2H         LINE#         1007
  C:0FC3H         LINE#         1009
  C:0FC3H         LINE#         1010
  C:0FC3H         LINE#         1011
  C:0FCFH         LINE#         1012
  C:0FCFH         LINE#         1013
  C:0FD3H         LINE#         1015
  C:0FD3H         LINE#         1017
  C:0FEEH         LINE#         1018
  C:0FEFH         LINE#         1020
  C:0FEFH         LINE#         1022
  C:0FFAH         LINE#         1023
  C:0FFAH         LINE#         1024
  C:1007H         LINE#         1025
  C:1007H         LINE#         1026
  C:1014H         LINE#         1027
  C:1014H         LINE#         1028
  C:101BH         LINE#         1029
  C:101FH         LINE#         1030
  C:101FH         LINE#         1031
  C:1022H         LINE#         1032
  C:1024H         LINE#         1034
  C:1024H         LINE#         1035
  C:1027H         LINE#         1036
  C:1027H         LINE#         1037
  C:102DH         LINE#         1038
  C:1040H         LINE#         1043
  C:104BH         LINE#         1044
  C:1057H         LINE#         1045
  C:1063H         LINE#         1046
  C:1069H         LINE#         1047
  C:106DH         LINE#         1049
  C:106DH         LINE#         1050
  C:1073H         LINE#         1051
  C:1074H         LINE#         1053
  C:1074H         LINE#         1054
  C:1078H         LINE#         1056
  C:1078H         LINE#         1057
  C:1079H         LINE#         1059
  C:1079H         LINE#         1060
  C:1086H         LINE#         1061
  C:1086H         LINE#         1062
BL51 BANKED LINKER/LOCATER V6.22.2.0                                                  06/13/2022  14:10:39  PAGE 56


  C:1093H         LINE#         1063
  C:1093H         LINE#         1064
  C:109AH         LINE#         1065
  C:109EH         LINE#         1066
  C:109EH         LINE#         1067
  C:10A1H         LINE#         1068
  C:10A3H         LINE#         1070
  C:10A3H         LINE#         1071
  C:10A6H         LINE#         1072
  C:10A6H         LINE#         1073
  C:10ACH         LINE#         1074
  C:10BFH         LINE#         1078
  C:10CAH         LINE#         1079
  C:10D6H         LINE#         1080
  C:10E2H         LINE#         1081
  C:10E6H         LINE#         1084
  C:10E6H         LINE#         1085
  C:10ECH         LINE#         1086
  C:10EDH         LINE#         1088
  C:10EDH         LINE#         1089
  C:10F1H         LINE#         1091
  C:10F1H         LINE#         1092
  C:10F1H         LINE#         1093
  C:10F2H         LINE#         1095
  C:10F2H         LINE#         1096
  C:10FAH         LINE#         1097
  C:10FAH         LINE#         1099
  C:10FDH         LINE#         1101
  C:10FDH         LINE#         1102
  C:10FDH         LINE#         1104
  C:10FDH         LINE#         1105
  -------         ENDPROC       _DUPLIFUNCSETMODE
  -------         PROC          _REGISTRATIONMODE
  C:2ED6H         LINE#         1115
  C:2ED6H         LINE#         1116
  C:2ED6H         LINE#         1117
  C:2EDFH         LINE#         1118
  C:2EDFH         LINE#         1120
  C:2EDFH         LINE#         1122
  C:2EF3H         LINE#         1123
  C:2EFFH         LINE#         1124
  C:2F01H         LINE#         1125
  C:2F01H         LINE#         1126
  C:2F0DH         LINE#         1127
  C:2F13H         LINE#         1128
  C:2F21H         LINE#         1129
  C:2F3CH         LINE#         1130
  C:2F3EH         LINE#         1131
  C:2F3EH         LINE#         1133
  C:2F49H         LINE#         1134
  C:2F4BH         LINE#         1135
  C:2F50H         LINE#         1136
  C:2F50H         LINE#         1147
  C:2F69H         LINE#         1148
  C:2F69H         LINE#         1149
  C:2F69H         LINE#         1150
  C:2F82H         LINE#         1151
BL51 BANKED LINKER/LOCATER V6.22.2.0                                                  06/13/2022  14:10:39  PAGE 57


  C:2F82H         LINE#         1152
  C:2F94H         LINE#         1153
  C:2F94H         LINE#         1155
  C:2F9FH         LINE#         1156
  C:2FA9H         LINE#         1157
  C:2FAAH         LINE#         1159
  C:2FAAH         LINE#         1160
  C:2FBEH         LINE#         1161
  C:2FBEH         LINE#         1162
  C:2FC4H         LINE#         1163
  C:2FC6H         LINE#         1166
  C:2FC6H         LINE#         1168
  C:2FD1H         LINE#         1169
  C:2FD1H         LINE#         1174
  C:2FDBH         LINE#         1175
  C:2FDCH         LINE#         1177
  C:2FDCH         LINE#         1178
  C:2FDFH         LINE#         1180
  C:2FEAH         LINE#         1181
  C:2FF4H         LINE#         1182
  C:2FF5H         LINE#         1184
  C:2FF5H         LINE#         1186
  C:3007H         LINE#         1187
  C:3007H         LINE#         1189
  C:3007H         LINE#         1194
  C:3016H         LINE#         1197
  C:3032H         LINE#         1199
  C:3032H         LINE#         1201
  C:303DH         LINE#         1202
  C:303FH         LINE#         1204
  C:303FH         LINE#         1205
  C:3046H         LINE#         1207
  C:3046H         LINE#         1208
  C:304BH         LINE#         1209
  C:304BH         LINE#         1210
  C:304BH         LINE#         1211
  -------         ENDPROC       _REGISTRATIONMODE
  -------         PROC          _ATOL
  D:0021H         SYMBOL        m_RegID_x
  -------         DO            
  D:0024H         SYMBOL        i
  D:0025H         SYMBOL        j
  D:0026H         SYMBOL        m_ID
  -------         ENDDO         
  C:3C34H         LINE#         1216
  C:3C3AH         LINE#         1217
  C:3C3AH         LINE#         1219
  C:3C46H         LINE#         1221
  C:3C58H         LINE#         1222
  C:3C6EH         LINE#         1223
  C:3C9FH         LINE#         1224
  C:3CA3H         LINE#         1225
  C:3CABH         LINE#         1226
  -------         ENDPROC       _ATOL
  -------         PROC          __SETREGISTRATIONMODE
  D:0069H         SYMBOL        mode
  C:44F7H         LINE#         1238
BL51 BANKED LINKER/LOCATER V6.22.2.0                                                  06/13/2022  14:10:39  PAGE 58


  C:44F9H         LINE#         1239
  C:44F9H         LINE#         1240
  C:44FFH         LINE#         1241
  C:44FFH         LINE#         1243
  C:44FFH         LINE#         1245
  C:4505H         LINE#         1252
  C:4508H         LINE#         1259
  C:4513H         LINE#         1260
  C:451DH         LINE#         1261
  -------         ENDPROC       __SETREGISTRATIONMODE
  -------         PROC          _GETREGMODE
  C:46F0H         LINE#         1262
  C:46F0H         LINE#         1263
  C:46F0H         LINE#         1264
  C:46F5H         LINE#         1265
  -------         ENDPROC       _GETREGMODE
  -------         PROC          _IDCLEAR
  -------         DO            
  D:006AH         SYMBOL        i
  -------         ENDDO         
  C:4440H         LINE#         1272
  C:4440H         LINE#         1273
  C:4440H         LINE#         1276
  C:4445H         LINE#         1278
  C:4457H         LINE#         1279
  C:4457H         LINE#         1280
  C:4466H         LINE#         1281
  C:446AH         LINE#         1282
  C:446FH         LINE#         1284
  -------         ENDPROC       _IDCLEAR
  -------         PROC          __SWIN
  D:006BH         SYMBOL        sw
  C:4544H         LINE#         1296
  C:4546H         LINE#         1297
  C:4546H         LINE#         1298
  C:4554H         LINE#         1299
  C:4558H         LINE#         1300
  C:4558H         LINE#         1301
  C:4566H         LINE#         1302
  C:4566H         LINE#         1303
  -------         ENDPROC       __SWIN
  -------         PROC          __REQBUZZER
  D:004DH         SYMBOL        BEEP_on_SET
  D:004FH         SYMBOL        BEEP_off_SET
  D:0050H         SYMBOL        BEEP_freq_SET
  C:3FE6H         LINE#         1305
  C:3FEEH         LINE#         1306
  C:3FEEH         LINE#         1307
  C:4003H         LINE#         1308
  C:4003H         LINE#         1309
  C:400DH         LINE#         1310
  C:4013H         LINE#         1311
  C:4023H         LINE#         1312
  C:402DH         LINE#         1313
  C:4033H         LINE#         1314
  C:4033H         LINE#         1315
  -------         ENDPROC       __REQBUZZER
BL51 BANKED LINKER/LOCATER V6.22.2.0                                                  06/13/2022  14:10:39  PAGE 59


  -------         PROC          TEST_MODE_CONTROL
  C:276AH         LINE#         1320
  C:276AH         LINE#         1321
  C:276AH         LINE#         1323
  C:2770H         LINE#         1324
  C:2770H         LINE#         1325
  C:2773H         LINE#         1326
  C:2781H         LINE#         1327
  C:2781H         LINE#         1328
  C:278DH         LINE#         1329
  C:278FH         LINE#         1330
  C:2791H         LINE#         1331
  C:2794H         LINE#         1332
  C:2796H         LINE#         1333
  C:2799H         LINE#         1334
  C:279CH         LINE#         1335
  C:27A2H         LINE#         1336
  C:27AEH         LINE#         1337
  C:27AEH         LINE#         1338
  C:27CDH         LINE#         1339
  C:27CDH         LINE#         1340
  C:27D9H         LINE#         1341
  C:27DCH         LINE#         1342
  C:27DCH         LINE#         1343
  C:27DFH         LINE#         1344
  C:27FFH         LINE#         1345
  C:27FFH         LINE#         1346
  C:280BH         LINE#         1347
  C:280EH         LINE#         1348
  C:2818H         LINE#         1349
  C:2826H         LINE#         1350
  C:2832H         LINE#         1351
  C:2837H         LINE#         1352
  C:2837H         LINE#         1353
  C:2853H         LINE#         1355
  C:2879H         LINE#         1356
  C:2879H         LINE#         1357
  C:2885H         LINE#         1358
  C:2887H         LINE#         1359
  C:288AH         LINE#         1360
  C:288CH         LINE#         1361
  C:2898H         LINE#         1362
  C:2898H         LINE#         1363
  C:28B8H         LINE#         1375
  C:28E1H         LINE#         1376
  C:28E1H         LINE#         1377
  C:28EDH         LINE#         1378
  C:28F0H         LINE#         1379
  C:28FAH         LINE#         1380
  C:2908H         LINE#         1381
  C:290DH         LINE#         1382
  C:2919H         LINE#         1386
  C:2919H         LINE#         1387
  C:293BH         LINE#         1389
  C:293EH         LINE#         1390
  C:2941H         LINE#         1391
  C:2951H         LINE#         1392
BL51 BANKED LINKER/LOCATER V6.22.2.0                                                  06/13/2022  14:10:39  PAGE 60


  C:2951H         LINE#         1393
  C:295DH         LINE#         1394
  C:2960H         LINE#         1395
  C:2960H         LINE#         1396
  C:2962H         LINE#         1397
  C:2964H         LINE#         1398
  C:2970H         LINE#         1399
  C:297CH         LINE#         1400
  C:2988H         LINE#         1401
  -------         ENDPROC       TEST_MODE_CONTROL
  -------         ENDMOD        KEY_AND_OTHER

  -------         MODULE        EXIT_FUN
  C:0000H         SYMBOL        _ICE_DUMMY_
  D:0090H         PUBLIC        P1
  D:00A0H         PUBLIC        P2
  D:00C0H         PUBLIC        XICON
  D:00B0H         PUBLIC        P3
  D:00E8H         PUBLIC        P4
  D:00F8H         PUBLIC        P5
  C:3D97H         PUBLIC        _SetFixedLengthCode
  D:00F8H         PUBLIC        P6
  D:00A8H         PUBLIC        IE
  D:00B8H         PUBLIC        IP0L
  D:00D8H         PUBLIC        CCON
  D:0088H         PUBLIC        TCON
  B:00A0H.7       PUBLIC        P27
  C:31B6H         PUBLIC        SendTxData
  D:0098H         PUBLIC        S0CON
  D:0098H         PUBLIC        S1CON
  D:00C8H         PUBLIC        T2CON
  C:304CH         PUBLIC        _SetTxData
  D:00D0H         PUBLIC        PSW
  -------         PROC          SENDTXDATA
  C:31B6H         LINE#         38
  C:31B6H         LINE#         39
  C:31B6H         LINE#         40
  C:31B8H         LINE#         41
  C:31C3H         LINE#         42
  C:31C3H         LINE#         43
  C:31F4H         LINE#         44
  C:31FAH         LINE#         45
  C:3203H         LINE#         46
  C:320DH         LINE#         47
  C:3210H         LINE#         49
  C:3210H         LINE#         50
  C:323DH         LINE#         51
  C:3279H         LINE#         52
  C:32A6H         LINE#         53
  C:32ACH         LINE#         54
  C:32B5H         LINE#         55
  C:32BFH         LINE#         56
  C:32BFH         LINE#         57
  C:32CBH         LINE#         58
  C:32DEH         LINE#         59
  C:32E4H         LINE#         60
  -------         ENDPROC       SENDTXDATA
BL51 BANKED LINKER/LOCATER V6.22.2.0                                                  06/13/2022  14:10:39  PAGE 61


  -------         PROC          _SETTXDATA
  D:0031H         SYMBOL        count_set
  D:0032H         SYMBOL        ID_data_set
  D:0036H         SYMBOL        Control_code_set
  -------         DO            
  I:0074H         SYMBOL        unii
  I:0076H         SYMBOL        unij
  I:0078H         SYMBOL        unik
  -------         ENDDO         
  C:304CH         LINE#         62
  C:304EH         LINE#         63
  C:304EH         LINE#         66
  C:305AH         LINE#         67
  C:306EH         LINE#         68
  C:3082H         LINE#         69
  C:308EH         LINE#         70
  C:30A2H         LINE#         71
  C:30B6H         LINE#         72
  C:30C2H         LINE#         73
  C:30D6H         LINE#         74
  C:30EAH         LINE#         76
  C:30F6H         LINE#         77
  C:310AH         LINE#         78
  C:311EH         LINE#         80
  C:3122H         LINE#         81
  C:3126H         LINE#         82
  C:312AH         LINE#         83
  C:312EH         LINE#         84
  C:3149H         LINE#         85
  C:3157H         LINE#         86
  C:316BH         LINE#         87
  C:317FH         LINE#         88
  C:318DH         LINE#         89
  C:31A1H         LINE#         90
  C:31B5H         LINE#         91
  -------         ENDPROC       _SETTXDATA
  -------         PROC          _SETFIXEDLENGTHCODE
  D:006CH         SYMBOL        Data
  -------         DO            
  I:007AH         SYMBOL        Code
  I:007CH         SYMBOL        i
  -------         ENDDO         
  C:3D97H         LINE#         93
  C:3D99H         LINE#         94
  C:3D99H         LINE#         98
  C:3DAEH         LINE#         99
  C:3DAEH         LINE#         100
  C:3DC7H         LINE#         101
  C:3DCCH         LINE#         102
  C:3DCCH         LINE#         103
  C:3DD8H         LINE#         104
  C:3DDAH         LINE#         106
  C:3DDAH         LINE#         107
  C:3DE6H         LINE#         109
  C:3DE6H         LINE#         110
  C:3DECH         LINE#         111
  C:3DF1H         LINE#         112
BL51 BANKED LINKER/LOCATER V6.22.2.0                                                  06/13/2022  14:10:39  PAGE 62


  C:3DF8H         LINE#         113
  -------         ENDPROC       _SETFIXEDLENGTHCODE
  -------         ENDMOD        EXIT_FUN

  -------         MODULE        ?C?FPADD
  C:0055H         PUBLIC        ?C?FPADD
  C:0051H         PUBLIC        ?C?FPSUB
  -------         ENDMOD        ?C?FPADD

  -------         MODULE        ?C?FPMUL
  C:0146H         PUBLIC        ?C?FPMUL
  -------         ENDMOD        ?C?FPMUL

  -------         MODULE        ?C?FPDIV
  C:024FH         PUBLIC        ?C?FPDIV
  -------         ENDMOD        ?C?FPDIV

  -------         MODULE        ?C?FCAST
  C:02F6H         PUBLIC        ?C?FCASTC
  C:02F1H         PUBLIC        ?C?FCASTI
  C:02ECH         PUBLIC        ?C?FCASTL
  -------         ENDMOD        ?C?FCAST

  -------         MODULE        ?C?CASTF
  C:032AH         PUBLIC        ?C?CASTF
  -------         ENDMOD        ?C?CASTF

  -------         MODULE        ?C?COPY
  C:047BH         PUBLIC        ?C?COPY
  -------         ENDMOD        ?C?COPY

  -------         MODULE        ?C?CLDPTR
  C:04A1H         PUBLIC        ?C?CLDPTR
  -------         ENDMOD        ?C?CLDPTR

  -------         MODULE        ?C?CLDOPTR
  C:04BAH         PUBLIC        ?C?CLDOPTR
  -------         ENDMOD        ?C?CLDOPTR

  -------         MODULE        ?C?CSTPTR
  C:04E7H         PUBLIC        ?C?CSTPTR
  -------         ENDMOD        ?C?CSTPTR

  -------         MODULE        ?C?CSTOPTR
  C:04F9H         PUBLIC        ?C?CSTOPTR
  -------         ENDMOD        ?C?CSTOPTR

  -------         MODULE        ?C?IILDX
  C:051BH         PUBLIC        ?C?IILDX
  -------         ENDMOD        ?C?IILDX

  -------         MODULE        ?C?ILDIX
  C:0531H         PUBLIC        ?C?ILDIX
  -------         ENDMOD        ?C?ILDIX

  -------         MODULE        ?C?LMUL
  C:0547H         PUBLIC        ?C?LMUL
BL51 BANKED LINKER/LOCATER V6.22.2.0                                                  06/13/2022  14:10:39  PAGE 63


  -------         ENDMOD        ?C?LMUL

  -------         MODULE        ?C?ULDIV
  C:05D2H         PUBLIC        ?C?ULDIV
  -------         ENDMOD        ?C?ULDIV

  -------         MODULE        ?C?SLDIV
  C:4079H         PUBLIC        ?C?SLDIV
  -------         ENDMOD        ?C?SLDIV

  -------         MODULE        ?C?LNEG
  C:0664H         PUBLIC        ?C?LNEG
  -------         ENDMOD        ?C?LNEG

  -------         MODULE        ?C?ULCMP
  C:0672H         PUBLIC        ?C?ULCMP
  -------         ENDMOD        ?C?ULCMP

  -------         MODULE        ?C?ULSHR
  C:0683H         PUBLIC        ?C?ULSHR
  -------         ENDMOD        ?C?ULSHR

  -------         MODULE        ?C?LSTXDATA
  C:0696H         PUBLIC        ?C?LSTXDATA
  -------         ENDMOD        ?C?LSTXDATA

  -------         MODULE        ?C?LSTKXDATA
  C:06A2H         PUBLIC        ?C?LSTKXDATA
  -------         ENDMOD        ?C?LSTKXDATA

  -------         MODULE        ?C?CCASE
  C:06D3H         PUBLIC        ?C?CCASE
  -------         ENDMOD        ?C?CCASE

Program Size: data=129.3 xdata=972 code=18182
LINK/LOCATE RUN COMPLETE.  0 WARNING(S),  0 ERROR(S)
