BL51 BANKED LINKER/LOCATER V6.22.2.0                                                    03/25/2022  15:04:17  PAGE 1


BL51 BANKED LINKER/LOCATER V6.22.2.0, INVOKED BY:
C:\KEIL_V5\C51\BIN\BL51.EXE .\Objects\main.obj, .\Objects\sys.obj, .\Objects\gpio.obj, .\Objects\timer.obj, .\Objects\ua
>> rt.obj, .\Objects\IAP_flash.obj, .\Objects\spi.obj, .\Objects\ram.obj, .\Objects\ML7345.obj, .\Objects\ML7345_HAL.obj
>> , .\Objects\adc.obj, .\Objects\key_and_Other.obj, .\Objects\EXIT_FUN.obj TO .\Objects\STX0031_MA82G5B32_Pro PRINT (.\
>> Listings\STX0031_MA82G5B32_Pro.m51) RAMSIZE (256) CODE (0X0000-0X7FFF) XDATA (0X0000-0X06FF)


MEMORY MODEL: SMALL WITH FLOATING POINT ARITHMETIC


INPUT MODULES INCLUDED:
  .\Objects\main.obj (MAIN)
  .\Objects\sys.obj (SYS)
  .\Objects\gpio.obj (GPIO)
  .\Objects\timer.obj (TIMER)
  .\Objects\uart.obj (UART)
  .\Objects\IAP_flash.obj (IAP_FLASH)
  .\Objects\spi.obj (SPI)
  .\Objects\ram.obj (RAM)
  .\Objects\ML7345.obj (ML7345)
  .\Objects\ML7345_HAL.obj (ML7345_HAL)
  .\Objects\adc.obj (ADC)
  .\Objects\key_and_Other.obj (KEY_AND_OTHER)
  .\Objects\EXIT_FUN.obj (EXIT_FUN)
  C:\KEIL_V5\C51\LIB\C51FPS.LIB (?C?FPADD)
  C:\KEIL_V5\C51\LIB\C51FPS.LIB (?C?FPMUL)
  C:\KEIL_V5\C51\LIB\C51FPS.LIB (?C?FPDIV)
  C:\KEIL_V5\C51\LIB\C51FPS.LIB (?C?FCAST)
  C:\KEIL_V5\C51\LIB\C51FPS.LIB (?C?CASTF)
  C:\KEIL_V5\C51\LIB\C51FPS.LIB (?C?FPGETOPN)
  C:\KEIL_V5\C51\LIB\C51S.LIB (?C_STARTUP)
  C:\KEIL_V5\C51\LIB\C51S.LIB (?C?COPY)
  C:\KEIL_V5\C51\LIB\C51S.LIB (?C?CLDPTR)
  C:\KEIL_V5\C51\LIB\C51S.LIB (?C?CLDOPTR)
  C:\KEIL_V5\C51\LIB\C51S.LIB (?C?CSTPTR)
  C:\KEIL_V5\C51\LIB\C51S.LIB (?C?CSTOPTR)
  C:\KEIL_V5\C51\LIB\C51S.LIB (?C?IILDX)
  C:\KEIL_V5\C51\LIB\C51S.LIB (?C?ILDIX)
  C:\KEIL_V5\C51\LIB\C51S.LIB (?C?LMUL)
  C:\KEIL_V5\C51\LIB\C51S.LIB (?C?ULDIV)
  C:\KEIL_V5\C51\LIB\C51S.LIB (?C?SLDIV)
  C:\KEIL_V5\C51\LIB\C51S.LIB (?C?LNEG)
  C:\KEIL_V5\C51\LIB\C51S.LIB (?C?ULCMP)
  C:\KEIL_V5\C51\LIB\C51S.LIB (?C?ULSHR)
  C:\KEIL_V5\C51\LIB\C51S.LIB (?C?LSTXDATA)
  C:\KEIL_V5\C51\LIB\C51S.LIB (?C?LSTKXDATA)
  C:\KEIL_V5\C51\LIB\C51S.LIB (?C?CCASE)
  C:\KEIL_V5\C51\LIB\C51S.LIB (?C_INIT)


LINK MAP OF MODULE:  .\Objects\STX0031_MA82G5B32_Pro (MAIN)


            TYPE    BASE      LENGTH    RELOCATION   SEGMENT NAME
            -----------------------------------------------------

            * * * * * * *   D A T A   M E M O R Y   * * * * * * *
            REG     0000H     0008H     ABSOLUTE     "REG BANK 0"
BL51 BANKED LINKER/LOCATER V6.22.2.0                                                  03/25/2022  15:04:17  PAGE 2


            DATA    0008H     0011H     UNIT         ?DT?KEY_AND_OTHER
            DATA    0019H     0007H     UNIT         ?DT?_IAP_WRITEBUF_WITH_PROTECT_VERIFY?IAP_FLASH
            BIT     0020H.0   0000H.1   UNIT         ?BI?_UART0SENDBYTE?UART
            BIT     0020H.1   0000H.1   UNIT         ?BI?_IAP_WRITEPPAGE?IAP_FLASH
            BIT     0020H.2   0000H.1   UNIT         ?BI?_IAP_WRITEBUF_WITH_PROTECT_VERIFY?IAP_FLASH
                    0020H.3   0000H.5                *** GAP ***
            DATA    0021H     0009H     UNIT         ?DT?_ATOL?KEY_AND_OTHER
            DATA    002AH     0007H     UNIT         ?DT?_ML7345_FREQUENCY_CALCUL?ML7345_HAL
            DATA    0031H     0006H     UNIT         ?DT?_SETTXDATA?EXIT_FUN
            DATA    0037H     0005H     UNIT         ?DT?_ML7345_WRITE_FIFO?SPI
            DATA    003CH     0005H     UNIT         ?DT?_RF_ML7345_INIT?ML7345
            DATA    0041H     0004H     UNIT         ?DT?_SEND_DATA?UART
            DATA    0045H     0004H     UNIT         ?DT?_ML7345_FREQUENCY_SET?ML7345_HAL
            DATA    0049H     0004H     UNIT         ?DT?_ML7345_AUTOTX_DATA?ML7345_HAL
            DATA    004DH     0004H     UNIT         ?DT?__REQBUZZER?KEY_AND_OTHER
            DATA    0051H     0003H     UNIT         ?DT?_ASC_HEX_2?UART
            DATA    0054H     0003H     UNIT         ?DT?__REQTXDEDIT?KEY_AND_OTHER
            DATA    0057H     0002H     UNIT         ?DT?_IAP_WRITEPPAGE?IAP_FLASH
            DATA    0059H     0002H     UNIT         ?DT?_ML7345_WRITE_REG?SPI
            DATA    005BH     0001H     UNIT         ?DT?_DELAYXUS?TIMER
            DATA    005CH     0001H     UNIT         ?DT?_DELAY_MS?TIMER
            DATA    005DH     0001H     UNIT         ?DT?_UART0SENDBYTE?UART
            DATA    005EH     0001H     UNIT         ?DT?_ASC_HEX?UART
            DATA    005FH     0001H     UNIT         ?DT?_HEX_ASC?UART
            DATA    0060H     0001H     UNIT         ?DT?_SPI_DELAY?SPI
            DATA    0061H     0001H     UNIT         ?DT?_SPI1_SENDRECV_DATA?SPI
            DATA    0062H     0001H     UNIT         ?DT?_ML7345_READ_REG?SPI
            DATA    0063H     0001H     UNIT         ?DT?_TX_DATA_TEST?ML7345
            DATA    0064H     0001H     UNIT         ?DT?_ML7345_AUTOSTATETRANSITION_SET?ML7345_HAL
            DATA    0065H     0001H     UNIT         ?DT?_ML7345_SETANDGET_STATE?ML7345_HAL
            DATA    0066H     0001H     UNIT         ?DT?_ML7345_STATEFLAG_CLEAR?ML7345_HAL
            DATA    0067H     0001H     UNIT         ?DT?__PASS3SECKEY?KEY_AND_OTHER
            DATA    0068H     0001H     UNIT         ?DT?_DUPLIFUNCSETMODE?KEY_AND_OTHER
            DATA    0069H     0001H     UNIT         ?DT?__SETREGISTRATIONMODE?KEY_AND_OTHER
            DATA    006AH     0001H     UNIT         ?DT?_IDCLEAR?KEY_AND_OTHER
            DATA    006BH     0001H     UNIT         ?DT?__SWIN?KEY_AND_OTHER
            DATA    006CH     0001H     UNIT         ?DT?_SETFIXEDLENGTHCODE?EXIT_FUN
            IDATA   006DH     0006H     UNIT         ?ID?RAM
            IDATA   0073H     0006H     UNIT         ?ID?_SETTXDATA?EXIT_FUN
            IDATA   0079H     0003H     UNIT         ?ID?_SETFIXEDLENGTHCODE?EXIT_FUN
            IDATA   007CH     0001H     UNIT         ?ID?INT_UART0?UART
            IDATA   007DH     0001H     UNIT         ?ID?EEPROM_SYS_LOAD?IAP_FLASH
            IDATA   007EH     0001H     UNIT         ?ID?ML7345_TRX_DEL?ML7345
            IDATA   007FH     0001H     UNIT         ?ID?_KEYINTX?KEY_AND_OTHER
            IDATA   0080H     0001H     UNIT         ?STACK

            * * * * * * *  X D A T A   M E M O R Y  * * * * * * *
            XDATA   0000H     0209H     UNIT         ?XD?IAP_FLASH
            XDATA   0209H     00AAH     UNIT         ?XD?RAM
            XDATA   02B3H     007FH     UNIT         ?XD?ML7345
            XDATA   0332H     007EH     UNIT         ?XD?UART
            XDATA   03B0H     000CH     UNIT         ?XD?ML7345_HAL
            XDATA   03BCH     0002H     UNIT         ?XD?TIMER
            XDATA   03BEH     0002H     UNIT         ?XD?SPI
            XDATA   03C0H     0002H     UNIT         ?XD?ADC

            * * * * * * *   C O D E   M E M O R Y   * * * * * * *
BL51 BANKED LINKER/LOCATER V6.22.2.0                                                  03/25/2022  15:04:17  PAGE 3


            CODE    0000H     0003H     ABSOLUTE     
            CODE    0003H     0003H     ABSOLUTE     
            CODE    0006H     0005H     UNIT         ?PR?BEEP_OFF?TIMER
            CODE    000BH     0003H     ABSOLUTE     
            CODE    000EH     0005H     UNIT         ?PR?UART1_END?UART
            CODE    0013H     0003H     ABSOLUTE     
            CODE    0016H     000CH     UNIT         ?PR?INIT_INT1?GPIO
            CODE    0022H     0001H     UNIT         ?PR?_FUNCAUTOTXSTART?KEY_AND_OTHER
            CODE    0023H     0003H     ABSOLUTE     
            CODE    0026H     0025H     UNIT         ?PR?_GETNOPUSHSTATE?KEY_AND_OTHER
            CODE    004BH     0003H     ABSOLUTE     
            CODE    004EH     06ABH     UNIT         ?C?LIB_CODE
            CODE    06F9H     0503H     UNIT         ?PR?PC_PRG?UART
            CODE    0BFCH     03DEH     UNIT         ?PR?_DUPLIFUNCSETMODE?KEY_AND_OTHER
            CODE    0FDAH     03D5H     UNIT         ?PR?_RF_ML7345_INIT?ML7345
            CODE    13AFH     0396H     UNIT         ?PR?EEPROM_SYS_LOAD?IAP_FLASH
            CODE    1745H     02F1H     UNIT         ?PR?_KEYINTX?KEY_AND_OTHER
            CODE    1A36H     02A6H     UNIT         ?C_INITSEG
            CODE    1CDCH     0282H     UNIT         ?PR?_ML7345_FREQUENCY_CALCUL?ML7345_HAL
            CODE    1F5EH     026BH     UNIT         ?PR?_FUNCSTOP?KEY_AND_OTHER
            CODE    21C9H     022CH     UNIT         ?PR?_IAP_WRITEBUF_WITH_PROTECT_VERIFY?IAP_FLASH
            CODE    23F5H     0220H     UNIT         ?PR?KEY_CHECK?KEY_AND_OTHER
            CODE    2615H     01B0H     UNIT         ?PR?__REQTXDEDIT?KEY_AND_OTHER
            CODE    27C5H     018EH     UNIT         ?PR?TEST_MODE_CONTROL?KEY_AND_OTHER
            CODE    2953H     0178H     UNIT         ?PR?_ML7345_FREQUENCY_SET?ML7345_HAL
            CODE    2ACBH     0176H     UNIT         ?PR?_REGISTRATIONMODE?KEY_AND_OTHER
            CODE    2C41H     016AH     UNIT         ?PR?_SETTXDATA?EXIT_FUN
            CODE    2DABH     0125H     UNIT         ?PR?SENDTXDATA?EXIT_FUN
            CODE    2ED0H     0103H     UNIT         ?PR?MAIN?MAIN
            CODE    2FD3H     00EFH     UNIT         ?PR?_ML7345_SETANDGET_STATE?ML7345_HAL
            CODE    30C2H     00EDH     UNIT         ?PR?ML7345_TRX_DEL?ML7345
            CODE    31AFH     00E7H     UNIT         ?PR?INT_ADC?ADC
            CODE    3296H     00DCH     UNIT         ?PR?_FUNCREG?KEY_AND_OTHER
            CODE    3372H     00C5H     UNIT         ?PR?ML7345_DATARATE_SET_4_8K?ML7345_HAL
            CODE    3437H     00BBH     UNIT         ?PR?INT_UART0?UART
            CODE    34F2H     00B7H     UNIT         ?PR?ML7345_DATARATE_SET_1_2K?ML7345_HAL
            CODE    35A9H     00ACH     UNIT         ?PR?INT_T0?TIMER
            CODE    3655H     008CH     UNIT         ?C_C51STARTUP
            CODE    36E1H     0088H     UNIT         ?PR?TIME_CONTROL?KEY_AND_OTHER
            CODE    3769H     0078H     UNIT         ?PR?_ATOL?KEY_AND_OTHER
            CODE    37E1H     0077H     UNIT         ?PR?_ML7345_WRITE_FIFO?SPI
            CODE    3858H     0074H     UNIT         ?PR?AD_CONTROL?ADC
            CODE    38CCH     0062H     UNIT         ?PR?_SETFIXEDLENGTHCODE?EXIT_FUN
            CODE    392EH     005CH     UNIT         ?PR?_FUNCOPENREG?KEY_AND_OTHER
            CODE    398AH     0059H     UNIT         ?PR?_INIT_RAM?RAM
            CODE    39E3H     0052H     UNIT         ?PR?_FUNCNOPUSH?KEY_AND_OTHER
            CODE    3A35H     0050H     UNIT         ?PR?_FUNCCLOSEREG?KEY_AND_OTHER
            CODE    3A85H     0050H     UNIT         ?PR?_FUNCVENTREG?KEY_AND_OTHER
            CODE    3AD5H     0050H     UNIT         ?PR?_FUNCSTOPREG?KEY_AND_OTHER
            CODE    3B25H     004FH     UNIT         ?PR?_TX_DATA_TEST?ML7345
            CODE    3B74H     004EH     UNIT         ?PR?__REQBUZZER?KEY_AND_OTHER
            CODE    3BC2H     0049H     UNIT         ?PR?INIT_PORT?GPIO
            CODE    3C0BH     0045H     UNIT         ?PR?INIT_PCA_PWM?TIMER
            CODE    3C50H     0044H     UNIT         ?C?LDIV
            CODE    3C94H     0041H     UNIT         ?PR?WAITSTATUS_COMPLETE?ML7345_HAL
            CODE    3CD5H     003DH     UNIT         ?PR?_SEND_DATA?UART
            CODE    3D12H     003DH     UNIT         ?PR?_CLEARSPECIALMULTIKEYSTATE?KEY_AND_OTHER
BL51 BANKED LINKER/LOCATER V6.22.2.0                                                  03/25/2022  15:04:17  PAGE 4


            CODE    3D4FH     003CH     UNIT         ?PR?_ML7345_AUTOTX_DATA?ML7345_HAL
            CODE    3D8BH     003BH     UNIT         ?PR?INT_INT0?GPIO
            CODE    3DC6H     003BH     UNIT         ?PR?INT_INT1?GPIO
            CODE    3E01H     003AH     UNIT         ?PR?_ML7345_READ_REG?SPI
            CODE    3E3BH     0039H     UNIT         ?PR?INIT_CLOCK?SYS
            CODE    3E74H     0039H     UNIT         ?PR?_ML7345_STATEFLAG_CLEAR?ML7345_HAL
            CODE    3EADH     0034H     UNIT         ?PR?INIT_UART0_T1?UART
            CODE    3EE1H     0034H     UNIT         ?PR?__PASS3SECKEY?KEY_AND_OTHER
            CODE    3F15H     0032H     UNIT         ?PR?SETREG_RSSI?ML7345_HAL
            CODE    3F47H     0031H     UNIT         ?PR?_ML7345_WRITE_REG?SPI
            CODE    3F78H     0031H     UNIT         ?PR?_FUNCOPENSTOP?KEY_AND_OTHER
            CODE    3FA9H     0030H     UNIT         ?PR?_HEX_ASC?UART
            CODE    3FD9H     0030H     UNIT         ?PR?_IDCLEAR?KEY_AND_OTHER
            CODE    4009H     002FH     UNIT         ?PR?_ML7345_AUTOSTATETRANSITION_SET?ML7345_HAL
            CODE    4038H     002DH     UNIT         ?PR?_ASC_HEX?UART
            CODE    4065H     002BH     UNIT         ?PR?_IAP_WRITEPPAGE?IAP_FLASH
            CODE    4090H     0027H     UNIT         ?PR?__SETREGISTRATIONMODE?KEY_AND_OTHER
            CODE    40B7H     0026H     UNIT         ?PR?_DUPLIFUNCCLEAR?KEY_AND_OTHER
            CODE    40DDH     0023H     UNIT         ?PR?__SWIN?KEY_AND_OTHER
            CODE    4100H     0021H     UNIT         ?PR?INIT_TIMER0?TIMER
            CODE    4121H     001EH     UNIT         ?PR?_ASC_HEX_2?UART
            CODE    413FH     001DH     UNIT         ?PR?ML7345_ALLSTATEFLAG_CLEAR?ML7345_HAL
            CODE    415CH     001CH     UNIT         ?PR?INIT_ADC?ADC
            CODE    4178H     001BH     UNIT         ?PR?INIT_SPI?SPI
            CODE    4193H     001BH     UNIT         ?PR?_SPI1_SENDRECV_DATA?SPI
            CODE    41AEH     0019H     UNIT         ?PR?DD_SET_ML7345D_POWER_ON_INIT?ML7345
            CODE    41C7H     0016H     UNIT         ?PR?_DELAY_MS?TIMER
            CODE    41DDH     0016H     UNIT         ?PR?ML7345_GPIO0TXDONEINT_ENABLE?ML7345_HAL
            CODE    41F3H     0015H     UNIT         ?PR?_UART0SENDBYTE?UART
            CODE    4208H     0014H     UNIT         ?PR?INIT_WDT?SYS
            CODE    421CH     0012H     UNIT         ?PR?SPIGPIO_INIT?GPIO
            CODE    422EH     0012H     UNIT         ?PR?SPIGPIO_UNINIT?GPIO
            CODE    4240H     0012H     UNIT         ?PR?_SETKEYCHATTERCOUNT?KEY_AND_OTHER
            CODE    4252H     0011H     UNIT         ?PR?_DELAYXUS?TIMER
            CODE    4263H     000EH     UNIT         ?CO?UART
            CODE    4271H     000BH     UNIT         ?PR?INIT_IAP_FLASH?IAP_FLASH
            CODE    427CH     000BH     UNIT         ?PR?DD_SET_ML7345D_POWER_ON?ML7345
            CODE    4287H     000AH     UNIT         ?PR?_SPI_DELAY?SPI
            CODE    4291H     000AH     UNIT         ?PR?ML7345_RESETN_SET?ML7345_HAL
            CODE    429BH     0006H     UNIT         ?PR?INIT_INTERRUPT?GPIO
            CODE    42A1H     0006H     UNIT         ?PR?_GETREGMODE?KEY_AND_OTHER
            CODE    42A7H     0004H     UNIT         ?PR?CLEARWDT?SYS
            CODE    42ABH     0004H     UNIT         ?PR?INIT_BEEP?TIMER
            CODE    42AFH     0004H     UNIT         ?PR?ADC_START?ADC
            CODE    42B3H     0003H     UNIT         ?PR?BEEP_ON?TIMER
            CODE    42B6H     0001H     UNIT         ?PR?_FUNCAUTOTXSTOP?KEY_AND_OTHER



OVERLAY MAP OF MODULE:   .\Objects\STX0031_MA82G5B32_Pro (MAIN)


SEGMENT
  +--> CALLED SEGMENT
---------------------
?PR?INT_INT0?GPIO
  +--> ?PR?ML7345_TRX_DEL?ML7345
BL51 BANKED LINKER/LOCATER V6.22.2.0                                                  03/25/2022  15:04:17  PAGE 5



?PR?ML7345_TRX_DEL?ML7345
  +--> ?PR?_ML7345_READ_REG?SPI
  +--> ?PR?_ML7345_STATEFLAG_CLEAR?ML7345_HAL
  +--> ?PR?_ML7345_AUTOTX_DATA?ML7345_HAL
  +--> ?PR?_ML7345_SETANDGET_STATE?ML7345_HAL
  +--> ?PR?SPIGPIO_UNINIT?GPIO

?PR?_ML7345_READ_REG?SPI
  +--> ?PR?_SPI_DELAY?SPI
  +--> ?PR?_SPI1_SENDRECV_DATA?SPI

?PR?_ML7345_STATEFLAG_CLEAR?ML7345_HAL
  +--> ?PR?_ML7345_WRITE_REG?SPI

?PR?_ML7345_WRITE_REG?SPI
  +--> ?PR?_SPI_DELAY?SPI
  +--> ?PR?_SPI1_SENDRECV_DATA?SPI

?PR?_ML7345_AUTOTX_DATA?ML7345_HAL
  +--> ?PR?_ML7345_WRITE_REG?SPI
  +--> ?PR?_ML7345_AUTOSTATETRANSITION_SET?M...
  +--> ?PR?_ML7345_WRITE_FIFO?SPI

?PR?_ML7345_AUTOSTATETRANSITION_SET?M...
  +--> ?PR?_ML7345_WRITE_REG?SPI

?PR?_ML7345_WRITE_FIFO?SPI
  +--> ?PR?_SPI_DELAY?SPI
  +--> ?PR?_SPI1_SENDRECV_DATA?SPI

?PR?_ML7345_SETANDGET_STATE?ML7345_HAL
  +--> ?PR?_ML7345_WRITE_REG?SPI
  +--> ?PR?_ML7345_READ_REG?SPI
  +--> ?PR?WAITSTATUS_COMPLETE?ML7345_HAL
  +--> ?PR?_ML7345_FREQUENCY_CALCUL?ML7345_HAL
  +--> ?PR?CLEARWDT?SYS
  +--> ?PR?_RF_ML7345_INIT?ML7345

?PR?WAITSTATUS_COMPLETE?ML7345_HAL
  +--> ?PR?_ML7345_WRITE_REG?SPI
  +--> ?PR?_ML7345_READ_REG?SPI
  +--> ?PR?CLEARWDT?SYS

?PR?_RF_ML7345_INIT?ML7345
  +--> ?PR?SPIGPIO_INIT?GPIO
  +--> ?PR?ML7345_RESETN_SET?ML7345_HAL
  +--> ?PR?_ML7345_READ_REG?SPI
  +--> ?PR?_ML7345_WRITE_REG?SPI
  +--> ?PR?SETREG_RSSI?ML7345_HAL
  +--> ?PR?ML7345_DATARATE_SET_4_8K?ML7345_HAL
  +--> ?PR?ML7345_DATARATE_SET_1_2K?ML7345_HAL
  +--> ?PR?ML7345_ALLSTATEFLAG_CLEAR?ML7345_HAL
  +--> ?PR?ML7345_GPIO0TXDONEINT_ENABLE?ML73...

?PR?ML7345_RESETN_SET?ML7345_HAL
  +--> ?PR?_DELAY_MS?TIMER
BL51 BANKED LINKER/LOCATER V6.22.2.0                                                  03/25/2022  15:04:17  PAGE 6



?PR?_DELAY_MS?TIMER
  +--> ?PR?_DELAYXUS?TIMER

?PR?SETREG_RSSI?ML7345_HAL
  +--> ?PR?_ML7345_WRITE_REG?SPI

?PR?ML7345_DATARATE_SET_4_8K?ML7345_HAL
  +--> ?PR?_ML7345_WRITE_REG?SPI

?PR?ML7345_DATARATE_SET_1_2K?ML7345_HAL
  +--> ?PR?_ML7345_WRITE_REG?SPI

?PR?ML7345_ALLSTATEFLAG_CLEAR?ML7345_HAL
  +--> ?PR?_ML7345_WRITE_REG?SPI

?PR?ML7345_GPIO0TXDONEINT_ENABLE?ML73...
  +--> ?PR?_ML7345_WRITE_REG?SPI

*** NEW ROOT ***************************************************

?PR?INT_INT1?GPIO
  +--> ?PR?ML7345_TRX_DEL?ML7345

*** NEW ROOT ***************************************************

?C_C51STARTUP
  +--> ?PR?MAIN?MAIN
  +--> ?C_INITSEG

?PR?MAIN?MAIN
  +--> ?PR?INIT_WDT?SYS
  +--> ?PR?INIT_CLOCK?SYS
  +--> ?PR?INIT_IAP_FLASH?IAP_FLASH
  +--> ?PR?INIT_TIMER0?TIMER
  +--> ?PR?EEPROM_SYS_LOAD?IAP_FLASH
  +--> ?PR?INIT_PORT?GPIO
  +--> ?PR?INIT_SPI?SPI
  +--> ?PR?INIT_ADC?ADC
  +--> ?PR?_INIT_RAM?RAM
  +--> ?PR?INIT_BEEP?TIMER
  +--> ?PR?TEST_MODE_CONTROL?KEY_AND_OTHER
  +--> ?PR?INIT_INTERRUPT?GPIO
  +--> ?PR?ADC_START?ADC
  +--> ?PR?CLEARWDT?SYS
  +--> ?PR?KEY_CHECK?KEY_AND_OTHER
  +--> ?PR?TIME_CONTROL?KEY_AND_OTHER
  +--> ?PR?AD_CONTROL?ADC

?PR?INIT_IAP_FLASH?IAP_FLASH
  +--> ?PR?_IAP_WRITEPPAGE?IAP_FLASH

?PR?EEPROM_SYS_LOAD?IAP_FLASH
  +--> ?PR?_ML7345_FREQUENCY_CALCUL?ML7345_HAL

?PR?_INIT_RAM?RAM
  +--> ?PR?_SETKEYCHATTERCOUNT?KEY_AND_OTHER
BL51 BANKED LINKER/LOCATER V6.22.2.0                                                  03/25/2022  15:04:17  PAGE 7


  +--> ?PR?_CLEARSPECIALMULTIKEYSTATE?KEY_AN...

?PR?INIT_BEEP?TIMER
  +--> ?PR?INIT_PCA_PWM?TIMER

?PR?TEST_MODE_CONTROL?KEY_AND_OTHER
  +--> ?PR?INIT_UART0_T1?UART
  +--> ?PR?BEEP_ON?TIMER
  +--> ?PR?BEEP_OFF?TIMER
  +--> ?PR?CLEARWDT?SYS
  +--> ?PR?DD_SET_ML7345D_POWER_ON?ML7345
  +--> ?PR?_RF_ML7345_INIT?ML7345
  +--> ?PR?_TX_DATA_TEST?ML7345
  +--> ?PR?SPIGPIO_UNINIT?GPIO
  +--> ?PR?PC_PRG?UART
  +--> ?PR?UART1_END?UART

?PR?DD_SET_ML7345D_POWER_ON?ML7345
  +--> ?PR?_DELAY_MS?TIMER

?PR?_TX_DATA_TEST?ML7345
  +--> ?PR?_ML7345_WRITE_REG?SPI
  +--> ?PR?_ML7345_SETANDGET_STATE?ML7345_HAL

?PR?PC_PRG?UART
  +--> ?CO?UART
  +--> ?PR?_ASC_HEX_2?UART
  +--> ?PR?_IAP_WRITEBUF_WITH_PROTECT_VERIFY...
  +--> ?PR?_SEND_DATA?UART
  +--> ?PR?_HEX_ASC?UART
  +--> ?PR?DD_SET_ML7345D_POWER_ON?ML7345
  +--> ?PR?_RF_ML7345_INIT?ML7345
  +--> ?PR?_TX_DATA_TEST?ML7345
  +--> ?PR?_ML7345_SETANDGET_STATE?ML7345_HAL
  +--> ?PR?SPIGPIO_UNINIT?GPIO
  +--> ?PR?_ML7345_FREQUENCY_CALCUL?ML7345_HAL
  +--> ?PR?_ML7345_FREQUENCY_SET?ML7345_HAL

?PR?_ASC_HEX_2?UART
  +--> ?PR?_ASC_HEX?UART

?PR?_IAP_WRITEBUF_WITH_PROTECT_VERIFY...
  +--> ?PR?CLEARWDT?SYS

?PR?_SEND_DATA?UART
  +--> ?PR?_UART0SENDBYTE?UART

?PR?_ML7345_FREQUENCY_SET?ML7345_HAL
  +--> ?PR?_ML7345_SETANDGET_STATE?ML7345_HAL
  +--> ?PR?_ML7345_WRITE_REG?SPI
  +--> ?PR?ML7345_DATARATE_SET_1_2K?ML7345_HAL
  +--> ?PR?ML7345_DATARATE_SET_4_8K?ML7345_HAL
  +--> ?PR?_ML7345_READ_REG?SPI

?PR?INIT_INTERRUPT?GPIO
  +--> ?PR?INIT_INT1?GPIO

BL51 BANKED LINKER/LOCATER V6.22.2.0                                                  03/25/2022  15:04:17  PAGE 8


?PR?KEY_CHECK?KEY_AND_OTHER
  +--> ?PR?BEEP_ON?TIMER
  +--> ?PR?BEEP_OFF?TIMER
  +--> ?PR?_KEYINTX?KEY_AND_OTHER
  +--> ?PR?_REGISTRATIONMODE?KEY_AND_OTHER
  +--> ?PR?_DUPLIFUNCSETMODE?KEY_AND_OTHER
  +--> ?PR?CLEARWDT?SYS

?PR?_KEYINTX?KEY_AND_OTHER
  +--> ?PR?__SWIN?KEY_AND_OTHER
  +--> ?PR?_SETKEYCHATTERCOUNT?KEY_AND_OTHER
  +--> ?PR?_CLEARSPECIALMULTIKEYSTATE?KEY_AN...
  +--> ?PR?DD_SET_ML7345D_POWER_ON_INIT?ML7345
  +--> ?PR?_DUPLIFUNCCLEAR?KEY_AND_OTHER
  +--> ?PR?_FUNCREG?KEY_AND_OTHER
  +--> ?PR?_FUNCSTOP?KEY_AND_OTHER
  +--> ?PR?_FUNCOPENSTOP?KEY_AND_OTHER
  +--> ?PR?_FUNCOPENREG?KEY_AND_OTHER
  +--> ?PR?_FUNCSTOPREG?KEY_AND_OTHER
  +--> ?PR?_FUNCCLOSEREG?KEY_AND_OTHER
  +--> ?PR?_FUNCVENTREG?KEY_AND_OTHER
  +--> ?PR?_FUNCAUTOTXSTART?KEY_AND_OTHER
  +--> ?PR?_FUNCAUTOTXSTOP?KEY_AND_OTHER
  +--> ?PR?_FUNCNOPUSH?KEY_AND_OTHER

?PR?DD_SET_ML7345D_POWER_ON_INIT?ML7345
  +--> ?PR?_DELAY_MS?TIMER
  +--> ?PR?_RF_ML7345_INIT?ML7345

?PR?_FUNCREG?KEY_AND_OTHER
  +--> ?PR?_DUPLIFUNCCLEAR?KEY_AND_OTHER
  +--> ?PR?_CLEARSPECIALMULTIKEYSTATE?KEY_AN...
  +--> ?PR?__SETREGISTRATIONMODE?KEY_AND_OTHER

?PR?__SETREGISTRATIONMODE?KEY_AND_OTHER
  +--> ?PR?_GETREGMODE?KEY_AND_OTHER
  +--> ?PR?_IDCLEAR?KEY_AND_OTHER
  +--> ?PR?__REQBUZZER?KEY_AND_OTHER

?PR?_FUNCSTOP?KEY_AND_OTHER
  +--> ?PR?_GETNOPUSHSTATE?KEY_AND_OTHER
  +--> ?PR?__REQBUZZER?KEY_AND_OTHER
  +--> ?PR?_DUPLIFUNCCLEAR?KEY_AND_OTHER
  +--> ?PR?__REQTXDEDIT?KEY_AND_OTHER

?PR?_GETNOPUSHSTATE?KEY_AND_OTHER
  +--> ?PR?_CLEARSPECIALMULTIKEYSTATE?KEY_AN...

?PR?__REQTXDEDIT?KEY_AND_OTHER
  +--> ?PR?__REQBUZZER?KEY_AND_OTHER
  +--> ?PR?DD_SET_ML7345D_POWER_ON?ML7345
  +--> ?PR?_RF_ML7345_INIT?ML7345
  +--> ?PR?SENDTXDATA?EXIT_FUN

?PR?SENDTXDATA?EXIT_FUN
  +--> ?PR?_SETTXDATA?EXIT_FUN
  +--> ?PR?_ML7345_AUTOTX_DATA?ML7345_HAL
BL51 BANKED LINKER/LOCATER V6.22.2.0                                                  03/25/2022  15:04:17  PAGE 9



?PR?_SETTXDATA?EXIT_FUN
  +--> ?PR?_SETFIXEDLENGTHCODE?EXIT_FUN

?PR?_FUNCOPENSTOP?KEY_AND_OTHER
  +--> ?PR?_DUPLIFUNCCLEAR?KEY_AND_OTHER
  +--> ?PR?__REQTXDEDIT?KEY_AND_OTHER
  +--> ?PR?_CLEARSPECIALMULTIKEYSTATE?KEY_AN...

?PR?_FUNCOPENREG?KEY_AND_OTHER
  +--> ?PR?_DUPLIFUNCCLEAR?KEY_AND_OTHER
  +--> ?PR?__PASS3SECKEY?KEY_AND_OTHER

?PR?__PASS3SECKEY?KEY_AND_OTHER
  +--> ?PR?__REQTXDEDIT?KEY_AND_OTHER

?PR?_FUNCSTOPREG?KEY_AND_OTHER
  +--> ?PR?_DUPLIFUNCCLEAR?KEY_AND_OTHER
  +--> ?PR?__PASS3SECKEY?KEY_AND_OTHER

?PR?_FUNCCLOSEREG?KEY_AND_OTHER
  +--> ?PR?_DUPLIFUNCCLEAR?KEY_AND_OTHER
  +--> ?PR?__PASS3SECKEY?KEY_AND_OTHER

?PR?_FUNCVENTREG?KEY_AND_OTHER
  +--> ?PR?_DUPLIFUNCCLEAR?KEY_AND_OTHER
  +--> ?PR?__PASS3SECKEY?KEY_AND_OTHER

?PR?_FUNCNOPUSH?KEY_AND_OTHER
  +--> ?PR?_CLEARSPECIALMULTIKEYSTATE?KEY_AN...

?PR?_REGISTRATIONMODE?KEY_AND_OTHER
  +--> ?PR?_GETREGMODE?KEY_AND_OTHER
  +--> ?PR?__REQBUZZER?KEY_AND_OTHER
  +--> ?PR?_IDCLEAR?KEY_AND_OTHER
  +--> ?PR?_ATOL?KEY_AND_OTHER
  +--> ?PR?__REQTXDEDIT?KEY_AND_OTHER

?PR?_DUPLIFUNCSETMODE?KEY_AND_OTHER
  +--> ?PR?__REQBUZZER?KEY_AND_OTHER
  +--> ?PR?_DUPLIFUNCCLEAR?KEY_AND_OTHER
  +--> ?PR?_IAP_WRITEBUF_WITH_PROTECT_VERIFY...

?PR?TIME_CONTROL?KEY_AND_OTHER
  +--> ?PR?_ML7345_SETANDGET_STATE?ML7345_HAL
  +--> ?PR?SPIGPIO_UNINIT?GPIO



SYMBOL TABLE OF MODULE:  .\Objects\STX0031_MA82G5B32_Pro (MAIN)

  VALUE           TYPE          NAME
  ----------------------------------

  -------         MODULE        MAIN
  C:0000H         SYMBOL        _ICE_DUMMY_
  D:0090H         PUBLIC        P1
BL51 BANKED LINKER/LOCATER V6.22.2.0                                                  03/25/2022  15:04:17  PAGE 10


  D:00A0H         PUBLIC        P2
  D:00C0H         PUBLIC        XICON
  D:00B0H         PUBLIC        P3
  D:00E8H         PUBLIC        P4
  D:00F8H         PUBLIC        P5
  D:00F8H         PUBLIC        P6
  B:00A8H.7       PUBLIC        EA
  D:00A8H         PUBLIC        IE
  D:00B8H         PUBLIC        IP0L
  D:00D8H         PUBLIC        CCON
  C:2ED0H         PUBLIC        main
  B:00E8H.0       PUBLIC        P40
  D:0088H         PUBLIC        TCON
  D:0098H         PUBLIC        S0CON
  D:0098H         PUBLIC        S1CON
  D:00C8H         PUBLIC        T2CON
  D:00D0H         PUBLIC        PSW
  -------         PROC          MAIN
  C:2ED0H         LINE#         16
  C:2ED0H         LINE#         17
  C:2ED0H         LINE#         18
  C:2ED3H         LINE#         19
  C:2ED6H         LINE#         20
  C:2ED9H         LINE#         21
  C:2EDCH         LINE#         22
  C:2EDFH         LINE#         23
  C:2EE2H         LINE#         24
  C:2EE5H         LINE#         25
  C:2EE8H         LINE#         26
  C:2EEBH         LINE#         27
  C:2EEEH         LINE#         28
  C:2EF1H         LINE#         29
  C:2EF4H         LINE#         30
  C:2EF6H         LINE#         31
  C:2EF9H         LINE#         32
  C:2F02H         LINE#         34
  C:2F02H         LINE#         35
  C:2F02H         LINE#         36
  C:2F05H         LINE#         37
  C:2F08H         LINE#         38
  C:2F0BH         LINE#         39
  C:2F0EH         LINE#         42
  C:2F56H         LINE#         43
  C:2F56H         LINE#         44
  C:2F62H         LINE#         45
  C:2F64H         LINE#         46
  C:2F70H         LINE#         48
  C:2F70H         LINE#         49
  C:2F8DH         LINE#         50
  C:2FC7H         LINE#         51
  C:2FCAH         LINE#         52
  C:2FCDH         LINE#         53
  C:2FCDH         LINE#         54
  C:2FCFH         LINE#         55
  C:2FCFH         LINE#         56
  -------         ENDPROC       MAIN
  -------         ENDMOD        MAIN
BL51 BANKED LINKER/LOCATER V6.22.2.0                                                  03/25/2022  15:04:17  PAGE 11



  -------         MODULE        SYS
  C:0000H         SYMBOL        _ICE_DUMMY_
  D:0090H         PUBLIC        P1
  D:00A0H         PUBLIC        P2
  D:00E7H         PUBLIC        ISPCR
  D:00C0H         PUBLIC        XICON
  D:00B0H         PUBLIC        P3
  D:00E8H         PUBLIC        P4
  D:00F8H         PUBLIC        P5
  D:00F8H         PUBLIC        P6
  D:00E1H         PUBLIC        WDTCR
  D:00A8H         PUBLIC        IE
  D:00B8H         PUBLIC        IP0L
  D:00D8H         PUBLIC        CCON
  D:00E6H         PUBLIC        SCMD
  D:00E3H         PUBLIC        IFADRH
  D:00E5H         PUBLIC        IFMT
  D:00E4H         PUBLIC        IFADRL
  D:0088H         PUBLIC        TCON
  D:00E2H         PUBLIC        IFD
  C:42A7H         PUBLIC        ClearWDT
  D:0097H         PUBLIC        PCON1
  D:0098H         PUBLIC        S0CON
  C:3E3BH         PUBLIC        Init_Clock
  D:0098H         PUBLIC        S1CON
  C:4208H         PUBLIC        Init_WDT
  D:00C8H         PUBLIC        T2CON
  D:00D0H         PUBLIC        PSW
  -------         PROC          INIT_CLOCK
  C:3E3BH         LINE#         4
  C:3E3BH         LINE#         5
  C:3E3BH         LINE#         36
  C:3E57H         LINE#         37
  C:3E73H         LINE#         39
  -------         ENDPROC       INIT_CLOCK
  -------         PROC          INIT_WDT
  C:4208H         LINE#         42
  C:4208H         LINE#         43
  C:4208H         LINE#         44
  C:420BH         LINE#         45
  C:4215H         LINE#         46
  C:4218H         LINE#         47
  C:421BH         LINE#         48
  -------         ENDPROC       INIT_WDT
  -------         PROC          CLEARWDT
  C:42A7H         LINE#         50
  C:42A7H         LINE#         51
  C:42A7H         LINE#         52
  C:42AAH         LINE#         53
  -------         ENDPROC       CLEARWDT
  -------         ENDMOD        SYS

  -------         MODULE        GPIO
  C:0000H         SYMBOL        _ICE_DUMMY_
  D:0091H         PUBLIC        P1M0
  D:0095H         PUBLIC        P2M0
BL51 BANKED LINKER/LOCATER V6.22.2.0                                                  03/25/2022  15:04:17  PAGE 12


  D:00B1H         PUBLIC        P3M0
  D:0090H         PUBLIC        P1
  D:00B3H         PUBLIC        P4M0
  D:00B2H         PUBLIC        P3M1
  D:00A0H         PUBLIC        P2
  D:00C0H         PUBLIC        XICON
  D:00B0H         PUBLIC        P3
  D:00E8H         PUBLIC        P4
  D:00F8H         PUBLIC        P5
  D:00F8H         PUBLIC        P6
  D:00A8H         PUBLIC        IE
  C:0016H         PUBLIC        Init_INT1
  D:00B8H         PUBLIC        IP0L
  C:3BC2H         PUBLIC        Init_Port
  D:00D8H         PUBLIC        CCON
  B:00A0H.0       PUBLIC        P20
  B:0090H.1       PUBLIC        P11
  B:00A0H.1       PUBLIC        P21
  B:0090H.2       PUBLIC        P12
  B:00E8H.0       PUBLIC        P40
  B:00A0H.2       PUBLIC        P22
  B:0090H.3       PUBLIC        P13
  B:00E8H.1       PUBLIC        P41
  B:00A0H.3       PUBLIC        P23
  B:0090H.4       PUBLIC        P14
  D:0088H         PUBLIC        TCON
  C:421CH         PUBLIC        SpiGpio_Init
  B:00A0H.4       PUBLIC        P24
  B:0090H.5       PUBLIC        P15
  D:00B4H         PUBLIC        PUCON0
  B:00B0H.4       PUBLIC        P34
  B:00A0H.5       PUBLIC        P25
  B:0090H.6       PUBLIC        P16
  B:00B0H.5       PUBLIC        P35
  B:00A0H.6       PUBLIC        P26
  B:0090H.7       PUBLIC        P17
  B:00A0H.7       PUBLIC        P27
  C:429BH         PUBLIC        Init_Interrupt
  B:00A8H.2       PUBLIC        EX1
  B:0088H.2       PUBLIC        IT1
  D:0098H         PUBLIC        S0CON
  D:0098H         PUBLIC        S1CON
  D:00C8H         PUBLIC        T2CON
  C:3D8BH         PUBLIC        INT_INT0
  C:3DC6H         PUBLIC        INT_INT1
  D:00A1H         PUBLIC        AUXR0
  D:00C1H         PUBLIC        XICFG
  C:422EH         PUBLIC        SpiGpio_UnInit
  D:00D0H         PUBLIC        PSW
  -------         PROC          INIT_PORT
  C:3BC2H         LINE#         10
  C:3BC2H         LINE#         11
  C:3BC2H         LINE#         13
  C:3BC5H         LINE#         14
  C:3BCBH         LINE#         15
  C:3BCEH         LINE#         24
  C:3BD1H         LINE#         25
BL51 BANKED LINKER/LOCATER V6.22.2.0                                                  03/25/2022  15:04:17  PAGE 13


  C:3BD3H         LINE#         27
  C:3BD6H         LINE#         29
  C:3BD9H         LINE#         30
  C:3BDBH         LINE#         32
  C:3BDEH         LINE#         33
  C:3BE1H         LINE#         34
  C:3BE3H         LINE#         37
  C:3BE9H         LINE#         40
  C:3BECH         LINE#         48
  C:3BEEH         LINE#         49
  C:3BF0H         LINE#         50
  C:3BF2H         LINE#         51
  C:3BF4H         LINE#         53
  C:3BF7H         LINE#         54
  C:3BFFH         LINE#         55
  C:3C05H         LINE#         56
  C:3C08H         LINE#         57
  C:3C0AH         LINE#         58
  -------         ENDPROC       INIT_PORT
  -------         PROC          SPIGPIO_INIT
  C:421CH         LINE#         60
  C:421CH         LINE#         61
  C:421CH         LINE#         62
  C:421FH         LINE#         63
  C:4222H         LINE#         64
  C:4224H         LINE#         65
  C:4227H         LINE#         66
  C:422DH         LINE#         67
  -------         ENDPROC       SPIGPIO_INIT
  -------         PROC          SPIGPIO_UNINIT
  C:422EH         LINE#         69
  C:422EH         LINE#         70
  C:422EH         LINE#         71
  C:4231H         LINE#         72
  C:4233H         LINE#         73
  C:4239H         LINE#         75
  C:423FH         LINE#         76
  -------         ENDPROC       SPIGPIO_UNINIT
  -------         PROC          INIT_INT1
  C:0016H         LINE#         103
  C:0016H         LINE#         104
  C:0016H         LINE#         105
  C:0019H         LINE#         107
  C:001EH         LINE#         108
  C:0021H         LINE#         109
  -------         ENDPROC       INIT_INT1
  -------         PROC          INT_INT0
  C:3D8BH         LINE#         121
  C:3DA8H         LINE#         123
  C:3DABH         LINE#         124
  -------         ENDPROC       INT_INT0
  -------         PROC          INT_INT1
  C:3DC6H         LINE#         136
  C:3DE3H         LINE#         138
  C:3DE6H         LINE#         139
  -------         ENDPROC       INT_INT1
  -------         PROC          INIT_INTERRUPT
BL51 BANKED LINKER/LOCATER V6.22.2.0                                                  03/25/2022  15:04:17  PAGE 14


  C:429BH         LINE#         148
  C:429BH         LINE#         149
  C:429BH         LINE#         150
  C:429EH         LINE#         151
  C:42A0H         LINE#         152
  -------         ENDPROC       INIT_INTERRUPT
  -------         ENDMOD        GPIO

  -------         MODULE        TIMER
  C:0000H         SYMBOL        _ICE_DUMMY_
  D:00F2H         PUBLIC        PCAPWM6
  D:0090H         PUBLIC        P1
  D:00A0H         PUBLIC        P2
  D:00C0H         PUBLIC        XICON
  D:00B0H         PUBLIC        P3
  D:00E8H         PUBLIC        P4
  D:00F8H         PUBLIC        P5
  D:00F8H         PUBLIC        P6
  D:00ACH         PUBLIC        SFRPI
  D:00F9H         PUBLIC        CH
  D:00BCH         PUBLIC        PWMCR
  D:00A8H         PUBLIC        IE
  D:00E9H         PUBLIC        CL
  B:00D8H.6       PUBLIC        CR
  D:00B8H         PUBLIC        IP0L
  D:00FAH         PUBLIC        CCAP6H
  D:00EAH         PUBLIC        CCAP6L
  C:42B3H         PUBLIC        Beep_On
  D:00DAH         PUBLIC        CCAPM6
  C:3C0BH         PUBLIC        Init_PCA_PWM
  D:00D9H         PUBLIC        CMOD
  D:00D8H         PUBLIC        CCON
  D:00CFH         PUBLIC        CHRL
  C:4100H         PUBLIC        Init_Timer0
  D:00CEH         PUBLIC        CLRL
  B:00A0H.0       PUBLIC        P20
  C:4252H         PUBLIC        _DelayXus
  D:0089H         PUBLIC        TMOD
  D:0088H         PUBLIC        TCON
  B:00A8H.1       PUBLIC        ET0
  D:008CH         PUBLIC        TH0
  C:35A9H         PUBLIC        INT_T0
  D:008AH         PUBLIC        TL0
  C:41C7H         PUBLIC        _delay_ms
  B:0088H.4       PUBLIC        TR0
  X:03BCH         PUBLIC        Time_Tx_Out
  D:0098H         PUBLIC        S0CON
  D:0098H         PUBLIC        S1CON
  D:00C8H         PUBLIC        T2CON
  D:00A1H         PUBLIC        AUXR0
  D:00A3H         PUBLIC        AUXR2
  C:42ABH         PUBLIC        Init_Beep
  C:0006H         PUBLIC        Beep_Off
  D:00F2H         PUBLIC        PCAPWM0
  D:00D0H         PUBLIC        PSW
  -------         PROC          INIT_TIMER0
  C:4100H         LINE#         41
BL51 BANKED LINKER/LOCATER V6.22.2.0                                                  03/25/2022  15:04:17  PAGE 15


  C:4100H         LINE#         42
  C:4100H         LINE#         43
  C:410AH         LINE#         45
  C:4113H         LINE#         47
  C:4116H         LINE#         49
  C:4119H         LINE#         50
  C:411CH         LINE#         52
  C:411EH         LINE#         53
  C:4120H         LINE#         54
  -------         ENDPROC       INIT_TIMER0
  -------         PROC          INT_T0
  C:35A9H         LINE#         64
  C:35BAH         LINE#         66
  C:35BDH         LINE#         67
  C:35C0H         LINE#         69
  C:35CCH         LINE#         70
  C:35DCH         LINE#         71
  C:35DCH         LINE#         72
  C:35E2H         LINE#         73
  C:35EEH         LINE#         74
  C:35EEH         LINE#         75
  C:3608H         LINE#         77
  C:3614H         LINE#         78
  C:3614H         LINE#         79
  C:3628H         LINE#         80
  C:3636H         LINE#         81
  C:3638H         LINE#         82
  C:3640H         LINE#         83
  C:3646H         LINE#         84
  -------         ENDPROC       INT_T0
  -------         PROC          INIT_PCA_PWM
  C:3C0BH         LINE#         87
  C:3C0BH         LINE#         88
  C:3C0BH         LINE#         89
  C:3C15H         LINE#         90
  C:3C1EH         LINE#         91
  C:3C2AH         LINE#         92
  C:3C2DH         LINE#         95
  C:3C43H         LINE#         98
  C:3C49H         LINE#         99
  C:3C4FH         LINE#         100
  -------         ENDPROC       INIT_PCA_PWM
  -------         PROC          INIT_BEEP
  C:42ABH         LINE#         102
  C:42ABH         LINE#         103
  C:42ABH         LINE#         104
  C:42AEH         LINE#         105
  -------         ENDPROC       INIT_BEEP
  -------         PROC          BEEP_ON
  C:42B3H         LINE#         107
  C:42B3H         LINE#         108
  C:42B3H         LINE#         109
  C:42B5H         LINE#         110
  -------         ENDPROC       BEEP_ON
  -------         PROC          BEEP_OFF
  C:0006H         LINE#         112
  C:0006H         LINE#         113
BL51 BANKED LINKER/LOCATER V6.22.2.0                                                  03/25/2022  15:04:17  PAGE 16


  C:0006H         LINE#         114
  C:0008H         LINE#         115
  C:000AH         LINE#         116
  -------         ENDPROC       BEEP_OFF
  -------         PROC          _DELAYXUS
  D:005BH         SYMBOL        xUs
  C:4252H         LINE#         126
  C:4254H         LINE#         127
  C:4254H         LINE#         128
  C:425CH         LINE#         129
  C:425CH         LINE#         130
  C:425DH         LINE#         131
  C:425EH         LINE#         132
  C:4260H         LINE#         133
  C:4262H         LINE#         134
  -------         ENDPROC       _DELAYXUS
  -------         PROC          _DELAY_MS
  D:005CH         SYMBOL        ms
  C:41C7H         LINE#         144
  C:41C9H         LINE#         145
  C:41C9H         LINE#         146
  C:41D0H         LINE#         147
  C:41D0H         LINE#         148
  C:41D5H         LINE#         149
  C:41DAH         LINE#         150
  C:41DCH         LINE#         151
  -------         ENDPROC       _DELAY_MS
  -------         ENDMOD        TIMER

  -------         MODULE        UART
  C:0000H         SYMBOL        _ICE_DUMMY_
  D:0090H         PUBLIC        P1
  D:00A0H         PUBLIC        P2
  B:0098H.6       PUBLIC        SM10
  D:00C0H         PUBLIC        XICON
  D:00B0H         PUBLIC        P3
  D:00E8H         PUBLIC        P4
  D:00F8H         PUBLIC        P5
  X:0348H         PUBLIC        Databits_t
  D:00F8H         PUBLIC        P6
  D:00ACH         PUBLIC        SFRPI
  X:034CH         PUBLIC        FLAG_testNo91_step
  C:000EH         PUBLIC        UART1_end
  D:00A8H         PUBLIC        IE
  X:034DH         PUBLIC        FLAG_testNo91SendUart
  D:00B8H         PUBLIC        IP0L
  B:0098H.4       PUBLIC        REN0
  X:034EH         PUBLIC        UART_DATA_buffer
  X:0377H         PUBLIC        UART_DATA_ID98
  X:03A0H         PUBLIC        U1AckTimer
  D:00D8H         PUBLIC        CCON
  X:03A1H         PUBLIC        UartStatus
  C:3EADH         PUBLIC        Init_Uart0_T1
  X:03A2H         PUBLIC        UartCount
  B:00C8H.5       PUBLIC        RCLK
  B:00C8H.4       PUBLIC        TCLK
  B:0090H.1       PUBLIC        P11
BL51 BANKED LINKER/LOCATER V6.22.2.0                                                  03/25/2022  15:04:17  PAGE 17


  B:00A0H.1       PUBLIC        P21
  B:0090H.2       PUBLIC        P12
  D:0089H         PUBLIC        TMOD
  D:0088H         PUBLIC        TCON
  B:00A0H.5       PUBLIC        P25
  B:00B0H.5       PUBLIC        P35
  C:3437H         PUBLIC        INT_UART0
  X:03A3H         PUBLIC        UartLen
  C:4263H         SYMBOL        _?ix1000
  X:03A4H         PUBLIC        ACKBack
  C:4267H         SYMBOL        _?ix1001
  X:03A7H         PUBLIC        PROFILE_CH_FREQ_32bit_200002EC_uart
  B:00A8H.4       PUBLIC        ES0
  B:0098H.0       PUBLIC        RI0
  B:0098H.1       PUBLIC        TI0
  D:008DH         PUBLIC        TH1
  D:008BH         PUBLIC        TL1
  D:009CH         PUBLIC        S0CFG
  B:0088H.6       PUBLIC        TR1
  X:03ABH         PUBLIC        uart0_rx_len
  X:03ACH         PUBLIC        FLAG_testBEEP
  X:03ADH         PUBLIC        uart0_tx_len
  C:06F9H         PUBLIC        PC_PRG
  C:3FA9H         PUBLIC        _hex_asc
  C:4038H         PUBLIC        _asc_hex
  D:0099H         PUBLIC        S0BUF
  D:0087H         PUBLIC        PCON0
  D:0098H         PUBLIC        S0CON
  D:0098H         PUBLIC        S1CON
  X:03AEH         PUBLIC        FLAG_testNo91
  D:00C8H         PUBLIC        T2CON
  C:3CD5H         PUBLIC        _Send_Data
  B:0098H.7       PUBLIC        SM00_FE
  C:4121H         PUBLIC        _asc_hex_2
  C:41F3H         PUBLIC        _Uart0SendByte
  D:00A3H         PUBLIC        AUXR2
  X:03AFH         PUBLIC        U1Statues
  D:00D0H         PUBLIC        PSW
  -------         PROC          INIT_UART0_T1
  C:3EADH         LINE#         67
  C:3EADH         LINE#         68
  C:3EADH         LINE#         69
  C:3EB4H         LINE#         70
  C:3EB6H         LINE#         72
  C:3EBDH         LINE#         73
  C:3EC3H         LINE#         75
  C:3ECDH         LINE#         76
  C:3ED3H         LINE#         77
  C:3ED6H         LINE#         80
  C:3ED9H         LINE#         81
  C:3EDCH         LINE#         83
  C:3EDEH         LINE#         84
  C:3EE0H         LINE#         85
  -------         ENDPROC       INIT_UART0_T1
  -------         PROC          UART1_END
  C:000EH         LINE#         87
  C:000EH         LINE#         88
BL51 BANKED LINKER/LOCATER V6.22.2.0                                                  03/25/2022  15:04:17  PAGE 18


  C:000EH         LINE#         89
  C:0010H         LINE#         90
  C:0012H         LINE#         91
  -------         ENDPROC       UART1_END
  -------         PROC          INT_UART0
  -------         DO            
  I:007CH         SYMBOL        dat
  -------         ENDDO         
  C:3437H         LINE#         130
  C:3448H         LINE#         132
  C:344CH         LINE#         133
  C:344EH         LINE#         135
  C:3451H         LINE#         136
  C:3454H         LINE#         137
  C:3454H         LINE#         138
  C:3456H         LINE#         139
  C:3456H         LINE#         140
  C:345CH         LINE#         141
  C:345CH         LINE#         142
  C:345EH         LINE#         143
  C:3462H         LINE#         144
  C:346FH         LINE#         145
  C:3484H         LINE#         146
  C:3495H         LINE#         147
  C:349EH         LINE#         148
  C:349EH         LINE#         149
  C:34B0H         LINE#         150
  C:34B0H         LINE#         151
  C:34D0H         LINE#         152
  C:34D5H         LINE#         153
  C:34E1H         LINE#         155
  C:34E1H         LINE#         156
  C:34E1H         LINE#         157
  C:34E3H         LINE#         158
  -------         ENDPROC       INT_UART0
  -------         PROC          _UART0SENDBYTE
  D:005DH         SYMBOL        tByte
  -------         DO            
  B:0020H.0       SYMBOL        bES
  -------         ENDDO         
  C:41F3H         LINE#         166
  C:41F5H         LINE#         167
  C:41F5H         LINE#         169
  C:41F9H         LINE#         170
  C:41FBH         LINE#         171
  C:41FEH         LINE#         173
  C:4201H         LINE#         174
  C:4203H         LINE#         175
  C:4207H         LINE#         176
  -------         ENDPROC       _UART0SENDBYTE
  -------         PROC          _SEND_DATA
  D:0041H         SYMBOL        buff
  D:0044H         SYMBOL        len
  -------         DO            
  X:0332H         SYMBOL        i
  -------         ENDDO         
  C:3CD5H         LINE#         179
BL51 BANKED LINKER/LOCATER V6.22.2.0                                                  03/25/2022  15:04:17  PAGE 19


  C:3CDDH         LINE#         180
  C:3CDDH         LINE#         181
  C:3CE2H         LINE#         182
  C:3CF2H         LINE#         183
  C:3CF2H         LINE#         184
  C:3D09H         LINE#         185
  C:3D11H         LINE#         186
  -------         ENDPROC       _SEND_DATA
  -------         PROC          _ASC_HEX
  D:005EH         SYMBOL        asc
  -------         DO            
  X:0333H         SYMBOL        i
  -------         ENDDO         
  C:4038H         LINE#         188
  C:403AH         LINE#         189
  C:403AH         LINE#         191
  C:4049H         LINE#         192
  C:4055H         LINE#         194
  C:405FH         LINE#         195
  C:4064H         LINE#         196
  -------         ENDPROC       _ASC_HEX
  -------         PROC          _HEX_ASC
  D:005FH         SYMBOL        hex
  -------         DO            
  X:0334H         SYMBOL        i
  -------         ENDDO         
  C:3FA9H         LINE#         198
  C:3FABH         LINE#         199
  C:3FABH         LINE#         201
  C:3FAEH         LINE#         202
  C:3FBDH         LINE#         203
  C:3FC9H         LINE#         205
  C:3FD3H         LINE#         206
  C:3FD8H         LINE#         207
  -------         ENDPROC       _HEX_ASC
  -------         PROC          _ASC_HEX_2
  D:0051H         SYMBOL        asc1
  D:0052H         SYMBOL        asc0
  -------         DO            
  D:0053H         SYMBOL        i
  -------         ENDDO         
  C:4121H         LINE#         209
  C:4125H         LINE#         210
  C:4125H         LINE#         212
  C:413CH         LINE#         213
  C:413EH         LINE#         214
  -------         ENDPROC       _ASC_HEX_2
  -------         PROC          PC_PRG
  -------         DO            
  X:0335H         SYMBOL        UART_ID_data
  X:0339H         SYMBOL        send_ok
  X:033DH         SYMBOL        re_byte
  X:033EH         SYMBOL        send_ack
  -------         ENDDO         
  C:06F9H         LINE#         237
  C:06F9H         LINE#         238
  C:06F9H         LINE#         240
BL51 BANKED LINKER/LOCATER V6.22.2.0                                                  03/25/2022  15:04:17  PAGE 20


  C:071EH         LINE#         241
  C:0723H         LINE#         242
  C:0748H         LINE#         244
  C:0753H         LINE#         245
  C:075FH         LINE#         247
  C:077EH         LINE#         248
  C:077EH         LINE#         249
  C:077EH         LINE#         251
  C:078BH         LINE#         252
  C:078BH         LINE#         253
  C:0790H         LINE#         254
  C:07A2H         LINE#         255
  C:07B4H         LINE#         256
  C:07C6H         LINE#         257
  C:07DAH         LINE#         258
  C:07EDH         LINE#         259
  C:07F8H         LINE#         260
  C:07F8H         LINE#         261
  C:07F9H         LINE#         265
  C:07F9H         LINE#         267
  C:0806H         LINE#         268
  C:0806H         LINE#         269
  C:080CH         LINE#         270
  C:0812H         LINE#         271
  C:0818H         LINE#         272
  C:081EH         LINE#         274
  C:0830H         LINE#         275
  C:0841H         LINE#         276
  C:0853H         LINE#         277
  C:0864H         LINE#         278
  C:0876H         LINE#         279
  C:0887H         LINE#         280
  C:0892H         LINE#         281
  C:0892H         LINE#         282
  C:0893H         LINE#         283
  C:0893H         LINE#         284
  C:089FH         LINE#         285
  C:08A2H         LINE#         286
  C:08ACH         LINE#         287
  C:08BAH         LINE#         288
  C:08BFH         LINE#         289
  C:08CAH         LINE#         290
  C:08CBH         LINE#         291
  C:08CBH         LINE#         292
  C:08E5H         LINE#         293
  C:08E5H         LINE#         294
  C:08EAH         LINE#         295
  C:08EDH         LINE#         296
  C:08EFH         LINE#         297
  C:08FBH         LINE#         298
  C:0906H         LINE#         299
  C:0906H         LINE#         300
  C:0907H         LINE#         301
  C:0907H         LINE#         302
  C:0911H         LINE#         303
  C:0911H         LINE#         304
  C:091DH         LINE#         305
BL51 BANKED LINKER/LOCATER V6.22.2.0                                                  03/25/2022  15:04:17  PAGE 21


  C:0920H         LINE#         306
  C:092AH         LINE#         307
  C:0938H         LINE#         308
  C:093DH         LINE#         309
  C:0948H         LINE#         310
  C:0949H         LINE#         311
  C:095DH         LINE#         312
  C:095DH         LINE#         313
  C:0963H         LINE#         314
  C:0969H         LINE#         315
  C:096FH         LINE#         316
  C:0975H         LINE#         317
  C:0987H         LINE#         318
  C:0998H         LINE#         319
  C:09A3H         LINE#         320
  C:09A4H         LINE#         321
  C:09CCH         LINE#         322
  C:09CCH         LINE#         323
  C:09DEH         LINE#         324
  C:09E3H         LINE#         325
  C:09F5H         LINE#         326
  C:09F5H         LINE#         327
  C:09FFH         LINE#         328
  C:0A12H         LINE#         329
  C:0A39H         LINE#         330
  C:0A50H         LINE#         331
  C:0A5BH         LINE#         332
  C:0A66H         LINE#         333
  C:0A69H         LINE#         334
  C:0A96H         LINE#         335
  C:0A96H         LINE#         336
  C:0AA0H         LINE#         337
  C:0AB3H         LINE#         338
  C:0ABAH         LINE#         339
  C:0AE6H         LINE#         340
  C:0AFDH         LINE#         341
  C:0B08H         LINE#         342
  C:0B13H         LINE#         343
  C:0B13H         LINE#         344
  C:0B18H         LINE#         345
  C:0B18H         LINE#         346
  C:0B19H         LINE#         347
  C:0B19H         LINE#         348
  C:0B33H         LINE#         349
  C:0B33H         LINE#         350
  C:0B39H         LINE#         351
  C:0B3FH         LINE#         352
  C:0B45H         LINE#         353
  C:0B4AH         LINE#         354
  C:0B64H         LINE#         355
  C:0B82H         LINE#         356
  C:0BA2H         LINE#         357
  C:0BC3H         LINE#         358
  C:0BD9H         LINE#         359
  C:0BEAH         LINE#         360
  C:0BF0H         LINE#         361
  C:0BFBH         LINE#         362
BL51 BANKED LINKER/LOCATER V6.22.2.0                                                  03/25/2022  15:04:17  PAGE 22


  C:0BFBH         LINE#         363
  C:0BFBH         LINE#         365
  C:0BFBH         LINE#         366
  C:0BFBH         LINE#         367
  C:0BFBH         LINE#         368
  C:0BFBH         LINE#         369
  -------         ENDPROC       PC_PRG
  -------         ENDMOD        UART

  -------         MODULE        IAP_FLASH
  C:0000H         SYMBOL        _ICE_DUMMY_
  D:0090H         PUBLIC        P1
  D:00A0H         PUBLIC        P2
  D:00E7H         PUBLIC        ISPCR
  D:00C0H         PUBLIC        XICON
  D:00B0H         PUBLIC        P3
  D:00E8H         PUBLIC        P4
  D:00F8H         PUBLIC        P5
  D:00F8H         PUBLIC        P6
  B:00A8H.7       PUBLIC        EA
  C:21C9H         PUBLIC        _IAP_WriteBuf_With_Protect_Verify
  D:00A8H         PUBLIC        IE
  D:00B8H         PUBLIC        IP0L
  C:4065H         PUBLIC        _IAP_WritePPage
  D:00BFH         PUBLIC        CKCON1
  D:00D8H         PUBLIC        CCON
  D:00E6H         PUBLIC        SCMD
  D:00E3H         PUBLIC        IFADRH
  D:00E5H         PUBLIC        IFMT
  D:00E4H         PUBLIC        IFADRL
  D:0088H         PUBLIC        TCON
  C:4271H         PUBLIC        Init_IAP_flash
  C:13AFH         PUBLIC        eeprom_sys_load
  D:00E2H         PUBLIC        IFD
  D:0098H         PUBLIC        S0CON
  D:0098H         PUBLIC        S1CON
  D:00C8H         PUBLIC        T2CON
  D:00D0H         PUBLIC        PSW
  -------         PROC          INIT_IAP_FLASH
  C:4271H         LINE#         16
  C:4271H         LINE#         17
  C:4271H         LINE#         19
  C:4274H         LINE#         22
  C:427BH         LINE#         23
  -------         ENDPROC       INIT_IAP_FLASH
  -------         PROC          _IAP_WRITEPPAGE
  D:0057H         SYMBOL        PsfrAddr
  D:0058H         SYMBOL        PsfrData
  -------         DO            
  B:0020H.1       SYMBOL        bEA
  -------         ENDDO         
  C:4065H         LINE#         34
  C:4069H         LINE#         35
  C:4069H         LINE#         36
  C:406DH         LINE#         37
  C:406FH         LINE#         38
  C:4072H         LINE#         39
BL51 BANKED LINKER/LOCATER V6.22.2.0                                                  03/25/2022  15:04:17  PAGE 23


  C:4075H         LINE#         40
  C:4078H         LINE#         41
  C:407BH         LINE#         42
  C:407EH         LINE#         44
  C:4081H         LINE#         46
  C:4084H         LINE#         47
  C:4085H         LINE#         48
  C:4088H         LINE#         49
  C:408BH         LINE#         50
  C:408FH         LINE#         51
  -------         ENDPROC       _IAP_WRITEPPAGE
  -------         PROC          _IAP_WRITEBUF_WITH_PROTECT_VERIFY
  D:0019H         SYMBOL        ByteAddr
  D:001BH         SYMBOL        pBuf
  D:001EH         SYMBOL        Cnt
  -------         DO            
  X:0000H         SYMBOL        TempBuf
  X:0200H         SYMBOL        i
  X:0202H         SYMBOL        ErrCnt
  X:0203H         SYMBOL        SectorAddr
  B:0020H.2       SYMBOL        bEA
  C:22AFH         SYMBOL        Err_Loop
  C:23EBH         SYMBOL        Err_Return
  -------         ENDDO         
  C:21C9H         LINE#         124
  C:21D3H         LINE#         125
  C:21D3H         LINE#         130
  C:21D7H         LINE#         132
  C:21D9H         LINE#         133
  C:21DEH         LINE#         135
  C:21EDH         LINE#         136
  C:2203H         LINE#         137
  C:2203H         LINE#         138
  C:220AH         LINE#         139
  C:2211H         LINE#         140
  C:2214H         LINE#         141
  C:2217H         LINE#         142
  C:221AH         LINE#         143
  C:221DH         LINE#         144
  C:2220H         LINE#         145
  C:2223H         LINE#         146
  C:2231H         LINE#         147
  C:2246H         LINE#         148
  C:2249H         LINE#         149
  C:2259H         LINE#         151
  C:2268H         LINE#         152
  C:226EH         LINE#         153
  C:226EH         LINE#         154
  C:228CH         LINE#         155
  C:2297H         LINE#         156
  C:22A5H         LINE#         157
  C:22ADH         LINE#         158
  C:22AFH         LINE#         159
  C:22AFH         LINE#         161
  C:22BEH         LINE#         162
  C:22C5H         LINE#         163
  C:22C8H         LINE#         164
BL51 BANKED LINKER/LOCATER V6.22.2.0                                                  03/25/2022  15:04:17  PAGE 24


  C:22CBH         LINE#         165
  C:22CEH         LINE#         167
  C:22D1H         LINE#         169
  C:22D4H         LINE#         170
  C:22D5H         LINE#         171
  C:22D8H         LINE#         172
  C:22DBH         LINE#         174
  C:22F1H         LINE#         175
  C:22F1H         LINE#         176
  C:2307H         LINE#         177
  C:230EH         LINE#         178
  C:2315H         LINE#         179
  C:2318H         LINE#         180
  C:231BH         LINE#         182
  C:231EH         LINE#         184
  C:2321H         LINE#         185
  C:2322H         LINE#         186
  C:2325H         LINE#         187
  C:2328H         LINE#         188
  C:2336H         LINE#         189
  C:2339H         LINE#         190
  C:2349H         LINE#         192
  C:2358H         LINE#         193
  C:236EH         LINE#         194
  C:236EH         LINE#         195
  C:2375H         LINE#         196
  C:237CH         LINE#         197
  C:237FH         LINE#         198
  C:2382H         LINE#         200
  C:2385H         LINE#         202
  C:2388H         LINE#         203
  C:238BH         LINE#         204
  C:238EH         LINE#         205
  C:239CH         LINE#         206
  C:239FH         LINE#         207
  C:23B8H         LINE#         208
  C:23B8H         LINE#         209
  C:23BEH         LINE#         210
  C:23D0H         LINE#         211
  C:23D0H         LINE#         212
  C:23D3H         LINE#         213
  C:23D3H         LINE#         215
  C:23D3H         LINE#         216
  C:23D5H         LINE#         217
  C:23D5H         LINE#         218
  C:23D5H         LINE#         219
  C:23E6H         LINE#         220
  C:23EBH         LINE#         221
  C:23EBH         LINE#         222
  C:23EFH         LINE#         223
  C:23F4H         LINE#         224
  -------         ENDPROC       _IAP_WRITEBUF_WITH_PROTECT_VERIFY
  -------         PROC          EEPROM_SYS_LOAD
  -------         DO            
  X:0205H         SYMBOL        Init_ID_data
  I:007DH         SYMBOL        offset
  -------         ENDDO         
BL51 BANKED LINKER/LOCATER V6.22.2.0                                                  03/25/2022  15:04:17  PAGE 25


  C:13AFH         LINE#         245
  C:13AFH         LINE#         246
  C:13AFH         LINE#         248
  C:13B3H         LINE#         250
  C:13BEH         LINE#         251
  C:13D5H         LINE#         253
  C:13DAH         LINE#         254
  C:13E5H         LINE#         255
  C:13F0H         LINE#         256
  C:13FBH         LINE#         257
  C:143DH         LINE#         258
  C:1451H         LINE#         260
  C:145BH         LINE#         261
  C:1485H         LINE#         262
  C:1485H         LINE#         263
  C:148EH         LINE#         264
  C:14B4H         LINE#         265
  C:14CBH         LINE#         267
  C:14F1H         LINE#         268
  C:1508H         LINE#         270
  C:152EH         LINE#         271
  C:1545H         LINE#         273
  C:156BH         LINE#         274
  C:1582H         LINE#         276
  C:15A8H         LINE#         277
  C:15BFH         LINE#         278
  C:15C0H         LINE#         279
  C:15EBH         LINE#         280
  C:15EBH         LINE#         281
  C:15F4H         LINE#         282
  C:15FAH         LINE#         283
  C:1625H         LINE#         284
  C:163CH         LINE#         286
  C:1667H         LINE#         287
  C:167EH         LINE#         289
  C:16A9H         LINE#         290
  C:16C0H         LINE#         292
  C:16EBH         LINE#         293
  C:1702H         LINE#         295
  C:172DH         LINE#         296
  C:1744H         LINE#         297
  C:1744H         LINE#         298
  C:1744H         LINE#         300
  -------         ENDPROC       EEPROM_SYS_LOAD
  -------         ENDMOD        IAP_FLASH

  -------         MODULE        SPI
  C:0000H         SYMBOL        _ICE_DUMMY_
  D:0090H         PUBLIC        P1
  D:00A0H         PUBLIC        P2
  D:00C0H         PUBLIC        XICON
  D:00B0H         PUBLIC        P3
  D:00E8H         PUBLIC        P4
  D:00F8H         PUBLIC        P5
  D:0085H         PUBLIC        SPCON
  D:00F8H         PUBLIC        P6
  D:00A8H         PUBLIC        IE
BL51 BANKED LINKER/LOCATER V6.22.2.0                                                  03/25/2022  15:04:17  PAGE 26


  D:00B8H         PUBLIC        IP0L
  C:4178H         PUBLIC        Init_Spi
  D:00D8H         PUBLIC        CCON
  B:0090H.4       PUBLIC        P14
  D:0088H         PUBLIC        TCON
  C:4287H         PUBLIC        _spi_delay
  C:37E1H         PUBLIC        _ML7345_Write_Fifo
  C:3E01H         PUBLIC        _ML7345_Read_Reg
  C:3F47H         PUBLIC        _ML7345_Write_Reg
  D:0084H         PUBLIC        SPSTAT
  D:0098H         PUBLIC        S0CON
  D:0098H         PUBLIC        S1CON
  D:00C8H         PUBLIC        T2CON
  D:00A2H         PUBLIC        AUXR1
  C:4193H         PUBLIC        _SPI1_SendRecv_Data
  D:00D0H         PUBLIC        PSW
  D:0086H         PUBLIC        SPDAT
  -------         PROC          _SPI_DELAY
  D:0060H         SYMBOL        n
  C:4287H         LINE#         3
  C:4289H         LINE#         4
  C:4289H         LINE#         5
  C:4290H         LINE#         6
  -------         ENDPROC       _SPI_DELAY
  -------         PROC          INIT_SPI
  C:4178H         LINE#         8
  C:4178H         LINE#         9
  C:4178H         LINE#         11
  C:417BH         LINE#         13
  C:417EH         LINE#         15
  C:4184H         LINE#         17
  C:4187H         LINE#         19
  C:418AH         LINE#         21
  C:418DH         LINE#         23
  C:4190H         LINE#         25
  C:4192H         LINE#         26
  -------         ENDPROC       INIT_SPI
  -------         PROC          _SPI1_SENDRECV_DATA
  D:0061H         SYMBOL        SPI_DATA
  C:4193H         LINE#         35
  C:4195H         LINE#         36
  C:4195H         LINE#         37
  C:419AH         LINE#         38
  C:419DH         LINE#         39
  C:41A8H         LINE#         40
  C:41ABH         LINE#         41
  C:41ADH         LINE#         42
  -------         ENDPROC       _SPI1_SENDRECV_DATA
  -------         PROC          _ML7345_WRITE_REG
  D:0059H         SYMBOL        addr
  D:005AH         SYMBOL        dat
  C:3F47H         LINE#         45
  C:3F4BH         LINE#         46
  C:3F4BH         LINE#         47
  C:3F50H         LINE#         48
  C:3F52H         LINE#         49
  C:3F57H         LINE#         51
BL51 BANKED LINKER/LOCATER V6.22.2.0                                                  03/25/2022  15:04:17  PAGE 27


  C:3F61H         LINE#         52
  C:3F66H         LINE#         53
  C:3F6BH         LINE#         55
  C:3F70H         LINE#         56
  C:3F72H         LINE#         57
  C:3F77H         LINE#         58
  -------         ENDPROC       _ML7345_WRITE_REG
  -------         PROC          _ML7345_READ_REG
  D:0062H         SYMBOL        addr
  -------         DO            
  X:03BEH         SYMBOL        read
  -------         ENDDO         
  C:3E01H         LINE#         60
  C:3E03H         LINE#         61
  C:3E03H         LINE#         62
  C:3E08H         LINE#         63
  C:3E0DH         LINE#         64
  C:3E0FH         LINE#         65
  C:3E14H         LINE#         67
  C:3E1AH         LINE#         68
  C:3E1FH         LINE#         69
  C:3E29H         LINE#         71
  C:3E2EH         LINE#         72
  C:3E30H         LINE#         73
  C:3E35H         LINE#         75
  C:3E3AH         LINE#         76
  -------         ENDPROC       _ML7345_READ_REG
  -------         PROC          _ML7345_WRITE_FIFO
  D:0037H         SYMBOL        addr
  D:0038H         SYMBOL        pbuf
  D:003BH         SYMBOL        len
  -------         DO            
  X:03BFH         SYMBOL        i
  -------         ENDDO         
  C:37E1H         LINE#         78
  C:37E9H         LINE#         79
  C:37E9H         LINE#         80
  C:37EEH         LINE#         81
  C:37F3H         LINE#         82
  C:37F5H         LINE#         83
  C:37FAH         LINE#         85
  C:3804H         LINE#         86
  C:3809H         LINE#         87
  C:3816H         LINE#         88
  C:3827H         LINE#         89
  C:3827H         LINE#         90
  C:382CH         LINE#         91
  C:3843H         LINE#         92
  C:384BH         LINE#         94
  C:3850H         LINE#         95
  C:3852H         LINE#         96
  C:3857H         LINE#         97
  -------         ENDPROC       _ML7345_WRITE_FIFO
  -------         ENDMOD        SPI

  -------         MODULE        RAM
  C:0000H         SYMBOL        _ICE_DUMMY_
BL51 BANKED LINKER/LOCATER V6.22.2.0                                                  03/25/2022  15:04:17  PAGE 28


  X:0209H         PUBLIC        m_KeyCloseCount
  X:020AH         PUBLIC        write_flash_buffer
  D:0090H         PUBLIC        P1
  X:0212H         PUBLIC        txphase
  D:00A0H         PUBLIC        P2
  D:00C0H         PUBLIC        XICON
  D:00B0H         PUBLIC        P3
  D:00E8H         PUBLIC        P4
  X:0214H         PUBLIC        m_KeyCount
  D:00F8H         PUBLIC        P5
  X:0215H         PUBLIC        AD_DATA_BUFF
  D:00F8H         PUBLIC        P6
  X:0217H         PUBLIC        TB_976us
  X:0218H         PUBLIC        ID_data
  D:00A8H         PUBLIC        IE
  X:021CH         PUBLIC        TIME_Once_twice_switch
  X:021EH         PUBLIC        BAT_Voltage_value
  X:0222H         PUBLIC        rom_KeyOpt
  I:006DH         PUBLIC        RAM_SW_type
  X:0223H         PUBLIC        BAT_out
  X:0224H         PUBLIC        SIO_cnt
  X:0225H         PUBLIC        m_KeyDupliSetTimeout
  X:0227H         PUBLIC        ID_data_add
  D:00B8H         PUBLIC        IP0L
  X:022BH         PUBLIC        m_KeyDupli1stTimer
  X:022DH         PUBLIC        m_KeyOld
  X:022EH         PUBLIC        m_KeyOpenCount
  X:022FH         PUBLIC        txphase_end
  I:006EH         PUBLIC        mark0_stu
  I:006FH         PUBLIC        mark1_stu
  X:0231H         PUBLIC        TB_5s
  X:0232H         PUBLIC        m_KeyNew
  D:00D8H         PUBLIC        CCON
  X:0233H         PUBLIC        PROFILE_CH_FREQ_32bit_200002EC
  X:0237H         PUBLIC        m_ChatterCount
  X:0239H         PUBLIC        key_Value
  I:0070H         PUBLIC        RAM_RegSW_type
  X:023BH         PUBLIC        Key_Sta
  D:0088H         PUBLIC        TCON
  X:023CH         PUBLIC        m_KeyNo
  C:398AH         PUBLIC        _Init_RAM
  X:023DH         PUBLIC        m_KindOfKey
  I:0071H         PUBLIC        RAM_OP1_type
  I:0072H         PUBLIC        RAM_OP2_type
  X:023EH         PUBLIC        TIME_BEEP_freq
  X:023FH         PUBLIC        txphase_Repeat
  X:0240H         PUBLIC        time_led
  X:0242H         PUBLIC        BASE_TIME_BEEP_off
  X:0243H         PUBLIC        TIME_BEEP_off
  X:0244H         PUBLIC        TB_51s
  X:0245H         PUBLIC        ID_INT_CODE
  X:0246H         PUBLIC        TB_sum_5s
  X:0247H         PUBLIC        RAM_BAT_AVG
  X:0249H         PUBLIC        RAM_BAT_CNT
  X:024AH         PUBLIC        m_RegDigit
  X:024BH         PUBLIC        m_KeyOptSetMode
  X:024CH         PUBLIC        Control_code
BL51 BANKED LINKER/LOCATER V6.22.2.0                                                  03/25/2022  15:04:17  PAGE 29


  X:024DH         PUBLIC        TIME_2s_RestTX
  D:0098H         PUBLIC        S0CON
  X:024EH         PUBLIC        TIME_power_on_AD
  X:0250H         PUBLIC        TIME_10s
  D:0098H         PUBLIC        S1CON
  X:0252H         PUBLIC        SIO_DATA
  D:00C8H         PUBLIC        T2CON
  X:0262H         PUBLIC        TB_100ms
  X:0263H         PUBLIC        BASE_TIME_BEEP_on
  X:0265H         PUBLIC        m_TimerKeyMonitor
  X:0267H         PUBLIC        TIME_BEEP_on
  X:0269H         PUBLIC        RAM_BAT_SUM
  X:026DH         PUBLIC        SIO_buff
  X:027DH         PUBLIC        m_RFNormalBuf
  X:02A5H         PUBLIC        m_RegMode
  X:02A6H         PUBLIC        m_TimerRegMode
  X:02A8H         PUBLIC        m_RegID
  D:00D0H         PUBLIC        PSW
  X:02B1H         PUBLIC        m_TimerKey
  -------         PROC          _INIT_RAM
  C:398AH         LINE#         83
  C:398AH         LINE#         84
  C:398AH         LINE#         85
  C:3990H         LINE#         87
  C:3996H         LINE#         88
  C:39A3H         LINE#         94
  C:39A6H         LINE#         95
  C:39B2H         LINE#         96
  C:39B7H         LINE#         98
  C:39C3H         LINE#         99
  C:39CFH         LINE#         100
  C:39D2H         LINE#         101
  C:39DAH         LINE#         102
  C:39E2H         LINE#         103
  -------         ENDPROC       _INIT_RAM
  -------         ENDMOD        RAM

  -------         MODULE        ML7345
  C:0000H         SYMBOL        _ICE_DUMMY_
  X:02B3H         PUBLIC        First_TX_Scan
  X:02B4H         PUBLIC        APP_TX_freq
  D:0090H         PUBLIC        P1
  D:00A0H         PUBLIC        P2
  D:00C0H         PUBLIC        XICON
  D:00B0H         PUBLIC        P3
  D:00E8H         PUBLIC        P4
  D:00F8H         PUBLIC        P5
  D:00F8H         PUBLIC        P6
  D:00A8H         PUBLIC        IE
  X:02B5H         PUBLIC        Receiver_vent_Cache
  X:02B6H         PUBLIC        tx_pack_cnt
  D:00B8H         PUBLIC        IP0L
  X:02B7H         PUBLIC        Fre_429_350
  X:02BFH         PUBLIC        Fre_426_750
  X:02C7H         PUBLIC        Fre_426_075
  X:02CFH         PUBLIC        Fre_429_550
  X:02D7H         PUBLIC        Fre_429_175
BL51 BANKED LINKER/LOCATER V6.22.2.0                                                  03/25/2022  15:04:17  PAGE 30


  X:02DFH         PUBLIC        Freq_SetBuff
  D:00D8H         PUBLIC        CCON
  X:02E7H         PUBLIC        txbuf
  C:3B25H         PUBLIC        _Tx_Data_Test
  C:41AEH         PUBLIC        dd_set_ML7345D_Power_on_Init
  X:02EAH         PUBLIC        TX_Scan_step
  D:0088H         PUBLIC        TCON
  B:00B0H.4       PUBLIC        P34
  B:00B0H.5       PUBLIC        P35
  C:427CH         PUBLIC        dd_set_ML7345D_Power_on
  B:00A0H.7       PUBLIC        P27
  X:02EBH         PUBLIC        rf_offset
  C:30C2H         PUBLIC        ML7345_TRX_Del
  X:02ECH         PUBLIC        Radio_Date_Type
  X:02EDH         PUBLIC        SPI_RECEIVE_BUFF
  C:0FDAH         PUBLIC        _RF_ML7345_Init
  X:0315H         PUBLIC        SPI_Receive_DataForC
  D:0098H         PUBLIC        S0CON
  D:0098H         PUBLIC        S1CON
  X:0331H         PUBLIC        Radio_Date_Type_bak
  D:00C8H         PUBLIC        T2CON
  D:00D0H         PUBLIC        PSW
  -------         PROC          _RF_ML7345_INIT
  D:003CH         SYMBOL        freq
  D:003FH         SYMBOL        sync
  D:0040H         SYMBOL        rx_len
  C:0FDAH         LINE#         44
  C:0FE2H         LINE#         45
  C:0FE2H         LINE#         46
  C:0FE5H         LINE#         47
  C:0FE8H         LINE#         48
  C:0FE8H         LINE#         49
  C:0FF3H         LINE#         50
  C:0FF5H         LINE#         51
  C:0FF5H         LINE#         52
  C:0FF7H         LINE#         53
  C:0FFEH         LINE#         54
  C:1005H         LINE#         55
  C:100CH         LINE#         56
  C:1013H         LINE#         57
  C:101AH         LINE#         58
  C:1021H         LINE#         59
  C:1028H         LINE#         60
  C:102FH         LINE#         61
  C:1036H         LINE#         62
  C:103DH         LINE#         63
  C:1044H         LINE#         64
  C:104BH         LINE#         65
  C:1052H         LINE#         66
  C:1059H         LINE#         67
  C:1060H         LINE#         68
  C:1067H         LINE#         69
  C:106EH         LINE#         70
  C:1075H         LINE#         71
  C:107CH         LINE#         72
  C:1083H         LINE#         73
  C:108AH         LINE#         74
BL51 BANKED LINKER/LOCATER V6.22.2.0                                                  03/25/2022  15:04:17  PAGE 31


  C:1091H         LINE#         75
  C:1098H         LINE#         76
  C:109FH         LINE#         77
  C:10A6H         LINE#         78
  C:10ADH         LINE#         79
  C:10B4H         LINE#         81
  C:10BBH         LINE#         83
  C:10C2H         LINE#         85
  C:10C9H         LINE#         87
  C:10D0H         LINE#         88
  C:10D7H         LINE#         90
  C:10DEH         LINE#         92
  C:10E5H         LINE#         93
  C:10ECH         LINE#         94
  C:10F3H         LINE#         95
  C:10FAH         LINE#         97
  C:1101H         LINE#         99
  C:1108H         LINE#         101
  C:110FH         LINE#         103
  C:1116H         LINE#         104
  C:111DH         LINE#         105
  C:1124H         LINE#         107
  C:112BH         LINE#         109
  C:1132H         LINE#         110
  C:1139H         LINE#         112
  C:1140H         LINE#         113
  C:1147H         LINE#         117
  C:114EH         LINE#         118
  C:1155H         LINE#         119
  C:115CH         LINE#         120
  C:1163H         LINE#         121
  C:116AH         LINE#         123
  C:1171H         LINE#         125
  C:1178H         LINE#         127
  C:117FH         LINE#         129
  C:118EH         LINE#         130
  C:11A3H         LINE#         131
  C:11B8H         LINE#         132
  C:11CDH         LINE#         133
  C:11DCH         LINE#         134
  C:11F1H         LINE#         135
  C:1206H         LINE#         136
  C:121BH         LINE#         138
  C:1222H         LINE#         139
  C:1229H         LINE#         141
  C:1230H         LINE#         142
  C:1237H         LINE#         143
  C:123EH         LINE#         144
  C:1245H         LINE#         145
  C:124CH         LINE#         146
  C:1253H         LINE#         148
  C:125AH         LINE#         149
  C:1261H         LINE#         152
  C:1268H         LINE#         156
  C:127DH         LINE#         157
  C:1292H         LINE#         158
  C:12A7H         LINE#         159
BL51 BANKED LINKER/LOCATER V6.22.2.0                                                  03/25/2022  15:04:17  PAGE 32


  C:12BCH         LINE#         160
  C:12C3H         LINE#         161
  C:12CAH         LINE#         162
  C:12D1H         LINE#         164
  C:12D8H         LINE#         165
  C:12DFH         LINE#         166
  C:12E6H         LINE#         167
  C:12EDH         LINE#         168
  C:12F4H         LINE#         170
  C:12F7H         LINE#         172
  C:12FEH         LINE#         173
  C:1305H         LINE#         176
  C:130CH         LINE#         177
  C:1313H         LINE#         179
  C:131AH         LINE#         180
  C:1321H         LINE#         181
  C:1328H         LINE#         182
  C:132FH         LINE#         183
  C:1336H         LINE#         184
  C:133DH         LINE#         185
  C:1344H         LINE#         186
  C:134BH         LINE#         188
  C:1388H         LINE#         189
  C:138BH         LINE#         192
  C:1392H         LINE#         193
  C:1399H         LINE#         194
  C:1399H         LINE#         195
  C:13A4H         LINE#         196
  C:13A6H         LINE#         197
  C:13A6H         LINE#         198
  C:13A8H         LINE#         199
  C:13ABH         LINE#         200
  C:13AEH         LINE#         201
  -------         ENDPROC       _RF_ML7345_INIT
  -------         PROC          _TX_DATA_TEST
  D:0063H         SYMBOL        mode
  C:3B25H         LINE#         220
  C:3B27H         LINE#         221
  C:3B27H         LINE#         222
  C:3B2EH         LINE#         223
  C:3B43H         LINE#         224
  C:3B43H         LINE#         226
  C:3B4CH         LINE#         229
  C:3B55H         LINE#         232
  C:3B5EH         LINE#         235
  C:3B67H         LINE#         238
  C:3B67H         LINE#         239
  C:3B6EH         LINE#         240
  C:3B6EH         LINE#         241
  C:3B6EH         LINE#         242
  C:3B73H         LINE#         243
  -------         ENDPROC       _TX_DATA_TEST
  -------         PROC          ML7345_TRX_DEL
  -------         DO            
  I:007EH         SYMBOL        reg
  -------         ENDDO         
  C:30C2H         LINE#         246
BL51 BANKED LINKER/LOCATER V6.22.2.0                                                  03/25/2022  15:04:17  PAGE 33


  C:30C2H         LINE#         247
  C:30C2H         LINE#         248
  C:30C6H         LINE#         250
  C:30CFH         LINE#         251
  C:30F1H         LINE#         252
  C:30F1H         LINE#         253
  C:30FDH         LINE#         254
  C:3102H         LINE#         255
  C:3115H         LINE#         256
  C:3115H         LINE#         257
  C:313EH         LINE#         258
  C:313EH         LINE#         259
  C:314AH         LINE#         260
  C:315DH         LINE#         261
  C:3163H         LINE#         262
  C:3164H         LINE#         263
  C:3188H         LINE#         264
  C:3188H         LINE#         265
  C:3194H         LINE#         266
  C:31A0H         LINE#         267
  C:31A2H         LINE#         268
  C:31A7H         LINE#         269
  C:31A9H         LINE#         270
  C:31ACH         LINE#         271
  C:31AEH         LINE#         272
  C:31AEH         LINE#         273
  C:31AEH         LINE#         274
  C:31AEH         LINE#         275
  -------         ENDPROC       ML7345_TRX_DEL
  -------         PROC          DD_SET_ML7345D_POWER_ON
  C:427CH         LINE#         277
  C:427CH         LINE#         278
  C:427CH         LINE#         279
  C:427FH         LINE#         280
  C:427FH         LINE#         281
  C:4281H         LINE#         282
  C:4286H         LINE#         284
  C:4286H         LINE#         285
  -------         ENDPROC       DD_SET_ML7345D_POWER_ON
  -------         PROC          DD_SET_ML7345D_POWER_ON_INIT
  C:41AEH         LINE#         287
  C:41AEH         LINE#         288
  C:41AEH         LINE#         289
  C:41B1H         LINE#         290
  C:41B1H         LINE#         291
  C:41B3H         LINE#         292
  C:41B8H         LINE#         293
  C:41C6H         LINE#         294
  C:41C6H         LINE#         295
  -------         ENDPROC       DD_SET_ML7345D_POWER_ON_INIT
  -------         ENDMOD        ML7345

  -------         MODULE        ML7345_HAL
  C:0000H         SYMBOL        _ICE_DUMMY_
  C:3372H         PUBLIC        ML7345_DataRate_Set_4_8k
  D:0090H         PUBLIC        P1
  D:00A0H         PUBLIC        P2
BL51 BANKED LINKER/LOCATER V6.22.2.0                                                  03/25/2022  15:04:17  PAGE 34


  D:00C0H         PUBLIC        XICON
  D:00B0H         PUBLIC        P3
  D:00E8H         PUBLIC        P4
  D:00F8H         PUBLIC        P5
  D:00F8H         PUBLIC        P6
  D:00A8H         PUBLIC        IE
  C:3D4FH         PUBLIC        _ML7345_AutoTx_Data
  C:2953H         PUBLIC        _ML7345_Frequency_Set
  D:00B8H         PUBLIC        IP0L
  C:2FD3H         PUBLIC        _ML7345_SetAndGet_State
  C:3E74H         PUBLIC        _ML7345_StateFlag_Clear
  D:00D8H         PUBLIC        CCON
  C:4009H         PUBLIC        _ML7345_AutoStateTransition_Set
  C:413FH         PUBLIC        ML7345_AllStateFlag_Clear
  D:0088H         PUBLIC        TCON
  B:00B0H.4       PUBLIC        P34
  C:1CDCH         PUBLIC        _ML7345_Frequency_Calcul
  C:3C94H         PUBLIC        WaitStatus_Complete
  C:3F15H         PUBLIC        SetReg_Rssi
  C:41DDH         PUBLIC        ML7345_GPIO0TxDoneInt_Enable
  D:0098H         PUBLIC        S0CON
  D:0098H         PUBLIC        S1CON
  D:00C8H         PUBLIC        T2CON
  C:4291H         PUBLIC        ML7345_RESETN_SET
  C:34F2H         PUBLIC        ML7345_DataRate_Set_1_2k
  D:00D0H         PUBLIC        PSW
  -------         PROC          _ML7345_AUTOSTATETRANSITION_SET
  D:0064H         SYMBOL        sta
  C:4009H         LINE#         10
  C:400BH         LINE#         11
  C:400BH         LINE#         12
  C:4012H         LINE#         13
  C:4030H         LINE#         14
  C:4037H         LINE#         15
  -------         ENDPROC       _ML7345_AUTOSTATETRANSITION_SET
  -------         PROC          _ML7345_SETANDGET_STATE
  D:0065H         SYMBOL        sta
  -------         DO            
  X:03B0H         SYMBOL        status
  -------         ENDDO         
  C:2FD3H         LINE#         31
  C:2FD5H         LINE#         32
  C:2FD5H         LINE#         33
  C:2FDAH         LINE#         35
  C:2FE1H         LINE#         36
  C:2FF0H         LINE#         37
  C:2FFDH         LINE#         38
  C:2FFDH         LINE#         39
  C:3028H         LINE#         40
  C:3028H         LINE#         41
  C:302FH         LINE#         42
  C:3037H         LINE#         43
  C:304CH         LINE#         44
  C:304CH         LINE#         45
  C:3063H         LINE#         46
  C:3066H         LINE#         47
[...]
  C:0DBAH         LINE#         927
  C:0DBEH         LINE#         929
  C:0DBEH         LINE#         930
  C:0DBFH         LINE#         932
  C:0DBFH         LINE#         933
  C:0DCCH         LINE#         934
  C:0DCCH         LINE#         935
  C:0DD6H         LINE#         936
  C:0DDCH         LINE#         937
  C:0DDDH         LINE#         939
  C:0DDDH         LINE#         940
BL51 BANKED LINKER/LOCATER V6.22.2.0                                                  03/25/2022  15:04:17  PAGE 53


  C:0DE1H         LINE#         942
  C:0DE1H         LINE#         943
  C:0DE1H         LINE#         944
  C:0DE2H         LINE#         946
  C:0DE2H         LINE#         947
  C:0DF1H         LINE#         948
  C:0DF1H         LINE#         949
  C:0DF7H         LINE#         950
  C:0E01H         LINE#         952
  C:0E0CH         LINE#         953
  C:0E18H         LINE#         954
  C:0E18H         LINE#         960
  C:0E19H         LINE#         962
  C:0E19H         LINE#         963
  C:0E25H         LINE#         964
  C:0E25H         LINE#         965
  C:0E29H         LINE#         967
  C:0E29H         LINE#         969
  C:0E44H         LINE#         970
  C:0E45H         LINE#         972
  C:0E45H         LINE#         974
  C:0E4DH         LINE#         975
  C:0E4DH         LINE#         976
  C:0E5AH         LINE#         977
  C:0E5AH         LINE#         978
  C:0E64H         LINE#         979
  C:0E6AH         LINE#         980
  C:0E76H         LINE#         981
  C:0E77H         LINE#         983
  C:0E77H         LINE#         984
  C:0E7BH         LINE#         986
  C:0E7BH         LINE#         987
  C:0E7CH         LINE#         989
  C:0E7CH         LINE#         990
  C:0E89H         LINE#         991
  C:0E89H         LINE#         992
  C:0E93H         LINE#         993
  C:0E99H         LINE#         994
  C:0E9AH         LINE#         996
  C:0E9AH         LINE#         997
  C:0E9EH         LINE#         999
  C:0E9EH         LINE#         1000
  C:0E9EH         LINE#         1001
  C:0E9FH         LINE#         1003
  C:0E9FH         LINE#         1004
  C:0E9FH         LINE#         1005
  C:0EABH         LINE#         1006
  C:0EABH         LINE#         1007
  C:0EAFH         LINE#         1009
  C:0EAFH         LINE#         1011
  C:0ECAH         LINE#         1012
  C:0ECBH         LINE#         1014
  C:0ECBH         LINE#         1016
  C:0ED6H         LINE#         1017
  C:0ED6H         LINE#         1018
  C:0EE3H         LINE#         1019
  C:0EE3H         LINE#         1020
BL51 BANKED LINKER/LOCATER V6.22.2.0                                                  03/25/2022  15:04:17  PAGE 54


  C:0EF0H         LINE#         1021
  C:0EF0H         LINE#         1022
  C:0EF7H         LINE#         1023
  C:0EFBH         LINE#         1024
  C:0EFBH         LINE#         1025
  C:0EFEH         LINE#         1026
  C:0F00H         LINE#         1028
  C:0F00H         LINE#         1029
  C:0F03H         LINE#         1030
  C:0F03H         LINE#         1031
  C:0F09H         LINE#         1032
  C:0F1CH         LINE#         1037
  C:0F27H         LINE#         1038
  C:0F33H         LINE#         1039
  C:0F3FH         LINE#         1040
  C:0F45H         LINE#         1041
  C:0F49H         LINE#         1043
  C:0F49H         LINE#         1044
  C:0F4FH         LINE#         1045
  C:0F50H         LINE#         1047
  C:0F50H         LINE#         1048
  C:0F54H         LINE#         1050
  C:0F54H         LINE#         1051
  C:0F55H         LINE#         1053
  C:0F55H         LINE#         1054
  C:0F62H         LINE#         1055
  C:0F62H         LINE#         1056
  C:0F6FH         LINE#         1057
  C:0F6FH         LINE#         1058
  C:0F76H         LINE#         1059
  C:0F7AH         LINE#         1060
  C:0F7AH         LINE#         1061
  C:0F7DH         LINE#         1062
  C:0F7FH         LINE#         1064
  C:0F7FH         LINE#         1065
  C:0F82H         LINE#         1066
  C:0F82H         LINE#         1067
  C:0F88H         LINE#         1068
  C:0F9BH         LINE#         1072
  C:0FA6H         LINE#         1073
  C:0FB2H         LINE#         1074
  C:0FBEH         LINE#         1075
  C:0FC2H         LINE#         1078
  C:0FC2H         LINE#         1079
  C:0FC8H         LINE#         1080
  C:0FC9H         LINE#         1082
  C:0FC9H         LINE#         1083
  C:0FCDH         LINE#         1085
  C:0FCDH         LINE#         1086
  C:0FCDH         LINE#         1087
  C:0FCEH         LINE#         1089
  C:0FCEH         LINE#         1090
  C:0FD6H         LINE#         1091
  C:0FD6H         LINE#         1093
  C:0FD9H         LINE#         1095
  C:0FD9H         LINE#         1096
  C:0FD9H         LINE#         1098
BL51 BANKED LINKER/LOCATER V6.22.2.0                                                  03/25/2022  15:04:17  PAGE 55


  C:0FD9H         LINE#         1099
  -------         ENDPROC       _DUPLIFUNCSETMODE
  -------         PROC          _REGISTRATIONMODE
  C:2ACBH         LINE#         1109
  C:2ACBH         LINE#         1110
  C:2ACBH         LINE#         1111
  C:2AD4H         LINE#         1112
  C:2AD4H         LINE#         1114
  C:2AD4H         LINE#         1116
  C:2AE8H         LINE#         1117
  C:2AF4H         LINE#         1118
  C:2AF6H         LINE#         1119
  C:2AF6H         LINE#         1120
  C:2B02H         LINE#         1121
  C:2B08H         LINE#         1122
  C:2B16H         LINE#         1123
  C:2B31H         LINE#         1124
  C:2B33H         LINE#         1125
  C:2B33H         LINE#         1127
  C:2B3EH         LINE#         1128
  C:2B40H         LINE#         1129
  C:2B45H         LINE#         1130
  C:2B45H         LINE#         1141
  C:2B5EH         LINE#         1142
  C:2B5EH         LINE#         1143
  C:2B5EH         LINE#         1144
  C:2B77H         LINE#         1145
  C:2B77H         LINE#         1146
  C:2B89H         LINE#         1147
  C:2B89H         LINE#         1149
  C:2B94H         LINE#         1150
  C:2B9EH         LINE#         1151
  C:2B9FH         LINE#         1153
  C:2B9FH         LINE#         1154
  C:2BB3H         LINE#         1155
  C:2BB3H         LINE#         1156
  C:2BB9H         LINE#         1157
  C:2BBBH         LINE#         1160
  C:2BBBH         LINE#         1162
  C:2BC6H         LINE#         1163
  C:2BC6H         LINE#         1168
  C:2BD0H         LINE#         1169
  C:2BD1H         LINE#         1171
  C:2BD1H         LINE#         1172
  C:2BD4H         LINE#         1174
  C:2BDFH         LINE#         1175
  C:2BE9H         LINE#         1176
  C:2BEAH         LINE#         1178
  C:2BEAH         LINE#         1180
  C:2BFCH         LINE#         1181
  C:2BFCH         LINE#         1183
  C:2BFCH         LINE#         1188
  C:2C0BH         LINE#         1191
  C:2C27H         LINE#         1193
  C:2C27H         LINE#         1195
  C:2C32H         LINE#         1196
  C:2C34H         LINE#         1198
BL51 BANKED LINKER/LOCATER V6.22.2.0                                                  03/25/2022  15:04:17  PAGE 56


  C:2C34H         LINE#         1199
  C:2C3BH         LINE#         1201
  C:2C3BH         LINE#         1202
  C:2C40H         LINE#         1203
  C:2C40H         LINE#         1204
  C:2C40H         LINE#         1205
  -------         ENDPROC       _REGISTRATIONMODE
  -------         PROC          _ATOL
  D:0021H         SYMBOL        m_RegID_x
  -------         DO            
  D:0024H         SYMBOL        i
  D:0025H         SYMBOL        j
  D:0026H         SYMBOL        m_ID
  -------         ENDDO         
  C:3769H         LINE#         1210
  C:376FH         LINE#         1211
  C:376FH         LINE#         1213
  C:377BH         LINE#         1215
  C:378DH         LINE#         1216
  C:37A3H         LINE#         1217
  C:37D4H         LINE#         1218
  C:37D8H         LINE#         1219
  C:37E0H         LINE#         1220
  -------         ENDPROC       _ATOL
  -------         PROC          __SETREGISTRATIONMODE
  D:0069H         SYMBOL        mode
  C:4090H         LINE#         1232
  C:4092H         LINE#         1233
  C:4092H         LINE#         1234
  C:4098H         LINE#         1235
  C:4098H         LINE#         1237
  C:4098H         LINE#         1239
  C:409EH         LINE#         1246
  C:40A1H         LINE#         1253
  C:40ACH         LINE#         1254
  C:40B6H         LINE#         1255
  -------         ENDPROC       __SETREGISTRATIONMODE
  -------         PROC          _GETREGMODE
  C:42A1H         LINE#         1256
  C:42A1H         LINE#         1257
  C:42A1H         LINE#         1258
  C:42A6H         LINE#         1259
  -------         ENDPROC       _GETREGMODE
  -------         PROC          _IDCLEAR
  -------         DO            
  D:006AH         SYMBOL        i
  -------         ENDDO         
  C:3FD9H         LINE#         1266
  C:3FD9H         LINE#         1267
  C:3FD9H         LINE#         1270
  C:3FDEH         LINE#         1272
  C:3FF0H         LINE#         1273
  C:3FF0H         LINE#         1274
  C:3FFFH         LINE#         1275
  C:4003H         LINE#         1276
  C:4008H         LINE#         1278
  -------         ENDPROC       _IDCLEAR
BL51 BANKED LINKER/LOCATER V6.22.2.0                                                  03/25/2022  15:04:17  PAGE 57


  -------         PROC          __SWIN
  D:006BH         SYMBOL        sw
  C:40DDH         LINE#         1290
  C:40DFH         LINE#         1291
  C:40DFH         LINE#         1292
  C:40EDH         LINE#         1293
  C:40F1H         LINE#         1294
  C:40F1H         LINE#         1295
  C:40FFH         LINE#         1296
  C:40FFH         LINE#         1297
  -------         ENDPROC       __SWIN
  -------         PROC          __REQBUZZER
  D:004DH         SYMBOL        BEEP_on_SET
  D:004FH         SYMBOL        BEEP_off_SET
  D:0050H         SYMBOL        BEEP_freq_SET
  C:3B74H         LINE#         1299
  C:3B7CH         LINE#         1300
  C:3B7CH         LINE#         1301
  C:3B91H         LINE#         1302
  C:3B91H         LINE#         1303
  C:3B9BH         LINE#         1304
  C:3BA1H         LINE#         1305
  C:3BB1H         LINE#         1306
  C:3BBBH         LINE#         1307
  C:3BC1H         LINE#         1308
  C:3BC1H         LINE#         1309
  -------         ENDPROC       __REQBUZZER
  -------         PROC          TEST_MODE_CONTROL
  C:27C5H         LINE#         1311
  C:27C5H         LINE#         1312
  C:27C5H         LINE#         1314
  C:27CBH         LINE#         1315
  C:27CBH         LINE#         1316
  C:27D9H         LINE#         1317
  C:27D9H         LINE#         1318
  C:27E5H         LINE#         1319
  C:27E7H         LINE#         1320
  C:27E9H         LINE#         1321
  C:27ECH         LINE#         1322
  C:27EEH         LINE#         1323
  C:27F1H         LINE#         1324
  C:27F7H         LINE#         1325
  C:27FFH         LINE#         1326
  C:2802H         LINE#         1327
  C:2802H         LINE#         1328
  C:2805H         LINE#         1329
  C:281AH         LINE#         1330
  C:281AH         LINE#         1331
  C:2826H         LINE#         1332
  C:2829H         LINE#         1333
  C:2833H         LINE#         1334
  C:2841H         LINE#         1335
  C:284DH         LINE#         1336
  C:2852H         LINE#         1337
  C:2852H         LINE#         1338
  C:2861H         LINE#         1340
  C:2878H         LINE#         1341
BL51 BANKED LINKER/LOCATER V6.22.2.0                                                  03/25/2022  15:04:17  PAGE 58


  C:2878H         LINE#         1342
  C:2884H         LINE#         1343
  C:2886H         LINE#         1344
  C:2889H         LINE#         1345
  C:288BH         LINE#         1346
  C:2897H         LINE#         1347
  C:2897H         LINE#         1348
  C:28A6H         LINE#         1350
  C:28BEH         LINE#         1351
  C:28BEH         LINE#         1352
  C:28CAH         LINE#         1353
  C:28CDH         LINE#         1354
  C:28D7H         LINE#         1355
  C:28E5H         LINE#         1356
  C:28EAH         LINE#         1357
  C:28F6H         LINE#         1358
  C:28F6H         LINE#         1359
  C:2905H         LINE#         1361
  C:2908H         LINE#         1362
  C:290BH         LINE#         1363
  C:291BH         LINE#         1364
  C:291BH         LINE#         1365
  C:2927H         LINE#         1366
  C:292AH         LINE#         1367
  C:292AH         LINE#         1368
  C:292CH         LINE#         1369
  C:292EH         LINE#         1370
  C:293AH         LINE#         1371
  C:2946H         LINE#         1372
  C:2952H         LINE#         1373
  -------         ENDPROC       TEST_MODE_CONTROL
  -------         ENDMOD        KEY_AND_OTHER

  -------         MODULE        EXIT_FUN
  C:0000H         SYMBOL        _ICE_DUMMY_
  D:0090H         PUBLIC        P1
  D:00A0H         PUBLIC        P2
  D:00C0H         PUBLIC        XICON
  D:00B0H         PUBLIC        P3
  D:00E8H         PUBLIC        P4
  D:00F8H         PUBLIC        P5
  C:38CCH         PUBLIC        _SetFixedLengthCode
  D:00F8H         PUBLIC        P6
  D:00A8H         PUBLIC        IE
  D:00B8H         PUBLIC        IP0L
  D:00D8H         PUBLIC        CCON
  D:0088H         PUBLIC        TCON
  B:00A0H.7       PUBLIC        P27
  C:2DABH         PUBLIC        SendTxData
  D:0098H         PUBLIC        S0CON
  D:0098H         PUBLIC        S1CON
  D:00C8H         PUBLIC        T2CON
  C:2C41H         PUBLIC        _SetTxData
  D:00D0H         PUBLIC        PSW
  -------         PROC          SENDTXDATA
  C:2DABH         LINE#         38
  C:2DABH         LINE#         39
BL51 BANKED LINKER/LOCATER V6.22.2.0                                                  03/25/2022  15:04:17  PAGE 59


  C:2DABH         LINE#         40
  C:2DADH         LINE#         41
  C:2DB8H         LINE#         42
  C:2DB8H         LINE#         43
  C:2DE9H         LINE#         44
  C:2DEFH         LINE#         45
  C:2DF8H         LINE#         46
  C:2DFBH         LINE#         48
  C:2DFBH         LINE#         49
  C:2E28H         LINE#         50
  C:2E64H         LINE#         51
  C:2E91H         LINE#         52
  C:2E97H         LINE#         53
  C:2EA0H         LINE#         54
  C:2EA0H         LINE#         55
  C:2EACH         LINE#         56
  C:2EBFH         LINE#         57
  C:2EC9H         LINE#         58
  C:2ECFH         LINE#         59
  -------         ENDPROC       SENDTXDATA
  -------         PROC          _SETTXDATA
  D:0031H         SYMBOL        count_set
  D:0032H         SYMBOL        ID_data_set
  D:0036H         SYMBOL        Control_code_set
  -------         DO            
  I:0073H         SYMBOL        unii
  I:0075H         SYMBOL        unij
  I:0077H         SYMBOL        unik
  -------         ENDDO         
  C:2C41H         LINE#         61
  C:2C43H         LINE#         62
  C:2C43H         LINE#         65
  C:2C4FH         LINE#         66
  C:2C63H         LINE#         67
  C:2C77H         LINE#         68
  C:2C83H         LINE#         69
  C:2C97H         LINE#         70
  C:2CABH         LINE#         71
  C:2CB7H         LINE#         72
  C:2CCBH         LINE#         73
  C:2CDFH         LINE#         75
  C:2CEBH         LINE#         76
  C:2CFFH         LINE#         77
  C:2D13H         LINE#         79
  C:2D17H         LINE#         80
  C:2D1BH         LINE#         81
  C:2D1FH         LINE#         82
  C:2D23H         LINE#         83
  C:2D3EH         LINE#         84
  C:2D4CH         LINE#         85
  C:2D60H         LINE#         86
  C:2D74H         LINE#         87
  C:2D82H         LINE#         88
  C:2D96H         LINE#         89
  C:2DAAH         LINE#         90
  -------         ENDPROC       _SETTXDATA
  -------         PROC          _SETFIXEDLENGTHCODE
BL51 BANKED LINKER/LOCATER V6.22.2.0                                                  03/25/2022  15:04:17  PAGE 60


  D:006CH         SYMBOL        Data
  -------         DO            
  I:0079H         SYMBOL        Code
  I:007BH         SYMBOL        i
  -------         ENDDO         
  C:38CCH         LINE#         92
  C:38CEH         LINE#         93
  C:38CEH         LINE#         97
  C:38E3H         LINE#         98
  C:38E3H         LINE#         99
  C:38FCH         LINE#         100
  C:3901H         LINE#         101
  C:3901H         LINE#         102
  C:390DH         LINE#         103
  C:390FH         LINE#         105
  C:390FH         LINE#         106
  C:391BH         LINE#         108
  C:391BH         LINE#         109
  C:3921H         LINE#         110
  C:3926H         LINE#         111
  C:392DH         LINE#         112
  -------         ENDPROC       _SETFIXEDLENGTHCODE
  -------         ENDMOD        EXIT_FUN

  -------         MODULE        ?C?FPADD
  C:0055H         PUBLIC        ?C?FPADD
  C:0051H         PUBLIC        ?C?FPSUB
  -------         ENDMOD        ?C?FPADD

  -------         MODULE        ?C?FPMUL
  C:0146H         PUBLIC        ?C?FPMUL
  -------         ENDMOD        ?C?FPMUL

  -------         MODULE        ?C?FPDIV
  C:024FH         PUBLIC        ?C?FPDIV
  -------         ENDMOD        ?C?FPDIV

  -------         MODULE        ?C?FCAST
  C:02F6H         PUBLIC        ?C?FCASTC
  C:02F1H         PUBLIC        ?C?FCASTI
  C:02ECH         PUBLIC        ?C?FCASTL
  -------         ENDMOD        ?C?FCAST

  -------         MODULE        ?C?CASTF
  C:032AH         PUBLIC        ?C?CASTF
  -------         ENDMOD        ?C?CASTF

  -------         MODULE        ?C?COPY
  C:047BH         PUBLIC        ?C?COPY
  -------         ENDMOD        ?C?COPY

  -------         MODULE        ?C?CLDPTR
  C:04A1H         PUBLIC        ?C?CLDPTR
  -------         ENDMOD        ?C?CLDPTR

  -------         MODULE        ?C?CLDOPTR
  C:04BAH         PUBLIC        ?C?CLDOPTR
BL51 BANKED LINKER/LOCATER V6.22.2.0                                                  03/25/2022  15:04:17  PAGE 61


  -------         ENDMOD        ?C?CLDOPTR

  -------         MODULE        ?C?CSTPTR
  C:04E7H         PUBLIC        ?C?CSTPTR
  -------         ENDMOD        ?C?CSTPTR

  -------         MODULE        ?C?CSTOPTR
  C:04F9H         PUBLIC        ?C?CSTOPTR
  -------         ENDMOD        ?C?CSTOPTR

  -------         MODULE        ?C?IILDX
  C:051BH         PUBLIC        ?C?IILDX
  -------         ENDMOD        ?C?IILDX

  -------         MODULE        ?C?ILDIX
  C:0531H         PUBLIC        ?C?ILDIX
  -------         ENDMOD        ?C?ILDIX

  -------         MODULE        ?C?LMUL
  C:0547H         PUBLIC        ?C?LMUL
  -------         ENDMOD        ?C?LMUL

  -------         MODULE        ?C?ULDIV
  C:05D2H         PUBLIC        ?C?ULDIV
  -------         ENDMOD        ?C?ULDIV

  -------         MODULE        ?C?SLDIV
  C:3C50H         PUBLIC        ?C?SLDIV
  -------         ENDMOD        ?C?SLDIV

  -------         MODULE        ?C?LNEG
  C:0664H         PUBLIC        ?C?LNEG
  -------         ENDMOD        ?C?LNEG

  -------         MODULE        ?C?ULCMP
  C:0672H         PUBLIC        ?C?ULCMP
  -------         ENDMOD        ?C?ULCMP

  -------         MODULE        ?C?ULSHR
  C:0683H         PUBLIC        ?C?ULSHR
  -------         ENDMOD        ?C?ULSHR

  -------         MODULE        ?C?LSTXDATA
  C:0696H         PUBLIC        ?C?LSTXDATA
  -------         ENDMOD        ?C?LSTXDATA

  -------         MODULE        ?C?LSTKXDATA
  C:06A2H         PUBLIC        ?C?LSTKXDATA
  -------         ENDMOD        ?C?LSTKXDATA

  -------         MODULE        ?C?CCASE
  C:06D3H         PUBLIC        ?C?CCASE
  -------         ENDMOD        ?C?CCASE

Program Size: data=128.3 xdata=962 code=17079
LINK/LOCATE RUN COMPLETE.  0 WARNING(S),  0 ERROR(S)
